******************************************************************************
                  TI ARM Linker Unix v16.9.6                   
******************************************************************************
>> Linked Sun Apr 21 11:54:24 2019

OUTPUT FILE NAME:   <milestone2.out>
ENTRY POINT SYMBOL: "_c_int00"  address: 0000620d


MEMORY CONFIGURATION

         name            origin    length      used     unused   attr    fill
----------------------  --------  ---------  --------  --------  ----  --------
  FLASH                 00000000   00040000  00006eb6  0003914a  R  X
  SRAM                  20000000   00008000  00002609  000059f7  RW X


SEGMENT ALLOCATION MAP

run origin  load origin   length   init length attrs members
----------  ----------- ---------- ----------- ----- -------
00000000    00000000    00006ec0   00006ec0    r-x
  00000000    00000000    0000026c   0000026c    r-- .intvecs
  00000270    00000270    000061d2   000061d2    r-x .text
  00006444    00006444    00000a20   00000a20    r-- .const
  00006e68    00006e68    00000058   00000058    r-- .cinit
20000000    20000000    00002610   00000000    rw-
  20000000    20000000    0000026c   00000000    rw- .vtable
  2000026c    2000026c    00001000   00000000    rw- .stack
  20001270    20001270    00001000   00000000    rw- .sysmem
  20002270    20002270    0000036d   00000000    rw- .bss
  200025e0    200025e0    00000030   00000000    rw- .data


SECTION ALLOCATION MAP

 output                                  attributes/
section   page    origin      length       input sections
--------  ----  ----------  ----------   ----------------
.intvecs   0    00000000    0000026c     
                  00000000    0000026c     tm4c123gh6pm_startup_ccs.obj (.intvecs)

.text      0    00000270    000061d2     
                  00000270    00001074     sysctl.obj (.text)
                  000012e4    00000004     rtsv7M4_T_le_v4SPD16_eabi.lib : pre_init.obj (.text)
                  000012e8    00000d38     ustdlib.obj (.text)
                  00002020    00000c80     gpio.obj (.text)
                  00002ca0    000009ac     OrbitOledGrph.obj (.text)
                  0000364c    00000002     rtsv7M4_T_le_v4SPD16_eabi.lib : i_div0.obj (.text)
                  0000364e    00000002                                   : mpu_init.obj (.text)
                  00003650    000008da     adc.obj (.text)
                  00003f2a    00000006     sysctl.obj (.text:SysCtlDelay)
                  00003f30    000006dc     timer.obj (.text)
                  0000460c    00000002     rtsv7M4_T_le_v4SPD16_eabi.lib : startup.obj (.text)
                  0000460e    00000002     --HOLE-- [fill = 0]
                  00004610    0000043c     interrupt.obj (.text)
                  00004a4c    000003d0     rtsv7M4_T_le_v4SPD16_eabi.lib : memory.obj (.text)
                  00004e1c    00000004     --HOLE-- [fill = 0]
                  00004e20    000003b0     OrbitOled.obj (.text)
                  000051d0    0000038e     ssi.obj (.text)
                  0000555e    00000002     --HOLE-- [fill = 0]
                  00005560    00000238     buttons4.obj (.text)
                  00005798    00000224     OrbitOledChar.obj (.text)
                  000059bc    00000004     --HOLE-- [fill = 0]
                  000059c0    000001ac     helicopterMasterController.obj (.text)
                  00005b6c    00000004     --HOLE-- [fill = 0]
                  00005b70    00000180     yawFiniteStateMachine.obj (.text)
                  00005cf0    000000e2     userDisplay.obj (.text)
                  00005dd2    00000006     --HOLE-- [fill = 0]
                  00005dd8    000000c6     circBufT.obj (.text)
                  00005e9e    00000002     --HOLE-- [fill = 0]
                  00005ea0    000000a4     systick.obj (.text)
                  00005f44    0000009c     rtsv7M4_T_le_v4SPD16_eabi.lib : memcpy_t2.obj (.text)
                  00005fe0    0000007a                                   : memset_t2.obj (.text)
                  0000605a    00000002     --HOLE-- [fill = 0]
                  0000605c    00000070                                   : autoinit.obj (.text)
                  000060cc    00000004     --HOLE-- [fill = 0]
                  000060d0    0000006c     helicopterAltitude.obj (.text)
                  0000613c    00000068     rtsv7M4_T_le_v4SPD16_eabi.lib : copy_decompress_lzss.obj (.text:decompress:lzss)
                  000061a4    00000004     --HOLE-- [fill = 0]
                  000061a8    00000064     delay.obj (.text)
                  0000620c    00000054     rtsv7M4_T_le_v4SPD16_eabi.lib : boot.obj (.text)
                  00006260    00000054                                   : exit.obj (.text)
                  000062b4    00000004     --HOLE-- [fill = 0]
                  000062b8    00000052     cpu.obj (.text)
                  0000630a    00000002     --HOLE-- [fill = 0]
                  0000630c    0000004c     rtsv7M4_T_le_v4SPD16_eabi.lib : cpy_tbl.obj (.text)
                  00006358    00000044     OrbitOLEDInterface.obj (.text)
                  0000639c    00000040     rtsv7M4_T_le_v4SPD16_eabi.lib : u_divt2.obj (.text)
                  000063dc    00000004     --HOLE-- [fill = 0]
                  000063e0    0000001a     tm4c123gh6pm_startup_ccs.obj (.text)
                  000063fa    00000002     --HOLE-- [fill = 0]
                  000063fc    00000018     rtsv7M4_T_le_v4SPD16_eabi.lib : args_main.obj (.text)
                  00006414    00000014                                   : _lock.obj (.text)
                  00006428    0000000e                                   : copy_decompress_none.obj (.text:decompress:none)
                  00006436    0000000c                                   : copy_zero_init.obj (.text:decompress:ZI)

.const     0    00006444    00000a20     
                  00006444    00000300     ChrFont0.obj (.const:.string:rgbOledFont0)
                  00006744    000001b0     sysctl.obj (.const:g_pppui32XTALtoVCO)
                  000068f4    000000d8     gpio.obj (.const:g_ppui32GPIOIntMapSnowflake)
                  000069cc    000000c0     gpio.obj (.const:g_ppui32GPIOIntMapBlizzard)
                  00006a8c    0000009c     interrupt.obj (.const:g_pui32Regs)
                  00006b28    00000090     gpio.obj (.const:g_pui32GPIOBaseAddrs)
                  00006bb8    0000006c     sysctl.obj (.const:g_pui32Xtals)
                  00006c24    00000060     timer.obj (.const:g_ppui32TimerIntMap)
                  00006c84    00000040     FillPat.obj (.const:.string:rgbFillPat)
                  00006cc4    00000040     timer.obj (.const:g_ppui32TimerIntMapSnowflake)
                  00006d04    00000030     ustdlib.obj (.const:g_psDaysToMonth)
                  00006d34    00000030     sysctl.obj (.const:g_sXTALtoMEMTIM)
                  00006d64    00000020     ssi.obj (.const:g_ppui32SSIIntMap)
                  00006d84    00000020     ssi.obj (.const:g_ppui32SSIIntMapSnowflake)
                  00006da4    00000020     interrupt.obj (.const:g_pui32Priority)
                  00006dc4    00000018     ustdlib.obj (.const:g_pfExponents)
                  00006ddc    00000014     interrupt.obj (.const:g_pui32Dii16Regs)
                  00006df0    00000014     interrupt.obj (.const:g_pui32EnRegs)
                  00006e04    00000014     interrupt.obj (.const:g_pui32PendRegs)
                  00006e18    00000014     interrupt.obj (.const:g_pui32UnpendRegs)
                  00006e2c    00000012     ustdlib.obj (.const:.string)
                  00006e3e    00000002     --HOLE-- [fill = 0]
                  00006e40    00000008     sysctl.obj (.const:g_pui32VCOFrequencies)
                  00006e48    00000008     gpio.obj (.const)
                  00006e50    00000008     ssi.obj (.const)
                  00006e58    00000008     timer.obj (.const)
                  00006e60    00000004     ustdlib.obj (.const)

.cinit     0    00006e68    00000058     
                  00006e68    0000001f     (.cinit..data.load) [load image, compression = lzss]
                  00006e87    00000001     --HOLE-- [fill = 0]
                  00006e88    0000000c     (__TI_handler_table)
                  00006e94    00000004     --HOLE-- [fill = 0]
                  00006e98    00000008     (.cinit..bss.load) [load image, compression = zero_init]
                  00006ea0    00000008     (.cinit..vtable.load) [load image, compression = zero_init]
                  00006ea8    00000018     (__TI_cinit_table)

.init_array 
*          0    00000000    00000000     UNINITIALIZED

.vtable    0    20000000    0000026c     UNINITIALIZED
                  20000000    0000026c     interrupt.obj (.vtable)

.stack     0    2000026c    00001000     UNINITIALIZED
                  2000026c    00001000     --HOLE--

.sysmem    0    20001270    00001000     UNINITIALIZED
                  20001270    00000008     rtsv7M4_T_le_v4SPD16_eabi.lib : memory.obj (.sysmem)
                  20001278    00000ff8     --HOLE--

.bss       0    20002270    0000036d     UNINITIALIZED
                  20002270    00000200     (.common:rgbOledBmp)
                  20002470    00000100     (.common:rgbOledFontUser)
                  20002570    00000010     (.common:g_inBuffer)
                  20002580    00000008     adc.obj (.bss:g_pui8OversampleFactor)
                  20002588    00000004     buttons4.obj (.bss:but_count)
                  2000258c    00000004     buttons4.obj (.bss:but_flag)
                  20002590    00000004     buttons4.obj (.bss:but_normal)
                  20002594    00000004     buttons4.obj (.bss:but_state)
                  20002598    00000004     (.common:bnOledCur)
                  2000259c    00000004     (.common:dxcoOledFontCur)
                  200025a0    00000004     (.common:dycoOledFontCur)
                  200025a4    00000004     (.common:fOledCharUpdate)
                  200025a8    00000004     (.common:g_ulSampCnt)
                  200025ac    00000004     (.common:modOledCur)
                  200025b0    00000004     (.common:pbOledCur)
                  200025b4    00000004     (.common:pbOledFontCur)
                  200025b8    00000004     (.common:pbOledFontUser)
                  200025bc    00000004     (.common:pbOledPatCur)
                  200025c0    00000004     (.common:pfnDoRop)
                  200025c4    00000004     (.common:xchOledCur)
                  200025c8    00000004     (.common:xchOledMax)
                  200025cc    00000004     (.common:xcoOledCur)
                  200025d0    00000004     (.common:ychOledCur)
                  200025d4    00000004     (.common:ychOledMax)
                  200025d8    00000004     (.common:ycoOledCur)
                  200025dc    00000001     (.common:clrOledCur)

.data      0    200025e0    00000030     UNINITIALIZED
                  200025e0    0000000c     rtsv7M4_T_le_v4SPD16_eabi.lib : exit.obj (.data:$O1$$)
                  200025ec    0000000c                                   : memory.obj (.data:$O1$$)
                  200025f8    00000008                                   : _lock.obj (.data:$O1$$)
                  20002600    00000008     yawFiniteStateMachine.obj (.data)
                  20002608    00000004     rtsv7M4_T_le_v4SPD16_eabi.lib : stkdepth_vars.obj (.data)
                  2000260c    00000004     ustdlib.obj (.data)

MODULE SUMMARY

       Module                           code    ro data   rw data
       ------                           ----    -------   -------
    ./
       ustdlib.obj                      3384    94        4      
       tm4c123gh6pm_startup_ccs.obj     26      620       0      
       buttons4.obj                     568     0         16     
       helicopterMasterController.obj   428     0         0      
       yawFiniteStateMachine.obj        384     0         8      
       userDisplay.obj                  226     0         0      
       circBufT.obj                     198     0         0      
       helicopterAltitude.obj           108     0         20     
    +--+--------------------------------+-------+---------+---------+
       Total:                           5322    714       48     
                                                                 
    ./OrbitOLED/
       OrbitOLEDInterface.obj           68      0         0      
    +--+--------------------------------+-------+---------+---------+
       Total:                           68      0         0      
                                                                 
    ./OrbitOLED/lib_OrbitOled/
       OrbitOledGrph.obj                2476    0         8      
       OrbitOled.obj                    944     0         553    
       OrbitOledChar.obj                548     0         272    
       ChrFont0.obj                     0       768       0      
       delay.obj                        100     0         0      
       FillPat.obj                      0       64        0      
    +--+--------------------------------+-------+---------+---------+
       Total:                           4068    832       833    
                                                                 
    ./Tiva/driverlib/
       sysctl.obj                       4218    596       0      
       gpio.obj                         3200    560       0      
       adc.obj                          2266    0         8      
       interrupt.obj                    1084    268       620    
       timer.obj                        1756    168       0      
       ssi.obj                          910     72        0      
       systick.obj                      164     0         0      
       cpu.obj                          82      0         0      
    +--+--------------------------------+-------+---------+---------+
       Total:                           13680   1664      628    
                                                                 
    /home/harry/ti/ccsv7/tools/compiler/ti-cgt-arm_16.9.6.LTS/lib/rtsv7M4_T_le_v4SPD16_eabi.lib
       memory.obj                       976     0         12     
       memcpy_t2.obj                    156     0         0      
       memset_t2.obj                    122     0         0      
       autoinit.obj                     112     0         0      
       copy_decompress_lzss.obj         104     0         0      
       exit.obj                         84      0         12     
       boot.obj                         84      0         0      
       cpy_tbl.obj                      76      0         0      
       u_divt2.obj                      64      0         0      
       _lock.obj                        20      0         8      
       args_main.obj                    24      0         0      
       copy_decompress_none.obj         14      0         0      
       copy_zero_init.obj               12      0         0      
       pre_init.obj                     4       0         0      
       stkdepth_vars.obj                0       0         4      
       i_div0.obj                       2       0         0      
       mpu_init.obj                     2       0         0      
       startup.obj                      2       0         0      
    +--+--------------------------------+-------+---------+---------+
       Total:                           1858    0         36     
                                                                 
       Heap:                            0       0         4096   
       Stack:                           0       0         4096   
       Linker Generated:                0       83        0      
    +--+--------------------------------+-------+---------+---------+
       Grand Total:                     24996   3293      9737   


LINKER GENERATED COPY TABLES

__TI_cinit_table @ 00006ea8 records: 3, size/record: 8, table size: 24
	.data: load addr=00006e68, load size=0000001f bytes, run addr=200025e0, run size=00000030 bytes, compression=lzss
	.bss: load addr=00006e98, load size=00000008 bytes, run addr=20002270, run size=0000036d bytes, compression=zero_init
	.vtable: load addr=00006ea0, load size=00000008 bytes, run addr=20000000, run size=0000026c bytes, compression=zero_init


LINKER GENERATED HANDLER TABLE

__TI_handler_table @ 00006e88 records: 3, size/record: 4, table size: 12
	index: 0, handler: __TI_zero_init
	index: 1, handler: __TI_decompress_lzss
	index: 2, handler: __TI_decompress_none


GLOBAL SYMBOLS: SORTED ALPHABETICALLY BY Name 

address   name                              
-------   ----                              
00003e99  ADCBusy                           
00003ee9  ADCClockConfigGet                 
00003eb9  ADCClockConfigSet                 
00003c71  ADCComparatorConfigure            
00003d61  ADCComparatorIntClear             
00003d09  ADCComparatorIntDisable           
00003d31  ADCComparatorIntEnable            
00003d51  ADCComparatorIntStatus            
00003c91  ADCComparatorRegionSet            
00003cb9  ADCComparatorReset                
00003c39  ADCHardwareOversampleConfigure    
000037a1  ADCIntClear                       
00003de1  ADCIntClearEx                     
000036f9  ADCIntDisable                     
00003d79  ADCIntDisableEx                   
00003719  ADCIntEnable                      
00003d91  ADCIntEnableEx                    
000060d1  ADCIntHandler                     
000036b1  ADCIntRegister                    
00003741  ADCIntStatus                      
00003da9  ADCIntStatusEx                    
000036d9  ADCIntUnregister                  
00003e49  ADCPhaseDelayGet                  
00003e31  ADCPhaseDelaySet                  
00003a39  ADCProcessorTrigger               
00003e19  ADCReferenceGet                   
00003df9  ADCReferenceSet                   
000037f9  ADCSequenceConfigure              
00003e79  ADCSequenceDMADisable             
00003e59  ADCSequenceDMAEnable              
000039f1  ADCSequenceDataGet                
000037d9  ADCSequenceDisable                
000037b9  ADCSequenceEnable                 
00003991  ADCSequenceOverflow               
000039a9  ADCSequenceOverflowClear          
00003899  ADCSequenceStepConfigure          
000039c1  ADCSequenceUnderflow              
000039d9  ADCSequenceUnderflowClear         
00003a61  ADCSoftwareOversampleConfigure    
00003ba1  ADCSoftwareOversampleDataGet      
00003ab9  ADCSoftwareOversampleStepConfigure
00006261  C$$EXIT                           
00006301  CPUbasepriGet                     
000062f1  CPUbasepriSet                     
000062b9  CPUcpsid                          
000062d9  CPUcpsie                          
000062c9  CPUprimask                        
000062e9  CPUwfi                            
000061a9  DelayInit                         
000061c9  DelayMs                           
00002c79  GPIOADCTriggerDisable             
00002c59  GPIOADCTriggerEnable              
00002c39  GPIODMATriggerDisable             
00002c19  GPIODMATriggerEnable              
000020f1  GPIODirModeGet                    
00002091  GPIODirModeSet                    
000026a9  GPIOIntClear                      
00002661  GPIOIntDisable                    
00002641  GPIOIntEnable                     
000026c1  GPIOIntRegister                   
00002701  GPIOIntRegisterPin                
00002681  GPIOIntStatus                     
000021f1  GPIOIntTypeGet                    
00002141  GPIOIntTypeSet                    
000026e1  GPIOIntUnregister                 
00002731  GPIOIntUnregisterPin              
000024e9  GPIOPadConfigGet                  
00002291  GPIOPadConfigSet                  
00002bb1  GPIOPinConfigure                  
00002759  GPIOPinRead                       
00002791  GPIOPinTypeADC                    
000027b9  GPIOPinTypeCAN                    
000027e1  GPIOPinTypeComparator             
00002809  GPIOPinTypeComparatorOutput       
00002831  GPIOPinTypeDIVSCLK                
00002859  GPIOPinTypeEPI                    
00002881  GPIOPinTypeEthernetLED            
000028a9  GPIOPinTypeEthernetMII            
000028d1  GPIOPinTypeGPIOInput              
000028f9  GPIOPinTypeGPIOOutput             
00002921  GPIOPinTypeGPIOOutputOD           
00002949  GPIOPinTypeHibernateRTCCLK        
00002971  GPIOPinTypeI2C                    
00002999  GPIOPinTypeI2CSCL                 
000029c1  GPIOPinTypeLCD                    
000029e9  GPIOPinTypeOneWire                
00002a11  GPIOPinTypePWM                    
00002a39  GPIOPinTypeQEI                    
00002a61  GPIOPinTypeSSI                    
00002a89  GPIOPinTypeTimer                  
00002ab1  GPIOPinTypeTrace                  
00002ad9  GPIOPinTypeUART                   
00002b01  GPIOPinTypeUSBAnalog              
00002b29  GPIOPinTypeUSBDigital             
00002b51  GPIOPinTypeWakeHigh               
00002b79  GPIOPinTypeWakeLow                
00002ba1  GPIOPinWakeStatus                 
00002771  GPIOPinWrite                      
00004801  IntDisable                        
00004779  IntEnable                         
00004891  IntIsEnabled                      
00004629  IntMasterDisable                  
00004619  IntMasterEnable                   
000049a9  IntPendClear                      
00004939  IntPendSet                        
00004751  IntPriorityGet                    
000046c9  IntPriorityGroupingGet            
000046a9  IntPriorityGroupingSet            
00004a11  IntPriorityMaskGet                
00004a01  IntPriorityMaskSet                
00004701  IntPrioritySet                    
00004639  IntRegister                       
00004a19  IntTrigger                        
00004691  IntUnregister                     
00006381  OLEDInitialise                    
00006359  OLEDStringDraw                    
00005951  OrbitOledAdvanceCursor            
000035f1  OrbitOledClampXco                 
00003611  OrbitOledClampYco                 
00005011  OrbitOledClear                    
00005021  OrbitOledClearBuffer              
00005809  OrbitOledDefUserChar              
00004f89  OrbitOledDevInit                  
00003411  OrbitOledDrawChar                 
000058d1  OrbitOledDrawGlyph                
00002da9  OrbitOledDrawPixel                
00002f19  OrbitOledDrawRect                 
00003479  OrbitOledDrawString               
00004f09  OrbitOledDvrInit                  
00002f89  OrbitOledFillRect                 
000030d1  OrbitOledGetBmp                   
00005879  OrbitOledGetCharUpdate            
000057e9  OrbitOledGetCursor                
00002da1  OrbitOledGetDrawMode              
00002dd9  OrbitOledGetPixel                 
00002ce9  OrbitOledGetPos                   
00002d21  OrbitOledGetStdPattern            
00004e39  OrbitOledHostInit                 
00004e21  OrbitOledInit                     
00002df9  OrbitOledLineTo                   
00003581  OrbitOledMoveDown                 
000035b9  OrbitOledMoveLeft                 
000035d1  OrbitOledMoveRight                
00002ca1  OrbitOledMoveTo                   
00003549  OrbitOledMoveUp                   
00003249  OrbitOledPutBmp                   
000050b9  OrbitOledPutBuffer                
00005881  OrbitOledPutChar                  
000058a1  OrbitOledPutString                
000034f1  OrbitOledRopAnd                   
000034c9  OrbitOledRopOr                    
00003499  OrbitOledRopSet                   
00003519  OrbitOledRopXor                   
00005861  OrbitOledSetCharUpdate            
00005799  OrbitOledSetCursor                
00002d09  OrbitOledSetDrawColor             
00002d49  OrbitOledSetDrawMode              
00002d39  OrbitOledSetFillPattern           
00005059  OrbitOledUpdate                   
000063e1  ResetISR                          
UNDEFED   SHT$$INIT_ARRAY$$Base             
UNDEFED   SHT$$INIT_ARRAY$$Limit            
000054d9  SSIAdvDataPutFrameEnd             
00005501  SSIAdvDataPutFrameEndNonBlocking  
00005549  SSIAdvFrameHoldDisable            
00005531  SSIAdvFrameHoldEnable             
000054b9  SSIAdvModeSet                     
00005471  SSIBusy                           
000054a9  SSIClockSourceGet                 
00005491  SSIClockSourceSet                 
00005241  SSIConfigSetExpClk                
00005439  SSIDMADisable                     
00005421  SSIDMAEnable                      
000053d9  SSIDataGet                        
000053f9  SSIDataGetNonBlocking             
00005399  SSIDataPut                        
000053b9  SSIDataPutNonBlocking             
000052d9  SSIDisable                        
000052c1  SSIEnable                         
00005381  SSIIntClear                       
00005349  SSIIntDisable                     
00005331  SSIIntEnable                      
000052f1  SSIIntRegister                    
00005361  SSIIntStatus                      
00005311  SSIIntUnregister                  
00005129  Ssi3PutByte                       
00001299  SysCtlAltClkConfig                
00000941  SysCtlClockFreqSet                
00000e31  SysCtlClockGet                    
00001279  SysCtlClockOutConfig              
00000c51  SysCtlClockSet                    
00000831  SysCtlDeepSleep                   
00001019  SysCtlDeepSleepClockConfigSet     
00001001  SysCtlDeepSleepClockSet           
00000809  SysCtlDeepSleepPowerSet           
00003f2b  SysCtlDelay                       
00000379  SysCtlFlashSectorSizeGet          
00000349  SysCtlFlashSizeGet                
00001119  SysCtlGPIOAHBDisable              
000010f9  SysCtlGPIOAHBEnable               
00000791  SysCtlIntClear                    
00000779  SysCtlIntDisable                  
00000761  SysCtlIntEnable                   
00000739  SysCtlIntRegister                 
000007a9  SysCtlIntStatus                   
00000751  SysCtlIntUnregister               
000007f1  SysCtlLDODeepSleepGet             
000007e1  SysCtlLDODeepSleepSet             
000007d9  SysCtlLDOSleepGet                 
000007c9  SysCtlLDOSleepSet                 
00000871  SysCtlMOSCConfigSet               
00001261  SysCtlNMIClear                    
00001259  SysCtlNMIStatus                   
00000889  SysCtlPIOSCCalibrate              
000010d9  SysCtlPWMClockGet                 
000010b9  SysCtlPWMClockSet                 
000006d9  SysCtlPeripheralClockGating       
00000699  SysCtlPeripheralDeepSleepDisable  
00000651  SysCtlPeripheralDeepSleepEnable   
00000579  SysCtlPeripheralDisable           
00000531  SysCtlPeripheralEnable            
00000461  SysCtlPeripheralPowerOff          
00000421  SysCtlPeripheralPowerOn           
000003a1  SysCtlPeripheralPresent           
000003e1  SysCtlPeripheralReady             
000004a1  SysCtlPeripheralReset             
00000601  SysCtlPeripheralSleepDisable      
000005c1  SysCtlPeripheralSleepEnable       
00000819  SysCtlReset                       
000008f1  SysCtlResetBehaviorGet            
000008e1  SysCtlResetBehaviorSet            
00000859  SysCtlResetCauseClear             
00000851  SysCtlResetCauseGet               
00000339  SysCtlSRAMSizeGet                 
00000829  SysCtlSleep                       
000007f9  SysCtlSleepPowerSet               
00001149  SysCtlUSBPLLDisable               
00001139  SysCtlUSBPLLEnable                
000011a9  SysCtlVCOGet                      
00001171  SysCtlVoltageEventClear           
00001159  SysCtlVoltageEventConfig          
00001169  SysCtlVoltageEventStatus          
00005eb1  SysTickDisable                    
00005ea1  SysTickEnable                     
00005f01  SysTickIntDisable                 
00005ef1  SysTickIntEnable                  
000059c1  SysTickIntHandler                 
00005ec1  SysTickIntRegister                
00005ed9  SysTickIntUnregister              
00005f29  SysTickPeriodGet                  
00005f11  SysTickPeriodSet                  
00005f31  SysTickValueGet                   
00004581  TimerADCEventGet                  
00004569  TimerADCEventSet                  
00004249  TimerClockSourceGet               
00004231  TimerClockSourceSet               
00003ff1  TimerConfigure                    
00004119  TimerControlEvent                 
00004071  TimerControlLevel                 
00004149  TimerControlStall                 
000040a9  TimerControlTrigger               
000041a1  TimerControlWaitOnTrigger         
000045a9  TimerDMAEventGet                  
00004591  TimerDMAEventSet                  
00003fd1  TimerDisable                      
00003fb1  TimerEnable                       
00004539  TimerIntClear                     
00004501  TimerIntDisable                   
000044e9  TimerIntEnable                    
000044a1  TimerIntRegister                  
00004519  TimerIntStatus                    
000044c9  TimerIntUnregister                
00004329  TimerLoadGet                      
00004369  TimerLoadGet64                    
000042f9  TimerLoadSet                      
00004349  TimerLoadSet64                    
00004429  TimerMatchGet                     
00004469  TimerMatchGet64                   
000043f9  TimerMatchSet                     
00004449  TimerMatchSet64                   
00004289  TimerPrescaleGet                  
000042d9  TimerPrescaleMatchGet             
000042a9  TimerPrescaleMatchSet             
00004259  TimerPrescaleSet                  
00004219  TimerRTCDisable                   
00004201  TimerRTCEnable                    
00004551  TimerSynchronize                  
000045b9  TimerUpdateMode                   
000043a1  TimerValueGet                     
000043c1  TimerValueGet64                   
2000126c  __STACK_END                       
00001000  __STACK_SIZE                      
2000046c  __STACK_TOP                       
00001000  __SYSMEM_SIZE                     
00006ea8  __TI_CINIT_Base                   
00006ec0  __TI_CINIT_Limit                  
00006e88  __TI_Handler_Table_Base           
00006e94  __TI_Handler_Table_Limit          
0000605d  __TI_auto_init                    
200025e0  __TI_cleanup_ptr                  
0000613d  __TI_decompress_lzss              
00006429  __TI_decompress_none              
200025e4  __TI_dtors_ptr                    
200025e8  __TI_enable_exit_profile_output   
ffffffff  __TI_pprof_out_hndl               
ffffffff  __TI_prof_data_size               
ffffffff  __TI_prof_data_start              
00000000  __TI_static_base__                
00006437  __TI_zero_init                    
0000364d  __aeabi_idiv0                     
00005fe1  __aeabi_memclr                    
00005fe1  __aeabi_memclr4                   
00005fe1  __aeabi_memclr8                   
00005f45  __aeabi_memcpy                    
00005f45  __aeabi_memcpy4                   
00005f45  __aeabi_memcpy8                   
00005fe3  __aeabi_memset                    
00005fe3  __aeabi_memset4                   
00005fe3  __aeabi_memset8                   
0000639d  __aeabi_uidiv                     
0000639d  __aeabi_uidivmod                  
ffffffff  __binit__                         
ffffffff  __c_args__                        
0000364f  __mpu_init                        
2000026c  __stack                           
000063fd  _args_main                        
0000620d  _c_int00                          
200025f8  _lock                             
00006423  _nop                              
0000641b  _register_lock                    
00006415  _register_unlock                  
20001270  _sys_memory                       
0000460d  _system_post_cinit                
000012e5  _system_pre_init                  
200025fc  _unlock                           
00006265  abort                             
ffffffff  binit                             
20002598  bnOledCur                         
00004ded  calloc                            
00005719  checkButton                       
00005cf9  clearOLED                         
200025dc  clrOledCur                        
0000630d  copy_in                           
20002604  currentAngle                      
20002600  currentState                      
00005d29  displayAltitudePercentAndYaw      
2000259c  dxcoOledFontCur                   
200025a0  dycoOledFontCur                   
0000626d  exit                              
200025a4  fOledCharUpdate                   
00004b37  free                              
00005e79  freeCircBuf                       
20002570  g_inBuffer                        
20000000  g_pfnRAMVectors                   
00000000  g_pfnVectors                      
200025a8  g_ulSampCnt                       
00005a01  heightAsPercentage                
000060f1  initADC                           
00005561  initButtons                       
00005dd9  initCircBuf                       
000059d9  initClock                         
00005cf1  initDisplay                       
00005a61  main                              
20002608  main_func_sp                      
00004acd  malloc                            
00004d01  memalign                          
00005f45  memcpy                            
00005fe9  memset                            
00004a4d  minit                             
200025ac  modOledCur                        
200025b0  pbOledCur                         
200025b4  pbOledFontCur                     
200025b8  pbOledFontUser                    
200025bc  pbOledPatCur                      
200025c0  pfnDoRop                          
20002601  previousState                     
00005e41  readCircBuf                       
00004bf7  realloc                           
00006c84  rgbFillPat                        
20002270  rgbOledBmp                        
00006444  rgbOledFont0                      
20002470  rgbOledFontUser                   
00001819  ulocaltime                        
00001a21  umktime                           
00005639  updateButtons                     
00001ff9  urand                             
000017e1  usnprintf                         
000017a9  usprintf                          
00001fe9  usrand                            
00001f51  ustrcasecmp                       
00001fd1  ustrcmp                           
00001e41  ustrlen                           
00001ea9  ustrncasecmp                      
00001f69  ustrncmp                          
000012e9  ustrncpy                          
00001e71  ustrstr                           
00001be9  ustrtof                           
00001a99  ustrtoul                          
00001349  uvsnprintf                        
00005e09  writeCircBuf                      
200025c4  xchOledCur                        
200025c8  xchOledMax                        
200025cc  xcoOledCur                        
00005b71  yawFSM                            
00005c59  yawFSMInit                        
200025d0  ychOledCur                        
200025d4  ychOledMax                        
200025d8  ycoOledCur                        


GLOBAL SYMBOLS: SORTED BY Symbol Address 

address   name                              
-------   ----                              
00000000  __TI_static_base__                
00000000  g_pfnVectors                      
00000339  SysCtlSRAMSizeGet                 
00000349  SysCtlFlashSizeGet                
00000379  SysCtlFlashSectorSizeGet          
000003a1  SysCtlPeripheralPresent           
000003e1  SysCtlPeripheralReady             
00000421  SysCtlPeripheralPowerOn           
00000461  SysCtlPeripheralPowerOff          
000004a1  SysCtlPeripheralReset             
00000531  SysCtlPeripheralEnable            
00000579  SysCtlPeripheralDisable           
000005c1  SysCtlPeripheralSleepEnable       
00000601  SysCtlPeripheralSleepDisable      
00000651  SysCtlPeripheralDeepSleepEnable   
00000699  SysCtlPeripheralDeepSleepDisable  
000006d9  SysCtlPeripheralClockGating       
00000739  SysCtlIntRegister                 
00000751  SysCtlIntUnregister               
00000761  SysCtlIntEnable                   
00000779  SysCtlIntDisable                  
00000791  SysCtlIntClear                    
000007a9  SysCtlIntStatus                   
000007c9  SysCtlLDOSleepSet                 
000007d9  SysCtlLDOSleepGet                 
000007e1  SysCtlLDODeepSleepSet             
000007f1  SysCtlLDODeepSleepGet             
000007f9  SysCtlSleepPowerSet               
00000809  SysCtlDeepSleepPowerSet           
00000819  SysCtlReset                       
00000829  SysCtlSleep                       
00000831  SysCtlDeepSleep                   
00000851  SysCtlResetCauseGet               
00000859  SysCtlResetCauseClear             
00000871  SysCtlMOSCConfigSet               
00000889  SysCtlPIOSCCalibrate              
000008e1  SysCtlResetBehaviorSet            
000008f1  SysCtlResetBehaviorGet            
00000941  SysCtlClockFreqSet                
00000c51  SysCtlClockSet                    
00000e31  SysCtlClockGet                    
00001000  __STACK_SIZE                      
00001000  __SYSMEM_SIZE                     
00001001  SysCtlDeepSleepClockSet           
00001019  SysCtlDeepSleepClockConfigSet     
000010b9  SysCtlPWMClockSet                 
000010d9  SysCtlPWMClockGet                 
000010f9  SysCtlGPIOAHBEnable               
00001119  SysCtlGPIOAHBDisable              
00001139  SysCtlUSBPLLEnable                
00001149  SysCtlUSBPLLDisable               
00001159  SysCtlVoltageEventConfig          
00001169  SysCtlVoltageEventStatus          
00001171  SysCtlVoltageEventClear           
000011a9  SysCtlVCOGet                      
00001259  SysCtlNMIStatus                   
00001261  SysCtlNMIClear                    
00001279  SysCtlClockOutConfig              
00001299  SysCtlAltClkConfig                
000012e5  _system_pre_init                  
000012e9  ustrncpy                          
00001349  uvsnprintf                        
000017a9  usprintf                          
000017e1  usnprintf                         
00001819  ulocaltime                        
00001a21  umktime                           
00001a99  ustrtoul                          
00001be9  ustrtof                           
00001e41  ustrlen                           
00001e71  ustrstr                           
00001ea9  ustrncasecmp                      
00001f51  ustrcasecmp                       
00001f69  ustrncmp                          
00001fd1  ustrcmp                           
00001fe9  usrand                            
00001ff9  urand                             
00002091  GPIODirModeSet                    
000020f1  GPIODirModeGet                    
00002141  GPIOIntTypeSet                    
000021f1  GPIOIntTypeGet                    
00002291  GPIOPadConfigSet                  
000024e9  GPIOPadConfigGet                  
00002641  GPIOIntEnable                     
00002661  GPIOIntDisable                    
00002681  GPIOIntStatus                     
000026a9  GPIOIntClear                      
000026c1  GPIOIntRegister                   
000026e1  GPIOIntUnregister                 
00002701  GPIOIntRegisterPin                
00002731  GPIOIntUnregisterPin              
00002759  GPIOPinRead                       
00002771  GPIOPinWrite                      
00002791  GPIOPinTypeADC                    
000027b9  GPIOPinTypeCAN                    
000027e1  GPIOPinTypeComparator             
00002809  GPIOPinTypeComparatorOutput       
00002831  GPIOPinTypeDIVSCLK                
00002859  GPIOPinTypeEPI                    
00002881  GPIOPinTypeEthernetLED            
000028a9  GPIOPinTypeEthernetMII            
000028d1  GPIOPinTypeGPIOInput              
000028f9  GPIOPinTypeGPIOOutput             
00002921  GPIOPinTypeGPIOOutputOD           
00002949  GPIOPinTypeHibernateRTCCLK        
00002971  GPIOPinTypeI2C                    
00002999  GPIOPinTypeI2CSCL                 
000029c1  GPIOPinTypeLCD                    
000029e9  GPIOPinTypeOneWire                
00002a11  GPIOPinTypePWM                    
00002a39  GPIOPinTypeQEI                    
00002a61  GPIOPinTypeSSI                    
00002a89  GPIOPinTypeTimer                  
00002ab1  GPIOPinTypeTrace                  
00002ad9  GPIOPinTypeUART                   
00002b01  GPIOPinTypeUSBAnalog              
00002b29  GPIOPinTypeUSBDigital             
00002b51  GPIOPinTypeWakeHigh               
00002b79  GPIOPinTypeWakeLow                
00002ba1  GPIOPinWakeStatus                 
00002bb1  GPIOPinConfigure                  
00002c19  GPIODMATriggerEnable              
00002c39  GPIODMATriggerDisable             
00002c59  GPIOADCTriggerEnable              
00002c79  GPIOADCTriggerDisable             
00002ca1  OrbitOledMoveTo                   
00002ce9  OrbitOledGetPos                   
00002d09  OrbitOledSetDrawColor             
00002d21  OrbitOledGetStdPattern            
00002d39  OrbitOledSetFillPattern           
00002d49  OrbitOledSetDrawMode              
00002da1  OrbitOledGetDrawMode              
00002da9  OrbitOledDrawPixel                
00002dd9  OrbitOledGetPixel                 
00002df9  OrbitOledLineTo                   
00002f19  OrbitOledDrawRect                 
00002f89  OrbitOledFillRect                 
000030d1  OrbitOledGetBmp                   
00003249  OrbitOledPutBmp                   
00003411  OrbitOledDrawChar                 
00003479  OrbitOledDrawString               
00003499  OrbitOledRopSet                   
000034c9  OrbitOledRopOr                    
000034f1  OrbitOledRopAnd                   
00003519  OrbitOledRopXor                   
00003549  OrbitOledMoveUp                   
00003581  OrbitOledMoveDown                 
000035b9  OrbitOledMoveLeft                 
000035d1  OrbitOledMoveRight                
000035f1  OrbitOledClampXco                 
00003611  OrbitOledClampYco                 
0000364d  __aeabi_idiv0                     
0000364f  __mpu_init                        
000036b1  ADCIntRegister                    
000036d9  ADCIntUnregister                  
000036f9  ADCIntDisable                     
00003719  ADCIntEnable                      
00003741  ADCIntStatus                      
000037a1  ADCIntClear                       
000037b9  ADCSequenceEnable                 
000037d9  ADCSequenceDisable                
000037f9  ADCSequenceConfigure              
00003899  ADCSequenceStepConfigure          
00003991  ADCSequenceOverflow               
000039a9  ADCSequenceOverflowClear          
000039c1  ADCSequenceUnderflow              
000039d9  ADCSequenceUnderflowClear         
000039f1  ADCSequenceDataGet                
00003a39  ADCProcessorTrigger               
00003a61  ADCSoftwareOversampleConfigure    
00003ab9  ADCSoftwareOversampleStepConfigure
00003ba1  ADCSoftwareOversampleDataGet      
00003c39  ADCHardwareOversampleConfigure    
00003c71  ADCComparatorConfigure            
00003c91  ADCComparatorRegionSet            
00003cb9  ADCComparatorReset                
00003d09  ADCComparatorIntDisable           
00003d31  ADCComparatorIntEnable            
00003d51  ADCComparatorIntStatus            
00003d61  ADCComparatorIntClear             
00003d79  ADCIntDisableEx                   
00003d91  ADCIntEnableEx                    
00003da9  ADCIntStatusEx                    
00003de1  ADCIntClearEx                     
00003df9  ADCReferenceSet                   
00003e19  ADCReferenceGet                   
00003e31  ADCPhaseDelaySet                  
00003e49  ADCPhaseDelayGet                  
00003e59  ADCSequenceDMAEnable              
00003e79  ADCSequenceDMADisable             
00003e99  ADCBusy                           
00003eb9  ADCClockConfigSet                 
00003ee9  ADCClockConfigGet                 
00003f2b  SysCtlDelay                       
00003fb1  TimerEnable                       
00003fd1  TimerDisable                      
00003ff1  TimerConfigure                    
00004071  TimerControlLevel                 
000040a9  TimerControlTrigger               
00004119  TimerControlEvent                 
00004149  TimerControlStall                 
000041a1  TimerControlWaitOnTrigger         
00004201  TimerRTCEnable                    
00004219  TimerRTCDisable                   
00004231  TimerClockSourceSet               
00004249  TimerClockSourceGet               
00004259  TimerPrescaleSet                  
00004289  TimerPrescaleGet                  
000042a9  TimerPrescaleMatchSet             
000042d9  TimerPrescaleMatchGet             
000042f9  TimerLoadSet                      
00004329  TimerLoadGet                      
00004349  TimerLoadSet64                    
00004369  TimerLoadGet64                    
000043a1  TimerValueGet                     
000043c1  TimerValueGet64                   
000043f9  TimerMatchSet                     
00004429  TimerMatchGet                     
00004449  TimerMatchSet64                   
00004469  TimerMatchGet64                   
000044a1  TimerIntRegister                  
000044c9  TimerIntUnregister                
000044e9  TimerIntEnable                    
00004501  TimerIntDisable                   
00004519  TimerIntStatus                    
00004539  TimerIntClear                     
00004551  TimerSynchronize                  
00004569  TimerADCEventSet                  
00004581  TimerADCEventGet                  
00004591  TimerDMAEventSet                  
000045a9  TimerDMAEventGet                  
000045b9  TimerUpdateMode                   
0000460d  _system_post_cinit                
00004619  IntMasterEnable                   
00004629  IntMasterDisable                  
00004639  IntRegister                       
00004691  IntUnregister                     
000046a9  IntPriorityGroupingSet            
000046c9  IntPriorityGroupingGet            
00004701  IntPrioritySet                    
00004751  IntPriorityGet                    
00004779  IntEnable                         
00004801  IntDisable                        
00004891  IntIsEnabled                      
00004939  IntPendSet                        
000049a9  IntPendClear                      
00004a01  IntPriorityMaskSet                
00004a11  IntPriorityMaskGet                
00004a19  IntTrigger                        
00004a4d  minit                             
00004acd  malloc                            
00004b37  free                              
00004bf7  realloc                           
00004d01  memalign                          
00004ded  calloc                            
00004e21  OrbitOledInit                     
00004e39  OrbitOledHostInit                 
00004f09  OrbitOledDvrInit                  
00004f89  OrbitOledDevInit                  
00005011  OrbitOledClear                    
00005021  OrbitOledClearBuffer              
00005059  OrbitOledUpdate                   
000050b9  OrbitOledPutBuffer                
00005129  Ssi3PutByte                       
00005241  SSIConfigSetExpClk                
000052c1  SSIEnable                         
000052d9  SSIDisable                        
000052f1  SSIIntRegister                    
00005311  SSIIntUnregister                  
00005331  SSIIntEnable                      
00005349  SSIIntDisable                     
00005361  SSIIntStatus                      
00005381  SSIIntClear                       
00005399  SSIDataPut                        
000053b9  SSIDataPutNonBlocking             
000053d9  SSIDataGet                        
000053f9  SSIDataGetNonBlocking             
00005421  SSIDMAEnable                      
00005439  SSIDMADisable                     
00005471  SSIBusy                           
00005491  SSIClockSourceSet                 
000054a9  SSIClockSourceGet                 
000054b9  SSIAdvModeSet                     
000054d9  SSIAdvDataPutFrameEnd             
00005501  SSIAdvDataPutFrameEndNonBlocking  
00005531  SSIAdvFrameHoldEnable             
00005549  SSIAdvFrameHoldDisable            
00005561  initButtons                       
00005639  updateButtons                     
00005719  checkButton                       
00005799  OrbitOledSetCursor                
000057e9  OrbitOledGetCursor                
00005809  OrbitOledDefUserChar              
00005861  OrbitOledSetCharUpdate            
00005879  OrbitOledGetCharUpdate            
00005881  OrbitOledPutChar                  
000058a1  OrbitOledPutString                
000058d1  OrbitOledDrawGlyph                
00005951  OrbitOledAdvanceCursor            
000059c1  SysTickIntHandler                 
000059d9  initClock                         
00005a01  heightAsPercentage                
00005a61  main                              
00005b71  yawFSM                            
00005c59  yawFSMInit                        
00005cf1  initDisplay                       
00005cf9  clearOLED                         
00005d29  displayAltitudePercentAndYaw      
00005dd9  initCircBuf                       
00005e09  writeCircBuf                      
00005e41  readCircBuf                       
00005e79  freeCircBuf                       
00005ea1  SysTickEnable                     
00005eb1  SysTickDisable                    
00005ec1  SysTickIntRegister                
00005ed9  SysTickIntUnregister              
00005ef1  SysTickIntEnable                  
00005f01  SysTickIntDisable                 
00005f11  SysTickPeriodSet                  
00005f29  SysTickPeriodGet                  
00005f31  SysTickValueGet                   
00005f45  __aeabi_memcpy                    
00005f45  __aeabi_memcpy4                   
00005f45  __aeabi_memcpy8                   
00005f45  memcpy                            
00005fe1  __aeabi_memclr                    
00005fe1  __aeabi_memclr4                   
00005fe1  __aeabi_memclr8                   
00005fe3  __aeabi_memset                    
00005fe3  __aeabi_memset4                   
00005fe3  __aeabi_memset8                   
00005fe9  memset                            
0000605d  __TI_auto_init                    
000060d1  ADCIntHandler                     
000060f1  initADC                           
0000613d  __TI_decompress_lzss              
000061a9  DelayInit                         
000061c9  DelayMs                           
0000620d  _c_int00                          
00006261  C$$EXIT                           
00006265  abort                             
0000626d  exit                              
000062b9  CPUcpsid                          
000062c9  CPUprimask                        
000062d9  CPUcpsie                          
000062e9  CPUwfi                            
000062f1  CPUbasepriSet                     
00006301  CPUbasepriGet                     
0000630d  copy_in                           
00006359  OLEDStringDraw                    
00006381  OLEDInitialise                    
0000639d  __aeabi_uidiv                     
0000639d  __aeabi_uidivmod                  
000063e1  ResetISR                          
000063fd  _args_main                        
00006415  _register_unlock                  
0000641b  _register_lock                    
00006423  _nop                              
00006429  __TI_decompress_none              
00006437  __TI_zero_init                    
00006444  rgbOledFont0                      
00006c84  rgbFillPat                        
00006e88  __TI_Handler_Table_Base           
00006e94  __TI_Handler_Table_Limit          
00006ea8  __TI_CINIT_Base                   
00006ec0  __TI_CINIT_Limit                  
20000000  g_pfnRAMVectors                   
2000026c  __stack                           
2000046c  __STACK_TOP                       
2000126c  __STACK_END                       
20001270  _sys_memory                       
20002270  rgbOledBmp                        
20002470  rgbOledFontUser                   
20002570  g_inBuffer                        
20002598  bnOledCur                         
2000259c  dxcoOledFontCur                   
200025a0  dycoOledFontCur                   
200025a4  fOledCharUpdate                   
200025a8  g_ulSampCnt                       
200025ac  modOledCur                        
200025b0  pbOledCur                         
200025b4  pbOledFontCur                     
200025b8  pbOledFontUser                    
200025bc  pbOledPatCur                      
200025c0  pfnDoRop                          
200025c4  xchOledCur                        
200025c8  xchOledMax                        
200025cc  xcoOledCur                        
200025d0  ychOledCur                        
200025d4  ychOledMax                        
200025d8  ycoOledCur                        
200025dc  clrOledCur                        
200025e0  __TI_cleanup_ptr                  
200025e4  __TI_dtors_ptr                    
200025e8  __TI_enable_exit_profile_output   
200025f8  _lock                             
200025fc  _unlock                           
20002600  currentState                      
20002601  previousState                     
20002604  currentAngle                      
20002608  main_func_sp                      
ffffffff  __TI_pprof_out_hndl               
ffffffff  __TI_prof_data_size               
ffffffff  __TI_prof_data_start              
ffffffff  __binit__                         
ffffffff  __c_args__                        
ffffffff  binit                             
UNDEFED   SHT$$INIT_ARRAY$$Base             
UNDEFED   SHT$$INIT_ARRAY$$Limit            

[408 symbols]
