******************************************************************************
                  TI ARM Linker Unix v16.9.6                   
******************************************************************************
>> Linked Sat Mar 16 21:44:06 2019

OUTPUT FILE NAME:   <firstmilestonev1.out>
ENTRY POINT SYMBOL: "_c_int00"  address: 00002f11


MEMORY CONFIGURATION

         name            origin    length      used     unused   attr    fill
----------------------  --------  ---------  --------  --------  ----  --------
  FLASH                 00000000   00040000  0000396e  0003c692  R  X
  SRAM                  20000000   00008000  000009f9  00007607  RW X


SEGMENT ALLOCATION MAP

run origin  load origin   length   init length attrs members
----------  ----------- ---------- ----------- ----- -------
00000000    00000000    00003970   00003970    r-x
  00000000    00000000    0000026c   0000026c    r-- .intvecs
  0000026c    0000026c    000031a6   000031a6    r-x .text
  00003414    00003414    0000050c   0000050c    r-- .const
  00003920    00003920    00000050   00000050    r-- .cinit
20000000    20000000    00000a00   00000000    rw-
  20000000    20000000    0000026c   00000000    rw- .vtable
  2000026c    2000026c    00000365   00000000    rw- .bss
  200005d4    200005d4    00000200   00000000    rw- .stack
  200007d8    200007d8    00000200   00000000    rw- .sysmem
  200009d8    200009d8    00000028   00000000    rw- .data


SECTION ALLOCATION MAP

 output                                  attributes/
section   page    origin      length       input sections
--------  ----  ----------  ----------   ----------------
.intvecs   0    00000000    0000026c     
                  00000000    0000026c     tm4c123gh6pm_startup_ccs.obj (.intvecs)

.text      0    0000026c    000031a6     
                  0000026c    00000c84     ustdlib.obj (.text)
                  00000ef0    00000950     OrbitOledGrph.obj (.text)
                  00001840    000003e4     ADCdemo1.obj (.text)
                  00001c24    000003d0     rtsv7M4_T_le_v4SPD16_eabi.lib : memory.obj (.text)
                  00001ff4    0000037c     OrbitOled.obj (.text)
                  00002370    00000220     buttons4.obj (.text)
                  00002590    00000204     OrbitOledChar.obj (.text)
                  00002794    00000132     driverlib.lib : gpio.obj (.text:GPIOPadConfigSet)
                  000028c6    00000002     rtsv7M4_T_le_v4SPD16_eabi.lib : i_div0.obj (.text)
                  000028c8    00000110     driverlib.lib : sysctl.obj (.text:SysCtlClockGet)
                  000029d8    000000f4                   : sysctl.obj (.text:SysCtlClockSet)
                  00002acc    000000b8     circBufT.obj (.text)
                  00002b84    0000009c     rtsv7M4_T_le_v4SPD16_eabi.lib : memcpy_t2.obj (.text)
                  00002c20    0000007a     driverlib.lib : adc.obj (.text:ADCSequenceStepConfigure)
                  00002c9a    0000007a     rtsv7M4_T_le_v4SPD16_eabi.lib : memset_t2.obj (.text)
                  00002d14    00000070                                   : autoinit.obj (.text)
                  00002d84    00000068     driverlib.lib : interrupt.obj (.text:IntEnable)
                  00002dec    00000068     rtsv7M4_T_le_v4SPD16_eabi.lib : copy_decompress_lzss.obj (.text:decompress:lzss)
                  00002e54    00000060     driverlib.lib : timer.obj (.text:TimerConfigure)
                  00002eb4    0000005c     delay.obj (.text)
                  00002f10    00000054     rtsv7M4_T_le_v4SPD16_eabi.lib : boot.obj (.text)
                  00002f64    00000054                                   : exit.obj (.text)
                  00002fb8    00000050     driverlib.lib : adc.obj (.text:ADCSequenceConfigure)
                  00003008    00000050                   : adc.obj (.text:_ADCIntNumberGet)
                  00003058    0000004c     rtsv7M4_T_le_v4SPD16_eabi.lib : cpy_tbl.obj (.text)
                  000030a4    00000048     driverlib.lib : gpio.obj (.text:GPIOPinConfigure)
                  000030ec    00000044     OrbitOLEDInterface.obj (.text)
                  00003130    00000040     rtsv7M4_T_le_v4SPD16_eabi.lib : u_divt2.obj (.text)
                  00003170    0000003c     driverlib.lib : ssi.obj (.text:SSIConfigSetExpClk)
                  000031ac    00000034                   : interrupt.obj (.text:IntRegister)
                  000031e0    00000034                   : sysctl.obj (.text:SysCtlPeripheralEnable)
                  00003214    0000002a                   : gpio.obj (.text:GPIODirModeSet)
                  0000323e    0000001e                   : adc.obj (.text:ADCSequenceDataGet)
                  0000325c    0000001c                   : systick.obj (.text:SysTickIntRegister)
                  00003278    00000018                   : adc.obj (.text:ADCIntRegister)
                  00003290    00000018                   : adc.obj (.text:ADCProcessorTrigger)
                  000032a8    00000018                   : gpio.obj (.text:GPIOPinTypeGPIOOutput)
                  000032c0    00000018     rtsv7M4_T_le_v4SPD16_eabi.lib : args_main.obj (.text)
                  000032d8    00000014     driverlib.lib : systick.obj (.text:SysTickEnable)
                  000032ec    00000014                   : systick.obj (.text:SysTickIntEnable)
                  00003300    00000014     rtsv7M4_T_le_v4SPD16_eabi.lib : _lock.obj (.text)
                  00003314    00000012     driverlib.lib : gpio.obj (.text:GPIOPinTypeGPIOInput)
                  00003326    00000012                   : gpio.obj (.text:GPIOPinTypeSSI)
                  00003338    00000010                   : adc.obj (.text:ADCIntEnable)
                  00003348    00000010                   : interrupt.obj (.text:IntMasterEnable)
                  00003358    00000010                   : systick.obj (.text:SysTickPeriodSet)
                  00003368    0000000e                   : adc.obj (.text:ADCSequenceEnable)
                  00003376    0000000e                   : timer.obj (.text:TimerEnable)
                  00003384    0000000e     rtsv7M4_T_le_v4SPD16_eabi.lib : copy_decompress_none.obj (.text:decompress:none)
                  00003392    0000000c     driverlib.lib : cpu.obj (.text:CPUcpsie)
                  0000339e    0000000c                   : ssi.obj (.text:SSIDataGet)
                  000033aa    0000000c     rtsv7M4_T_le_v4SPD16_eabi.lib : copy_zero_init.obj (.text:decompress:ZI)
                  000033b6    0000000c     tm4c123gh6pm_startup_ccs.obj (.text)
                  000033c2    0000000a     driverlib.lib : adc.obj (.text:ADCIntClear)
                  000033cc    0000000a                   : ssi.obj (.text:SSIDataPut)
                  000033d6    0000000a                   : ssi.obj (.text:SSIEnable)
                  000033e0    0000000a                   : timer.obj (.text:TimerValueGet)
                  000033ea    00000008                   : ssi.obj (.text:SSIBusy)
                  000033f2    00000006                   : gpio.obj (.text:GPIOPinRead)
                  000033f8    00000006                   : gpio.obj (.text:GPIOPinWrite)
                  000033fe    00000006                   : ssi.obj (.text:SSIClockSourceSet)
                  00003404    00000006                   : sysctl.obj (.text:SysCtlDelay)
                  0000340a    00000004     rtsv7M4_T_le_v4SPD16_eabi.lib : pre_init.obj (.text)
                  0000340e    00000002                                   : mpu_init.obj (.text)
                  00003410    00000002                                   : startup.obj (.text)

.const     0    00003414    0000050c     
                  00003414    00000300     ChrFont0.obj (.const:.string:rgbOledFont0)
                  00003714    00000090     driverlib.lib : gpio.obj (.const:g_pui32GPIOBaseAddrs)
                  000037a4    00000070                   : interrupt.obj (.const)
                  00003814    0000006c                   : sysctl.obj (.const:g_pui32Xtals)
                  00003880    00000040     FillPat.obj (.const:.string:rgbFillPat)
                  000038c0    00000030     ustdlib.obj (.const:g_psDaysToMonth)
                  000038f0    00000018     ustdlib.obj (.const:g_pfExponents)
                  00003908    00000012     ustdlib.obj (.const:.string)
                  0000391a    00000002     --HOLE-- [fill = 0]
                  0000391c    00000004     ustdlib.obj (.const)

.cinit     0    00003920    00000050     
                  00003920    0000001b     (.cinit..data.load) [load image, compression = lzss]
                  0000393b    00000001     --HOLE-- [fill = 0]
                  0000393c    0000000c     (__TI_handler_table)
                  00003948    00000008     (.cinit..bss.load) [load image, compression = zero_init]
                  00003950    00000008     (.cinit..vtable.load) [load image, compression = zero_init]
                  00003958    00000018     (__TI_cinit_table)

.init_array 
*          0    00000000    00000000     UNINITIALIZED

.vtable    0    20000000    0000026c     UNINITIALIZED
                  20000000    0000026c     driverlib.lib : interrupt.obj (.vtable)

.bss       0    2000026c    00000365     UNINITIALIZED
                  2000026c    00000200     (.common:rgbOledBmp)
                  2000046c    00000100     (.common:rgbOledFontUser)
                  2000056c    00000010     ADCdemo1.obj (.bss:g_inBuffer)
                  2000057c    00000004     ADCdemo1.obj (.bss)
                  20000580    00000004     buttons4.obj (.bss:but_count)
                  20000584    00000004     buttons4.obj (.bss:but_flag)
                  20000588    00000004     buttons4.obj (.bss:but_normal)
                  2000058c    00000004     buttons4.obj (.bss:but_state)
                  20000590    00000004     (.common:bnOledCur)
                  20000594    00000004     (.common:dxcoOledFontCur)
                  20000598    00000004     (.common:dycoOledFontCur)
                  2000059c    00000004     (.common:fOledCharUpdate)
                  200005a0    00000004     (.common:modOledCur)
                  200005a4    00000004     (.common:pbOledCur)
                  200005a8    00000004     (.common:pbOledFontCur)
                  200005ac    00000004     (.common:pbOledFontUser)
                  200005b0    00000004     (.common:pbOledPatCur)
                  200005b4    00000004     (.common:pfnDoRop)
                  200005b8    00000004     (.common:xchOledCur)
                  200005bc    00000004     (.common:xchOledMax)
                  200005c0    00000004     (.common:xcoOledCur)
                  200005c4    00000004     (.common:ychOledCur)
                  200005c8    00000004     (.common:ychOledMax)
                  200005cc    00000004     (.common:ycoOledCur)
                  200005d0    00000001     (.common:clrOledCur)

.stack     0    200005d4    00000200     UNINITIALIZED
                  200005d4    00000200     --HOLE--

.sysmem    0    200007d8    00000200     UNINITIALIZED
                  200007d8    00000008     rtsv7M4_T_le_v4SPD16_eabi.lib : memory.obj (.sysmem)
                  200007e0    000001f8     --HOLE--

.data      0    200009d8    00000028     UNINITIALIZED
                  200009d8    0000000c     rtsv7M4_T_le_v4SPD16_eabi.lib : exit.obj (.data:$O1$$)
                  200009e4    0000000c                                   : memory.obj (.data:$O1$$)
                  200009f0    00000008                                   : _lock.obj (.data:$O1$$)
                  200009f8    00000004                                   : stkdepth_vars.obj (.data)
                  200009fc    00000004     ustdlib.obj (.data)

MODULE SUMMARY

       Module                         code    ro data   rw data
       ------                         ----    -------   -------
    ./
       ustdlib.obj                    3204    94        4      
       ADCdemo1.obj                   996     0         20     
       tm4c123gh6pm_startup_ccs.obj   12      620       0      
       buttons4.obj                   544     0         16     
       circBufT.obj                   184     0         0      
    +--+------------------------------+-------+---------+---------+
       Total:                         4940    714       40     
                                                               
    ./OrbitOLED/
       OrbitOLEDInterface.obj         68      0         0      
    +--+------------------------------+-------+---------+---------+
       Total:                         68      0         0      
                                                               
    ./OrbitOLED/lib_OrbitOled/
       OrbitOledGrph.obj              2384    0         8      
       OrbitOled.obj                  892     0         553    
       OrbitOledChar.obj              516     0         272    
       ChrFont0.obj                   0       768       0      
       delay.obj                      92      0         0      
       FillPat.obj                    0       64        0      
    +--+------------------------------+-------+---------+---------+
       Total:                         3884    832       833    
                                                               
    /home/harry/ti/TivaWare/driverlib/ccs/Debug/driverlib.lib
       interrupt.obj                  172     112       620    
       sysctl.obj                     574     108       0      
       gpio.obj                       492     144       0      
       adc.obj                        400     0         0      
       timer.obj                      120     0         0      
       ssi.obj                        106     0         0      
       systick.obj                    84      0         0      
       cpu.obj                        12      0         0      
    +--+------------------------------+-------+---------+---------+
       Total:                         1960    364       620    
                                                               
    /home/harry/ti/ccsv7/tools/compiler/ti-cgt-arm_16.9.6.LTS/lib/rtsv7M4_T_le_v4SPD16_eabi.lib
       memory.obj                     976     0         12     
       memcpy_t2.obj                  156     0         0      
       memset_t2.obj                  122     0         0      
       autoinit.obj                   112     0         0      
       copy_decompress_lzss.obj       104     0         0      
       exit.obj                       84      0         12     
       boot.obj                       84      0         0      
       cpy_tbl.obj                    76      0         0      
       u_divt2.obj                    64      0         0      
       _lock.obj                      20      0         8      
       args_main.obj                  24      0         0      
       copy_decompress_none.obj       14      0         0      
       copy_zero_init.obj             12      0         0      
       pre_init.obj                   4       0         0      
       stkdepth_vars.obj              0       0         4      
       i_div0.obj                     2       0         0      
       mpu_init.obj                   2       0         0      
       startup.obj                    2       0         0      
    +--+------------------------------+-------+---------+---------+
       Total:                         1858    0         36     
                                                               
       Heap:                          0       0         512    
       Stack:                         0       0         512    
       Linker Generated:              0       79        0      
    +--+------------------------------+-------+---------+---------+
       Grand Total:                   12710   1989      2553   


LINKER GENERATED COPY TABLES

__TI_cinit_table @ 00003958 records: 3, size/record: 8, table size: 24
	.data: load addr=00003920, load size=0000001b bytes, run addr=200009d8, run size=00000028 bytes, compression=lzss
	.bss: load addr=00003948, load size=00000008 bytes, run addr=2000026c, run size=00000365 bytes, compression=zero_init
	.vtable: load addr=00003950, load size=00000008 bytes, run addr=20000000, run size=0000026c bytes, compression=zero_init


LINKER GENERATED HANDLER TABLE

__TI_handler_table @ 0000393c records: 3, size/record: 4, table size: 12
	index: 0, handler: __TI_zero_init
	index: 1, handler: __TI_decompress_lzss
	index: 2, handler: __TI_decompress_none


GLOBAL SYMBOLS: SORTED ALPHABETICALLY BY Name 

address   name                           
-------   ----                           
000033c3  ADCIntClear                    
00003339  ADCIntEnable                   
00001855  ADCIntHandler                  
00003279  ADCIntRegister                 
00003291  ADCProcessorTrigger            
00002fb9  ADCSequenceConfigure           
0000323f  ADCSequenceDataGet             
00003369  ADCSequenceEnable              
00002c21  ADCSequenceStepConfigure       
00002f65  C$$EXIT                        
00003393  CPUcpsie                       
00002eb5  DelayInit                      
00002ecf  DelayMs                        
00003215  GPIODirModeSet                 
00002795  GPIOPadConfigSet               
000030a5  GPIOPinConfigure               
000033f3  GPIOPinRead                    
00003315  GPIOPinTypeGPIOInput           
000032a9  GPIOPinTypeGPIOOutput          
00003327  GPIOPinTypeSSI                 
000033f9  GPIOPinWrite                   
00002d85  IntEnable                      
00003349  IntMasterEnable                
000031ad  IntRegister                    
00003113  OLEDInitialise                 
000030ed  OLEDStringDraw                 
00002729  OrbitOledAdvanceCursor         
000017e1  OrbitOledClampXco              
00001801  OrbitOledClampYco              
000021d1  OrbitOledClear                 
000021dd  OrbitOledClearBuffer           
000025f9  OrbitOledDefUserChar           
0000214d  OrbitOledDevInit               
00001623  OrbitOledDrawChar              
000026b1  OrbitOledDrawGlyph             
00000fe7  OrbitOledDrawPixel             
0000112d  OrbitOledDrawRect              
00001683  OrbitOledDrawString            
000020d3  OrbitOledDvrInit               
000011b1  OrbitOledFillRect              
000012f5  OrbitOledGetBmp                
00002661  OrbitOledGetCharUpdate         
000025dd  OrbitOledGetCursor             
00000fe1  OrbitOledGetDrawMode           
00001013  OrbitOledGetPixel              
00000f37  OrbitOledGetPos                
00000f6b  OrbitOledGetStdPattern         
00002009  OrbitOledHostInit              
00001ff5  OrbitOledInit                  
0000102d  OrbitOledLineTo                
00001779  OrbitOledMoveDown              
000017af  OrbitOledMoveLeft              
000017c7  OrbitOledMoveRight             
00000ef1  OrbitOledMoveTo                
00001741  OrbitOledMoveUp                
00001455  OrbitOledPutBmp                
00002267  OrbitOledPutBuffer             
00002667  OrbitOledPutChar               
00002685  OrbitOledPutString             
000016ef  OrbitOledRopAnd                
000016cb  OrbitOledRopOr                 
000016a1  OrbitOledRopSet                
00001713  OrbitOledRopXor                
00002649  OrbitOledSetCharUpdate         
00002591  OrbitOledSetCursor             
00000f53  OrbitOledSetDrawColor          
00000f8d  OrbitOledSetDrawMode           
00000f7d  OrbitOledSetFillPattern        
0000220d  OrbitOledUpdate                
000033b7  ResetISR                       
UNDEFED   SHT$$INIT_ARRAY$$Base          
UNDEFED   SHT$$INIT_ARRAY$$Limit         
000033eb  SSIBusy                        
000033ff  SSIClockSourceSet              
00003171  SSIConfigSetExpClk             
0000339f  SSIDataGet                     
000033cd  SSIDataPut                     
000033d7  SSIEnable                      
000022cd  Ssi3PutByte                    
000028c9  SysCtlClockGet                 
000029d9  SysCtlClockSet                 
00003405  SysCtlDelay                    
000031e1  SysCtlPeripheralEnable         
000032d9  SysTickEnable                  
000032ed  SysTickIntEnable               
00001841  SysTickIntHandler              
0000325d  SysTickIntRegister             
00003359  SysTickPeriodSet               
00002e55  TimerConfigure                 
00003377  TimerEnable                    
000033e1  TimerValueGet                  
200007d4  __STACK_END                    
00000200  __STACK_SIZE                   
200007d4  __STACK_TOP                    
00000200  __SYSMEM_SIZE                  
00003958  __TI_CINIT_Base                
00003970  __TI_CINIT_Limit               
0000393c  __TI_Handler_Table_Base        
00003948  __TI_Handler_Table_Limit       
00002d15  __TI_auto_init                 
200009d8  __TI_cleanup_ptr               
00002ded  __TI_decompress_lzss           
00003385  __TI_decompress_none           
200009dc  __TI_dtors_ptr                 
200009e0  __TI_enable_exit_profile_output
ffffffff  __TI_pprof_out_hndl            
ffffffff  __TI_prof_data_size            
ffffffff  __TI_prof_data_start           
00000000  __TI_static_base__             
000033ab  __TI_zero_init                 
000028c7  __aeabi_idiv0                  
00002c9b  __aeabi_memclr                 
00002c9b  __aeabi_memclr4                
00002c9b  __aeabi_memclr8                
00002b85  __aeabi_memcpy                 
00002b85  __aeabi_memcpy4                
00002b85  __aeabi_memcpy8                
00002c9d  __aeabi_memset                 
00002c9d  __aeabi_memset4                
00002c9d  __aeabi_memset8                
00003131  __aeabi_uidiv                  
00003131  __aeabi_uidivmod               
ffffffff  __binit__                      
ffffffff  __c_args__                     
0000340f  __mpu_init                     
200005d4  __stack                        
000032c1  _args_main                     
00002f11  _c_int00                       
200009f0  _lock                          
0000330f  _nop                           
00003307  _register_lock                 
00003301  _register_unlock               
200007d8  _sys_memory                    
00003411  _system_post_cinit             
0000340b  _system_pre_init               
200009f4  _unlock                        
00002f69  abort                          
ffffffff  binit                          
20000590  bnOledCur                      
00001fc5  calloc                         
00002513  checkButton                    
000018df  clearOLED                      
200005d0  clrOledCur                     
00003059  copy_in                        
0000195b  displayAltitude12Bit           
00001999  displayAltitudePercent         
0000190b  displayMeanVal                 
20000594  dxcoOledFontCur                
20000598  dycoOledFontCur                
00002f71  exit                           
2000059c  fOledCharUpdate                
00001d0f  free                           
00002b5f  freeCircBuf                    
20000000  g_pfnRAMVectors                
00000000  g_pfnVectors                   
000019f3  heightAsPercentage             
0000189b  initADC                        
00002371  initButtons                    
00002acd  initCircBuf                    
00001873  initClock                      
000018d7  initDisplay                    
00001a39  main                           
200009f8  main_func_sp                   
00001ca5  malloc                         
00001ed9  memalign                       
00002b85  memcpy                         
00002ca3  memset                         
00001c25  minit                          
200005a0  modOledCur                     
200005a4  pbOledCur                      
200005a8  pbOledFontCur                  
200005ac  pbOledFontUser                 
200005b0  pbOledPatCur                   
200005b4  pfnDoRop                       
00002b2b  readCircBuf                    
00001dcf  realloc                        
00003880  rgbFillPat                     
2000026c  rgbOledBmp                     
00003414  rgbOledFont0                   
2000046c  rgbOledFontUser                
00000751  ulocaltime                     
0000094f  umktime                        
0000243f  updateButtons                  
00000ec9  urand                          
00000721  usnprintf                      
000006ef  usprintf                       
00000eb9  usrand                         
00000e31  ustrcasecmp                    
00000ea5  ustrcmp                        
00000d35  ustrlen                        
00000d8d  ustrncasecmp                   
00000e45  ustrncmp                       
0000026d  ustrncpy                       
00000d57  ustrstr                        
00000afd  ustrtof                        
000009c5  ustrtoul                       
000002c5  uvsnprintf                     
00002af7  writeCircBuf                   
200005b8  xchOledCur                     
200005bc  xchOledMax                     
200005c0  xcoOledCur                     
200005c4  ychOledCur                     
200005c8  ychOledMax                     
200005cc  ycoOledCur                     


GLOBAL SYMBOLS: SORTED BY Symbol Address 

address   name                           
-------   ----                           
00000000  __TI_static_base__             
00000000  g_pfnVectors                   
00000200  __STACK_SIZE                   
00000200  __SYSMEM_SIZE                  
0000026d  ustrncpy                       
000002c5  uvsnprintf                     
000006ef  usprintf                       
00000721  usnprintf                      
00000751  ulocaltime                     
0000094f  umktime                        
000009c5  ustrtoul                       
00000afd  ustrtof                        
00000d35  ustrlen                        
00000d57  ustrstr                        
00000d8d  ustrncasecmp                   
00000e31  ustrcasecmp                    
00000e45  ustrncmp                       
00000ea5  ustrcmp                        
00000eb9  usrand                         
00000ec9  urand                          
00000ef1  OrbitOledMoveTo                
00000f37  OrbitOledGetPos                
00000f53  OrbitOledSetDrawColor          
00000f6b  OrbitOledGetStdPattern         
00000f7d  OrbitOledSetFillPattern        
00000f8d  OrbitOledSetDrawMode           
00000fe1  OrbitOledGetDrawMode           
00000fe7  OrbitOledDrawPixel             
00001013  OrbitOledGetPixel              
0000102d  OrbitOledLineTo                
0000112d  OrbitOledDrawRect              
000011b1  OrbitOledFillRect              
000012f5  OrbitOledGetBmp                
00001455  OrbitOledPutBmp                
00001623  OrbitOledDrawChar              
00001683  OrbitOledDrawString            
000016a1  OrbitOledRopSet                
000016cb  OrbitOledRopOr                 
000016ef  OrbitOledRopAnd                
00001713  OrbitOledRopXor                
00001741  OrbitOledMoveUp                
00001779  OrbitOledMoveDown              
000017af  OrbitOledMoveLeft              
000017c7  OrbitOledMoveRight             
000017e1  OrbitOledClampXco              
00001801  OrbitOledClampYco              
00001841  SysTickIntHandler              
00001855  ADCIntHandler                  
00001873  initClock                      
0000189b  initADC                        
000018d7  initDisplay                    
000018df  clearOLED                      
0000190b  displayMeanVal                 
0000195b  displayAltitude12Bit           
00001999  displayAltitudePercent         
000019f3  heightAsPercentage             
00001a39  main                           
00001c25  minit                          
00001ca5  malloc                         
00001d0f  free                           
00001dcf  realloc                        
00001ed9  memalign                       
00001fc5  calloc                         
00001ff5  OrbitOledInit                  
00002009  OrbitOledHostInit              
000020d3  OrbitOledDvrInit               
0000214d  OrbitOledDevInit               
000021d1  OrbitOledClear                 
000021dd  OrbitOledClearBuffer           
0000220d  OrbitOledUpdate                
00002267  OrbitOledPutBuffer             
000022cd  Ssi3PutByte                    
00002371  initButtons                    
0000243f  updateButtons                  
00002513  checkButton                    
00002591  OrbitOledSetCursor             
000025dd  OrbitOledGetCursor             
000025f9  OrbitOledDefUserChar           
00002649  OrbitOledSetCharUpdate         
00002661  OrbitOledGetCharUpdate         
00002667  OrbitOledPutChar               
00002685  OrbitOledPutString             
000026b1  OrbitOledDrawGlyph             
00002729  OrbitOledAdvanceCursor         
00002795  GPIOPadConfigSet               
000028c7  __aeabi_idiv0                  
000028c9  SysCtlClockGet                 
000029d9  SysCtlClockSet                 
00002acd  initCircBuf                    
00002af7  writeCircBuf                   
00002b2b  readCircBuf                    
00002b5f  freeCircBuf                    
00002b85  __aeabi_memcpy                 
00002b85  __aeabi_memcpy4                
00002b85  __aeabi_memcpy8                
00002b85  memcpy                         
00002c21  ADCSequenceStepConfigure       
00002c9b  __aeabi_memclr                 
00002c9b  __aeabi_memclr4                
00002c9b  __aeabi_memclr8                
00002c9d  __aeabi_memset                 
00002c9d  __aeabi_memset4                
00002c9d  __aeabi_memset8                
00002ca3  memset                         
00002d15  __TI_auto_init                 
00002d85  IntEnable                      
00002ded  __TI_decompress_lzss           
00002e55  TimerConfigure                 
00002eb5  DelayInit                      
00002ecf  DelayMs                        
00002f11  _c_int00                       
00002f65  C$$EXIT                        
00002f69  abort                          
00002f71  exit                           
00002fb9  ADCSequenceConfigure           
00003059  copy_in                        
000030a5  GPIOPinConfigure               
000030ed  OLEDStringDraw                 
00003113  OLEDInitialise                 
00003131  __aeabi_uidiv                  
00003131  __aeabi_uidivmod               
00003171  SSIConfigSetExpClk             
000031ad  IntRegister                    
000031e1  SysCtlPeripheralEnable         
00003215  GPIODirModeSet                 
0000323f  ADCSequenceDataGet             
0000325d  SysTickIntRegister             
00003279  ADCIntRegister                 
00003291  ADCProcessorTrigger            
000032a9  GPIOPinTypeGPIOOutput          
000032c1  _args_main                     
000032d9  SysTickEnable                  
000032ed  SysTickIntEnable               
00003301  _register_unlock               
00003307  _register_lock                 
0000330f  _nop                           
00003315  GPIOPinTypeGPIOInput           
00003327  GPIOPinTypeSSI                 
00003339  ADCIntEnable                   
00003349  IntMasterEnable                
00003359  SysTickPeriodSet               
00003369  ADCSequenceEnable              
00003377  TimerEnable                    
00003385  __TI_decompress_none           
00003393  CPUcpsie                       
0000339f  SSIDataGet                     
000033ab  __TI_zero_init                 
000033b7  ResetISR                       
000033c3  ADCIntClear                    
000033cd  SSIDataPut                     
000033d7  SSIEnable                      
000033e1  TimerValueGet                  
000033eb  SSIBusy                        
000033f3  GPIOPinRead                    
000033f9  GPIOPinWrite                   
000033ff  SSIClockSourceSet              
00003405  SysCtlDelay                    
0000340b  _system_pre_init               
0000340f  __mpu_init                     
00003411  _system_post_cinit             
00003414  rgbOledFont0                   
00003880  rgbFillPat                     
0000393c  __TI_Handler_Table_Base        
00003948  __TI_Handler_Table_Limit       
00003958  __TI_CINIT_Base                
00003970  __TI_CINIT_Limit               
20000000  g_pfnRAMVectors                
2000026c  rgbOledBmp                     
2000046c  rgbOledFontUser                
20000590  bnOledCur                      
20000594  dxcoOledFontCur                
20000598  dycoOledFontCur                
2000059c  fOledCharUpdate                
200005a0  modOledCur                     
200005a4  pbOledCur                      
200005a8  pbOledFontCur                  
200005ac  pbOledFontUser                 
200005b0  pbOledPatCur                   
200005b4  pfnDoRop                       
200005b8  xchOledCur                     
200005bc  xchOledMax                     
200005c0  xcoOledCur                     
200005c4  ychOledCur                     
200005c8  ychOledMax                     
200005cc  ycoOledCur                     
200005d0  clrOledCur                     
200005d4  __stack                        
200007d4  __STACK_END                    
200007d4  __STACK_TOP                    
200007d8  _sys_memory                    
200009d8  __TI_cleanup_ptr               
200009dc  __TI_dtors_ptr                 
200009e0  __TI_enable_exit_profile_output
200009f0  _lock                          
200009f4  _unlock                        
200009f8  main_func_sp                   
ffffffff  __TI_pprof_out_hndl            
ffffffff  __TI_prof_data_size            
ffffffff  __TI_prof_data_start           
ffffffff  __binit__                      
ffffffff  __c_args__                     
ffffffff  binit                          
UNDEFED   SHT$$INIT_ARRAY$$Base          
UNDEFED   SHT$$INIT_ARRAY$$Limit         

[204 symbols]
