******************************************************************************
                  TI ARM Linker Unix v16.9.6                   
******************************************************************************
>> Linked Sat May 25 16:05:54 2019

OUTPUT FILE NAME:   <ENCE361 Helicopter Project Group 23 Thursday PM.out>
ENTRY POINT SYMBOL: "_c_int00"  address: 00003f9d


MEMORY CONFIGURATION

         name            origin    length      used     unused   attr    fill
----------------------  --------  ---------  --------  --------  ----  --------
  FLASH                 00000000   00040000  00004e04  0003b1fc  R  X
  SRAM                  20000000   00008000  00002649  000059b7  RW X


SEGMENT ALLOCATION MAP

run origin  load origin   length   init length attrs members
----------  ----------- ---------- ----------- ----- -------
00000000    00000000    00004e08   00004e08    r-x
  00000000    00000000    0000026c   0000026c    r-- .intvecs
  0000026c    0000026c    00004494   00004494    r-x .text
  00004700    00004700    000006a4   000006a4    r-- .const
  00004da8    00004da8    00000060   00000060    r-- .cinit
20000000    20000000    00002650   00000000    rw-
  20000000    20000000    0000026c   00000000    rw- .vtable
  2000026c    2000026c    00001000   00000000    rw- .stack
  20001270    20001270    00001000   00000000    rw- .sysmem
  20002270    20002270    00000399   00000000    rw- .bss
  2000260c    2000260c    00000044   00000000    rw- .data


SECTION ALLOCATION MAP

 output                                  attributes/
section   page    origin      length       input sections
--------  ----  ----------  ----------   ----------------
.intvecs   0    00000000    0000026c     
                  00000000    0000026c     tm4c123gh6pm_startup_ccs.obj (.intvecs)

.text      0    0000026c    00004494     
                  0000026c    00000c84     ustdlib.obj (.text)
                  00000ef0    00000950     OrbitOledGrph.obj (.text)
                  00001840    0000042c     helicopterMain.obj (.text)
                  00001c6c    000003d0     rtsv7M4_T_le_v4SPD16_eabi.lib : memory.obj (.text)
                  0000203c    000003a0     buttons4.obj (.text)
                  000023dc    0000037c     OrbitOled.obj (.text)
                  00002758    000002d0     yawFiniteStateMachine.obj (.text)
                  00002a28    00000258     mainRotorController.obj (.text)
                  00002c80    00000204     OrbitOledChar.obj (.text)
                  00002e84    000001f8     tailRotorController.obj (.text)
                  0000307c    000001b6     rtsv7M4_T_le_v4SPD16_eabi.lib : fd_add_t2.obj (.text)
                  00003232    00000002                                   : i_div0.obj (.text)
                  00003234    000001b0     userDisplay.obj (.text)
                  000033e4    00000136     rtsv7M4_T_le_v4SPD16_eabi.lib : fd_div_t2.obj (.text)
                  0000351a    00000132     driverlib.lib : gpio.obj (.text:GPIOPadConfigSet)
                  0000364c    00000110                   : sysctl.obj (.text:SysCtlClockGet)
                  0000375c    000000fc     rtsv7M4_T_le_v4SPD16_eabi.lib : fd_mul_t2.obj (.text)
                  00003858    000000f4     driverlib.lib : sysctl.obj (.text:SysCtlClockSet)
                  0000394c    000000b8     circBufT.obj (.text)
                  00003a04    0000009c     rtsv7M4_T_le_v4SPD16_eabi.lib : memcpy_t2.obj (.text)
                  00003aa0    0000007a     driverlib.lib : adc.obj (.text:ADCSequenceStepConfigure)
                  00003b1a    0000007a     rtsv7M4_T_le_v4SPD16_eabi.lib : memset_t2.obj (.text)
                  00003b94    00000074     uartCommunication.obj (.text)
                  00003c08    00000070     rtsv7M4_T_le_v4SPD16_eabi.lib : autoinit.obj (.text)
                  00003c78    0000006e                                   : fd_tos_t2.obj (.text)
                  00003ce6    00000002                                   : mpu_init.obj (.text)
                  00003ce8    0000006c     helicopterAltitude.obj (.text)
                  00003d54    00000068     driverlib.lib : interrupt.obj (.text:IntEnable)
                  00003dbc    00000068     rtsv7M4_T_le_v4SPD16_eabi.lib : copy_decompress_lzss.obj (.text:decompress:lzss)
                  00003e24    00000064     helperFunctions.obj (.text)
                  00003e88    00000060     driverlib.lib : timer.obj (.text:TimerConfigure)
                  00003ee8    0000005c     delay.obj (.text)
                  00003f44    00000056     driverlib.lib : gpio.obj (.text:GPIOIntTypeSet)
                  00003f9a    00000002     rtsv7M4_T_le_v4SPD16_eabi.lib : startup.obj (.text)
                  00003f9c    00000054                                   : boot.obj (.text)
                  00003ff0    00000054                                   : exit.obj (.text)
                  00004044    00000050     driverlib.lib : adc.obj (.text:ADCSequenceConfigure)
                  00004094    00000050                   : adc.obj (.text:_ADCIntNumberGet)
                  000040e4    0000004c     rtsv7M4_T_le_v4SPD16_eabi.lib : cpy_tbl.obj (.text)
                  00004130    00000048     driverlib.lib : gpio.obj (.text:GPIOPinConfigure)
                  00004178    00000048     rtsv7M4_T_le_v4SPD16_eabi.lib : fd_toi_t2.obj (.text)
                  000041c0    00000046     driverlib.lib : uart.obj (.text:UARTConfigSetExpClk)
                  00004206    00000002     --HOLE-- [fill = 0]
                  00004208    00000044     OrbitOLEDInterface.obj (.text)
                  0000424c    00000044     driverlib.lib : gpio.obj (.text:_GPIOIntNumberGet)
                  00004290    00000040     rtsv7M4_T_le_v4SPD16_eabi.lib : u_divt2.obj (.text)
                  000042d0    0000003c     driverlib.lib : ssi.obj (.text:SSIConfigSetExpClk)
                  0000430c    00000038     rtsv7M4_T_le_v4SPD16_eabi.lib : fs_tod_t2.obj (.text)
                  00004344    00000034     driverlib.lib : interrupt.obj (.text:IntRegister)
                  00004378    00000034                   : sysctl.obj (.text:SysCtlPeripheralEnable)
                  000043ac    0000002e     rtsv7M4_T_le_v4SPD16_eabi.lib : i_tofd_t2.obj (.text)
                  000043da    0000002a     driverlib.lib : gpio.obj (.text:GPIODirModeSet)
                  00004404    00000022                   : pwm.obj (.text:PWMGenConfigure)
                  00004426    00000002     --HOLE-- [fill = 0]
                  00004428    00000020                   : uart.obj (.text:UARTDisable)
                  00004448    0000001e                   : adc.obj (.text:ADCSequenceDataGet)
                  00004466    0000001e                   : pwm.obj (.text:PWMPulseWidthSet)
                  00004484    0000001c                   : systick.obj (.text:SysTickIntRegister)
                  000044a0    00000018                   : adc.obj (.text:ADCIntRegister)
                  000044b8    00000018                   : adc.obj (.text:ADCProcessorTrigger)
                  000044d0    00000018                   : gpio.obj (.text:GPIOIntRegister)
                  000044e8    00000018                   : gpio.obj (.text:GPIOPinTypeGPIOOutput)
                  00004500    00000018     rtsv7M4_T_le_v4SPD16_eabi.lib : args_main.obj (.text)
                  00004518    00000014     driverlib.lib : sysctl.obj (.text:SysCtlPWMClockSet)
                  0000452c    00000014                   : systick.obj (.text:SysTickEnable)
                  00004540    00000014                   : systick.obj (.text:SysTickIntEnable)
                  00004554    00000014                   : uart.obj (.text:UARTEnable)
                  00004568    00000014     rtsv7M4_T_le_v4SPD16_eabi.lib : _lock.obj (.text)
                  0000457c    00000012     driverlib.lib : gpio.obj (.text:GPIOPinTypeGPIOInput)
                  0000458e    00000012                   : gpio.obj (.text:GPIOPinTypePWM)
                  000045a0    00000012                   : gpio.obj (.text:GPIOPinTypeSSI)
                  000045b2    00000012                   : gpio.obj (.text:GPIOPinTypeUART)
                  000045c4    00000012                   : pwm.obj (.text:PWMOutputState)
                  000045d6    00000010                   : adc.obj (.text:ADCIntEnable)
                  000045e6    00000010                   : interrupt.obj (.text:IntMasterEnable)
                  000045f6    00000010                   : pwm.obj (.text:PWMGenPeriodSet)
                  00004606    00000002     --HOLE-- [fill = 0]
                  00004608    00000010                   : sysctl.obj (.text:SysCtlReset)
                  00004618    00000010                   : systick.obj (.text:SysTickPeriodSet)
                  00004628    0000000e                   : adc.obj (.text:ADCSequenceEnable)
                  00004636    0000000e                   : timer.obj (.text:TimerEnable)
                  00004644    0000000e     rtsv7M4_T_le_v4SPD16_eabi.lib : copy_decompress_none.obj (.text:decompress:none)
                  00004652    0000000c     driverlib.lib : cpu.obj (.text:CPUcpsie)
                  0000465e    0000000c                   : gpio.obj (.text:GPIOIntEnable)
                  0000466a    0000000c                   : pwm.obj (.text:PWMGenEnable)
                  00004676    0000000c                   : ssi.obj (.text:SSIDataGet)
                  00004682    0000000c     rtsv7M4_T_le_v4SPD16_eabi.lib : copy_zero_init.obj (.text:decompress:ZI)
                  0000468e    0000000c     tm4c123gh6pm_startup_ccs.obj (.text)
                  0000469a    0000000a     driverlib.lib : adc.obj (.text:ADCIntClear)
                  000046a4    0000000a                   : ssi.obj (.text:SSIDataPut)
                  000046ae    0000000a                   : ssi.obj (.text:SSIEnable)
                  000046b8    0000000a                   : timer.obj (.text:TimerValueGet)
                  000046c2    0000000a                   : uart.obj (.text:UARTCharPut)
                  000046cc    0000000a                   : uart.obj (.text:UARTFIFOEnable)
                  000046d6    00000008                   : ssi.obj (.text:SSIBusy)
                  000046de    00000006                   : gpio.obj (.text:GPIOIntClear)
                  000046e4    00000006                   : gpio.obj (.text:GPIOPinRead)
                  000046ea    00000006                   : gpio.obj (.text:GPIOPinWrite)
                  000046f0    00000006                   : ssi.obj (.text:SSIClockSourceSet)
                  000046f6    00000006                   : sysctl.obj (.text:SysCtlDelay)
                  000046fc    00000004     rtsv7M4_T_le_v4SPD16_eabi.lib : pre_init.obj (.text)

.const     0    00004700    000006a4     
                  00004700    00000300     ChrFont0.obj (.const:.string:rgbOledFont0)
                  00004a00    000000d8     driverlib.lib : gpio.obj (.const:g_ppui32GPIOIntMapSnowflake)
                  00004ad8    000000c0                   : gpio.obj (.const:g_ppui32GPIOIntMapBlizzard)
                  00004b98    00000090                   : gpio.obj (.const:g_pui32GPIOBaseAddrs)
                  00004c28    00000070                   : interrupt.obj (.const)
                  00004c98    0000006c                   : sysctl.obj (.const:g_pui32Xtals)
                  00004d04    00000040     FillPat.obj (.const:.string:rgbFillPat)
                  00004d44    00000030     ustdlib.obj (.const:g_psDaysToMonth)
                  00004d74    00000018     ustdlib.obj (.const:g_pfExponents)
                  00004d8c    00000012     ustdlib.obj (.const:.string)
                  00004d9e    00000002     --HOLE-- [fill = 0]
                  00004da0    00000004     ustdlib.obj (.const)

.cinit     0    00004da8    00000060     
                  00004da8    00000029     (.cinit..data.load) [load image, compression = lzss]
                  00004dd1    00000003     --HOLE-- [fill = 0]
                  00004dd4    0000000c     (__TI_handler_table)
                  00004de0    00000008     (.cinit..bss.load) [load image, compression = zero_init]
                  00004de8    00000008     (.cinit..vtable.load) [load image, compression = zero_init]
                  00004df0    00000018     (__TI_cinit_table)

.init_array 
*          0    00000000    00000000     UNINITIALIZED

.vtable    0    20000000    0000026c     UNINITIALIZED
                  20000000    0000026c     driverlib.lib : interrupt.obj (.vtable)

.stack     0    2000026c    00001000     UNINITIALIZED
                  2000026c    00001000     --HOLE--

.sysmem    0    20001270    00001000     UNINITIALIZED
                  20001270    00000008     rtsv7M4_T_le_v4SPD16_eabi.lib : memory.obj (.sysmem)
                  20001278    00000ff8     --HOLE--

.bss       0    20002270    00000399     UNINITIALIZED
                  20002270    00000200     (.common:rgbOledBmp)
                  20002470    00000100     (.common:rgbOledFontUser)
                  20002570    00000010     (.common:g_inBuffer)
                  20002580    00000008     (.common:errorIntegral)
                  20002588    00000004     buttons4.obj (.bss:but_count)
                  2000258c    00000004     buttons4.obj (.bss:but_flag)
                  20002590    00000004     buttons4.obj (.bss:but_normal)
                  20002594    00000004     buttons4.obj (.bss:but_state)
                  20002598    00000004     (.common:ChannelA)
                  2000259c    00000004     (.common:ChannelB)
                  200025a0    00000004     (.common:MAIN_PWM)
                  200025a4    00000004     (.common:TAIL_PWM)
                  200025a8    00000004     (.common:bnOledCur)
                  200025ac    00000004     (.common:dutyCycle)
                  200025b0    00000004     (.common:dxcoOledFontCur)
                  200025b4    00000004     (.common:dycoOledFontCur)
                  200025b8    00000004     (.common:errorSignal)
                  200025bc    00000004     (.common:fOledCharUpdate)
                  200025c0    00000004     (.common:g_ulSampCnt)
                  200025c4    00000004     (.common:modOledCur)
                  200025c8    00000004     (.common:pbOledCur)
                  200025cc    00000004     (.common:pbOledFontCur)
                  200025d0    00000004     (.common:pbOledFontUser)
                  200025d4    00000004     (.common:pbOledPatCur)
                  200025d8    00000004     (.common:pfnDoRop)
                  200025dc    00000004     (.common:referenceSensor)
                  200025e0    00000004     (.common:slotCount)
                  200025e4    00000004     (.common:switchChannel)
                  200025e8    00000004     (.common:xchOledCur)
                  200025ec    00000004     (.common:xchOledMax)
                  200025f0    00000004     (.common:xcoOledCur)
                  200025f4    00000004     (.common:ychOledCur)
                  200025f8    00000004     (.common:ychOledMax)
                  200025fc    00000004     (.common:ycoOledCur)
                  20002600    00000002     (.common:currentHeight)
                  20002602    00000002     (.common:tailErrorSignal)
                  20002604    00000001     (.common:PIDFlag)
                  20002605    00000001     (.common:clrOledCur)
                  20002606    00000001     (.common:currentState)
                  20002607    00000001     (.common:displayFlag)
                  20002608    00000001     (.common:previousState)

.data      0    2000260c    00000044     UNINITIALIZED
                  2000260c    0000000e     buttons4.obj (.data)
                  2000261a    00000002     mainRotorController.obj (.data)
                  2000261c    0000000c     rtsv7M4_T_le_v4SPD16_eabi.lib : exit.obj (.data:$O1$$)
                  20002628    0000000c                                   : memory.obj (.data:$O1$$)
                  20002634    00000009     yawFiniteStateMachine.obj (.data)
                  2000263d    00000001     --HOLE--
                  2000263e    00000002     tailRotorController.obj (.data)
                  20002640    00000008     rtsv7M4_T_le_v4SPD16_eabi.lib : _lock.obj (.data:$O1$$)
                  20002648    00000004                                   : stkdepth_vars.obj (.data)
                  2000264c    00000004     ustdlib.obj (.data)

MODULE SUMMARY

       Module                         code    ro data   rw data
       ------                         ----    -------   -------
    ./
       ustdlib.obj                    3204    94        4      
       helicopterMain.obj             1068    0         4      
       buttons4.obj                   928     0         34     
       yawFiniteStateMachine.obj      720     0         27     
       tm4c123gh6pm_startup_ccs.obj   12      620       0      
       mainRotorController.obj        600     0         22     
       tailRotorController.obj        504     0         8      
       userDisplay.obj                432     0         0      
       circBufT.obj                   184     0         0      
       helicopterAltitude.obj         108     0         20     
       uartCommunication.obj          116     0         0      
       helperFunctions.obj            100     0         0      
    +--+------------------------------+-------+---------+---------+
       Total:                         7976    714       119    
                                                               
    ./OrbitOLED/
       OrbitOLEDInterface.obj         68      0         0      
    +--+------------------------------+-------+---------+---------+
       Total:                         68      0         0      
                                                               
    ./OrbitOLED/lib_OrbitOled/
       OrbitOledGrph.obj              2384    0         8      
       OrbitOled.obj                  892     0         553    
       OrbitOledChar.obj              516     0         272    
       ChrFont0.obj                   0       768       0      
       delay.obj                      92      0         0      
       FillPat.obj                    0       64        0      
    +--+------------------------------+-------+---------+---------+
       Total:                         3884    832       833    
                                                               
    /home/harry/ti/TivaWare/driverlib/ccs/Debug/driverlib.lib
       gpio.obj                       724     552       0      
       interrupt.obj                  172     112       620    
       sysctl.obj                     610     108       0      
       adc.obj                        400     0         0      
       uart.obj                       142     0         0      
       timer.obj                      120     0         0      
       pwm.obj                        110     0         0      
       ssi.obj                        106     0         0      
       systick.obj                    84      0         0      
       cpu.obj                        12      0         0      
    +--+------------------------------+-------+---------+---------+
       Total:                         2480    772       620    
                                                               
    /home/harry/ti/ccsv7/tools/compiler/ti-cgt-arm_16.9.6.LTS/lib/rtsv7M4_T_le_v4SPD16_eabi.lib
       memory.obj                     976     0         12     
       fd_add_t2.obj                  438     0         0      
       fd_div_t2.obj                  310     0         0      
       fd_mul_t2.obj                  252     0         0      
       memcpy_t2.obj                  156     0         0      
       memset_t2.obj                  122     0         0      
       autoinit.obj                   112     0         0      
       fd_tos_t2.obj                  110     0         0      
       copy_decompress_lzss.obj       104     0         0      
       exit.obj                       84      0         12     
       boot.obj                       84      0         0      
       cpy_tbl.obj                    76      0         0      
       fd_toi_t2.obj                  72      0         0      
       u_divt2.obj                    64      0         0      
       fs_tod_t2.obj                  56      0         0      
       i_tofd_t2.obj                  46      0         0      
       _lock.obj                      20      0         8      
       args_main.obj                  24      0         0      
       copy_decompress_none.obj       14      0         0      
       copy_zero_init.obj             12      0         0      
       pre_init.obj                   4       0         0      
       stkdepth_vars.obj              0       0         4      
       i_div0.obj                     2       0         0      
       mpu_init.obj                   2       0         0      
       startup.obj                    2       0         0      
    +--+------------------------------+-------+---------+---------+
       Total:                         3142    0         36     
                                                               
       Heap:                          0       0         4096   
       Stack:                         0       0         4096   
       Linker Generated:              0       93        0      
    +--+------------------------------+-------+---------+---------+
       Grand Total:                   17550   2411      9800   


LINKER GENERATED COPY TABLES

__TI_cinit_table @ 00004df0 records: 3, size/record: 8, table size: 24
	.data: load addr=00004da8, load size=00000029 bytes, run addr=2000260c, run size=00000044 bytes, compression=lzss
	.bss: load addr=00004de0, load size=00000008 bytes, run addr=20002270, run size=00000399 bytes, compression=zero_init
	.vtable: load addr=00004de8, load size=00000008 bytes, run addr=20000000, run size=0000026c bytes, compression=zero_init


LINKER GENERATED HANDLER TABLE

__TI_handler_table @ 00004dd4 records: 3, size/record: 4, table size: 12
	index: 0, handler: __TI_zero_init
	index: 1, handler: __TI_decompress_lzss
	index: 2, handler: __TI_decompress_none


GLOBAL SYMBOLS: SORTED ALPHABETICALLY BY Name 

address   name                           
-------   ----                           
0000469b  ADCIntClear                    
000045d7  ADCIntEnable                   
00003ce9  ADCIntHandler                  
000044a1  ADCIntRegister                 
000044b9  ADCProcessorTrigger            
00004045  ADCSequenceConfigure           
00004449  ADCSequenceDataGet             
00004629  ADCSequenceEnable              
00003aa1  ADCSequenceStepConfigure       
00003ff1  C$$EXIT                        
00004653  CPUcpsie                       
20002598  ChannelA                       
2000259c  ChannelB                       
00003ee9  DelayInit                      
00003f03  DelayMs                        
000043db  GPIODirModeSet                 
000046df  GPIOIntClear                   
0000465f  GPIOIntEnable                  
000044d1  GPIOIntRegister                
00003f45  GPIOIntTypeSet                 
0000351b  GPIOPadConfigSet               
00004131  GPIOPinConfigure               
000046e5  GPIOPinRead                    
0000457d  GPIOPinTypeGPIOInput           
000044e9  GPIOPinTypeGPIOOutput          
0000458f  GPIOPinTypePWM                 
000045a1  GPIOPinTypeSSI                 
000045b3  GPIOPinTypeUART                
000046eb  GPIOPinWrite                   
00003d55  IntEnable                      
000045e7  IntMasterEnable                
00004345  IntRegister                    
200025a0  MAIN_PWM                       
0000422f  OLEDInitialise                 
00004209  OLEDStringDraw                 
00002e19  OrbitOledAdvanceCursor         
000017e1  OrbitOledClampXco              
00001801  OrbitOledClampYco              
000025b9  OrbitOledClear                 
000025c5  OrbitOledClearBuffer           
00002ce9  OrbitOledDefUserChar           
00002535  OrbitOledDevInit               
00001623  OrbitOledDrawChar              
00002da1  OrbitOledDrawGlyph             
00000fe7  OrbitOledDrawPixel             
0000112d  OrbitOledDrawRect              
00001683  OrbitOledDrawString            
000024bb  OrbitOledDvrInit               
000011b1  OrbitOledFillRect              
000012f5  OrbitOledGetBmp                
00002d51  OrbitOledGetCharUpdate         
00002ccd  OrbitOledGetCursor             
00000fe1  OrbitOledGetDrawMode           
00001013  OrbitOledGetPixel              
00000f37  OrbitOledGetPos                
00000f6b  OrbitOledGetStdPattern         
000023f1  OrbitOledHostInit              
000023dd  OrbitOledInit                  
0000102d  OrbitOledLineTo                
00001779  OrbitOledMoveDown              
000017af  OrbitOledMoveLeft              
000017c7  OrbitOledMoveRight             
00000ef1  OrbitOledMoveTo                
00001741  OrbitOledMoveUp                
00001455  OrbitOledPutBmp                
0000264f  OrbitOledPutBuffer             
00002d57  OrbitOledPutChar               
00002d75  OrbitOledPutString             
000016ef  OrbitOledRopAnd                
000016cb  OrbitOledRopOr                 
000016a1  OrbitOledRopSet                
00001713  OrbitOledRopXor                
00002d39  OrbitOledSetCharUpdate         
00002c81  OrbitOledSetCursor             
00000f53  OrbitOledSetDrawColor          
00000f8d  OrbitOledSetDrawMode           
00000f7d  OrbitOledSetFillPattern        
000025f5  OrbitOledUpdate                
20002604  PIDFlag                        
00004405  PWMGenConfigure                
0000466b  PWMGenEnable                   
000045f7  PWMGenPeriodSet                
000045c5  PWMOutputState                 
00004467  PWMPulseWidthSet               
0000468f  ResetISR                       
UNDEFED   SHT$$INIT_ARRAY$$Base          
UNDEFED   SHT$$INIT_ARRAY$$Limit         
000046d7  SSIBusy                        
000046f1  SSIClockSourceSet              
000042d1  SSIConfigSetExpClk             
00004677  SSIDataGet                     
000046a5  SSIDataPut                     
000046af  SSIEnable                      
000026b5  Ssi3PutByte                    
0000364d  SysCtlClockGet                 
00003859  SysCtlClockSet                 
000046f7  SysCtlDelay                    
00004519  SysCtlPWMClockSet              
00004379  SysCtlPeripheralEnable         
00004609  SysCtlReset                    
0000452d  SysTickEnable                  
00004541  SysTickIntEnable               
00001841  SysTickIntHandler              
00004485  SysTickIntRegister             
00004619  SysTickPeriodSet               
200025a4  TAIL_PWM                       
00003e89  TimerConfigure                 
00004637  TimerEnable                    
000046b9  TimerValueGet                  
000046c3  UARTCharPut                    
000041c1  UARTConfigSetExpClk            
00004429  UARTDisable                    
00004555  UARTEnable                     
000046cd  UARTFIFOEnable                 
00003bdb  UARTSend                       
2000126c  __STACK_END                    
00001000  __STACK_SIZE                   
2000046c  __STACK_TOP                    
00001000  __SYSMEM_SIZE                  
00004df0  __TI_CINIT_Base                
00004e08  __TI_CINIT_Limit               
00004dd4  __TI_Handler_Table_Base        
00004de0  __TI_Handler_Table_Limit       
00003c09  __TI_auto_init                 
2000261c  __TI_cleanup_ptr               
00003dbd  __TI_decompress_lzss           
00004645  __TI_decompress_none           
20002620  __TI_dtors_ptr                 
20002624  __TI_enable_exit_profile_output
ffffffff  __TI_pprof_out_hndl            
ffffffff  __TI_prof_data_size            
ffffffff  __TI_prof_data_start           
00000000  __TI_static_base__             
00004683  __TI_zero_init                 
00003c79  __aeabi_d2f                    
00004179  __aeabi_d2iz                   
00003087  __aeabi_dadd                   
000033e5  __aeabi_ddiv                   
0000375d  __aeabi_dmul                   
0000307d  __aeabi_dsub                   
0000430d  __aeabi_f2d                    
000043ad  __aeabi_i2d                    
00003233  __aeabi_idiv0                  
00003b1b  __aeabi_memclr                 
00003b1b  __aeabi_memclr4                
00003b1b  __aeabi_memclr8                
00003a05  __aeabi_memcpy                 
00003a05  __aeabi_memcpy4                
00003a05  __aeabi_memcpy8                
00003b1d  __aeabi_memset                 
00003b1d  __aeabi_memset4                
00003b1d  __aeabi_memset8                
00004291  __aeabi_uidiv                  
00004291  __aeabi_uidivmod               
ffffffff  __binit__                      
ffffffff  __c_args__                     
00003ce7  __mpu_init                     
2000026c  __stack                        
00004501  _args_main                     
00003f9d  _c_int00                       
20002640  _lock                          
00004577  _nop                           
0000456f  _register_lock                 
00004569  _register_unlock               
20001270  _sys_memory                    
00003f9b  _system_post_cinit             
000046fd  _system_pre_init               
20002644  _unlock                        
00003ff5  abort                          
20002634  angleReferenced                
ffffffff  binit                          
200025a8  bnOledCur                      
0000200d  calloc                         
000021df  checkButton                    
0000323d  clearOLED                      
20002605  clrOledCur                     
000040e5  copy_in                        
20002638  currentAngle                   
20002600  currentHeight                  
20002606  currentState                   
2000260e  desiredAngle                   
2000260c  desiredHeightPercentage        
00003269  displayAltitudePercentAndYaw   
20002607  displayFlag                    
200025ac  dutyCycle                      
200025b0  dxcoOledFontCur                
200025b4  dycoOledFontCur                
20002580  errorIntegral                  
200025b8  errorSignal                    
2000261a  errorSignalPrevious            
00003ffd  exit                           
200025bc  fOledCharUpdate                
00002939  findDisplayAngle               
00003323  findMode                       
20002614  flightMode                     
00001d57  free                           
000039df  freeCircBuf                    
20002570  g_inBuffer                     
20000000  g_pfnRAMVectors                
00000000  g_pfnVectors                   
200025c0  g_ulSampCnt                    
00003e25  heightAsPercentage             
00003d07  initADC                        
0000203d  initButtons                    
0000394d  initCircBuf                    
0000186b  initClock                      
00003235  initDisplay                    
00002393  initReset                      
0000233d  initSwitch                     
00001875  initTimer                      
00002a61  initialiseMainRotorPWM         
00002eb9  initialiseTailRotorPWM         
00003b95  initialiseUSB_UART             
000018a5  main                           
00002aa7  mainRotorControlLoop           
20002648  main_func_sp                   
00001ced  malloc                         
00001f21  memalign                       
00003a05  memcpy                         
00003b23  memset                         
00001c6d  minit                          
200025c4  modOledCur                     
200025c8  pbOledCur                      
200025cc  pbOledFontCur                  
200025d0  pbOledFontUser                 
200025d4  pbOledPatCur                   
200025d8  pfnDoRop                       
20002608  previousState                  
000039ab  readCircBuf                    
00001e17  realloc                        
20002616  referenceAngle                 
2000263c  referenceAngleSet              
200025dc  referenceSensor                
00002381  resetCheck                     
00004d04  rgbFillPat                     
20002270  rgbOledBmp                     
00004700  rgbOledFont0                   
20002470  rgbOledFontUser                
00002a29  setMainPWM                     
00002e85  setTailPWM                     
200025e0  slotCount                      
200025e4  switchChannel                  
000022a9  switchMode                     
20002602  tailErrorSignal                
2000263e  tailErrorSignalPrevious        
00002f03  tailRotorControlLoop           
20002619  taken_off                      
20002618  testVariable                   
00000751  ulocaltime                     
0000094f  umktime                        
0000210b  updateButtons                  
0000221d  updateDesiredAltAndYawValue    
00000ec9  urand                          
00000721  usnprintf                      
000006ef  usprintf                       
00000eb9  usrand                         
00000e31  ustrcasecmp                    
00000ea5  ustrcmp                        
00000d35  ustrlen                        
00000d8d  ustrncasecmp                   
00000e45  ustrncmp                       
0000026d  ustrncpy                       
00000d57  ustrstr                        
00000afd  ustrtof                        
000009c5  ustrtoul                       
000002c5  uvsnprintf                     
20002610  variableTest                   
00003977  writeCircBuf                   
200025e8  xchOledCur                     
200025ec  xchOledMax                     
200025f0  xcoOledCur                     
00002759  yawFSM                         
0000289f  yawFSMInit                     
200025f4  ychOledCur                     
200025f8  ychOledMax                     
200025fc  ycoOledCur                     


GLOBAL SYMBOLS: SORTED BY Symbol Address 

address   name                           
-------   ----                           
00000000  __TI_static_base__             
00000000  g_pfnVectors                   
0000026d  ustrncpy                       
000002c5  uvsnprintf                     
000006ef  usprintf                       
00000721  usnprintf                      
00000751  ulocaltime                     
0000094f  umktime                        
000009c5  ustrtoul                       
00000afd  ustrtof                        
00000d35  ustrlen                        
00000d57  ustrstr                        
00000d8d  ustrncasecmp                   
00000e31  ustrcasecmp                    
00000e45  ustrncmp                       
00000ea5  ustrcmp                        
00000eb9  usrand                         
00000ec9  urand                          
00000ef1  OrbitOledMoveTo                
00000f37  OrbitOledGetPos                
00000f53  OrbitOledSetDrawColor          
00000f6b  OrbitOledGetStdPattern         
00000f7d  OrbitOledSetFillPattern        
00000f8d  OrbitOledSetDrawMode           
00000fe1  OrbitOledGetDrawMode           
00000fe7  OrbitOledDrawPixel             
00001000  __STACK_SIZE                   
00001000  __SYSMEM_SIZE                  
00001013  OrbitOledGetPixel              
0000102d  OrbitOledLineTo                
0000112d  OrbitOledDrawRect              
000011b1  OrbitOledFillRect              
000012f5  OrbitOledGetBmp                
00001455  OrbitOledPutBmp                
00001623  OrbitOledDrawChar              
00001683  OrbitOledDrawString            
000016a1  OrbitOledRopSet                
000016cb  OrbitOledRopOr                 
000016ef  OrbitOledRopAnd                
00001713  OrbitOledRopXor                
00001741  OrbitOledMoveUp                
00001779  OrbitOledMoveDown              
000017af  OrbitOledMoveLeft              
000017c7  OrbitOledMoveRight             
000017e1  OrbitOledClampXco              
00001801  OrbitOledClampYco              
00001841  SysTickIntHandler              
0000186b  initClock                      
00001875  initTimer                      
000018a5  main                           
00001c6d  minit                          
00001ced  malloc                         
00001d57  free                           
00001e17  realloc                        
00001f21  memalign                       
0000200d  calloc                         
0000203d  initButtons                    
0000210b  updateButtons                  
000021df  checkButton                    
0000221d  updateDesiredAltAndYawValue    
000022a9  switchMode                     
0000233d  initSwitch                     
00002381  resetCheck                     
00002393  initReset                      
000023dd  OrbitOledInit                  
000023f1  OrbitOledHostInit              
000024bb  OrbitOledDvrInit               
00002535  OrbitOledDevInit               
000025b9  OrbitOledClear                 
000025c5  OrbitOledClearBuffer           
000025f5  OrbitOledUpdate                
0000264f  OrbitOledPutBuffer             
000026b5  Ssi3PutByte                    
00002759  yawFSM                         
0000289f  yawFSMInit                     
00002939  findDisplayAngle               
00002a29  setMainPWM                     
00002a61  initialiseMainRotorPWM         
00002aa7  mainRotorControlLoop           
00002c81  OrbitOledSetCursor             
00002ccd  OrbitOledGetCursor             
00002ce9  OrbitOledDefUserChar           
00002d39  OrbitOledSetCharUpdate         
00002d51  OrbitOledGetCharUpdate         
00002d57  OrbitOledPutChar               
00002d75  OrbitOledPutString             
00002da1  OrbitOledDrawGlyph             
00002e19  OrbitOledAdvanceCursor         
00002e85  setTailPWM                     
00002eb9  initialiseTailRotorPWM         
00002f03  tailRotorControlLoop           
0000307d  __aeabi_dsub                   
00003087  __aeabi_dadd                   
00003233  __aeabi_idiv0                  
00003235  initDisplay                    
0000323d  clearOLED                      
00003269  displayAltitudePercentAndYaw   
00003323  findMode                       
000033e5  __aeabi_ddiv                   
0000351b  GPIOPadConfigSet               
0000364d  SysCtlClockGet                 
0000375d  __aeabi_dmul                   
00003859  SysCtlClockSet                 
0000394d  initCircBuf                    
00003977  writeCircBuf                   
000039ab  readCircBuf                    
000039df  freeCircBuf                    
00003a05  __aeabi_memcpy                 
00003a05  __aeabi_memcpy4                
00003a05  __aeabi_memcpy8                
00003a05  memcpy                         
00003aa1  ADCSequenceStepConfigure       
00003b1b  __aeabi_memclr                 
00003b1b  __aeabi_memclr4                
00003b1b  __aeabi_memclr8                
00003b1d  __aeabi_memset                 
00003b1d  __aeabi_memset4                
00003b1d  __aeabi_memset8                
00003b23  memset                         
00003b95  initialiseUSB_UART             
00003bdb  UARTSend                       
00003c09  __TI_auto_init                 
00003c79  __aeabi_d2f                    
00003ce7  __mpu_init                     
00003ce9  ADCIntHandler                  
00003d07  initADC                        
00003d55  IntEnable                      
00003dbd  __TI_decompress_lzss           
00003e25  heightAsPercentage             
00003e89  TimerConfigure                 
00003ee9  DelayInit                      
00003f03  DelayMs                        
00003f45  GPIOIntTypeSet                 
00003f9b  _system_post_cinit             
00003f9d  _c_int00                       
00003ff1  C$$EXIT                        
00003ff5  abort                          
00003ffd  exit                           
00004045  ADCSequenceConfigure           
000040e5  copy_in                        
00004131  GPIOPinConfigure               
00004179  __aeabi_d2iz                   
000041c1  UARTConfigSetExpClk            
00004209  OLEDStringDraw                 
0000422f  OLEDInitialise                 
00004291  __aeabi_uidiv                  
00004291  __aeabi_uidivmod               
000042d1  SSIConfigSetExpClk             
0000430d  __aeabi_f2d                    
00004345  IntRegister                    
00004379  SysCtlPeripheralEnable         
000043ad  __aeabi_i2d                    
000043db  GPIODirModeSet                 
00004405  PWMGenConfigure                
00004429  UARTDisable                    
00004449  ADCSequenceDataGet             
00004467  PWMPulseWidthSet               
00004485  SysTickIntRegister             
000044a1  ADCIntRegister                 
000044b9  ADCProcessorTrigger            
000044d1  GPIOIntRegister                
000044e9  GPIOPinTypeGPIOOutput          
00004501  _args_main                     
00004519  SysCtlPWMClockSet              
0000452d  SysTickEnable                  
00004541  SysTickIntEnable               
00004555  UARTEnable                     
00004569  _register_unlock               
0000456f  _register_lock                 
00004577  _nop                           
0000457d  GPIOPinTypeGPIOInput           
0000458f  GPIOPinTypePWM                 
000045a1  GPIOPinTypeSSI                 
000045b3  GPIOPinTypeUART                
000045c5  PWMOutputState                 
000045d7  ADCIntEnable                   
000045e7  IntMasterEnable                
000045f7  PWMGenPeriodSet                
00004609  SysCtlReset                    
00004619  SysTickPeriodSet               
00004629  ADCSequenceEnable              
00004637  TimerEnable                    
00004645  __TI_decompress_none           
00004653  CPUcpsie                       
0000465f  GPIOIntEnable                  
0000466b  PWMGenEnable                   
00004677  SSIDataGet                     
00004683  __TI_zero_init                 
0000468f  ResetISR                       
0000469b  ADCIntClear                    
000046a5  SSIDataPut                     
000046af  SSIEnable                      
000046b9  TimerValueGet                  
000046c3  UARTCharPut                    
000046cd  UARTFIFOEnable                 
000046d7  SSIBusy                        
000046df  GPIOIntClear                   
000046e5  GPIOPinRead                    
000046eb  GPIOPinWrite                   
000046f1  SSIClockSourceSet              
000046f7  SysCtlDelay                    
000046fd  _system_pre_init               
00004700  rgbOledFont0                   
00004d04  rgbFillPat                     
00004dd4  __TI_Handler_Table_Base        
00004de0  __TI_Handler_Table_Limit       
00004df0  __TI_CINIT_Base                
00004e08  __TI_CINIT_Limit               
20000000  g_pfnRAMVectors                
2000026c  __stack                        
2000046c  __STACK_TOP                    
2000126c  __STACK_END                    
20001270  _sys_memory                    
20002270  rgbOledBmp                     
20002470  rgbOledFontUser                
20002570  g_inBuffer                     
20002580  errorIntegral                  
20002598  ChannelA                       
2000259c  ChannelB                       
200025a0  MAIN_PWM                       
200025a4  TAIL_PWM                       
200025a8  bnOledCur                      
200025ac  dutyCycle                      
200025b0  dxcoOledFontCur                
200025b4  dycoOledFontCur                
200025b8  errorSignal                    
200025bc  fOledCharUpdate                
200025c0  g_ulSampCnt                    
200025c4  modOledCur                     
200025c8  pbOledCur                      
200025cc  pbOledFontCur                  
200025d0  pbOledFontUser                 
200025d4  pbOledPatCur                   
200025d8  pfnDoRop                       
200025dc  referenceSensor                
200025e0  slotCount                      
200025e4  switchChannel                  
200025e8  xchOledCur                     
200025ec  xchOledMax                     
200025f0  xcoOledCur                     
200025f4  ychOledCur                     
200025f8  ychOledMax                     
200025fc  ycoOledCur                     
20002600  currentHeight                  
20002602  tailErrorSignal                
20002604  PIDFlag                        
20002605  clrOledCur                     
20002606  currentState                   
20002607  displayFlag                    
20002608  previousState                  
2000260c  desiredHeightPercentage        
2000260e  desiredAngle                   
20002610  variableTest                   
20002614  flightMode                     
20002616  referenceAngle                 
20002618  testVariable                   
20002619  taken_off                      
2000261a  errorSignalPrevious            
2000261c  __TI_cleanup_ptr               
20002620  __TI_dtors_ptr                 
20002624  __TI_enable_exit_profile_output
20002634  angleReferenced                
20002638  currentAngle                   
2000263c  referenceAngleSet              
2000263e  tailErrorSignalPrevious        
20002640  _lock                          
20002644  _unlock                        
20002648  main_func_sp                   
ffffffff  __TI_pprof_out_hndl            
ffffffff  __TI_prof_data_size            
ffffffff  __TI_prof_data_start           
ffffffff  __binit__                      
ffffffff  __c_args__                     
ffffffff  binit                          
UNDEFED   SHT$$INIT_ARRAY$$Base          
UNDEFED   SHT$$INIT_ARRAY$$Limit         

[276 symbols]
