******************************************************************************
                  TI ARM Linker Unix v16.9.6                   
******************************************************************************
>> Linked Sat May 25 14:59:34 2019

OUTPUT FILE NAME:   <ENCE361 Helicopter Project Group 23 Thursday PM.out>
ENTRY POINT SYMBOL: "_c_int00"  address: 00003f41


MEMORY CONFIGURATION

         name            origin    length      used     unused   attr    fill
----------------------  --------  ---------  --------  --------  ----  --------
  FLASH                 00000000   00040000  00004da8  0003b258  R  X
  SRAM                  20000000   00008000  00002649  000059b7  RW X


SEGMENT ALLOCATION MAP

run origin  load origin   length   init length attrs members
----------  ----------- ---------- ----------- ----- -------
00000000    00000000    00004da8   00004da8    r-x
  00000000    00000000    0000026c   0000026c    r-- .intvecs
  0000026c    0000026c    00004438   00004438    r-x .text
  000046a4    000046a4    000006a4   000006a4    r-- .const
  00004d48    00004d48    00000060   00000060    r-- .cinit
20000000    20000000    00002650   00000000    rw-
  20000000    20000000    0000026c   00000000    rw- .vtable
  2000026c    2000026c    00001000   00000000    rw- .stack
  20001270    20001270    00001000   00000000    rw- .sysmem
  20002270    20002270    00000399   00000000    rw- .bss
  2000260c    2000260c    00000044   00000000    rw- .data


SECTION ALLOCATION MAP

 output                                  attributes/
section   page    origin      length       input sections
--------  ----  ----------  ----------   ----------------
.intvecs   0    00000000    0000026c     
                  00000000    0000026c     tm4c123gh6pm_startup_ccs.obj (.intvecs)

.text      0    0000026c    00004438     
                  0000026c    00000c84     ustdlib.obj (.text)
                  00000ef0    00000950     OrbitOledGrph.obj (.text)
                  00001840    00000488     helicopterMain.obj (.text)
                  00001cc8    000003d0     rtsv7M4_T_le_v4SPD16_eabi.lib : memory.obj (.text)
                  00002098    000003a0     buttons4.obj (.text)
                  00002438    0000037c     OrbitOled.obj (.text)
                  000027b4    00000290     yawFiniteStateMachine.obj (.text)
                  00002a44    00000260     mainRotorController.obj (.text)
                  00002ca4    00000204     OrbitOledChar.obj (.text)
                  00002ea8    000001dc     tailRotorController.obj (.text)
                  00003084    000001b6     rtsv7M4_T_le_v4SPD16_eabi.lib : fd_add_t2.obj (.text)
                  0000323a    00000002                                   : i_div0.obj (.text)
                  0000323c    000001b0     userDisplay.obj (.text)
                  000033ec    00000136     rtsv7M4_T_le_v4SPD16_eabi.lib : fd_div_t2.obj (.text)
                  00003522    00000132     driverlib.lib : gpio.obj (.text:GPIOPadConfigSet)
                  00003654    00000110                   : sysctl.obj (.text:SysCtlClockGet)
                  00003764    000000fc     rtsv7M4_T_le_v4SPD16_eabi.lib : fd_mul_t2.obj (.text)
                  00003860    000000f4     driverlib.lib : sysctl.obj (.text:SysCtlClockSet)
                  00003954    000000b8     circBufT.obj (.text)
                  00003a0c    0000009c     rtsv7M4_T_le_v4SPD16_eabi.lib : memcpy_t2.obj (.text)
                  00003aa8    0000007a     driverlib.lib : adc.obj (.text:ADCSequenceStepConfigure)
                  00003b22    0000007a     rtsv7M4_T_le_v4SPD16_eabi.lib : memset_t2.obj (.text)
                  00003b9c    00000074     uartCommunication.obj (.text)
                  00003c10    00000070     rtsv7M4_T_le_v4SPD16_eabi.lib : autoinit.obj (.text)
                  00003c80    0000006e                                   : fd_tos_t2.obj (.text)
                  00003cee    00000002                                   : mpu_init.obj (.text)
                  00003cf0    0000006c     helicopterAltitude.obj (.text)
                  00003d5c    00000068     driverlib.lib : interrupt.obj (.text:IntEnable)
                  00003dc4    00000068     rtsv7M4_T_le_v4SPD16_eabi.lib : copy_decompress_lzss.obj (.text:decompress:lzss)
                  00003e2c    00000060     driverlib.lib : timer.obj (.text:TimerConfigure)
                  00003e8c    0000005c     delay.obj (.text)
                  00003ee8    00000056     driverlib.lib : gpio.obj (.text:GPIOIntTypeSet)
                  00003f3e    00000002     rtsv7M4_T_le_v4SPD16_eabi.lib : startup.obj (.text)
                  00003f40    00000054                                   : boot.obj (.text)
                  00003f94    00000054                                   : exit.obj (.text)
                  00003fe8    00000050     driverlib.lib : adc.obj (.text:ADCSequenceConfigure)
                  00004038    00000050                   : adc.obj (.text:_ADCIntNumberGet)
                  00004088    0000004c     rtsv7M4_T_le_v4SPD16_eabi.lib : cpy_tbl.obj (.text)
                  000040d4    00000048     driverlib.lib : gpio.obj (.text:GPIOPinConfigure)
                  0000411c    00000048     rtsv7M4_T_le_v4SPD16_eabi.lib : fd_toi_t2.obj (.text)
                  00004164    00000046     driverlib.lib : uart.obj (.text:UARTConfigSetExpClk)
                  000041aa    00000002     --HOLE-- [fill = 0]
                  000041ac    00000044     OrbitOLEDInterface.obj (.text)
                  000041f0    00000044     driverlib.lib : gpio.obj (.text:_GPIOIntNumberGet)
                  00004234    00000040     rtsv7M4_T_le_v4SPD16_eabi.lib : u_divt2.obj (.text)
                  00004274    0000003c     driverlib.lib : ssi.obj (.text:SSIConfigSetExpClk)
                  000042b0    00000038     rtsv7M4_T_le_v4SPD16_eabi.lib : fs_tod_t2.obj (.text)
                  000042e8    00000034     driverlib.lib : interrupt.obj (.text:IntRegister)
                  0000431c    00000034                   : sysctl.obj (.text:SysCtlPeripheralEnable)
                  00004350    0000002e     rtsv7M4_T_le_v4SPD16_eabi.lib : i_tofd_t2.obj (.text)
                  0000437e    0000002a     driverlib.lib : gpio.obj (.text:GPIODirModeSet)
                  000043a8    00000022                   : pwm.obj (.text:PWMGenConfigure)
                  000043ca    00000002     --HOLE-- [fill = 0]
                  000043cc    00000020                   : uart.obj (.text:UARTDisable)
                  000043ec    0000001e                   : adc.obj (.text:ADCSequenceDataGet)
                  0000440a    0000001e                   : pwm.obj (.text:PWMPulseWidthSet)
                  00004428    0000001c                   : systick.obj (.text:SysTickIntRegister)
                  00004444    00000018                   : adc.obj (.text:ADCIntRegister)
                  0000445c    00000018                   : adc.obj (.text:ADCProcessorTrigger)
                  00004474    00000018                   : gpio.obj (.text:GPIOIntRegister)
                  0000448c    00000018                   : gpio.obj (.text:GPIOPinTypeGPIOOutput)
                  000044a4    00000018     rtsv7M4_T_le_v4SPD16_eabi.lib : args_main.obj (.text)
                  000044bc    00000014     driverlib.lib : sysctl.obj (.text:SysCtlPWMClockSet)
                  000044d0    00000014                   : systick.obj (.text:SysTickEnable)
                  000044e4    00000014                   : systick.obj (.text:SysTickIntEnable)
                  000044f8    00000014                   : uart.obj (.text:UARTEnable)
                  0000450c    00000014     rtsv7M4_T_le_v4SPD16_eabi.lib : _lock.obj (.text)
                  00004520    00000012     driverlib.lib : gpio.obj (.text:GPIOPinTypeGPIOInput)
                  00004532    00000012                   : gpio.obj (.text:GPIOPinTypePWM)
                  00004544    00000012                   : gpio.obj (.text:GPIOPinTypeSSI)
                  00004556    00000012                   : gpio.obj (.text:GPIOPinTypeUART)
                  00004568    00000012                   : pwm.obj (.text:PWMOutputState)
                  0000457a    00000010                   : adc.obj (.text:ADCIntEnable)
                  0000458a    00000010                   : interrupt.obj (.text:IntMasterEnable)
                  0000459a    00000010                   : pwm.obj (.text:PWMGenPeriodSet)
                  000045aa    00000002     --HOLE-- [fill = 0]
                  000045ac    00000010                   : sysctl.obj (.text:SysCtlReset)
                  000045bc    00000010                   : systick.obj (.text:SysTickPeriodSet)
                  000045cc    0000000e                   : adc.obj (.text:ADCSequenceEnable)
                  000045da    0000000e                   : timer.obj (.text:TimerEnable)
                  000045e8    0000000e     rtsv7M4_T_le_v4SPD16_eabi.lib : copy_decompress_none.obj (.text:decompress:none)
                  000045f6    0000000c     driverlib.lib : cpu.obj (.text:CPUcpsie)
                  00004602    0000000c                   : gpio.obj (.text:GPIOIntEnable)
                  0000460e    0000000c                   : pwm.obj (.text:PWMGenEnable)
                  0000461a    0000000c                   : ssi.obj (.text:SSIDataGet)
                  00004626    0000000c     rtsv7M4_T_le_v4SPD16_eabi.lib : copy_zero_init.obj (.text:decompress:ZI)
                  00004632    0000000c     tm4c123gh6pm_startup_ccs.obj (.text)
                  0000463e    0000000a     driverlib.lib : adc.obj (.text:ADCIntClear)
                  00004648    0000000a                   : ssi.obj (.text:SSIDataPut)
                  00004652    0000000a                   : ssi.obj (.text:SSIEnable)
                  0000465c    0000000a                   : timer.obj (.text:TimerValueGet)
                  00004666    0000000a                   : uart.obj (.text:UARTCharPut)
                  00004670    0000000a                   : uart.obj (.text:UARTFIFOEnable)
                  0000467a    00000008                   : ssi.obj (.text:SSIBusy)
                  00004682    00000006                   : gpio.obj (.text:GPIOIntClear)
                  00004688    00000006                   : gpio.obj (.text:GPIOPinRead)
                  0000468e    00000006                   : gpio.obj (.text:GPIOPinWrite)
                  00004694    00000006                   : ssi.obj (.text:SSIClockSourceSet)
                  0000469a    00000006                   : sysctl.obj (.text:SysCtlDelay)
                  000046a0    00000004     rtsv7M4_T_le_v4SPD16_eabi.lib : pre_init.obj (.text)

.const     0    000046a4    000006a4     
                  000046a4    00000300     ChrFont0.obj (.const:.string:rgbOledFont0)
                  000049a4    000000d8     driverlib.lib : gpio.obj (.const:g_ppui32GPIOIntMapSnowflake)
                  00004a7c    000000c0                   : gpio.obj (.const:g_ppui32GPIOIntMapBlizzard)
                  00004b3c    00000090                   : gpio.obj (.const:g_pui32GPIOBaseAddrs)
                  00004bcc    00000070                   : interrupt.obj (.const)
                  00004c3c    0000006c                   : sysctl.obj (.const:g_pui32Xtals)
                  00004ca8    00000040     FillPat.obj (.const:.string:rgbFillPat)
                  00004ce8    00000030     ustdlib.obj (.const:g_psDaysToMonth)
                  00004d18    00000018     ustdlib.obj (.const:g_pfExponents)
                  00004d30    00000012     ustdlib.obj (.const:.string)
                  00004d42    00000002     --HOLE-- [fill = 0]
                  00004d44    00000004     ustdlib.obj (.const)

.cinit     0    00004d48    00000060     
                  00004d48    00000029     (.cinit..data.load) [load image, compression = lzss]
                  00004d71    00000003     --HOLE-- [fill = 0]
                  00004d74    0000000c     (__TI_handler_table)
                  00004d80    00000008     (.cinit..bss.load) [load image, compression = zero_init]
                  00004d88    00000008     (.cinit..vtable.load) [load image, compression = zero_init]
                  00004d90    00000018     (__TI_cinit_table)

.init_array 
*          0    00000000    00000000     UNINITIALIZED

.vtable    0    20000000    0000026c     UNINITIALIZED
                  20000000    0000026c     driverlib.lib : interrupt.obj (.vtable)

.stack     0    2000026c    00001000     UNINITIALIZED
                  2000026c    00001000     --HOLE--

.sysmem    0    20001270    00001000     UNINITIALIZED
                  20001270    00000008     rtsv7M4_T_le_v4SPD16_eabi.lib : memory.obj (.sysmem)
                  20001278    00000ff8     --HOLE--

.bss       0    20002270    00000399     UNINITIALIZED
                  20002270    00000200     (.common:rgbOledBmp)
                  20002470    00000100     (.common:rgbOledFontUser)
                  20002570    00000010     (.common:g_inBuffer)
                  20002580    00000008     (.common:errorIntegral)
                  20002588    00000004     buttons4.obj (.bss:but_count)
                  2000258c    00000004     buttons4.obj (.bss:but_flag)
                  20002590    00000004     buttons4.obj (.bss:but_normal)
                  20002594    00000004     buttons4.obj (.bss:but_state)
                  20002598    00000004     (.common:ChannelA)
                  2000259c    00000004     (.common:ChannelB)
                  200025a0    00000004     (.common:MAIN_PWM)
                  200025a4    00000004     (.common:TAIL_PWM)
                  200025a8    00000004     (.common:bnOledCur)
                  200025ac    00000004     (.common:dutyCycle)
                  200025b0    00000004     (.common:dxcoOledFontCur)
                  200025b4    00000004     (.common:dycoOledFontCur)
                  200025b8    00000004     (.common:errorSignal)
                  200025bc    00000004     (.common:fOledCharUpdate)
                  200025c0    00000004     (.common:g_ulSampCnt)
                  200025c4    00000004     (.common:modOledCur)
                  200025c8    00000004     (.common:pbOledCur)
                  200025cc    00000004     (.common:pbOledFontCur)
                  200025d0    00000004     (.common:pbOledFontUser)
                  200025d4    00000004     (.common:pbOledPatCur)
                  200025d8    00000004     (.common:pfnDoRop)
                  200025dc    00000004     (.common:referenceSensor)
                  200025e0    00000004     (.common:slotCount)
                  200025e4    00000004     (.common:switchChannel)
                  200025e8    00000004     (.common:xchOledCur)
                  200025ec    00000004     (.common:xchOledMax)
                  200025f0    00000004     (.common:xcoOledCur)
                  200025f4    00000004     (.common:ychOledCur)
                  200025f8    00000004     (.common:ychOledMax)
                  200025fc    00000004     (.common:ycoOledCur)
                  20002600    00000002     (.common:currentHeight)
                  20002602    00000002     (.common:tailErrorSignal)
                  20002604    00000001     (.common:PIDFlag)
                  20002605    00000001     (.common:clrOledCur)
                  20002606    00000001     (.common:currentState)
                  20002607    00000001     (.common:displayFlag)
                  20002608    00000001     (.common:previousState)

.data      0    2000260c    00000044     UNINITIALIZED
                  2000260c    0000000e     buttons4.obj (.data)
                  2000261a    00000002     mainRotorController.obj (.data)
                  2000261c    0000000c     rtsv7M4_T_le_v4SPD16_eabi.lib : exit.obj (.data:$O1$$)
                  20002628    0000000c                                   : memory.obj (.data:$O1$$)
                  20002634    00000009     yawFiniteStateMachine.obj (.data)
                  2000263d    00000001     --HOLE--
                  2000263e    00000002     tailRotorController.obj (.data)
                  20002640    00000008     rtsv7M4_T_le_v4SPD16_eabi.lib : _lock.obj (.data:$O1$$)
                  20002648    00000004                                   : stkdepth_vars.obj (.data)
                  2000264c    00000004     ustdlib.obj (.data)

MODULE SUMMARY

       Module                         code    ro data   rw data
       ------                         ----    -------   -------
    ./
       ustdlib.obj                    3204    94        4      
       helicopterMain.obj             1160    0         4      
       buttons4.obj                   928     0         34     
       yawFiniteStateMachine.obj      656     0         27     
       tm4c123gh6pm_startup_ccs.obj   12      620       0      
       mainRotorController.obj        608     0         22     
       tailRotorController.obj        476     0         8      
       userDisplay.obj                432     0         0      
       circBufT.obj                   184     0         0      
       helicopterAltitude.obj         108     0         20     
       uartCommunication.obj          116     0         0      
    +--+------------------------------+-------+---------+---------+
       Total:                         7884    714       119    
                                                               
    ./OrbitOLED/
       OrbitOLEDInterface.obj         68      0         0      
    +--+------------------------------+-------+---------+---------+
       Total:                         68      0         0      
                                                               
    ./OrbitOLED/lib_OrbitOled/
       OrbitOledGrph.obj              2384    0         8      
       OrbitOled.obj                  892     0         553    
       OrbitOledChar.obj              516     0         272    
       ChrFont0.obj                   0       768       0      
       delay.obj                      92      0         0      
       FillPat.obj                    0       64        0      
    +--+------------------------------+-------+---------+---------+
       Total:                         3884    832       833    
                                                               
    /home/harry/ti/TivaWare/driverlib/ccs/Debug/driverlib.lib
       gpio.obj                       724     552       0      
       interrupt.obj                  172     112       620    
       sysctl.obj                     610     108       0      
       adc.obj                        400     0         0      
       uart.obj                       142     0         0      
       timer.obj                      120     0         0      
       pwm.obj                        110     0         0      
       ssi.obj                        106     0         0      
       systick.obj                    84      0         0      
       cpu.obj                        12      0         0      
    +--+------------------------------+-------+---------+---------+
       Total:                         2480    772       620    
                                                               
    /home/harry/ti/ccsv7/tools/compiler/ti-cgt-arm_16.9.6.LTS/lib/rtsv7M4_T_le_v4SPD16_eabi.lib
       memory.obj                     976     0         12     
       fd_add_t2.obj                  438     0         0      
       fd_div_t2.obj                  310     0         0      
       fd_mul_t2.obj                  252     0         0      
       memcpy_t2.obj                  156     0         0      
       memset_t2.obj                  122     0         0      
       autoinit.obj                   112     0         0      
       fd_tos_t2.obj                  110     0         0      
       copy_decompress_lzss.obj       104     0         0      
       exit.obj                       84      0         12     
       boot.obj                       84      0         0      
       cpy_tbl.obj                    76      0         0      
       fd_toi_t2.obj                  72      0         0      
       u_divt2.obj                    64      0         0      
       fs_tod_t2.obj                  56      0         0      
       i_tofd_t2.obj                  46      0         0      
       _lock.obj                      20      0         8      
       args_main.obj                  24      0         0      
       copy_decompress_none.obj       14      0         0      
       copy_zero_init.obj             12      0         0      
       pre_init.obj                   4       0         0      
       stkdepth_vars.obj              0       0         4      
       i_div0.obj                     2       0         0      
       mpu_init.obj                   2       0         0      
       startup.obj                    2       0         0      
    +--+------------------------------+-------+---------+---------+
       Total:                         3142    0         36     
                                                               
       Heap:                          0       0         4096   
       Stack:                         0       0         4096   
       Linker Generated:              0       93        0      
    +--+------------------------------+-------+---------+---------+
       Grand Total:                   17458   2411      9800   


LINKER GENERATED COPY TABLES

__TI_cinit_table @ 00004d90 records: 3, size/record: 8, table size: 24
	.data: load addr=00004d48, load size=00000029 bytes, run addr=2000260c, run size=00000044 bytes, compression=lzss
	.bss: load addr=00004d80, load size=00000008 bytes, run addr=20002270, run size=00000399 bytes, compression=zero_init
	.vtable: load addr=00004d88, load size=00000008 bytes, run addr=20000000, run size=0000026c bytes, compression=zero_init


LINKER GENERATED HANDLER TABLE

__TI_handler_table @ 00004d74 records: 3, size/record: 4, table size: 12
	index: 0, handler: __TI_zero_init
	index: 1, handler: __TI_decompress_lzss
	index: 2, handler: __TI_decompress_none


GLOBAL SYMBOLS: SORTED ALPHABETICALLY BY Name 

address   name                           
-------   ----                           
0000463f  ADCIntClear                    
0000457b  ADCIntEnable                   
00003cf1  ADCIntHandler                  
00004445  ADCIntRegister                 
0000445d  ADCProcessorTrigger            
00003fe9  ADCSequenceConfigure           
000043ed  ADCSequenceDataGet             
000045cd  ADCSequenceEnable              
00003aa9  ADCSequenceStepConfigure       
00003f95  C$$EXIT                        
000045f7  CPUcpsie                       
20002598  ChannelA                       
2000259c  ChannelB                       
00003e8d  DelayInit                      
00003ea7  DelayMs                        
0000437f  GPIODirModeSet                 
00004683  GPIOIntClear                   
00004603  GPIOIntEnable                  
00004475  GPIOIntRegister                
00003ee9  GPIOIntTypeSet                 
00003523  GPIOPadConfigSet               
000040d5  GPIOPinConfigure               
00004689  GPIOPinRead                    
00004521  GPIOPinTypeGPIOInput           
0000448d  GPIOPinTypeGPIOOutput          
00004533  GPIOPinTypePWM                 
00004545  GPIOPinTypeSSI                 
00004557  GPIOPinTypeUART                
0000468f  GPIOPinWrite                   
00003d5d  IntEnable                      
0000458b  IntMasterEnable                
000042e9  IntRegister                    
200025a0  MAIN_PWM                       
000041d3  OLEDInitialise                 
000041ad  OLEDStringDraw                 
00002e3d  OrbitOledAdvanceCursor         
000017e1  OrbitOledClampXco              
00001801  OrbitOledClampYco              
00002615  OrbitOledClear                 
00002621  OrbitOledClearBuffer           
00002d0d  OrbitOledDefUserChar           
00002591  OrbitOledDevInit               
00001623  OrbitOledDrawChar              
00002dc5  OrbitOledDrawGlyph             
00000fe7  OrbitOledDrawPixel             
0000112d  OrbitOledDrawRect              
00001683  OrbitOledDrawString            
00002517  OrbitOledDvrInit               
000011b1  OrbitOledFillRect              
000012f5  OrbitOledGetBmp                
00002d75  OrbitOledGetCharUpdate         
00002cf1  OrbitOledGetCursor             
00000fe1  OrbitOledGetDrawMode           
00001013  OrbitOledGetPixel              
00000f37  OrbitOledGetPos                
00000f6b  OrbitOledGetStdPattern         
0000244d  OrbitOledHostInit              
00002439  OrbitOledInit                  
0000102d  OrbitOledLineTo                
00001779  OrbitOledMoveDown              
000017af  OrbitOledMoveLeft              
000017c7  OrbitOledMoveRight             
00000ef1  OrbitOledMoveTo                
00001741  OrbitOledMoveUp                
00001455  OrbitOledPutBmp                
000026ab  OrbitOledPutBuffer             
00002d7b  OrbitOledPutChar               
00002d99  OrbitOledPutString             
000016ef  OrbitOledRopAnd                
000016cb  OrbitOledRopOr                 
000016a1  OrbitOledRopSet                
00001713  OrbitOledRopXor                
00002d5d  OrbitOledSetCharUpdate         
00002ca5  OrbitOledSetCursor             
00000f53  OrbitOledSetDrawColor          
00000f8d  OrbitOledSetDrawMode           
00000f7d  OrbitOledSetFillPattern        
00002651  OrbitOledUpdate                
20002604  PIDFlag                        
000043a9  PWMGenConfigure                
0000460f  PWMGenEnable                   
0000459b  PWMGenPeriodSet                
00004569  PWMOutputState                 
0000440b  PWMPulseWidthSet               
00004633  ResetISR                       
UNDEFED   SHT$$INIT_ARRAY$$Base          
UNDEFED   SHT$$INIT_ARRAY$$Limit         
0000467b  SSIBusy                        
00004695  SSIClockSourceSet              
00004275  SSIConfigSetExpClk             
0000461b  SSIDataGet                     
00004649  SSIDataPut                     
00004653  SSIEnable                      
00002711  Ssi3PutByte                    
00003655  SysCtlClockGet                 
00003861  SysCtlClockSet                 
0000469b  SysCtlDelay                    
000044bd  SysCtlPWMClockSet              
0000431d  SysCtlPeripheralEnable         
000045ad  SysCtlReset                    
000044d1  SysTickEnable                  
000044e5  SysTickIntEnable               
00001841  SysTickIntHandler              
00004429  SysTickIntRegister             
000045bd  SysTickPeriodSet               
200025a4  TAIL_PWM                       
00003e2d  TimerConfigure                 
000045db  TimerEnable                    
0000465d  TimerValueGet                  
00004667  UARTCharPut                    
00004165  UARTConfigSetExpClk            
000043cd  UARTDisable                    
000044f9  UARTEnable                     
00004671  UARTFIFOEnable                 
00003be3  UARTSend                       
2000126c  __STACK_END                    
00001000  __STACK_SIZE                   
2000046c  __STACK_TOP                    
00001000  __SYSMEM_SIZE                  
00004d90  __TI_CINIT_Base                
00004da8  __TI_CINIT_Limit               
00004d74  __TI_Handler_Table_Base        
00004d80  __TI_Handler_Table_Limit       
00003c11  __TI_auto_init                 
2000261c  __TI_cleanup_ptr               
00003dc5  __TI_decompress_lzss           
000045e9  __TI_decompress_none           
20002620  __TI_dtors_ptr                 
20002624  __TI_enable_exit_profile_output
ffffffff  __TI_pprof_out_hndl            
ffffffff  __TI_prof_data_size            
ffffffff  __TI_prof_data_start           
00000000  __TI_static_base__             
00004627  __TI_zero_init                 
00003c81  __aeabi_d2f                    
0000411d  __aeabi_d2iz                   
0000308f  __aeabi_dadd                   
000033ed  __aeabi_ddiv                   
00003765  __aeabi_dmul                   
00003085  __aeabi_dsub                   
000042b1  __aeabi_f2d                    
00004351  __aeabi_i2d                    
0000323b  __aeabi_idiv0                  
00003b23  __aeabi_memclr                 
00003b23  __aeabi_memclr4                
00003b23  __aeabi_memclr8                
00003a0d  __aeabi_memcpy                 
00003a0d  __aeabi_memcpy4                
00003a0d  __aeabi_memcpy8                
00003b25  __aeabi_memset                 
00003b25  __aeabi_memset4                
00003b25  __aeabi_memset8                
00004235  __aeabi_uidiv                  
00004235  __aeabi_uidivmod               
ffffffff  __binit__                      
ffffffff  __c_args__                     
00003cef  __mpu_init                     
2000026c  __stack                        
000044a5  _args_main                     
00003f41  _c_int00                       
20002640  _lock                          
0000451b  _nop                           
00004513  _register_lock                 
0000450d  _register_unlock               
20001270  _sys_memory                    
00003f3f  _system_post_cinit             
000046a1  _system_pre_init               
20002644  _unlock                        
00003f99  abort                          
20002634  angleReferenced                
ffffffff  binit                          
200025a8  bnOledCur                      
00002069  calloc                         
0000223b  checkButton                    
00003245  clearOLED                      
20002605  clrOledCur                     
00004089  copy_in                        
20002638  currentAngle                   
20002600  currentHeight                  
20002606  currentState                   
2000260e  desiredAngle                   
2000260c  desiredHeightPercentage        
00003271  displayAltitudePercentAndYaw   
20002607  displayFlag                    
200025ac  dutyCycle                      
200025b0  dxcoOledFontCur                
200025b4  dycoOledFontCur                
20002580  errorIntegral                  
200025b8  errorSignal                    
2000261a  errorSignalPrevious            
00003fa1  exit                           
200025bc  fOledCharUpdate                
00002995  findDisplayAngle               
0000332b  findMode                       
20002614  flightMode                     
00001db3  free                           
000039e7  freeCircBuf                    
20002570  g_inBuffer                     
20000000  g_pfnRAMVectors                
00000000  g_pfnVectors                   
200025c0  g_ulSampCnt                    
00001895  heightAsPercentage             
00003d0f  initADC                        
00002099  initButtons                    
00003955  initCircBuf                    
0000186b  initClock                      
0000323d  initDisplay                    
000023ef  initReset                      
00002399  initSwitch                     
00001875  initTimer                      
00002a7d  initialiseMainRotorPWM         
00002edd  initialiseTailRotorPWM         
00003b9d  initialiseUSB_UART             
00001909  main                           
00002ac3  mainRotorControlLoop           
20002648  main_func_sp                   
00001d49  malloc                         
00001f7d  memalign                       
00003a0d  memcpy                         
00003b2b  memset                         
00001cc9  minit                          
200025c4  modOledCur                     
200025c8  pbOledCur                      
200025cc  pbOledFontCur                  
200025d0  pbOledFontUser                 
200025d4  pbOledPatCur                   
200025d8  pfnDoRop                       
20002608  previousState                  
000039b3  readCircBuf                    
00001e73  realloc                        
20002616  referenceAngle                 
2000263c  referenceAngleSet              
200025dc  referenceSensor                
000023dd  resetCheck                     
00004ca8  rgbFillPat                     
20002270  rgbOledBmp                     
000046a4  rgbOledFont0                   
20002470  rgbOledFontUser                
00002a45  setMainPWM                     
00002ea9  setTailPWM                     
200025e0  slotCount                      
200025e4  switchChannel                  
00002305  switchMode                     
20002602  tailErrorSignal                
2000263e  tailErrorSignalPrevious        
00002f27  tailRotorControlLoop           
20002619  taken_off                      
20002618  testVariable                   
00000751  ulocaltime                     
0000094f  umktime                        
00002167  updateButtons                  
00002279  updateDesiredAltAndYawValue    
00000ec9  urand                          
00000721  usnprintf                      
000006ef  usprintf                       
00000eb9  usrand                         
00000e31  ustrcasecmp                    
00000ea5  ustrcmp                        
00000d35  ustrlen                        
00000d8d  ustrncasecmp                   
00000e45  ustrncmp                       
0000026d  ustrncpy                       
00000d57  ustrstr                        
00000afd  ustrtof                        
000009c5  ustrtoul                       
000002c5  uvsnprintf                     
20002610  variableTest                   
0000397f  writeCircBuf                   
200025e8  xchOledCur                     
200025ec  xchOledMax                     
200025f0  xcoOledCur                     
000027b5  yawFSM                         
000028fb  yawFSMInit                     
200025f4  ychOledCur                     
200025f8  ychOledMax                     
200025fc  ycoOledCur                     


GLOBAL SYMBOLS: SORTED BY Symbol Address 

address   name                           
-------   ----                           
00000000  __TI_static_base__             
00000000  g_pfnVectors                   
0000026d  ustrncpy                       
000002c5  uvsnprintf                     
000006ef  usprintf                       
00000721  usnprintf                      
00000751  ulocaltime                     
0000094f  umktime                        
000009c5  ustrtoul                       
00000afd  ustrtof                        
00000d35  ustrlen                        
00000d57  ustrstr                        
00000d8d  ustrncasecmp                   
00000e31  ustrcasecmp                    
00000e45  ustrncmp                       
00000ea5  ustrcmp                        
00000eb9  usrand                         
00000ec9  urand                          
00000ef1  OrbitOledMoveTo                
00000f37  OrbitOledGetPos                
00000f53  OrbitOledSetDrawColor          
00000f6b  OrbitOledGetStdPattern         
00000f7d  OrbitOledSetFillPattern        
00000f8d  OrbitOledSetDrawMode           
00000fe1  OrbitOledGetDrawMode           
00000fe7  OrbitOledDrawPixel             
00001000  __STACK_SIZE                   
00001000  __SYSMEM_SIZE                  
00001013  OrbitOledGetPixel              
0000102d  OrbitOledLineTo                
0000112d  OrbitOledDrawRect              
000011b1  OrbitOledFillRect              
000012f5  OrbitOledGetBmp                
00001455  OrbitOledPutBmp                
00001623  OrbitOledDrawChar              
00001683  OrbitOledDrawString            
000016a1  OrbitOledRopSet                
000016cb  OrbitOledRopOr                 
000016ef  OrbitOledRopAnd                
00001713  OrbitOledRopXor                
00001741  OrbitOledMoveUp                
00001779  OrbitOledMoveDown              
000017af  OrbitOledMoveLeft              
000017c7  OrbitOledMoveRight             
000017e1  OrbitOledClampXco              
00001801  OrbitOledClampYco              
00001841  SysTickIntHandler              
0000186b  initClock                      
00001875  initTimer                      
00001895  heightAsPercentage             
00001909  main                           
00001cc9  minit                          
00001d49  malloc                         
00001db3  free                           
00001e73  realloc                        
00001f7d  memalign                       
00002069  calloc                         
00002099  initButtons                    
00002167  updateButtons                  
0000223b  checkButton                    
00002279  updateDesiredAltAndYawValue    
00002305  switchMode                     
00002399  initSwitch                     
000023dd  resetCheck                     
000023ef  initReset                      
00002439  OrbitOledInit                  
0000244d  OrbitOledHostInit              
00002517  OrbitOledDvrInit               
00002591  OrbitOledDevInit               
00002615  OrbitOledClear                 
00002621  OrbitOledClearBuffer           
00002651  OrbitOledUpdate                
000026ab  OrbitOledPutBuffer             
00002711  Ssi3PutByte                    
000027b5  yawFSM                         
000028fb  yawFSMInit                     
00002995  findDisplayAngle               
00002a45  setMainPWM                     
00002a7d  initialiseMainRotorPWM         
00002ac3  mainRotorControlLoop           
00002ca5  OrbitOledSetCursor             
00002cf1  OrbitOledGetCursor             
00002d0d  OrbitOledDefUserChar           
00002d5d  OrbitOledSetCharUpdate         
00002d75  OrbitOledGetCharUpdate         
00002d7b  OrbitOledPutChar               
00002d99  OrbitOledPutString             
00002dc5  OrbitOledDrawGlyph             
00002e3d  OrbitOledAdvanceCursor         
00002ea9  setTailPWM                     
00002edd  initialiseTailRotorPWM         
00002f27  tailRotorControlLoop           
00003085  __aeabi_dsub                   
0000308f  __aeabi_dadd                   
0000323b  __aeabi_idiv0                  
0000323d  initDisplay                    
00003245  clearOLED                      
00003271  displayAltitudePercentAndYaw   
0000332b  findMode                       
000033ed  __aeabi_ddiv                   
00003523  GPIOPadConfigSet               
00003655  SysCtlClockGet                 
00003765  __aeabi_dmul                   
00003861  SysCtlClockSet                 
00003955  initCircBuf                    
0000397f  writeCircBuf                   
000039b3  readCircBuf                    
000039e7  freeCircBuf                    
00003a0d  __aeabi_memcpy                 
00003a0d  __aeabi_memcpy4                
00003a0d  __aeabi_memcpy8                
00003a0d  memcpy                         
00003aa9  ADCSequenceStepConfigure       
00003b23  __aeabi_memclr                 
00003b23  __aeabi_memclr4                
00003b23  __aeabi_memclr8                
00003b25  __aeabi_memset                 
00003b25  __aeabi_memset4                
00003b25  __aeabi_memset8                
00003b2b  memset                         
00003b9d  initialiseUSB_UART             
00003be3  UARTSend                       
00003c11  __TI_auto_init                 
00003c81  __aeabi_d2f                    
00003cef  __mpu_init                     
00003cf1  ADCIntHandler                  
00003d0f  initADC                        
00003d5d  IntEnable                      
00003dc5  __TI_decompress_lzss           
00003e2d  TimerConfigure                 
00003e8d  DelayInit                      
00003ea7  DelayMs                        
00003ee9  GPIOIntTypeSet                 
00003f3f  _system_post_cinit             
00003f41  _c_int00                       
00003f95  C$$EXIT                        
00003f99  abort                          
00003fa1  exit                           
00003fe9  ADCSequenceConfigure           
00004089  copy_in                        
000040d5  GPIOPinConfigure               
0000411d  __aeabi_d2iz                   
00004165  UARTConfigSetExpClk            
000041ad  OLEDStringDraw                 
000041d3  OLEDInitialise                 
00004235  __aeabi_uidiv                  
00004235  __aeabi_uidivmod               
00004275  SSIConfigSetExpClk             
000042b1  __aeabi_f2d                    
000042e9  IntRegister                    
0000431d  SysCtlPeripheralEnable         
00004351  __aeabi_i2d                    
0000437f  GPIODirModeSet                 
000043a9  PWMGenConfigure                
000043cd  UARTDisable                    
000043ed  ADCSequenceDataGet             
0000440b  PWMPulseWidthSet               
00004429  SysTickIntRegister             
00004445  ADCIntRegister                 
0000445d  ADCProcessorTrigger            
00004475  GPIOIntRegister                
0000448d  GPIOPinTypeGPIOOutput          
000044a5  _args_main                     
000044bd  SysCtlPWMClockSet              
000044d1  SysTickEnable                  
000044e5  SysTickIntEnable               
000044f9  UARTEnable                     
0000450d  _register_unlock               
00004513  _register_lock                 
0000451b  _nop                           
00004521  GPIOPinTypeGPIOInput           
00004533  GPIOPinTypePWM                 
00004545  GPIOPinTypeSSI                 
00004557  GPIOPinTypeUART                
00004569  PWMOutputState                 
0000457b  ADCIntEnable                   
0000458b  IntMasterEnable                
0000459b  PWMGenPeriodSet                
000045ad  SysCtlReset                    
000045bd  SysTickPeriodSet               
000045cd  ADCSequenceEnable              
000045db  TimerEnable                    
000045e9  __TI_decompress_none           
000045f7  CPUcpsie                       
00004603  GPIOIntEnable                  
0000460f  PWMGenEnable                   
0000461b  SSIDataGet                     
00004627  __TI_zero_init                 
00004633  ResetISR                       
0000463f  ADCIntClear                    
00004649  SSIDataPut                     
00004653  SSIEnable                      
0000465d  TimerValueGet                  
00004667  UARTCharPut                    
00004671  UARTFIFOEnable                 
0000467b  SSIBusy                        
00004683  GPIOIntClear                   
00004689  GPIOPinRead                    
0000468f  GPIOPinWrite                   
00004695  SSIClockSourceSet              
0000469b  SysCtlDelay                    
000046a1  _system_pre_init               
000046a4  rgbOledFont0                   
00004ca8  rgbFillPat                     
00004d74  __TI_Handler_Table_Base        
00004d80  __TI_Handler_Table_Limit       
00004d90  __TI_CINIT_Base                
00004da8  __TI_CINIT_Limit               
20000000  g_pfnRAMVectors                
2000026c  __stack                        
2000046c  __STACK_TOP                    
2000126c  __STACK_END                    
20001270  _sys_memory                    
20002270  rgbOledBmp                     
20002470  rgbOledFontUser                
20002570  g_inBuffer                     
20002580  errorIntegral                  
20002598  ChannelA                       
2000259c  ChannelB                       
200025a0  MAIN_PWM                       
200025a4  TAIL_PWM                       
200025a8  bnOledCur                      
200025ac  dutyCycle                      
200025b0  dxcoOledFontCur                
200025b4  dycoOledFontCur                
200025b8  errorSignal                    
200025bc  fOledCharUpdate                
200025c0  g_ulSampCnt                    
200025c4  modOledCur                     
200025c8  pbOledCur                      
200025cc  pbOledFontCur                  
200025d0  pbOledFontUser                 
200025d4  pbOledPatCur                   
200025d8  pfnDoRop                       
200025dc  referenceSensor                
200025e0  slotCount                      
200025e4  switchChannel                  
200025e8  xchOledCur                     
200025ec  xchOledMax                     
200025f0  xcoOledCur                     
200025f4  ychOledCur                     
200025f8  ychOledMax                     
200025fc  ycoOledCur                     
20002600  currentHeight                  
20002602  tailErrorSignal                
20002604  PIDFlag                        
20002605  clrOledCur                     
20002606  currentState                   
20002607  displayFlag                    
20002608  previousState                  
2000260c  desiredHeightPercentage        
2000260e  desiredAngle                   
20002610  variableTest                   
20002614  flightMode                     
20002616  referenceAngle                 
20002618  testVariable                   
20002619  taken_off                      
2000261a  errorSignalPrevious            
2000261c  __TI_cleanup_ptr               
20002620  __TI_dtors_ptr                 
20002624  __TI_enable_exit_profile_output
20002634  angleReferenced                
20002638  currentAngle                   
2000263c  referenceAngleSet              
2000263e  tailErrorSignalPrevious        
20002640  _lock                          
20002644  _unlock                        
20002648  main_func_sp                   
ffffffff  __TI_pprof_out_hndl            
ffffffff  __TI_prof_data_size            
ffffffff  __TI_prof_data_start           
ffffffff  __binit__                      
ffffffff  __c_args__                     
ffffffff  binit                          
UNDEFED   SHT$$INIT_ARRAY$$Base          
UNDEFED   SHT$$INIT_ARRAY$$Limit         

[276 symbols]
