******************************************************************************
                  TI ARM Linker Unix v16.9.6                   
******************************************************************************
>> Linked Sun May 26 16:09:09 2019

OUTPUT FILE NAME:   <Helicopter_Final.out>
ENTRY POINT SYMBOL: "_c_int00"  address: 00003f91


MEMORY CONFIGURATION

         name            origin    length      used     unused   attr    fill
----------------------  --------  ---------  --------  --------  ----  --------
  FLASH                 00000000   00040000  00004e06  0003b1fa  R  X
  SRAM                  20000000   00008000  00002645  000059bb  RW X


SEGMENT ALLOCATION MAP

run origin  load origin   length   init length attrs members
----------  ----------- ---------- ----------- ----- -------
00000000    00000000    00004e08   00004e08    r-x
  00000000    00000000    0000026c   0000026c    r-- .intvecs
  0000026c    0000026c    00004496   00004496    r-x .text
  00004704    00004704    000006a4   000006a4    r-- .const
  00004da8    00004da8    00000060   00000060    r-- .cinit
20000000    20000000    0000264c   00000000    rw-
  20000000    20000000    0000026c   00000000    rw- .vtable
  2000026c    2000026c    00001000   00000000    rw- .stack
  20001270    20001270    00001000   00000000    rw- .sysmem
  20002270    20002270    00000395   00000000    rw- .bss
  20002608    20002608    00000044   00000000    rw- .data


SECTION ALLOCATION MAP

 output                                  attributes/
section   page    origin      length       input sections
--------  ----  ----------  ----------   ----------------
.intvecs   0    00000000    0000026c     
                  00000000    0000026c     tm4c123gh6pm_startup_ccs.obj (.intvecs)

.text      0    0000026c    00004496     
                  0000026c    00000c84     ustdlib.obj (.text)
                  00000ef0    00000950     OrbitOledGrph.obj (.text)
                  00001840    00000414     helicopterMain.obj (.text)
                  00001c54    000003d0     rtsv7M4_T_le_v4SPD16_eabi.lib : memory.obj (.text)
                  00002024    000003a0     buttons4.obj (.text)
                  000023c4    0000037c     OrbitOled.obj (.text)
                  00002740    00000258     mainRotorController.obj (.text)
                  00002998    00000220     yawFiniteStateMachine.obj (.text)
                  00002bb8    00000204     OrbitOledChar.obj (.text)
                  00002dbc    000001f8     tailRotorController.obj (.text)
                  00002fb4    000001b6     rtsv7M4_T_le_v4SPD16_eabi.lib : fd_add_t2.obj (.text)
                  0000316a    00000002                                   : i_div0.obj (.text)
                  0000316c    000001b0     userDisplay.obj (.text)
                  0000331c    00000136     rtsv7M4_T_le_v4SPD16_eabi.lib : fd_div_t2.obj (.text)
                  00003452    00000132     driverlib.lib : gpio.obj (.text:GPIOPadConfigSet)
                  00003584    00000120     helperFunctions.obj (.text)
                  000036a4    00000110     driverlib.lib : sysctl.obj (.text:SysCtlClockGet)
                  000037b4    000000fc     rtsv7M4_T_le_v4SPD16_eabi.lib : fd_mul_t2.obj (.text)
                  000038b0    000000f4     driverlib.lib : sysctl.obj (.text:SysCtlClockSet)
                  000039a4    000000b8     circBufT.obj (.text)
                  00003a5c    0000009c     rtsv7M4_T_le_v4SPD16_eabi.lib : memcpy_t2.obj (.text)
                  00003af8    0000007a     driverlib.lib : adc.obj (.text:ADCSequenceStepConfigure)
                  00003b72    0000007a     rtsv7M4_T_le_v4SPD16_eabi.lib : memset_t2.obj (.text)
                  00003bec    00000074     uartCommunication.obj (.text)
                  00003c60    00000070     rtsv7M4_T_le_v4SPD16_eabi.lib : autoinit.obj (.text)
                  00003cd0    0000006e                                   : fd_tos_t2.obj (.text)
                  00003d3e    00000002                                   : mpu_init.obj (.text)
                  00003d40    0000006c     helicopterAltitude.obj (.text)
                  00003dac    00000068     driverlib.lib : interrupt.obj (.text:IntEnable)
                  00003e14    00000068     rtsv7M4_T_le_v4SPD16_eabi.lib : copy_decompress_lzss.obj (.text:decompress:lzss)
                  00003e7c    00000060     driverlib.lib : timer.obj (.text:TimerConfigure)
                  00003edc    0000005c     delay.obj (.text)
                  00003f38    00000056     driverlib.lib : gpio.obj (.text:GPIOIntTypeSet)
                  00003f8e    00000002     rtsv7M4_T_le_v4SPD16_eabi.lib : startup.obj (.text)
                  00003f90    00000054                                   : boot.obj (.text)
                  00003fe4    00000054                                   : exit.obj (.text)
                  00004038    00000050     driverlib.lib : adc.obj (.text:ADCSequenceConfigure)
                  00004088    00000050                   : adc.obj (.text:_ADCIntNumberGet)
                  000040d8    0000004c     rtsv7M4_T_le_v4SPD16_eabi.lib : cpy_tbl.obj (.text)
                  00004124    00000048     driverlib.lib : gpio.obj (.text:GPIOPinConfigure)
                  0000416c    00000048     rtsv7M4_T_le_v4SPD16_eabi.lib : fd_toi_t2.obj (.text)
                  000041b4    00000046     driverlib.lib : uart.obj (.text:UARTConfigSetExpClk)
                  000041fa    00000002     --HOLE-- [fill = 0]
                  000041fc    00000044     OrbitOLEDInterface.obj (.text)
                  00004240    00000044     driverlib.lib : gpio.obj (.text:_GPIOIntNumberGet)
                  00004284    00000040     rtsv7M4_T_le_v4SPD16_eabi.lib : u_divt2.obj (.text)
                  000042c4    0000003c     driverlib.lib : ssi.obj (.text:SSIConfigSetExpClk)
                  00004300    00000038     rtsv7M4_T_le_v4SPD16_eabi.lib : fs_tod_t2.obj (.text)
                  00004338    00000034     driverlib.lib : interrupt.obj (.text:IntRegister)
                  0000436c    00000034                   : sysctl.obj (.text:SysCtlPeripheralEnable)
                  000043a0    0000002e     rtsv7M4_T_le_v4SPD16_eabi.lib : i_tofd_t2.obj (.text)
                  000043ce    0000002a     driverlib.lib : gpio.obj (.text:GPIODirModeSet)
                  000043f8    00000022                   : pwm.obj (.text:PWMGenConfigure)
                  0000441a    00000002     --HOLE-- [fill = 0]
                  0000441c    00000020                   : uart.obj (.text:UARTDisable)
                  0000443c    0000001e                   : adc.obj (.text:ADCSequenceDataGet)
                  0000445a    0000001e                   : pwm.obj (.text:PWMPulseWidthSet)
                  00004478    0000001c                   : systick.obj (.text:SysTickIntRegister)
                  00004494    00000018                   : adc.obj (.text:ADCIntRegister)
                  000044ac    00000018                   : adc.obj (.text:ADCProcessorTrigger)
                  000044c4    00000018                   : gpio.obj (.text:GPIOIntRegister)
                  000044dc    00000018                   : gpio.obj (.text:GPIOPinTypeGPIOOutput)
                  000044f4    00000018     rtsv7M4_T_le_v4SPD16_eabi.lib : args_main.obj (.text)
                  0000450c    00000014     driverlib.lib : sysctl.obj (.text:SysCtlPWMClockSet)
                  00004520    00000014                   : systick.obj (.text:SysTickEnable)
                  00004534    00000014                   : systick.obj (.text:SysTickIntEnable)
                  00004548    00000014                   : uart.obj (.text:UARTEnable)
                  0000455c    00000014     rtsv7M4_T_le_v4SPD16_eabi.lib : _lock.obj (.text)
                  00004570    00000012     driverlib.lib : gpio.obj (.text:GPIOPinTypeGPIOInput)
                  00004582    00000012                   : gpio.obj (.text:GPIOPinTypePWM)
                  00004594    00000012                   : gpio.obj (.text:GPIOPinTypeSSI)
                  000045a6    00000012                   : gpio.obj (.text:GPIOPinTypeUART)
                  000045b8    00000012                   : pwm.obj (.text:PWMOutputState)
                  000045ca    00000010                   : adc.obj (.text:ADCIntEnable)
                  000045da    00000010                   : interrupt.obj (.text:IntMasterEnable)
                  000045ea    00000010                   : pwm.obj (.text:PWMGenPeriodSet)
                  000045fa    00000002     --HOLE-- [fill = 0]
                  000045fc    00000010                   : sysctl.obj (.text:SysCtlReset)
                  0000460c    00000010                   : systick.obj (.text:SysTickPeriodSet)
                  0000461c    0000000e                   : adc.obj (.text:ADCSequenceEnable)
                  0000462a    0000000e                   : gpio.obj (.text:GPIOIntDisable)
                  00004638    0000000e                   : timer.obj (.text:TimerEnable)
                  00004646    0000000e     rtsv7M4_T_le_v4SPD16_eabi.lib : copy_decompress_none.obj (.text:decompress:none)
                  00004654    0000000c     driverlib.lib : cpu.obj (.text:CPUcpsie)
                  00004660    0000000c                   : gpio.obj (.text:GPIOIntEnable)
                  0000466c    0000000c                   : pwm.obj (.text:PWMGenEnable)
                  00004678    0000000c                   : ssi.obj (.text:SSIDataGet)
                  00004684    0000000c     rtsv7M4_T_le_v4SPD16_eabi.lib : copy_zero_init.obj (.text:decompress:ZI)
                  00004690    0000000c     tm4c123gh6pm_startup_ccs.obj (.text)
                  0000469c    0000000a     driverlib.lib : adc.obj (.text:ADCIntClear)
                  000046a6    0000000a                   : ssi.obj (.text:SSIDataPut)
                  000046b0    0000000a                   : ssi.obj (.text:SSIEnable)
                  000046ba    0000000a                   : timer.obj (.text:TimerValueGet)
                  000046c4    0000000a                   : uart.obj (.text:UARTCharPut)
                  000046ce    0000000a                   : uart.obj (.text:UARTFIFOEnable)
                  000046d8    00000008                   : ssi.obj (.text:SSIBusy)
                  000046e0    00000006                   : gpio.obj (.text:GPIOIntClear)
                  000046e6    00000006                   : gpio.obj (.text:GPIOPinRead)
                  000046ec    00000006                   : gpio.obj (.text:GPIOPinWrite)
                  000046f2    00000006                   : ssi.obj (.text:SSIClockSourceSet)
                  000046f8    00000006                   : sysctl.obj (.text:SysCtlDelay)
                  000046fe    00000004     rtsv7M4_T_le_v4SPD16_eabi.lib : pre_init.obj (.text)

.const     0    00004704    000006a4     
                  00004704    00000300     ChrFont0.obj (.const:.string:rgbOledFont0)
                  00004a04    000000d8     driverlib.lib : gpio.obj (.const:g_ppui32GPIOIntMapSnowflake)
                  00004adc    000000c0                   : gpio.obj (.const:g_ppui32GPIOIntMapBlizzard)
                  00004b9c    00000090                   : gpio.obj (.const:g_pui32GPIOBaseAddrs)
                  00004c2c    00000070                   : interrupt.obj (.const)
                  00004c9c    0000006c                   : sysctl.obj (.const:g_pui32Xtals)
                  00004d08    00000040     FillPat.obj (.const:.string:rgbFillPat)
                  00004d48    00000030     ustdlib.obj (.const:g_psDaysToMonth)
                  00004d78    00000018     ustdlib.obj (.const:g_pfExponents)
                  00004d90    00000012     ustdlib.obj (.const:.string)
                  00004da2    00000002     --HOLE-- [fill = 0]
                  00004da4    00000004     ustdlib.obj (.const)

.cinit     0    00004da8    00000060     
                  00004da8    00000029     (.cinit..data.load) [load image, compression = lzss]
                  00004dd1    00000003     --HOLE-- [fill = 0]
                  00004dd4    0000000c     (__TI_handler_table)
                  00004de0    00000008     (.cinit..bss.load) [load image, compression = zero_init]
                  00004de8    00000008     (.cinit..vtable.load) [load image, compression = zero_init]
                  00004df0    00000018     (__TI_cinit_table)

.init_array 
*          0    00000000    00000000     UNINITIALIZED

.vtable    0    20000000    0000026c     UNINITIALIZED
                  20000000    0000026c     driverlib.lib : interrupt.obj (.vtable)

.stack     0    2000026c    00001000     UNINITIALIZED
                  2000026c    00001000     --HOLE--

.sysmem    0    20001270    00001000     UNINITIALIZED
                  20001270    00000008     rtsv7M4_T_le_v4SPD16_eabi.lib : memory.obj (.sysmem)
                  20001278    00000ff8     --HOLE--

.bss       0    20002270    00000395     UNINITIALIZED
                  20002270    00000200     (.common:rgbOledBmp)
                  20002470    00000100     (.common:rgbOledFontUser)
                  20002570    00000010     (.common:g_inBuffer)
                  20002580    00000008     (.common:errorIntegral)
                  20002588    00000004     buttons4.obj (.bss:but_count)
                  2000258c    00000004     buttons4.obj (.bss:but_flag)
                  20002590    00000004     buttons4.obj (.bss:but_normal)
                  20002594    00000004     buttons4.obj (.bss:but_state)
                  20002598    00000004     (.common:ChannelA)
                  2000259c    00000004     (.common:ChannelB)
                  200025a0    00000004     (.common:MAIN_PWM)
                  200025a4    00000004     (.common:TAIL_PWM)
                  200025a8    00000004     (.common:bnOledCur)
                  200025ac    00000004     (.common:dutyCycle)
                  200025b0    00000004     (.common:dxcoOledFontCur)
                  200025b4    00000004     (.common:dycoOledFontCur)
                  200025b8    00000004     (.common:errorSignal)
                  200025bc    00000004     (.common:fOledCharUpdate)
                  200025c0    00000004     (.common:g_ulSampCnt)
                  200025c4    00000004     (.common:modOledCur)
                  200025c8    00000004     (.common:pbOledCur)
                  200025cc    00000004     (.common:pbOledFontCur)
                  200025d0    00000004     (.common:pbOledFontUser)
                  200025d4    00000004     (.common:pbOledPatCur)
                  200025d8    00000004     (.common:pfnDoRop)
                  200025dc    00000004     (.common:slotCount)
                  200025e0    00000004     (.common:switchChannel)
                  200025e4    00000004     (.common:xchOledCur)
                  200025e8    00000004     (.common:xchOledMax)
                  200025ec    00000004     (.common:xcoOledCur)
                  200025f0    00000004     (.common:ychOledCur)
                  200025f4    00000004     (.common:ychOledMax)
                  200025f8    00000004     (.common:ycoOledCur)
                  200025fc    00000002     (.common:currentHeight)
                  200025fe    00000002     (.common:tailErrorSignal)
                  20002600    00000001     (.common:PIDFlag)
                  20002601    00000001     (.common:clrOledCur)
                  20002602    00000001     (.common:currentState)
                  20002603    00000001     (.common:displayFlag)
                  20002604    00000001     (.common:previousState)

.data      0    20002608    00000044     UNINITIALIZED
                  20002608    0000000e     buttons4.obj (.data)
                  20002616    00000002     mainRotorController.obj (.data)
                  20002618    0000000c     rtsv7M4_T_le_v4SPD16_eabi.lib : exit.obj (.data:$O1$$)
                  20002624    0000000c                                   : memory.obj (.data:$O1$$)
                  20002630    00000009     yawFiniteStateMachine.obj (.data)
                  20002639    00000001     --HOLE--
                  2000263a    00000002     tailRotorController.obj (.data)
                  2000263c    00000008     rtsv7M4_T_le_v4SPD16_eabi.lib : _lock.obj (.data:$O1$$)
                  20002644    00000004                                   : stkdepth_vars.obj (.data)
                  20002648    00000004     ustdlib.obj (.data)

MODULE SUMMARY

       Module                         code    ro data   rw data
       ------                         ----    -------   -------
    ./
       ustdlib.obj                    3204    94        4      
       helicopterMain.obj             1044    0         4      
       buttons4.obj                   928     0         34     
       tm4c123gh6pm_startup_ccs.obj   12      620       0      
       mainRotorController.obj        600     0         22     
       yawFiniteStateMachine.obj      544     0         23     
       tailRotorController.obj        504     0         8      
       userDisplay.obj                432     0         0      
       helperFunctions.obj            288     0         0      
       circBufT.obj                   184     0         0      
       helicopterAltitude.obj         108     0         20     
       uartCommunication.obj          116     0         0      
    +--+------------------------------+-------+---------+---------+
       Total:                         7964    714       115    
                                                               
    ./OrbitOLED/
       OrbitOLEDInterface.obj         68      0         0      
    +--+------------------------------+-------+---------+---------+
       Total:                         68      0         0      
                                                               
    ./OrbitOLED/lib_OrbitOled/
       OrbitOledGrph.obj              2384    0         8      
       OrbitOled.obj                  892     0         553    
       OrbitOledChar.obj              516     0         272    
       ChrFont0.obj                   0       768       0      
       delay.obj                      92      0         0      
       FillPat.obj                    0       64        0      
    +--+------------------------------+-------+---------+---------+
       Total:                         3884    832       833    
                                                               
    /home/harry/ti/TivaWare/driverlib/ccs/Debug/driverlib.lib
       gpio.obj                       738     552       0      
       interrupt.obj                  172     112       620    
       sysctl.obj                     610     108       0      
       adc.obj                        400     0         0      
       uart.obj                       142     0         0      
       timer.obj                      120     0         0      
       pwm.obj                        110     0         0      
       ssi.obj                        106     0         0      
       systick.obj                    84      0         0      
       cpu.obj                        12      0         0      
    +--+------------------------------+-------+---------+---------+
       Total:                         2494    772       620    
                                                               
    /home/harry/ti/ccsv7/tools/compiler/ti-cgt-arm_16.9.6.LTS/lib/rtsv7M4_T_le_v4SPD16_eabi.lib
       memory.obj                     976     0         12     
       fd_add_t2.obj                  438     0         0      
       fd_div_t2.obj                  310     0         0      
       fd_mul_t2.obj                  252     0         0      
       memcpy_t2.obj                  156     0         0      
       memset_t2.obj                  122     0         0      
       autoinit.obj                   112     0         0      
       fd_tos_t2.obj                  110     0         0      
       copy_decompress_lzss.obj       104     0         0      
       exit.obj                       84      0         12     
       boot.obj                       84      0         0      
       cpy_tbl.obj                    76      0         0      
       fd_toi_t2.obj                  72      0         0      
       u_divt2.obj                    64      0         0      
       fs_tod_t2.obj                  56      0         0      
       i_tofd_t2.obj                  46      0         0      
       _lock.obj                      20      0         8      
       args_main.obj                  24      0         0      
       copy_decompress_none.obj       14      0         0      
       copy_zero_init.obj             12      0         0      
       pre_init.obj                   4       0         0      
       stkdepth_vars.obj              0       0         4      
       i_div0.obj                     2       0         0      
       mpu_init.obj                   2       0         0      
       startup.obj                    2       0         0      
    +--+------------------------------+-------+---------+---------+
       Total:                         3142    0         36     
                                                               
       Heap:                          0       0         4096   
       Stack:                         0       0         4096   
       Linker Generated:              0       93        0      
    +--+------------------------------+-------+---------+---------+
       Grand Total:                   17552   2411      9796   


LINKER GENERATED COPY TABLES

__TI_cinit_table @ 00004df0 records: 3, size/record: 8, table size: 24
	.data: load addr=00004da8, load size=00000029 bytes, run addr=20002608, run size=00000044 bytes, compression=lzss
	.bss: load addr=00004de0, load size=00000008 bytes, run addr=20002270, run size=00000395 bytes, compression=zero_init
	.vtable: load addr=00004de8, load size=00000008 bytes, run addr=20000000, run size=0000026c bytes, compression=zero_init


LINKER GENERATED HANDLER TABLE

__TI_handler_table @ 00004dd4 records: 3, size/record: 4, table size: 12
	index: 0, handler: __TI_zero_init
	index: 1, handler: __TI_decompress_lzss
	index: 2, handler: __TI_decompress_none


GLOBAL SYMBOLS: SORTED ALPHABETICALLY BY Name 

address   name                           
-------   ----                           
0000469d  ADCIntClear                    
000045cb  ADCIntEnable                   
00003d41  ADCIntHandler                  
00004495  ADCIntRegister                 
000044ad  ADCProcessorTrigger            
00004039  ADCSequenceConfigure           
0000443d  ADCSequenceDataGet             
0000461d  ADCSequenceEnable              
00003af9  ADCSequenceStepConfigure       
00003fe5  C$$EXIT                        
00004655  CPUcpsie                       
20002598  ChannelA                       
2000259c  ChannelB                       
00003edd  DelayInit                      
00003ef7  DelayMs                        
000043cf  GPIODirModeSet                 
000046e1  GPIOIntClear                   
0000462b  GPIOIntDisable                 
00004661  GPIOIntEnable                  
000044c5  GPIOIntRegister                
00003f39  GPIOIntTypeSet                 
00003453  GPIOPadConfigSet               
00004125  GPIOPinConfigure               
000046e7  GPIOPinRead                    
00004571  GPIOPinTypeGPIOInput           
000044dd  GPIOPinTypeGPIOOutput          
00004583  GPIOPinTypePWM                 
00004595  GPIOPinTypeSSI                 
000045a7  GPIOPinTypeUART                
000046ed  GPIOPinWrite                   
00003dad  IntEnable                      
000045db  IntMasterEnable                
00004339  IntRegister                    
200025a0  MAIN_PWM                       
00004223  OLEDInitialise                 
000041fd  OLEDStringDraw                 
00002d51  OrbitOledAdvanceCursor         
000017e1  OrbitOledClampXco              
00001801  OrbitOledClampYco              
000025a1  OrbitOledClear                 
000025ad  OrbitOledClearBuffer           
00002c21  OrbitOledDefUserChar           
0000251d  OrbitOledDevInit               
00001623  OrbitOledDrawChar              
00002cd9  OrbitOledDrawGlyph             
00000fe7  OrbitOledDrawPixel             
0000112d  OrbitOledDrawRect              
00001683  OrbitOledDrawString            
000024a3  OrbitOledDvrInit               
000011b1  OrbitOledFillRect              
000012f5  OrbitOledGetBmp                
00002c89  OrbitOledGetCharUpdate         
00002c05  OrbitOledGetCursor             
00000fe1  OrbitOledGetDrawMode           
00001013  OrbitOledGetPixel              
00000f37  OrbitOledGetPos                
00000f6b  OrbitOledGetStdPattern         
000023d9  OrbitOledHostInit              
000023c5  OrbitOledInit                  
0000102d  OrbitOledLineTo                
00001779  OrbitOledMoveDown              
000017af  OrbitOledMoveLeft              
000017c7  OrbitOledMoveRight             
00000ef1  OrbitOledMoveTo                
00001741  OrbitOledMoveUp                
00001455  OrbitOledPutBmp                
00002637  OrbitOledPutBuffer             
00002c8f  OrbitOledPutChar               
00002cad  OrbitOledPutString             
000016ef  OrbitOledRopAnd                
000016cb  OrbitOledRopOr                 
000016a1  OrbitOledRopSet                
00001713  OrbitOledRopXor                
00002c71  OrbitOledSetCharUpdate         
00002bb9  OrbitOledSetCursor             
00000f53  OrbitOledSetDrawColor          
00000f8d  OrbitOledSetDrawMode           
00000f7d  OrbitOledSetFillPattern        
000025dd  OrbitOledUpdate                
20002600  PIDFlag                        
000043f9  PWMGenConfigure                
0000466d  PWMGenEnable                   
000045eb  PWMGenPeriodSet                
000045b9  PWMOutputState                 
0000445b  PWMPulseWidthSet               
00004691  ResetISR                       
UNDEFED   SHT$$INIT_ARRAY$$Base          
UNDEFED   SHT$$INIT_ARRAY$$Limit         
000046d9  SSIBusy                        
000046f3  SSIClockSourceSet              
000042c5  SSIConfigSetExpClk             
00004679  SSIDataGet                     
000046a7  SSIDataPut                     
000046b1  SSIEnable                      
0000269d  Ssi3PutByte                    
000036a5  SysCtlClockGet                 
000038b1  SysCtlClockSet                 
000046f9  SysCtlDelay                    
0000450d  SysCtlPWMClockSet              
0000436d  SysCtlPeripheralEnable         
000045fd  SysCtlReset                    
00004521  SysTickEnable                  
00004535  SysTickIntEnable               
00001841  SysTickIntHandler              
00004479  SysTickIntRegister             
0000460d  SysTickPeriodSet               
200025a4  TAIL_PWM                       
00003e7d  TimerConfigure                 
00004639  TimerEnable                    
000046bb  TimerValueGet                  
000046c5  UARTCharPut                    
000041b5  UARTConfigSetExpClk            
0000441d  UARTDisable                    
00004549  UARTEnable                     
000046cf  UARTFIFOEnable                 
00003c33  UARTSend                       
2000126c  __STACK_END                    
00001000  __STACK_SIZE                   
2000046c  __STACK_TOP                    
00001000  __SYSMEM_SIZE                  
00004df0  __TI_CINIT_Base                
00004e08  __TI_CINIT_Limit               
00004dd4  __TI_Handler_Table_Base        
00004de0  __TI_Handler_Table_Limit       
00003c61  __TI_auto_init                 
20002618  __TI_cleanup_ptr               
00003e15  __TI_decompress_lzss           
00004647  __TI_decompress_none           
2000261c  __TI_dtors_ptr                 
20002620  __TI_enable_exit_profile_output
ffffffff  __TI_pprof_out_hndl            
ffffffff  __TI_prof_data_size            
ffffffff  __TI_prof_data_start           
00000000  __TI_static_base__             
00004685  __TI_zero_init                 
00003cd1  __aeabi_d2f                    
0000416d  __aeabi_d2iz                   
00002fbf  __aeabi_dadd                   
0000331d  __aeabi_ddiv                   
000037b5  __aeabi_dmul                   
00002fb5  __aeabi_dsub                   
00004301  __aeabi_f2d                    
000043a1  __aeabi_i2d                    
0000316b  __aeabi_idiv0                  
00003b73  __aeabi_memclr                 
00003b73  __aeabi_memclr4                
00003b73  __aeabi_memclr8                
00003a5d  __aeabi_memcpy                 
00003a5d  __aeabi_memcpy4                
00003a5d  __aeabi_memcpy8                
00003b75  __aeabi_memset                 
00003b75  __aeabi_memset4                
00003b75  __aeabi_memset8                
00004285  __aeabi_uidiv                  
00004285  __aeabi_uidivmod               
ffffffff  __binit__                      
ffffffff  __c_args__                     
00003d3f  __mpu_init                     
2000026c  __stack                        
000044f5  _args_main                     
00003f91  _c_int00                       
2000263c  _lock                          
0000456b  _nop                           
00004563  _register_lock                 
0000455d  _register_unlock               
20001270  _sys_memory                    
00003f8f  _system_post_cinit             
000046ff  _system_pre_init               
20002640  _unlock                        
00003fe9  abort                          
20002630  angleReferenced                
ffffffff  binit                          
200025a8  bnOledCur                      
00001ff5  calloc                         
000021c7  checkButton                    
00003175  clearOLED                      
20002601  clrOledCur                     
000040d9  copy_in                        
20002634  currentAngle                   
200025fc  currentHeight                  
20002602  currentState                   
2000260a  desiredAngle                   
20002608  desiredHeightPercentage        
000031a1  displayAltitudePercentAndYaw   
20002603  displayFlag                    
200025ac  dutyCycle                      
200025b0  dxcoOledFontCur                
200025b4  dycoOledFontCur                
20002580  errorIntegral                  
200025b8  errorSignal                    
20002616  errorSignalPrevious            
00003ff1  exit                           
200025bc  fOledCharUpdate                
000035e9  findDisplayAngle               
0000325b  findMode                       
20002610  flightMode                     
00001d3f  free                           
00003a37  freeCircBuf                    
20002570  g_inBuffer                     
20000000  g_pfnRAMVectors                
00000000  g_pfnVectors                   
200025c0  g_ulSampCnt                    
00003585  heightAsPercentage             
00003d5f  initADC                        
00002025  initButtons                    
000039a5  initCircBuf                    
0000186b  initClock                      
0000316d  initDisplay                    
00002b57  initReferenceTrigger           
0000237b  initResetISR                   
00002325  initSwitch                     
00001875  initTimer                      
00002779  initialiseMainRotorPWM         
00002df1  initialiseTailRotorPWM         
00003bed  initialiseUSB_UART             
000018a5  main                           
000027bf  mainRotorControlLoop           
20002644  main_func_sp                   
00001cd5  malloc                         
00001f09  memalign                       
00003a5d  memcpy                         
00003b7b  memset                         
00001c55  minit                          
200025c4  modOledCur                     
200025c8  pbOledCur                      
200025cc  pbOledFontCur                  
200025d0  pbOledFontUser                 
200025d4  pbOledPatCur                   
200025d8  pfnDoRop                       
20002604  previousState                  
00003a03  readCircBuf                    
00001dff  realloc                        
20002612  referenceAngle                 
20002638  referenceAngleSet              
00002b31  referenceTriggerHandler        
00002369  resetISR                       
00004d08  rgbFillPat                     
20002270  rgbOledBmp                     
00004704  rgbOledFont0                   
20002470  rgbOledFontUser                
00002741  setMainPWM                     
00002dbd  setTailPWM                     
200025dc  slotCount                      
200025e0  switchChannel                  
00002291  switchMode                     
200025fe  tailErrorSignal                
2000263a  tailErrorSignalPrevious        
00002e3b  tailRotorControlLoop           
20002615  taken_off                      
20002614  testVariable                   
00000751  ulocaltime                     
0000094f  umktime                        
000020f3  updateButtons                  
00002205  updateDesiredAltAndYawValue    
00000ec9  urand                          
00000721  usnprintf                      
000006ef  usprintf                       
00000eb9  usrand                         
00000e31  ustrcasecmp                    
00000ea5  ustrcmp                        
00000d35  ustrlen                        
00000d8d  ustrncasecmp                   
00000e45  ustrncmp                       
0000026d  ustrncpy                       
00000d57  ustrstr                        
00000afd  ustrtof                        
000009c5  ustrtoul                       
000002c5  uvsnprintf                     
2000260c  variableTest                   
000039cf  writeCircBuf                   
200025e4  xchOledCur                     
200025e8  xchOledMax                     
200025ec  xcoOledCur                     
00002999  yawFSM                         
00002ab3  yawFSMInit                     
200025f0  ychOledCur                     
200025f4  ychOledMax                     
200025f8  ycoOledCur                     


GLOBAL SYMBOLS: SORTED BY Symbol Address 

address   name                           
-------   ----                           
00000000  __TI_static_base__             
00000000  g_pfnVectors                   
0000026d  ustrncpy                       
000002c5  uvsnprintf                     
000006ef  usprintf                       
00000721  usnprintf                      
00000751  ulocaltime                     
0000094f  umktime                        
000009c5  ustrtoul                       
00000afd  ustrtof                        
00000d35  ustrlen                        
00000d57  ustrstr                        
00000d8d  ustrncasecmp                   
00000e31  ustrcasecmp                    
00000e45  ustrncmp                       
00000ea5  ustrcmp                        
00000eb9  usrand                         
00000ec9  urand                          
00000ef1  OrbitOledMoveTo                
00000f37  OrbitOledGetPos                
00000f53  OrbitOledSetDrawColor          
00000f6b  OrbitOledGetStdPattern         
00000f7d  OrbitOledSetFillPattern        
00000f8d  OrbitOledSetDrawMode           
00000fe1  OrbitOledGetDrawMode           
00000fe7  OrbitOledDrawPixel             
00001000  __STACK_SIZE                   
00001000  __SYSMEM_SIZE                  
00001013  OrbitOledGetPixel              
0000102d  OrbitOledLineTo                
0000112d  OrbitOledDrawRect              
000011b1  OrbitOledFillRect              
000012f5  OrbitOledGetBmp                
00001455  OrbitOledPutBmp                
00001623  OrbitOledDrawChar              
00001683  OrbitOledDrawString            
000016a1  OrbitOledRopSet                
000016cb  OrbitOledRopOr                 
000016ef  OrbitOledRopAnd                
00001713  OrbitOledRopXor                
00001741  OrbitOledMoveUp                
00001779  OrbitOledMoveDown              
000017af  OrbitOledMoveLeft              
000017c7  OrbitOledMoveRight             
000017e1  OrbitOledClampXco              
00001801  OrbitOledClampYco              
00001841  SysTickIntHandler              
0000186b  initClock                      
00001875  initTimer                      
000018a5  main                           
00001c55  minit                          
00001cd5  malloc                         
00001d3f  free                           
00001dff  realloc                        
00001f09  memalign                       
00001ff5  calloc                         
00002025  initButtons                    
000020f3  updateButtons                  
000021c7  checkButton                    
00002205  updateDesiredAltAndYawValue    
00002291  switchMode                     
00002325  initSwitch                     
00002369  resetISR                       
0000237b  initResetISR                   
000023c5  OrbitOledInit                  
000023d9  OrbitOledHostInit              
000024a3  OrbitOledDvrInit               
0000251d  OrbitOledDevInit               
000025a1  OrbitOledClear                 
000025ad  OrbitOledClearBuffer           
000025dd  OrbitOledUpdate                
00002637  OrbitOledPutBuffer             
0000269d  Ssi3PutByte                    
00002741  setMainPWM                     
00002779  initialiseMainRotorPWM         
000027bf  mainRotorControlLoop           
00002999  yawFSM                         
00002ab3  yawFSMInit                     
00002b31  referenceTriggerHandler        
00002b57  initReferenceTrigger           
00002bb9  OrbitOledSetCursor             
00002c05  OrbitOledGetCursor             
00002c21  OrbitOledDefUserChar           
00002c71  OrbitOledSetCharUpdate         
00002c89  OrbitOledGetCharUpdate         
00002c8f  OrbitOledPutChar               
00002cad  OrbitOledPutString             
00002cd9  OrbitOledDrawGlyph             
00002d51  OrbitOledAdvanceCursor         
00002dbd  setTailPWM                     
00002df1  initialiseTailRotorPWM         
00002e3b  tailRotorControlLoop           
00002fb5  __aeabi_dsub                   
00002fbf  __aeabi_dadd                   
0000316b  __aeabi_idiv0                  
0000316d  initDisplay                    
00003175  clearOLED                      
000031a1  displayAltitudePercentAndYaw   
0000325b  findMode                       
0000331d  __aeabi_ddiv                   
00003453  GPIOPadConfigSet               
00003585  heightAsPercentage             
000035e9  findDisplayAngle               
000036a5  SysCtlClockGet                 
000037b5  __aeabi_dmul                   
000038b1  SysCtlClockSet                 
000039a5  initCircBuf                    
000039cf  writeCircBuf                   
00003a03  readCircBuf                    
00003a37  freeCircBuf                    
00003a5d  __aeabi_memcpy                 
00003a5d  __aeabi_memcpy4                
00003a5d  __aeabi_memcpy8                
00003a5d  memcpy                         
00003af9  ADCSequenceStepConfigure       
00003b73  __aeabi_memclr                 
00003b73  __aeabi_memclr4                
00003b73  __aeabi_memclr8                
00003b75  __aeabi_memset                 
00003b75  __aeabi_memset4                
00003b75  __aeabi_memset8                
00003b7b  memset                         
00003bed  initialiseUSB_UART             
00003c33  UARTSend                       
00003c61  __TI_auto_init                 
00003cd1  __aeabi_d2f                    
00003d3f  __mpu_init                     
00003d41  ADCIntHandler                  
00003d5f  initADC                        
00003dad  IntEnable                      
00003e15  __TI_decompress_lzss           
00003e7d  TimerConfigure                 
00003edd  DelayInit                      
00003ef7  DelayMs                        
00003f39  GPIOIntTypeSet                 
00003f8f  _system_post_cinit             
00003f91  _c_int00                       
00003fe5  C$$EXIT                        
00003fe9  abort                          
00003ff1  exit                           
00004039  ADCSequenceConfigure           
000040d9  copy_in                        
00004125  GPIOPinConfigure               
0000416d  __aeabi_d2iz                   
000041b5  UARTConfigSetExpClk            
000041fd  OLEDStringDraw                 
00004223  OLEDInitialise                 
00004285  __aeabi_uidiv                  
00004285  __aeabi_uidivmod               
000042c5  SSIConfigSetExpClk             
00004301  __aeabi_f2d                    
00004339  IntRegister                    
0000436d  SysCtlPeripheralEnable         
000043a1  __aeabi_i2d                    
000043cf  GPIODirModeSet                 
000043f9  PWMGenConfigure                
0000441d  UARTDisable                    
0000443d  ADCSequenceDataGet             
0000445b  PWMPulseWidthSet               
00004479  SysTickIntRegister             
00004495  ADCIntRegister                 
000044ad  ADCProcessorTrigger            
000044c5  GPIOIntRegister                
000044dd  GPIOPinTypeGPIOOutput          
000044f5  _args_main                     
0000450d  SysCtlPWMClockSet              
00004521  SysTickEnable                  
00004535  SysTickIntEnable               
00004549  UARTEnable                     
0000455d  _register_unlock               
00004563  _register_lock                 
0000456b  _nop                           
00004571  GPIOPinTypeGPIOInput           
00004583  GPIOPinTypePWM                 
00004595  GPIOPinTypeSSI                 
000045a7  GPIOPinTypeUART                
000045b9  PWMOutputState                 
000045cb  ADCIntEnable                   
000045db  IntMasterEnable                
000045eb  PWMGenPeriodSet                
000045fd  SysCtlReset                    
0000460d  SysTickPeriodSet               
0000461d  ADCSequenceEnable              
0000462b  GPIOIntDisable                 
00004639  TimerEnable                    
00004647  __TI_decompress_none           
00004655  CPUcpsie                       
00004661  GPIOIntEnable                  
0000466d  PWMGenEnable                   
00004679  SSIDataGet                     
00004685  __TI_zero_init                 
00004691  ResetISR                       
0000469d  ADCIntClear                    
000046a7  SSIDataPut                     
000046b1  SSIEnable                      
000046bb  TimerValueGet                  
000046c5  UARTCharPut                    
000046cf  UARTFIFOEnable                 
000046d9  SSIBusy                        
000046e1  GPIOIntClear                   
000046e7  GPIOPinRead                    
000046ed  GPIOPinWrite                   
000046f3  SSIClockSourceSet              
000046f9  SysCtlDelay                    
000046ff  _system_pre_init               
00004704  rgbOledFont0                   
00004d08  rgbFillPat                     
00004dd4  __TI_Handler_Table_Base        
00004de0  __TI_Handler_Table_Limit       
00004df0  __TI_CINIT_Base                
00004e08  __TI_CINIT_Limit               
20000000  g_pfnRAMVectors                
2000026c  __stack                        
2000046c  __STACK_TOP                    
2000126c  __STACK_END                    
20001270  _sys_memory                    
20002270  rgbOledBmp                     
20002470  rgbOledFontUser                
20002570  g_inBuffer                     
20002580  errorIntegral                  
20002598  ChannelA                       
2000259c  ChannelB                       
200025a0  MAIN_PWM                       
200025a4  TAIL_PWM                       
200025a8  bnOledCur                      
200025ac  dutyCycle                      
200025b0  dxcoOledFontCur                
200025b4  dycoOledFontCur                
200025b8  errorSignal                    
200025bc  fOledCharUpdate                
200025c0  g_ulSampCnt                    
200025c4  modOledCur                     
200025c8  pbOledCur                      
200025cc  pbOledFontCur                  
200025d0  pbOledFontUser                 
200025d4  pbOledPatCur                   
200025d8  pfnDoRop                       
200025dc  slotCount                      
200025e0  switchChannel                  
200025e4  xchOledCur                     
200025e8  xchOledMax                     
200025ec  xcoOledCur                     
200025f0  ychOledCur                     
200025f4  ychOledMax                     
200025f8  ycoOledCur                     
200025fc  currentHeight                  
200025fe  tailErrorSignal                
20002600  PIDFlag                        
20002601  clrOledCur                     
20002602  currentState                   
20002603  displayFlag                    
20002604  previousState                  
20002608  desiredHeightPercentage        
2000260a  desiredAngle                   
2000260c  variableTest                   
20002610  flightMode                     
20002612  referenceAngle                 
20002614  testVariable                   
20002615  taken_off                      
20002616  errorSignalPrevious            
20002618  __TI_cleanup_ptr               
2000261c  __TI_dtors_ptr                 
20002620  __TI_enable_exit_profile_output
20002630  angleReferenced                
20002634  currentAngle                   
20002638  referenceAngleSet              
2000263a  tailErrorSignalPrevious        
2000263c  _lock                          
20002640  _unlock                        
20002644  main_func_sp                   
ffffffff  __TI_pprof_out_hndl            
ffffffff  __TI_prof_data_size            
ffffffff  __TI_prof_data_start           
ffffffff  __binit__                      
ffffffff  __c_args__                     
ffffffff  binit                          
UNDEFED   SHT$$INIT_ARRAY$$Base          
UNDEFED   SHT$$INIT_ARRAY$$Limit         

[278 symbols]
