******************************************************************************
                  TI ARM Linker Unix v16.9.6                   
******************************************************************************
>> Linked Sun May 26 16:25:14 2019

OUTPUT FILE NAME:   <Helicopter_Final.out>
ENTRY POINT SYMBOL: "_c_int00"  address: 00003fa9


MEMORY CONFIGURATION

         name            origin    length      used     unused   attr    fill
----------------------  --------  ---------  --------  --------  ----  --------
  FLASH                 00000000   00040000  00004e1e  0003b1e2  R  X
  SRAM                  20000000   00008000  00002645  000059bb  RW X


SEGMENT ALLOCATION MAP

run origin  load origin   length   init length attrs members
----------  ----------- ---------- ----------- ----- -------
00000000    00000000    00004e20   00004e20    r-x
  00000000    00000000    0000026c   0000026c    r-- .intvecs
  0000026c    0000026c    000044ae   000044ae    r-x .text
  0000471c    0000471c    000006a4   000006a4    r-- .const
  00004dc0    00004dc0    00000060   00000060    r-- .cinit
20000000    20000000    0000264c   00000000    rw-
  20000000    20000000    0000026c   00000000    rw- .vtable
  2000026c    2000026c    00001000   00000000    rw- .stack
  20001270    20001270    00001000   00000000    rw- .sysmem
  20002270    20002270    00000395   00000000    rw- .bss
  20002608    20002608    00000044   00000000    rw- .data


SECTION ALLOCATION MAP

 output                                  attributes/
section   page    origin      length       input sections
--------  ----  ----------  ----------   ----------------
.intvecs   0    00000000    0000026c     
                  00000000    0000026c     tm4c123gh6pm_startup_ccs.obj (.intvecs)

.text      0    0000026c    000044ae     
                  0000026c    00000c84     ustdlib.obj (.text)
                  00000ef0    00000950     OrbitOledGrph.obj (.text)
                  00001840    00000410     helicopterMain.obj (.text)
                  00001c50    000003d0     rtsv7M4_T_le_v4SPD16_eabi.lib : memory.obj (.text)
                  00002020    000003bc     buttons4.obj (.text)
                  000023dc    0000037c     OrbitOled.obj (.text)
                  00002758    00000258     mainRotorController.obj (.text)
                  000029b0    00000220     yawFiniteStateMachine.obj (.text)
                  00002bd0    00000204     OrbitOledChar.obj (.text)
                  00002dd4    000001f8     tailRotorController.obj (.text)
                  00002fcc    000001b6     rtsv7M4_T_le_v4SPD16_eabi.lib : fd_add_t2.obj (.text)
                  00003182    00000002                                   : i_div0.obj (.text)
                  00003184    000001b0     userDisplay.obj (.text)
                  00003334    00000136     rtsv7M4_T_le_v4SPD16_eabi.lib : fd_div_t2.obj (.text)
                  0000346a    00000132     driverlib.lib : gpio.obj (.text:GPIOPadConfigSet)
                  0000359c    00000120     helperFunctions.obj (.text)
                  000036bc    00000110     driverlib.lib : sysctl.obj (.text:SysCtlClockGet)
                  000037cc    000000fc     rtsv7M4_T_le_v4SPD16_eabi.lib : fd_mul_t2.obj (.text)
                  000038c8    000000f4     driverlib.lib : sysctl.obj (.text:SysCtlClockSet)
                  000039bc    000000b8     circBufT.obj (.text)
                  00003a74    0000009c     rtsv7M4_T_le_v4SPD16_eabi.lib : memcpy_t2.obj (.text)
                  00003b10    0000007a     driverlib.lib : adc.obj (.text:ADCSequenceStepConfigure)
                  00003b8a    0000007a     rtsv7M4_T_le_v4SPD16_eabi.lib : memset_t2.obj (.text)
                  00003c04    00000074     uartCommunication.obj (.text)
                  00003c78    00000070     rtsv7M4_T_le_v4SPD16_eabi.lib : autoinit.obj (.text)
                  00003ce8    0000006e                                   : fd_tos_t2.obj (.text)
                  00003d56    00000002                                   : mpu_init.obj (.text)
                  00003d58    0000006c     helicopterAltitude.obj (.text)
                  00003dc4    00000068     driverlib.lib : interrupt.obj (.text:IntEnable)
                  00003e2c    00000068     rtsv7M4_T_le_v4SPD16_eabi.lib : copy_decompress_lzss.obj (.text:decompress:lzss)
                  00003e94    00000060     driverlib.lib : timer.obj (.text:TimerConfigure)
                  00003ef4    0000005c     delay.obj (.text)
                  00003f50    00000056     driverlib.lib : gpio.obj (.text:GPIOIntTypeSet)
                  00003fa6    00000002     rtsv7M4_T_le_v4SPD16_eabi.lib : startup.obj (.text)
                  00003fa8    00000054                                   : boot.obj (.text)
                  00003ffc    00000054                                   : exit.obj (.text)
                  00004050    00000050     driverlib.lib : adc.obj (.text:ADCSequenceConfigure)
                  000040a0    00000050                   : adc.obj (.text:_ADCIntNumberGet)
                  000040f0    0000004c     rtsv7M4_T_le_v4SPD16_eabi.lib : cpy_tbl.obj (.text)
                  0000413c    00000048     driverlib.lib : gpio.obj (.text:GPIOPinConfigure)
                  00004184    00000048     rtsv7M4_T_le_v4SPD16_eabi.lib : fd_toi_t2.obj (.text)
                  000041cc    00000046     driverlib.lib : uart.obj (.text:UARTConfigSetExpClk)
                  00004212    00000002     --HOLE-- [fill = 0]
                  00004214    00000044     OrbitOLEDInterface.obj (.text)
                  00004258    00000044     driverlib.lib : gpio.obj (.text:_GPIOIntNumberGet)
                  0000429c    00000040     rtsv7M4_T_le_v4SPD16_eabi.lib : u_divt2.obj (.text)
                  000042dc    0000003c     driverlib.lib : ssi.obj (.text:SSIConfigSetExpClk)
                  00004318    00000038     rtsv7M4_T_le_v4SPD16_eabi.lib : fs_tod_t2.obj (.text)
                  00004350    00000034     driverlib.lib : interrupt.obj (.text:IntRegister)
                  00004384    00000034                   : sysctl.obj (.text:SysCtlPeripheralEnable)
                  000043b8    0000002e     rtsv7M4_T_le_v4SPD16_eabi.lib : i_tofd_t2.obj (.text)
                  000043e6    0000002a     driverlib.lib : gpio.obj (.text:GPIODirModeSet)
                  00004410    00000022                   : pwm.obj (.text:PWMGenConfigure)
                  00004432    00000002     --HOLE-- [fill = 0]
                  00004434    00000020                   : uart.obj (.text:UARTDisable)
                  00004454    0000001e                   : adc.obj (.text:ADCSequenceDataGet)
                  00004472    0000001e                   : pwm.obj (.text:PWMPulseWidthSet)
                  00004490    0000001c                   : systick.obj (.text:SysTickIntRegister)
                  000044ac    00000018                   : adc.obj (.text:ADCIntRegister)
                  000044c4    00000018                   : adc.obj (.text:ADCProcessorTrigger)
                  000044dc    00000018                   : gpio.obj (.text:GPIOIntRegister)
                  000044f4    00000018                   : gpio.obj (.text:GPIOPinTypeGPIOOutput)
                  0000450c    00000018     rtsv7M4_T_le_v4SPD16_eabi.lib : args_main.obj (.text)
                  00004524    00000014     driverlib.lib : sysctl.obj (.text:SysCtlPWMClockSet)
                  00004538    00000014                   : systick.obj (.text:SysTickEnable)
                  0000454c    00000014                   : systick.obj (.text:SysTickIntEnable)
                  00004560    00000014                   : uart.obj (.text:UARTEnable)
                  00004574    00000014     rtsv7M4_T_le_v4SPD16_eabi.lib : _lock.obj (.text)
                  00004588    00000012     driverlib.lib : gpio.obj (.text:GPIOPinTypeGPIOInput)
                  0000459a    00000012                   : gpio.obj (.text:GPIOPinTypePWM)
                  000045ac    00000012                   : gpio.obj (.text:GPIOPinTypeSSI)
                  000045be    00000012                   : gpio.obj (.text:GPIOPinTypeUART)
                  000045d0    00000012                   : pwm.obj (.text:PWMOutputState)
                  000045e2    00000010                   : adc.obj (.text:ADCIntEnable)
                  000045f2    00000010                   : interrupt.obj (.text:IntMasterEnable)
                  00004602    00000010                   : pwm.obj (.text:PWMGenPeriodSet)
                  00004612    00000002     --HOLE-- [fill = 0]
                  00004614    00000010                   : sysctl.obj (.text:SysCtlReset)
                  00004624    00000010                   : systick.obj (.text:SysTickPeriodSet)
                  00004634    0000000e                   : adc.obj (.text:ADCSequenceEnable)
                  00004642    0000000e                   : gpio.obj (.text:GPIOIntDisable)
                  00004650    0000000e                   : timer.obj (.text:TimerEnable)
                  0000465e    0000000e     rtsv7M4_T_le_v4SPD16_eabi.lib : copy_decompress_none.obj (.text:decompress:none)
                  0000466c    0000000c     driverlib.lib : cpu.obj (.text:CPUcpsie)
                  00004678    0000000c                   : gpio.obj (.text:GPIOIntEnable)
                  00004684    0000000c                   : pwm.obj (.text:PWMGenEnable)
                  00004690    0000000c                   : ssi.obj (.text:SSIDataGet)
                  0000469c    0000000c     rtsv7M4_T_le_v4SPD16_eabi.lib : copy_zero_init.obj (.text:decompress:ZI)
                  000046a8    0000000c     tm4c123gh6pm_startup_ccs.obj (.text)
                  000046b4    0000000a     driverlib.lib : adc.obj (.text:ADCIntClear)
                  000046be    0000000a                   : ssi.obj (.text:SSIDataPut)
                  000046c8    0000000a                   : ssi.obj (.text:SSIEnable)
                  000046d2    0000000a                   : timer.obj (.text:TimerValueGet)
                  000046dc    0000000a                   : uart.obj (.text:UARTCharPut)
                  000046e6    0000000a                   : uart.obj (.text:UARTFIFOEnable)
                  000046f0    00000008                   : ssi.obj (.text:SSIBusy)
                  000046f8    00000006                   : gpio.obj (.text:GPIOIntClear)
                  000046fe    00000006                   : gpio.obj (.text:GPIOPinRead)
                  00004704    00000006                   : gpio.obj (.text:GPIOPinWrite)
                  0000470a    00000006                   : ssi.obj (.text:SSIClockSourceSet)
                  00004710    00000006                   : sysctl.obj (.text:SysCtlDelay)
                  00004716    00000004     rtsv7M4_T_le_v4SPD16_eabi.lib : pre_init.obj (.text)

.const     0    0000471c    000006a4     
                  0000471c    00000300     ChrFont0.obj (.const:.string:rgbOledFont0)
                  00004a1c    000000d8     driverlib.lib : gpio.obj (.const:g_ppui32GPIOIntMapSnowflake)
                  00004af4    000000c0                   : gpio.obj (.const:g_ppui32GPIOIntMapBlizzard)
                  00004bb4    00000090                   : gpio.obj (.const:g_pui32GPIOBaseAddrs)
                  00004c44    00000070                   : interrupt.obj (.const)
                  00004cb4    0000006c                   : sysctl.obj (.const:g_pui32Xtals)
                  00004d20    00000040     FillPat.obj (.const:.string:rgbFillPat)
                  00004d60    00000030     ustdlib.obj (.const:g_psDaysToMonth)
                  00004d90    00000018     ustdlib.obj (.const:g_pfExponents)
                  00004da8    00000012     ustdlib.obj (.const:.string)
                  00004dba    00000002     --HOLE-- [fill = 0]
                  00004dbc    00000004     ustdlib.obj (.const)

.cinit     0    00004dc0    00000060     
                  00004dc0    00000029     (.cinit..data.load) [load image, compression = lzss]
                  00004de9    00000003     --HOLE-- [fill = 0]
                  00004dec    0000000c     (__TI_handler_table)
                  00004df8    00000008     (.cinit..bss.load) [load image, compression = zero_init]
                  00004e00    00000008     (.cinit..vtable.load) [load image, compression = zero_init]
                  00004e08    00000018     (__TI_cinit_table)

.init_array 
*          0    00000000    00000000     UNINITIALIZED

.vtable    0    20000000    0000026c     UNINITIALIZED
                  20000000    0000026c     driverlib.lib : interrupt.obj (.vtable)

.stack     0    2000026c    00001000     UNINITIALIZED
                  2000026c    00001000     --HOLE--

.sysmem    0    20001270    00001000     UNINITIALIZED
                  20001270    00000008     rtsv7M4_T_le_v4SPD16_eabi.lib : memory.obj (.sysmem)
                  20001278    00000ff8     --HOLE--

.bss       0    20002270    00000395     UNINITIALIZED
                  20002270    00000200     (.common:rgbOledBmp)
                  20002470    00000100     (.common:rgbOledFontUser)
                  20002570    00000010     (.common:g_inBuffer)
                  20002580    00000008     (.common:errorIntegral)
                  20002588    00000004     buttons4.obj (.bss:but_count)
                  2000258c    00000004     buttons4.obj (.bss:but_flag)
                  20002590    00000004     buttons4.obj (.bss:but_normal)
                  20002594    00000004     buttons4.obj (.bss:but_state)
                  20002598    00000004     (.common:ChannelA)
                  2000259c    00000004     (.common:ChannelB)
                  200025a0    00000004     (.common:MAIN_PWM)
                  200025a4    00000004     (.common:TAIL_PWM)
                  200025a8    00000004     (.common:bnOledCur)
                  200025ac    00000004     (.common:dutyCycle)
                  200025b0    00000004     (.common:dxcoOledFontCur)
                  200025b4    00000004     (.common:dycoOledFontCur)
                  200025b8    00000004     (.common:errorSignal)
                  200025bc    00000004     (.common:fOledCharUpdate)
                  200025c0    00000004     (.common:g_ulSampCnt)
                  200025c4    00000004     (.common:modOledCur)
                  200025c8    00000004     (.common:pbOledCur)
                  200025cc    00000004     (.common:pbOledFontCur)
                  200025d0    00000004     (.common:pbOledFontUser)
                  200025d4    00000004     (.common:pbOledPatCur)
                  200025d8    00000004     (.common:pfnDoRop)
                  200025dc    00000004     (.common:slotCount)
                  200025e0    00000004     (.common:switchChannel)
                  200025e4    00000004     (.common:xchOledCur)
                  200025e8    00000004     (.common:xchOledMax)
                  200025ec    00000004     (.common:xcoOledCur)
                  200025f0    00000004     (.common:ychOledCur)
                  200025f4    00000004     (.common:ychOledMax)
                  200025f8    00000004     (.common:ycoOledCur)
                  200025fc    00000002     (.common:currentHeight)
                  200025fe    00000002     (.common:tailErrorSignal)
                  20002600    00000001     (.common:PIDFlag)
                  20002601    00000001     (.common:clrOledCur)
                  20002602    00000001     (.common:currentState)
                  20002603    00000001     (.common:displayFlag)
                  20002604    00000001     (.common:previousState)

.data      0    20002608    00000044     UNINITIALIZED
                  20002608    0000000e     buttons4.obj (.data)
                  20002616    00000002     mainRotorController.obj (.data)
                  20002618    0000000c     rtsv7M4_T_le_v4SPD16_eabi.lib : exit.obj (.data:$O1$$)
                  20002624    0000000c                                   : memory.obj (.data:$O1$$)
                  20002630    00000009     yawFiniteStateMachine.obj (.data)
                  20002639    00000001     --HOLE--
                  2000263a    00000002     tailRotorController.obj (.data)
                  2000263c    00000008     rtsv7M4_T_le_v4SPD16_eabi.lib : _lock.obj (.data:$O1$$)
                  20002644    00000004                                   : stkdepth_vars.obj (.data)
                  20002648    00000004     ustdlib.obj (.data)

MODULE SUMMARY

       Module                         code    ro data   rw data
       ------                         ----    -------   -------
    ./
       ustdlib.obj                    3204    94        4      
       helicopterMain.obj             1040    0         4      
       buttons4.obj                   956     0         34     
       tm4c123gh6pm_startup_ccs.obj   12      620       0      
       mainRotorController.obj        600     0         22     
       yawFiniteStateMachine.obj      544     0         23     
       tailRotorController.obj        504     0         8      
       userDisplay.obj                432     0         0      
       helperFunctions.obj            288     0         0      
       circBufT.obj                   184     0         0      
       helicopterAltitude.obj         108     0         20     
       uartCommunication.obj          116     0         0      
    +--+------------------------------+-------+---------+---------+
       Total:                         7988    714       115    
                                                               
    ./OrbitOLED/
       OrbitOLEDInterface.obj         68      0         0      
    +--+------------------------------+-------+---------+---------+
       Total:                         68      0         0      
                                                               
    ./OrbitOLED/lib_OrbitOled/
       OrbitOledGrph.obj              2384    0         8      
       OrbitOled.obj                  892     0         553    
       OrbitOledChar.obj              516     0         272    
       ChrFont0.obj                   0       768       0      
       delay.obj                      92      0         0      
       FillPat.obj                    0       64        0      
    +--+------------------------------+-------+---------+---------+
       Total:                         3884    832       833    
                                                               
    /home/harry/ti/TivaWare/driverlib/ccs/Debug/driverlib.lib
       gpio.obj                       738     552       0      
       interrupt.obj                  172     112       620    
       sysctl.obj                     610     108       0      
       adc.obj                        400     0         0      
       uart.obj                       142     0         0      
       timer.obj                      120     0         0      
       pwm.obj                        110     0         0      
       ssi.obj                        106     0         0      
       systick.obj                    84      0         0      
       cpu.obj                        12      0         0      
    +--+------------------------------+-------+---------+---------+
       Total:                         2494    772       620    
                                                               
    /home/harry/ti/ccsv7/tools/compiler/ti-cgt-arm_16.9.6.LTS/lib/rtsv7M4_T_le_v4SPD16_eabi.lib
       memory.obj                     976     0         12     
       fd_add_t2.obj                  438     0         0      
       fd_div_t2.obj                  310     0         0      
       fd_mul_t2.obj                  252     0         0      
       memcpy_t2.obj                  156     0         0      
       memset_t2.obj                  122     0         0      
       autoinit.obj                   112     0         0      
       fd_tos_t2.obj                  110     0         0      
       copy_decompress_lzss.obj       104     0         0      
       exit.obj                       84      0         12     
       boot.obj                       84      0         0      
       cpy_tbl.obj                    76      0         0      
       fd_toi_t2.obj                  72      0         0      
       u_divt2.obj                    64      0         0      
       fs_tod_t2.obj                  56      0         0      
       i_tofd_t2.obj                  46      0         0      
       _lock.obj                      20      0         8      
       args_main.obj                  24      0         0      
       copy_decompress_none.obj       14      0         0      
       copy_zero_init.obj             12      0         0      
       pre_init.obj                   4       0         0      
       stkdepth_vars.obj              0       0         4      
       i_div0.obj                     2       0         0      
       mpu_init.obj                   2       0         0      
       startup.obj                    2       0         0      
    +--+------------------------------+-------+---------+---------+
       Total:                         3142    0         36     
                                                               
       Heap:                          0       0         4096   
       Stack:                         0       0         4096   
       Linker Generated:              0       93        0      
    +--+------------------------------+-------+---------+---------+
       Grand Total:                   17576   2411      9796   


LINKER GENERATED COPY TABLES

__TI_cinit_table @ 00004e08 records: 3, size/record: 8, table size: 24
	.data: load addr=00004dc0, load size=00000029 bytes, run addr=20002608, run size=00000044 bytes, compression=lzss
	.bss: load addr=00004df8, load size=00000008 bytes, run addr=20002270, run size=00000395 bytes, compression=zero_init
	.vtable: load addr=00004e00, load size=00000008 bytes, run addr=20000000, run size=0000026c bytes, compression=zero_init


LINKER GENERATED HANDLER TABLE

__TI_handler_table @ 00004dec records: 3, size/record: 4, table size: 12
	index: 0, handler: __TI_zero_init
	index: 1, handler: __TI_decompress_lzss
	index: 2, handler: __TI_decompress_none


GLOBAL SYMBOLS: SORTED ALPHABETICALLY BY Name 

address   name                           
-------   ----                           
000046b5  ADCIntClear                    
000045e3  ADCIntEnable                   
00003d59  ADCIntHandler                  
000044ad  ADCIntRegister                 
000044c5  ADCProcessorTrigger            
00004051  ADCSequenceConfigure           
00004455  ADCSequenceDataGet             
00004635  ADCSequenceEnable              
00003b11  ADCSequenceStepConfigure       
00003ffd  C$$EXIT                        
0000466d  CPUcpsie                       
20002598  ChannelA                       
2000259c  ChannelB                       
00003ef5  DelayInit                      
00003f0f  DelayMs                        
000043e7  GPIODirModeSet                 
000046f9  GPIOIntClear                   
00004643  GPIOIntDisable                 
00004679  GPIOIntEnable                  
000044dd  GPIOIntRegister                
00003f51  GPIOIntTypeSet                 
0000346b  GPIOPadConfigSet               
0000413d  GPIOPinConfigure               
000046ff  GPIOPinRead                    
00004589  GPIOPinTypeGPIOInput           
000044f5  GPIOPinTypeGPIOOutput          
0000459b  GPIOPinTypePWM                 
000045ad  GPIOPinTypeSSI                 
000045bf  GPIOPinTypeUART                
00004705  GPIOPinWrite                   
00003dc5  IntEnable                      
000045f3  IntMasterEnable                
00004351  IntRegister                    
200025a0  MAIN_PWM                       
0000423b  OLEDInitialise                 
00004215  OLEDStringDraw                 
00002d69  OrbitOledAdvanceCursor         
000017e1  OrbitOledClampXco              
00001801  OrbitOledClampYco              
000025b9  OrbitOledClear                 
000025c5  OrbitOledClearBuffer           
00002c39  OrbitOledDefUserChar           
00002535  OrbitOledDevInit               
00001623  OrbitOledDrawChar              
00002cf1  OrbitOledDrawGlyph             
00000fe7  OrbitOledDrawPixel             
0000112d  OrbitOledDrawRect              
00001683  OrbitOledDrawString            
000024bb  OrbitOledDvrInit               
000011b1  OrbitOledFillRect              
000012f5  OrbitOledGetBmp                
00002ca1  OrbitOledGetCharUpdate         
00002c1d  OrbitOledGetCursor             
00000fe1  OrbitOledGetDrawMode           
00001013  OrbitOledGetPixel              
00000f37  OrbitOledGetPos                
00000f6b  OrbitOledGetStdPattern         
000023f1  OrbitOledHostInit              
000023dd  OrbitOledInit                  
0000102d  OrbitOledLineTo                
00001779  OrbitOledMoveDown              
000017af  OrbitOledMoveLeft              
000017c7  OrbitOledMoveRight             
00000ef1  OrbitOledMoveTo                
00001741  OrbitOledMoveUp                
00001455  OrbitOledPutBmp                
0000264f  OrbitOledPutBuffer             
00002ca7  OrbitOledPutChar               
00002cc5  OrbitOledPutString             
000016ef  OrbitOledRopAnd                
000016cb  OrbitOledRopOr                 
000016a1  OrbitOledRopSet                
00001713  OrbitOledRopXor                
00002c89  OrbitOledSetCharUpdate         
00002bd1  OrbitOledSetCursor             
00000f53  OrbitOledSetDrawColor          
00000f8d  OrbitOledSetDrawMode           
00000f7d  OrbitOledSetFillPattern        
000025f5  OrbitOledUpdate                
20002600  PIDFlag                        
00004411  PWMGenConfigure                
00004685  PWMGenEnable                   
00004603  PWMGenPeriodSet                
000045d1  PWMOutputState                 
00004473  PWMPulseWidthSet               
000046a9  ResetISR                       
UNDEFED   SHT$$INIT_ARRAY$$Base          
UNDEFED   SHT$$INIT_ARRAY$$Limit         
000046f1  SSIBusy                        
0000470b  SSIClockSourceSet              
000042dd  SSIConfigSetExpClk             
00004691  SSIDataGet                     
000046bf  SSIDataPut                     
000046c9  SSIEnable                      
000026b5  Ssi3PutByte                    
000036bd  SysCtlClockGet                 
000038c9  SysCtlClockSet                 
00004711  SysCtlDelay                    
00004525  SysCtlPWMClockSet              
00004385  SysCtlPeripheralEnable         
00004615  SysCtlReset                    
00004539  SysTickEnable                  
0000454d  SysTickIntEnable               
00001841  SysTickIntHandler              
00004491  SysTickIntRegister             
00004625  SysTickPeriodSet               
200025a4  TAIL_PWM                       
00003e95  TimerConfigure                 
00004651  TimerEnable                    
000046d3  TimerValueGet                  
000046dd  UARTCharPut                    
000041cd  UARTConfigSetExpClk            
00004435  UARTDisable                    
00004561  UARTEnable                     
000046e7  UARTFIFOEnable                 
00003c4b  UARTSend                       
2000126c  __STACK_END                    
00001000  __STACK_SIZE                   
2000046c  __STACK_TOP                    
00001000  __SYSMEM_SIZE                  
00004e08  __TI_CINIT_Base                
00004e20  __TI_CINIT_Limit               
00004dec  __TI_Handler_Table_Base        
00004df8  __TI_Handler_Table_Limit       
00003c79  __TI_auto_init                 
20002618  __TI_cleanup_ptr               
00003e2d  __TI_decompress_lzss           
0000465f  __TI_decompress_none           
2000261c  __TI_dtors_ptr                 
20002620  __TI_enable_exit_profile_output
ffffffff  __TI_pprof_out_hndl            
ffffffff  __TI_prof_data_size            
ffffffff  __TI_prof_data_start           
00000000  __TI_static_base__             
0000469d  __TI_zero_init                 
00003ce9  __aeabi_d2f                    
00004185  __aeabi_d2iz                   
00002fd7  __aeabi_dadd                   
00003335  __aeabi_ddiv                   
000037cd  __aeabi_dmul                   
00002fcd  __aeabi_dsub                   
00004319  __aeabi_f2d                    
000043b9  __aeabi_i2d                    
00003183  __aeabi_idiv0                  
00003b8b  __aeabi_memclr                 
00003b8b  __aeabi_memclr4                
00003b8b  __aeabi_memclr8                
00003a75  __aeabi_memcpy                 
00003a75  __aeabi_memcpy4                
00003a75  __aeabi_memcpy8                
00003b8d  __aeabi_memset                 
00003b8d  __aeabi_memset4                
00003b8d  __aeabi_memset8                
0000429d  __aeabi_uidiv                  
0000429d  __aeabi_uidivmod               
ffffffff  __binit__                      
ffffffff  __c_args__                     
00003d57  __mpu_init                     
2000026c  __stack                        
0000450d  _args_main                     
00003fa9  _c_int00                       
2000263c  _lock                          
00004583  _nop                           
0000457b  _register_lock                 
00004575  _register_unlock               
20001270  _sys_memory                    
00003fa7  _system_post_cinit             
00004717  _system_pre_init               
20002640  _unlock                        
00004001  abort                          
20002630  angleReferenced                
ffffffff  binit                          
200025a8  bnOledCur                      
00001ff1  calloc                         
000021c3  checkButton                    
0000318d  clearOLED                      
20002601  clrOledCur                     
000040f1  copy_in                        
20002634  currentAngle                   
200025fc  currentHeight                  
20002602  currentState                   
2000260a  desiredAngle                   
20002608  desiredHeightPercentage        
000031b9  displayAltitudePercentAndYaw   
20002603  displayFlag                    
200025ac  dutyCycle                      
200025b0  dxcoOledFontCur                
200025b4  dycoOledFontCur                
20002580  errorIntegral                  
200025b8  errorSignal                    
20002616  errorSignalPrevious            
00004009  exit                           
200025bc  fOledCharUpdate                
00003601  findDisplayAngle               
00003273  findMode                       
20002610  flightMode                     
00001d3b  free                           
00003a4f  freeCircBuf                    
20002570  g_inBuffer                     
20000000  g_pfnRAMVectors                
00000000  g_pfnVectors                   
200025c0  g_ulSampCnt                    
0000359d  heightAsPercentage             
00003d77  initADC                        
00002021  initButtons                    
000039bd  initCircBuf                    
0000186b  initClock                      
00003185  initDisplay                    
00002b6f  initReferenceTrigger           
0000237d  initResetISR                   
00002321  initSwitch                     
00001875  initTimer                      
00002791  initialiseMainRotorPWM         
00002e09  initialiseTailRotorPWM         
00003c05  initialiseUSB_UART             
000018a5  main                           
000027d7  mainRotorControlLoop           
20002644  main_func_sp                   
00001cd1  malloc                         
00001f05  memalign                       
00003a75  memcpy                         
00003b93  memset                         
00001c51  minit                          
200025c4  modOledCur                     
200025c8  pbOledCur                      
200025cc  pbOledFontCur                  
200025d0  pbOledFontUser                 
200025d4  pbOledPatCur                   
200025d8  pfnDoRop                       
20002604  previousState                  
00003a1b  readCircBuf                    
00001dfb  realloc                        
20002612  referenceAngle                 
20002638  referenceAngleSet              
00002b49  referenceTriggerHandler        
00002365  resetISR                       
00004d20  rgbFillPat                     
20002270  rgbOledBmp                     
0000471c  rgbOledFont0                   
20002470  rgbOledFontUser                
00002759  setMainPWM                     
00002dd5  setTailPWM                     
200025dc  slotCount                      
200025e0  switchChannel                  
0000228d  switchMode                     
200025fe  tailErrorSignal                
2000263a  tailErrorSignalPrevious        
00002e53  tailRotorControlLoop           
20002615  taken_off                      
20002614  testVariable                   
00000751  ulocaltime                     
0000094f  umktime                        
000020ef  updateButtons                  
00002201  updateDesiredAltAndYawValue    
00000ec9  urand                          
00000721  usnprintf                      
000006ef  usprintf                       
00000eb9  usrand                         
00000e31  ustrcasecmp                    
00000ea5  ustrcmp                        
00000d35  ustrlen                        
00000d8d  ustrncasecmp                   
00000e45  ustrncmp                       
0000026d  ustrncpy                       
00000d57  ustrstr                        
00000afd  ustrtof                        
000009c5  ustrtoul                       
000002c5  uvsnprintf                     
2000260c  variableTest                   
000039e7  writeCircBuf                   
200025e4  xchOledCur                     
200025e8  xchOledMax                     
200025ec  xcoOledCur                     
000029b1  yawFSM                         
00002acb  yawFSMInit                     
200025f0  ychOledCur                     
200025f4  ychOledMax                     
200025f8  ycoOledCur                     


GLOBAL SYMBOLS: SORTED BY Symbol Address 

address   name                           
-------   ----                           
00000000  __TI_static_base__             
00000000  g_pfnVectors                   
0000026d  ustrncpy                       
000002c5  uvsnprintf                     
000006ef  usprintf                       
00000721  usnprintf                      
00000751  ulocaltime                     
0000094f  umktime                        
000009c5  ustrtoul                       
00000afd  ustrtof                        
00000d35  ustrlen                        
00000d57  ustrstr                        
00000d8d  ustrncasecmp                   
00000e31  ustrcasecmp                    
00000e45  ustrncmp                       
00000ea5  ustrcmp                        
00000eb9  usrand                         
00000ec9  urand                          
00000ef1  OrbitOledMoveTo                
00000f37  OrbitOledGetPos                
00000f53  OrbitOledSetDrawColor          
00000f6b  OrbitOledGetStdPattern         
00000f7d  OrbitOledSetFillPattern        
00000f8d  OrbitOledSetDrawMode           
00000fe1  OrbitOledGetDrawMode           
00000fe7  OrbitOledDrawPixel             
00001000  __STACK_SIZE                   
00001000  __SYSMEM_SIZE                  
00001013  OrbitOledGetPixel              
0000102d  OrbitOledLineTo                
0000112d  OrbitOledDrawRect              
000011b1  OrbitOledFillRect              
000012f5  OrbitOledGetBmp                
00001455  OrbitOledPutBmp                
00001623  OrbitOledDrawChar              
00001683  OrbitOledDrawString            
000016a1  OrbitOledRopSet                
000016cb  OrbitOledRopOr                 
000016ef  OrbitOledRopAnd                
00001713  OrbitOledRopXor                
00001741  OrbitOledMoveUp                
00001779  OrbitOledMoveDown              
000017af  OrbitOledMoveLeft              
000017c7  OrbitOledMoveRight             
000017e1  OrbitOledClampXco              
00001801  OrbitOledClampYco              
00001841  SysTickIntHandler              
0000186b  initClock                      
00001875  initTimer                      
000018a5  main                           
00001c51  minit                          
00001cd1  malloc                         
00001d3b  free                           
00001dfb  realloc                        
00001f05  memalign                       
00001ff1  calloc                         
00002021  initButtons                    
000020ef  updateButtons                  
000021c3  checkButton                    
00002201  updateDesiredAltAndYawValue    
0000228d  switchMode                     
00002321  initSwitch                     
00002365  resetISR                       
0000237d  initResetISR                   
000023dd  OrbitOledInit                  
000023f1  OrbitOledHostInit              
000024bb  OrbitOledDvrInit               
00002535  OrbitOledDevInit               
000025b9  OrbitOledClear                 
000025c5  OrbitOledClearBuffer           
000025f5  OrbitOledUpdate                
0000264f  OrbitOledPutBuffer             
000026b5  Ssi3PutByte                    
00002759  setMainPWM                     
00002791  initialiseMainRotorPWM         
000027d7  mainRotorControlLoop           
000029b1  yawFSM                         
00002acb  yawFSMInit                     
00002b49  referenceTriggerHandler        
00002b6f  initReferenceTrigger           
00002bd1  OrbitOledSetCursor             
00002c1d  OrbitOledGetCursor             
00002c39  OrbitOledDefUserChar           
00002c89  OrbitOledSetCharUpdate         
00002ca1  OrbitOledGetCharUpdate         
00002ca7  OrbitOledPutChar               
00002cc5  OrbitOledPutString             
00002cf1  OrbitOledDrawGlyph             
00002d69  OrbitOledAdvanceCursor         
00002dd5  setTailPWM                     
00002e09  initialiseTailRotorPWM         
00002e53  tailRotorControlLoop           
00002fcd  __aeabi_dsub                   
00002fd7  __aeabi_dadd                   
00003183  __aeabi_idiv0                  
00003185  initDisplay                    
0000318d  clearOLED                      
000031b9  displayAltitudePercentAndYaw   
00003273  findMode                       
00003335  __aeabi_ddiv                   
0000346b  GPIOPadConfigSet               
0000359d  heightAsPercentage             
00003601  findDisplayAngle               
000036bd  SysCtlClockGet                 
000037cd  __aeabi_dmul                   
000038c9  SysCtlClockSet                 
000039bd  initCircBuf                    
000039e7  writeCircBuf                   
00003a1b  readCircBuf                    
00003a4f  freeCircBuf                    
00003a75  __aeabi_memcpy                 
00003a75  __aeabi_memcpy4                
00003a75  __aeabi_memcpy8                
00003a75  memcpy                         
00003b11  ADCSequenceStepConfigure       
00003b8b  __aeabi_memclr                 
00003b8b  __aeabi_memclr4                
00003b8b  __aeabi_memclr8                
00003b8d  __aeabi_memset                 
00003b8d  __aeabi_memset4                
00003b8d  __aeabi_memset8                
00003b93  memset                         
00003c05  initialiseUSB_UART             
00003c4b  UARTSend                       
00003c79  __TI_auto_init                 
00003ce9  __aeabi_d2f                    
00003d57  __mpu_init                     
00003d59  ADCIntHandler                  
00003d77  initADC                        
00003dc5  IntEnable                      
00003e2d  __TI_decompress_lzss           
00003e95  TimerConfigure                 
00003ef5  DelayInit                      
00003f0f  DelayMs                        
00003f51  GPIOIntTypeSet                 
00003fa7  _system_post_cinit             
00003fa9  _c_int00                       
00003ffd  C$$EXIT                        
00004001  abort                          
00004009  exit                           
00004051  ADCSequenceConfigure           
000040f1  copy_in                        
0000413d  GPIOPinConfigure               
00004185  __aeabi_d2iz                   
000041cd  UARTConfigSetExpClk            
00004215  OLEDStringDraw                 
0000423b  OLEDInitialise                 
0000429d  __aeabi_uidiv                  
0000429d  __aeabi_uidivmod               
000042dd  SSIConfigSetExpClk             
00004319  __aeabi_f2d                    
00004351  IntRegister                    
00004385  SysCtlPeripheralEnable         
000043b9  __aeabi_i2d                    
000043e7  GPIODirModeSet                 
00004411  PWMGenConfigure                
00004435  UARTDisable                    
00004455  ADCSequenceDataGet             
00004473  PWMPulseWidthSet               
00004491  SysTickIntRegister             
000044ad  ADCIntRegister                 
000044c5  ADCProcessorTrigger            
000044dd  GPIOIntRegister                
000044f5  GPIOPinTypeGPIOOutput          
0000450d  _args_main                     
00004525  SysCtlPWMClockSet              
00004539  SysTickEnable                  
0000454d  SysTickIntEnable               
00004561  UARTEnable                     
00004575  _register_unlock               
0000457b  _register_lock                 
00004583  _nop                           
00004589  GPIOPinTypeGPIOInput           
0000459b  GPIOPinTypePWM                 
000045ad  GPIOPinTypeSSI                 
000045bf  GPIOPinTypeUART                
000045d1  PWMOutputState                 
000045e3  ADCIntEnable                   
000045f3  IntMasterEnable                
00004603  PWMGenPeriodSet                
00004615  SysCtlReset                    
00004625  SysTickPeriodSet               
00004635  ADCSequenceEnable              
00004643  GPIOIntDisable                 
00004651  TimerEnable                    
0000465f  __TI_decompress_none           
0000466d  CPUcpsie                       
00004679  GPIOIntEnable                  
00004685  PWMGenEnable                   
00004691  SSIDataGet                     
0000469d  __TI_zero_init                 
000046a9  ResetISR                       
000046b5  ADCIntClear                    
000046bf  SSIDataPut                     
000046c9  SSIEnable                      
000046d3  TimerValueGet                  
000046dd  UARTCharPut                    
000046e7  UARTFIFOEnable                 
000046f1  SSIBusy                        
000046f9  GPIOIntClear                   
000046ff  GPIOPinRead                    
00004705  GPIOPinWrite                   
0000470b  SSIClockSourceSet              
00004711  SysCtlDelay                    
00004717  _system_pre_init               
0000471c  rgbOledFont0                   
00004d20  rgbFillPat                     
00004dec  __TI_Handler_Table_Base        
00004df8  __TI_Handler_Table_Limit       
00004e08  __TI_CINIT_Base                
00004e20  __TI_CINIT_Limit               
20000000  g_pfnRAMVectors                
2000026c  __stack                        
2000046c  __STACK_TOP                    
2000126c  __STACK_END                    
20001270  _sys_memory                    
20002270  rgbOledBmp                     
20002470  rgbOledFontUser                
20002570  g_inBuffer                     
20002580  errorIntegral                  
20002598  ChannelA                       
2000259c  ChannelB                       
200025a0  MAIN_PWM                       
200025a4  TAIL_PWM                       
200025a8  bnOledCur                      
200025ac  dutyCycle                      
200025b0  dxcoOledFontCur                
200025b4  dycoOledFontCur                
200025b8  errorSignal                    
200025bc  fOledCharUpdate                
200025c0  g_ulSampCnt                    
200025c4  modOledCur                     
200025c8  pbOledCur                      
200025cc  pbOledFontCur                  
200025d0  pbOledFontUser                 
200025d4  pbOledPatCur                   
200025d8  pfnDoRop                       
200025dc  slotCount                      
200025e0  switchChannel                  
200025e4  xchOledCur                     
200025e8  xchOledMax                     
200025ec  xcoOledCur                     
200025f0  ychOledCur                     
200025f4  ychOledMax                     
200025f8  ycoOledCur                     
200025fc  currentHeight                  
200025fe  tailErrorSignal                
20002600  PIDFlag                        
20002601  clrOledCur                     
20002602  currentState                   
20002603  displayFlag                    
20002604  previousState                  
20002608  desiredHeightPercentage        
2000260a  desiredAngle                   
2000260c  variableTest                   
20002610  flightMode                     
20002612  referenceAngle                 
20002614  testVariable                   
20002615  taken_off                      
20002616  errorSignalPrevious            
20002618  __TI_cleanup_ptr               
2000261c  __TI_dtors_ptr                 
20002620  __TI_enable_exit_profile_output
20002630  angleReferenced                
20002634  currentAngle                   
20002638  referenceAngleSet              
2000263a  tailErrorSignalPrevious        
2000263c  _lock                          
20002640  _unlock                        
20002644  main_func_sp                   
ffffffff  __TI_pprof_out_hndl            
ffffffff  __TI_prof_data_size            
ffffffff  __TI_prof_data_start           
ffffffff  __binit__                      
ffffffff  __c_args__                     
ffffffff  binit                          
UNDEFED   SHT$$INIT_ARRAY$$Base          
UNDEFED   SHT$$INIT_ARRAY$$Limit         

[278 symbols]
