******************************************************************************
                  TI ARM Linker PC v16.9.6                     
******************************************************************************
>> Linked Sun Jun 02 22:29:24 2019

OUTPUT FILE NAME:   <Helicopter_Final.out>
ENTRY POINT SYMBOL: "_c_int00"  address: 00003bc9


MEMORY CONFIGURATION

         name            origin    length      used     unused   attr    fill
----------------------  --------  ---------  --------  --------  ----  --------
  FLASH                 00000000   00040000  00004942  0003b6be  R  X
  SRAM                  20000000   00008000  0000263a  000059c6  RW X


SEGMENT ALLOCATION MAP

run origin  load origin   length   init length attrs members
----------  ----------- ---------- ----------- ----- -------
00000000    00000000    00004948   00004948    r-x
  00000000    00000000    0000026c   0000026c    r-- .intvecs
  0000026c    0000026c    00004036   00004036    r-x .text
  000042a4    000042a4    00000648   00000648    r-- .const
  000048f0    000048f0    00000058   00000058    r-- .cinit
20000000    20000000    0000263f   00000000    rw-
  20000000    20000000    0000026c   00000000    rw- .vtable
  2000026c    2000026c    00001000   00000000    rw- .stack
  20001270    20001270    00001000   00000000    rw- .sysmem
  20002270    20002270    00000397   00000000    rw- .bss
  20002608    20002608    00000037   00000000    rw- .data


SECTION ALLOCATION MAP

 output                                  attributes/
section   page    origin      length       input sections
--------  ----  ----------  ----------   ----------------
.intvecs   0    00000000    0000026c     
                  00000000    0000026c     tm4c123gh6pm_startup_ccs.obj (.intvecs)

.text      0    0000026c    00004036     
                  0000026c    00000c84     ustdlib.obj (.text)
                  00000ef0    00000950     OrbitOledGrph.obj (.text)
                  00001840    00000438     helicopterMain.obj (.text)
                  00001c78    000003d0     rtsv7M4_T_le_v4SPD16_eabi.lib : memory.obj (.text)
                  00002048    0000039c     buttons4.obj (.text)
                  000023e4    0000037c     OrbitOled.obj (.text)
                  00002760    00000244     yawFiniteStateMachine.obj (.text)
                  000029a4    00000204     OrbitOledChar.obj (.text)
                  00002ba8    000001e8     mainRotorController.obj (.text)
                  00002d90    000001bc     tailRotorController.obj (.text)
                  00002f4c    00000180     helperFunctions.obj (.text)
                  000030cc    0000014a     userDisplay.obj (.text)
                  00003216    00000132     driverlib.lib : gpio.obj (.text:GPIOPadConfigSet)
                  00003348    0000012c     uartCommunication.obj (.text)
                  00003474    00000110     driverlib.lib : sysctl.obj (.text:SysCtlClockGet)
                  00003584    000000f4                   : sysctl.obj (.text:SysCtlClockSet)
                  00003678    000000b8     circBufT.obj (.text)
                  00003730    000000b4     helicopterAltitude.obj (.text)
                  000037e4    0000009c     rtsv7M4_T_le_v4SPD16_eabi.lib : memcpy_t2.obj (.text)
                  00003880    0000007a     driverlib.lib : adc.obj (.text:ADCSequenceStepConfigure)
                  000038fa    0000007a     rtsv7M4_T_le_v4SPD16_eabi.lib : memset_t2.obj (.text)
                  00003974    00000070                                   : autoinit.obj (.text)
                  000039e4    00000068     driverlib.lib : interrupt.obj (.text:IntEnable)
                  00003a4c    00000068     rtsv7M4_T_le_v4SPD16_eabi.lib : copy_decompress_lzss.obj (.text:decompress:lzss)
                  00003ab4    00000060     driverlib.lib : timer.obj (.text:TimerConfigure)
                  00003b14    0000005c     delay.obj (.text)
                  00003b70    00000058     driverlib.lib : gpio.obj (.text:GPIOIntTypeSet)
                  00003bc8    00000054     rtsv7M4_T_le_v4SPD16_eabi.lib : boot.obj (.text)
                  00003c1c    00000054                                   : exit.obj (.text)
                  00003c70    00000050     driverlib.lib : adc.obj (.text:ADCSequenceConfigure)
                  00003cc0    00000050                   : adc.obj (.text:_ADCIntNumberGet)
                  00003d10    0000004c                   : gpio.obj (.text:GPIOPinConfigure)
                  00003d5c    0000004c     rtsv7M4_T_le_v4SPD16_eabi.lib : cpy_tbl.obj (.text)
                  00003da8    00000046     driverlib.lib : uart.obj (.text:UARTConfigSetExpClk)
                  00003dee    00000002     rtsv7M4_T_le_v4SPD16_eabi.lib : i_div0.obj (.text)
                  00003df0    00000044     OrbitOLEDInterface.obj (.text)
                  00003e34    00000044     driverlib.lib : gpio.obj (.text:_GPIOIntNumberGet)
                  00003e78    00000040     rtsv7M4_T_le_v4SPD16_eabi.lib : u_divt2.obj (.text)
                  00003eb8    0000003c     driverlib.lib : ssi.obj (.text:SSIConfigSetExpClk)
                  00003ef4    00000034                   : interrupt.obj (.text:IntRegister)
                  00003f28    00000034                   : sysctl.obj (.text:SysCtlPeripheralEnable)
                  00003f5c    0000002c                   : gpio.obj (.text:GPIODirModeSet)
                  00003f88    00000022                   : pwm.obj (.text:PWMGenConfigure)
                  00003faa    00000002     rtsv7M4_T_le_v4SPD16_eabi.lib : mpu_init.obj (.text)
                  00003fac    00000020     driverlib.lib : uart.obj (.text:UARTDisable)
                  00003fcc    0000001e                   : adc.obj (.text:ADCSequenceDataGet)
                  00003fea    0000001e                   : pwm.obj (.text:PWMPulseWidthSet)
                  00004008    0000001c                   : systick.obj (.text:SysTickIntRegister)
                  00004024    00000018                   : adc.obj (.text:ADCIntRegister)
                  0000403c    00000018                   : adc.obj (.text:ADCProcessorTrigger)
                  00004054    00000018                   : gpio.obj (.text:GPIOIntRegister)
                  0000406c    00000018                   : gpio.obj (.text:GPIOPinTypeGPIOOutput)
                  00004084    00000018     rtsv7M4_T_le_v4SPD16_eabi.lib : args_main.obj (.text)
                  0000409c    00000016     driverlib.lib : gpio.obj (.text:GPIOPinTypeGPIOInput)
                  000040b2    00000016                   : gpio.obj (.text:GPIOPinTypePWM)
                  000040c8    00000016                   : gpio.obj (.text:GPIOPinTypeSSI)
                  000040de    00000016                   : gpio.obj (.text:GPIOPinTypeUART)
                  000040f4    00000014                   : sysctl.obj (.text:SysCtlPWMClockSet)
                  00004108    00000014                   : systick.obj (.text:SysTickEnable)
                  0000411c    00000014                   : systick.obj (.text:SysTickIntEnable)
                  00004130    00000014                   : uart.obj (.text:UARTEnable)
                  00004144    00000014     rtsv7M4_T_le_v4SPD16_eabi.lib : _lock.obj (.text)
                  00004158    00000012     driverlib.lib : pwm.obj (.text:PWMOutputState)
                  0000416a    00000010                   : adc.obj (.text:ADCIntEnable)
                  0000417a    00000010                   : interrupt.obj (.text:IntMasterEnable)
                  0000418a    00000010                   : pwm.obj (.text:PWMGenPeriodSet)
                  0000419a    00000002     rtsv7M4_T_le_v4SPD16_eabi.lib : startup.obj (.text)
                  0000419c    00000010     driverlib.lib : sysctl.obj (.text:SysCtlReset)
                  000041ac    00000010                   : systick.obj (.text:SysTickPeriodSet)
                  000041bc    0000000e                   : adc.obj (.text:ADCSequenceEnable)
                  000041ca    0000000e                   : gpio.obj (.text:GPIOIntDisable)
                  000041d8    0000000e                   : timer.obj (.text:TimerEnable)
                  000041e6    0000000e     rtsv7M4_T_le_v4SPD16_eabi.lib : copy_decompress_none.obj (.text:decompress:none)
                  000041f4    0000000c     driverlib.lib : cpu.obj (.text:CPUcpsie)
                  00004200    0000000c                   : gpio.obj (.text:GPIOIntEnable)
                  0000420c    0000000c                   : pwm.obj (.text:PWMGenEnable)
                  00004218    0000000c                   : ssi.obj (.text:SSIDataGet)
                  00004224    0000000c     rtsv7M4_T_le_v4SPD16_eabi.lib : copy_zero_init.obj (.text:decompress:ZI)
                  00004230    0000000c     tm4c123gh6pm_startup_ccs.obj (.text)
                  0000423c    0000000a     driverlib.lib : adc.obj (.text:ADCIntClear)
                  00004246    0000000a                   : ssi.obj (.text:SSIDataPut)
                  00004250    0000000a                   : ssi.obj (.text:SSIEnable)
                  0000425a    0000000a                   : timer.obj (.text:TimerValueGet)
                  00004264    0000000a                   : uart.obj (.text:UARTCharPut)
                  0000426e    0000000a                   : uart.obj (.text:UARTFIFOEnable)
                  00004278    00000008                   : ssi.obj (.text:SSIBusy)
                  00004280    00000006                   : gpio.obj (.text:GPIOIntClear)
                  00004286    00000006                   : gpio.obj (.text:GPIOPinRead)
                  0000428c    00000006                   : gpio.obj (.text:GPIOPinWrite)
                  00004292    00000006                   : ssi.obj (.text:SSIClockSourceSet)
                  00004298    00000006                   : sysctl.obj (.text:SysCtlDelay)
                  0000429e    00000004     rtsv7M4_T_le_v4SPD16_eabi.lib : pre_init.obj (.text)

.const     0    000042a4    00000648     
                  000042a4    00000300     ChrFont0.obj (.const:.string:rgbOledFont0)
                  000045a4    000000d8     driverlib.lib : gpio.obj (.const:g_ppui32GPIOIntMapSnowflake)
                  0000467c    000000c0                   : gpio.obj (.const:g_ppui32GPIOIntMapBlizzard)
                  0000473c    00000090                   : gpio.obj (.const:g_pui32GPIOBaseAddrs)
                  000047cc    0000006c                   : sysctl.obj (.const:g_pui32Xtals)
                  00004838    00000040     FillPat.obj (.const:.string:rgbFillPat)
                  00004878    00000030     ustdlib.obj (.const:g_psDaysToMonth)
                  000048a8    00000018     ustdlib.obj (.const:g_pfExponents)
                  000048c0    00000014     driverlib.lib : interrupt.obj (.const:g_pui32EnRegs)
                  000048d4    00000012     ustdlib.obj (.const:.string)
                  000048e6    00000002     --HOLE-- [fill = 0]
                  000048e8    00000004     ustdlib.obj (.const)

.cinit     0    000048f0    00000058     
                  000048f0    0000001f     (.cinit..data.load) [load image, compression = lzss]
                  0000490f    00000001     --HOLE-- [fill = 0]
                  00004910    0000000c     (__TI_handler_table)
                  0000491c    00000004     --HOLE-- [fill = 0]
                  00004920    00000008     (.cinit..bss.load) [load image, compression = zero_init]
                  00004928    00000008     (.cinit..vtable.load) [load image, compression = zero_init]
                  00004930    00000018     (__TI_cinit_table)

.init_array 
*          0    00000000    00000000     UNINITIALIZED

.vtable    0    20000000    0000026c     UNINITIALIZED
                  20000000    0000026c     driverlib.lib : interrupt.obj (.vtable)

.stack     0    2000026c    00001000     UNINITIALIZED
                  2000026c    00001000     --HOLE--

.sysmem    0    20001270    00001000     UNINITIALIZED
                  20001270    00000008     rtsv7M4_T_le_v4SPD16_eabi.lib : memory.obj (.sysmem)
                  20001278    00000ff8     --HOLE--

.bss       0    20002270    00000397     UNINITIALIZED
                  20002270    00000200     (.common:rgbOledBmp)
                  20002470    00000100     (.common:rgbOledFontUser)
                  20002570    00000010     (.common:g_inBuffer)
                  20002580    00000004     buttons4.obj (.bss:but_count)
                  20002584    00000004     buttons4.obj (.bss:but_flag)
                  20002588    00000004     buttons4.obj (.bss:but_normal)
                  2000258c    00000004     buttons4.obj (.bss:but_state)
                  20002590    00000004     (.common:ChannelA)
                  20002594    00000004     (.common:ChannelB)
                  20002598    00000004     (.common:bnOledCur)
                  2000259c    00000004     (.common:currentHelicopterAngle)
                  200025a0    00000004     (.common:desiredHelicopterAngle)
                  200025a4    00000004     (.common:dutyCycle)
                  200025a8    00000004     (.common:dxcoOledFontCur)
                  200025ac    00000004     (.common:dycoOledFontCur)
                  200025b0    00000004     (.common:errorIntegral)
                  200025b4    00000004     (.common:errorSignal)
                  200025b8    00000004     (.common:fOledCharUpdate)
                  200025bc    00000004     (.common:g_ulSampCnt)
                  200025c0    00000004     (.common:modOledCur)
                  200025c4    00000004     (.common:pbOledCur)
                  200025c8    00000004     (.common:pbOledFontCur)
                  200025cc    00000004     (.common:pbOledFontUser)
                  200025d0    00000004     (.common:pbOledPatCur)
                  200025d4    00000004     (.common:pfnDoRop)
                  200025d8    00000004     (.common:slotCount)
                  200025dc    00000004     (.common:xchOledCur)
                  200025e0    00000004     (.common:xchOledMax)
                  200025e4    00000004     (.common:xcoOledCur)
                  200025e8    00000004     (.common:ychOledCur)
                  200025ec    00000004     (.common:ychOledMax)
                  200025f0    00000004     (.common:ycoOledCur)
                  200025f4    00000002     (.common:currentHeight)
                  200025f6    00000002     (.common:groundReference)
                  200025f8    00000002     (.common:maxHeight)
                  200025fa    00000002     (.common:tailErrorSignal)
                  200025fc    00000001     (.common:PIDFlag)
                  200025fd    00000001     (.common:buttonUpdateFlag)
                  200025fe    00000001     (.common:clrOledCur)
                  200025ff    00000001     (.common:currentState)
                  20002600    00000001     (.common:desiredHelicopterHeightPercentage)
                  20002601    00000001     (.common:displayOLEDFlag)
                  20002602    00000001     (.common:displayUARTFlag)
                  20002603    00000001     (.common:mainRotorDutyCycle)
                  20002604    00000001     (.common:previousState)
                  20002605    00000001     (.common:referenceAngleSetState)
                  20002606    00000001     (.common:tailDutyCycle)

.data      0    20002608    00000037     UNINITIALIZED
                  20002608    0000000c     rtsv7M4_T_le_v4SPD16_eabi.lib : exit.obj (.data:$O1$$)
                  20002614    0000000c                                   : memory.obj (.data:$O1$$)
                  20002620    00000008                                   : _lock.obj (.data:$O1$$)
                  20002628    00000006     yawFiniteStateMachine.obj (.data)
                  2000262e    00000004     buttons4.obj (.data)
                  20002632    00000002     mainRotorController.obj (.data)
                  20002634    00000004     rtsv7M4_T_le_v4SPD16_eabi.lib : stkdepth_vars.obj (.data)
                  20002638    00000004     ustdlib.obj (.data)
                  2000263c    00000002     tailRotorController.obj (.data)
                  2000263e    00000001     helicopterMain.obj (.data)

MODULE SUMMARY

       Module                         code    ro data   rw data
       ------                         ----    -------   -------
    .\
       ustdlib.obj                    3204    94        4      
       helicopterMain.obj             1080    0         23     
       buttons4.obj                   924     0         20     
       tm4c123gh6pm_startup_ccs.obj   12      620       0      
       yawFiniteStateMachine.obj      580     0         20     
       mainRotorController.obj        488     0         14     
       tailRotorController.obj        444     0         4      
       helperFunctions.obj            384     0         0      
       userDisplay.obj                330     0         0      
       uartCommunication.obj          300     0         0      
       helicopterAltitude.obj         180     0         20     
       circBufT.obj                   184     0         0      
    +--+------------------------------+-------+---------+---------+
       Total:                         8110    714       105    
                                                               
    .\OrbitOLED\
       OrbitOLEDInterface.obj         68      0         0      
    +--+------------------------------+-------+---------+---------+
       Total:                         68      0         0      
                                                               
    .\OrbitOLED\lib_OrbitOled\
       OrbitOledGrph.obj              2384    0         8      
       OrbitOled.obj                  892     0         553    
       OrbitOledChar.obj              516     0         272    
       ChrFont0.obj                   0       768       0      
       delay.obj                      92      0         0      
       FillPat.obj                    0       64        0      
    +--+------------------------------+-------+---------+---------+
       Total:                         3884    832       833    
                                                               
    C:/ti/TivaWare_C_Series-2.1.4.178/driverlib/ccs/Debug/driverlib.lib
       gpio.obj                       762     552       0      
       interrupt.obj                  172     20        620    
       sysctl.obj                     610     108       0      
       adc.obj                        400     0         0      
       uart.obj                       142     0         0      
       timer.obj                      120     0         0      
       pwm.obj                        110     0         0      
       ssi.obj                        106     0         0      
       systick.obj                    84      0         0      
       cpu.obj                        12      0         0      
    +--+------------------------------+-------+---------+---------+
       Total:                         2518    680       620    
                                                               
    C:\ti\ccsv7\tools\compiler\ti-cgt-arm_16.9.6.LTS\lib\rtsv7M4_T_le_v4SPD16_eabi.lib
       memory.obj                     976     0         12     
       memcpy_t2.obj                  156     0         0      
       memset_t2.obj                  122     0         0      
       autoinit.obj                   112     0         0      
       copy_decompress_lzss.obj       104     0         0      
       exit.obj                       84      0         12     
       boot.obj                       84      0         0      
       cpy_tbl.obj                    76      0         0      
       u_divt2.obj                    64      0         0      
       _lock.obj                      20      0         8      
       args_main.obj                  24      0         0      
       copy_decompress_none.obj       14      0         0      
       copy_zero_init.obj             12      0         0      
       pre_init.obj                   4       0         0      
       stkdepth_vars.obj              0       0         4      
       i_div0.obj                     2       0         0      
       mpu_init.obj                   2       0         0      
       startup.obj                    2       0         0      
    +--+------------------------------+-------+---------+---------+
       Total:                         1858    0         36     
                                                               
       Heap:                          0       0         4096   
       Stack:                         0       0         4096   
       Linker Generated:              0       83        0      
    +--+------------------------------+-------+---------+---------+
       Grand Total:                   16438   2309      9786   


LINKER GENERATED COPY TABLES

__TI_cinit_table @ 00004930 records: 3, size/record: 8, table size: 24
	.data: load addr=000048f0, load size=0000001f bytes, run addr=20002608, run size=00000037 bytes, compression=lzss
	.bss: load addr=00004920, load size=00000008 bytes, run addr=20002270, run size=00000397 bytes, compression=zero_init
	.vtable: load addr=00004928, load size=00000008 bytes, run addr=20000000, run size=0000026c bytes, compression=zero_init


LINKER GENERATED HANDLER TABLE

__TI_handler_table @ 00004910 records: 3, size/record: 4, table size: 12
	index: 0, handler: __TI_zero_init
	index: 1, handler: __TI_decompress_lzss
	index: 2, handler: __TI_decompress_none


GLOBAL SYMBOLS: SORTED ALPHABETICALLY BY Name 

address   name                             
-------   ----                             
0000423d  ADCIntClear                      
0000416b  ADCIntEnable                     
00003731  ADCIntHandler                    
00004025  ADCIntRegister                   
0000403d  ADCProcessorTrigger              
00003c71  ADCSequenceConfigure             
00003fcd  ADCSequenceDataGet               
000041bd  ADCSequenceEnable                
00003881  ADCSequenceStepConfigure         
00003c1d  C$$EXIT                          
000041f5  CPUcpsie                         
20002590  ChannelA                         
20002594  ChannelB                         
00003b15  DelayInit                        
00003b2f  DelayMs                          
00003f5d  GPIODirModeSet                   
00004281  GPIOIntClear                     
000041cb  GPIOIntDisable                   
00004201  GPIOIntEnable                    
00004055  GPIOIntRegister                  
00003b71  GPIOIntTypeSet                   
00003217  GPIOPadConfigSet                 
00003d11  GPIOPinConfigure                 
00004287  GPIOPinRead                      
0000409d  GPIOPinTypeGPIOInput             
0000406d  GPIOPinTypeGPIOOutput            
000040b3  GPIOPinTypePWM                   
000040c9  GPIOPinTypeSSI                   
000040df  GPIOPinTypeUART                  
0000428d  GPIOPinWrite                     
000039e5  IntEnable                        
0000417b  IntMasterEnable                  
00003ef5  IntRegister                      
00003e17  OLEDInitialise                   
00003df1  OLEDStringDraw                   
00002b3d  OrbitOledAdvanceCursor           
000017e1  OrbitOledClampXco                
00001801  OrbitOledClampYco                
000025c1  OrbitOledClear                   
000025cd  OrbitOledClearBuffer             
00002a0d  OrbitOledDefUserChar             
0000253d  OrbitOledDevInit                 
00001623  OrbitOledDrawChar                
00002ac5  OrbitOledDrawGlyph               
00000fe7  OrbitOledDrawPixel               
0000112d  OrbitOledDrawRect                
00001683  OrbitOledDrawString              
000024c3  OrbitOledDvrInit                 
000011b1  OrbitOledFillRect                
000012f5  OrbitOledGetBmp                  
00002a75  OrbitOledGetCharUpdate           
000029f1  OrbitOledGetCursor               
00000fe1  OrbitOledGetDrawMode             
00001013  OrbitOledGetPixel                
00000f37  OrbitOledGetPos                  
00000f6b  OrbitOledGetStdPattern           
000023f9  OrbitOledHostInit                
000023e5  OrbitOledInit                    
0000102d  OrbitOledLineTo                  
00001779  OrbitOledMoveDown                
000017af  OrbitOledMoveLeft                
000017c7  OrbitOledMoveRight               
00000ef1  OrbitOledMoveTo                  
00001741  OrbitOledMoveUp                  
00001455  OrbitOledPutBmp                  
00002657  OrbitOledPutBuffer               
00002a7b  OrbitOledPutChar                 
00002a99  OrbitOledPutString               
000016ef  OrbitOledRopAnd                  
000016cb  OrbitOledRopOr                   
000016a1  OrbitOledRopSet                  
00001713  OrbitOledRopXor                  
00002a5d  OrbitOledSetCharUpdate           
000029a5  OrbitOledSetCursor               
00000f53  OrbitOledSetDrawColor            
00000f8d  OrbitOledSetDrawMode             
00000f7d  OrbitOledSetFillPattern          
000025fd  OrbitOledUpdate                  
200025fc  PIDFlag                          
00003f89  PWMGenConfigure                  
0000420d  PWMGenEnable                     
0000418b  PWMGenPeriodSet                  
00004159  PWMOutputState                   
00003feb  PWMPulseWidthSet                 
00004231  ResetISR                         
UNDEFED   SHT$$INIT_ARRAY$$Base            
UNDEFED   SHT$$INIT_ARRAY$$Limit           
00004279  SSIBusy                          
00004293  SSIClockSourceSet                
00003eb9  SSIConfigSetExpClk               
00004219  SSIDataGet                       
00004247  SSIDataPut                       
00004251  SSIEnable                        
000026bd  Ssi3PutByte                      
00003475  SysCtlClockGet                   
00003585  SysCtlClockSet                   
00004299  SysCtlDelay                      
000040f5  SysCtlPWMClockSet                
00003f29  SysCtlPeripheralEnable           
0000419d  SysCtlReset                      
00004109  SysTickEnable                    
0000411d  SysTickIntEnable                 
00001841  SysTickIntHandler                
00004009  SysTickIntRegister               
000041ad  SysTickPeriodSet                 
00003ab5  TimerConfigure                   
000041d9  TimerEnable                      
0000425b  TimerValueGet                    
00004265  UARTCharPut                      
00003da9  UARTConfigSetExpClk              
00003fad  UARTDisable                      
00004131  UARTEnable                       
0000426f  UARTFIFOEnable                   
0000338f  UARTSend                         
2000126c  __STACK_END                      
00001000  __STACK_SIZE                     
2000046c  __STACK_TOP                      
00001000  __SYSMEM_SIZE                    
00004930  __TI_CINIT_Base                  
00004948  __TI_CINIT_Limit                 
00004910  __TI_Handler_Table_Base          
0000491c  __TI_Handler_Table_Limit         
00003975  __TI_auto_init                   
20002608  __TI_cleanup_ptr                 
00003a4d  __TI_decompress_lzss             
000041e7  __TI_decompress_none             
2000260c  __TI_dtors_ptr                   
20002610  __TI_enable_exit_profile_output  
ffffffff  __TI_pprof_out_hndl              
ffffffff  __TI_prof_data_size              
ffffffff  __TI_prof_data_start             
00000000  __TI_static_base__               
00004225  __TI_zero_init                   
00003def  __aeabi_idiv0                    
000038fb  __aeabi_memclr                   
000038fb  __aeabi_memclr4                  
000038fb  __aeabi_memclr8                  
000037e5  __aeabi_memcpy                   
000037e5  __aeabi_memcpy4                  
000037e5  __aeabi_memcpy8                  
000038fd  __aeabi_memset                   
000038fd  __aeabi_memset4                  
000038fd  __aeabi_memset8                  
00003e79  __aeabi_uidiv                    
00003e79  __aeabi_uidivmod                 
ffffffff  __binit__                        
ffffffff  __c_args__                       
00003fab  __mpu_init                       
2000026c  __stack                          
00004085  _args_main                       
00003bc9  _c_int00                         
20002620  _lock                            
00004153  _nop                             
0000414b  _register_lock                   
00004145  _register_unlock                 
20001270  _sys_memory                      
0000419b  _system_post_cinit               
0000429f  _system_pre_init                 
20002624  _unlock                          
00003c21  abort                            
2000262d  angleReferenced                  
ffffffff  binit                            
20002598  bnOledCur                        
200025fd  buttonUpdateFlag                 
00002019  calloc                           
000021eb  checkButton                      
000030d5  clearOLED                        
200025fe  clrOledCur                       
00003d5d  copy_in                          
20002628  currentAngle                     
200025f4  currentHeight                    
2000259c  currentHelicopterAngle           
200025ff  currentState                     
20002630  desiredAngle                     
2000262e  desiredHeightPercentage          
200025a0  desiredHelicopterAngle           
20002600  desiredHelicopterHeightPercentage
20002601  displayOLEDFlag                  
20002602  displayUARTFlag                  
200025a4  dutyCycle                        
200025a8  dxcoOledFontCur                  
200025ac  dycoOledFontCur                  
200025b0  errorIntegral                    
200025b4  errorSignal                      
20002632  errorSignalPrevious              
00003c29  exit                             
200025b8  fOledCharUpdate                  
00002fb1  findDisplayAngle                 
0000306d  findMode                         
000018d3  flightController                 
2000263e  flightMode                       
00001d63  free                             
0000370b  freeCircBuf                      
20002570  g_inBuffer                       
20000000  g_pfnRAMVectors                  
00000000  g_pfnVectors                     
200025bc  g_ulSampCnt                      
0000294b  getCurrentAngle                  
00002395  getDesiredHeightPercentage       
000018b7  getFlightMode                    
00002953  getReferenceAngleSetState        
0000239d  getdesiredAngle                  
200025f6  groundReference                  
00002f4d  heightAsPercentage               
0000374f  initADC                          
00002049  initButtons                      
00003679  initCircBuf                      
0000188d  initClock                        
000030cd  initDisplay                      
0000291f  initReferenceTrigger             
00002335  initResetandSwitchISR            
00001897  initTimer                        
00002be1  initialiseMainRotorPWM           
00002dc5  initialiseTailRotorPWM           
00003349  initialiseUSB_UART               
00001ad9  main                             
00002c29  mainRotorControlLoop             
20002603  mainRotorDutyCycle               
20002634  main_func_sp                     
00001cf9  malloc                           
200025f8  maxHeight                        
00001f2d  memalign                         
000037e5  memcpy                           
00003903  memset                           
00001c79  minit                            
200025c0  modOledCur                       
200025c4  pbOledCur                        
200025c8  pbOledFontCur                    
200025cc  pbOledFontUser                   
200025d0  pbOledPatCur                     
200025d4  pfnDoRop                         
00002229  pollButtons                      
20002604  previousState                    
000036d7  readCircBuf                      
00001e23  realloc                          
2000262c  referenceAngleSet                
20002605  referenceAngleSetState           
000028f9  referenceTriggerHandler          
000022b5  resetAndSwitchISR                
000023b5  resetDesiredHeightAndAngle       
00004838  rgbFillPat                       
20002270  rgbOledBmp                       
000042a4  rgbOledFont0                     
20002470  rgbOledFontUser                  
000018bf  setFlightMode                    
00002ba9  setMainPWM                       
0000295b  setReferenceAngleSetState        
00002d91  setTailPWM                       
200025d8  slotCount                        
20002606  tailDutyCycle                    
200025fa  tailErrorSignal                  
2000263c  tailErrorSignalPrevious          
00002e11  tailRotorControlLoop             
00000751  ulocaltime                       
0000094f  umktime                          
0000378b  updateAltitude                   
00002117  updateButtons                    
00003101  updateOLEDDisplay                
000033af  updateUARTOutput                 
00000ec9  urand                            
00000721  usnprintf                        
000006ef  usprintf                         
00000eb9  usrand                           
00000e31  ustrcasecmp                      
00000ea5  ustrcmp                          
00000d35  ustrlen                          
00000d8d  ustrncasecmp                     
00000e45  ustrncmp                         
0000026d  ustrncpy                         
00000d57  ustrstr                          
00000afd  ustrtof                          
000009c5  ustrtoul                         
000002c5  uvsnprintf                       
000036a3  writeCircBuf                     
200025dc  xchOledCur                       
200025e0  xchOledMax                       
200025e4  xcoOledCur                       
00002761  yawFSM                           
0000287b  yawFSMInit                       
200025e8  ychOledCur                       
200025ec  ychOledMax                       
200025f0  ycoOledCur                       


GLOBAL SYMBOLS: SORTED BY Symbol Address 

address   name                             
-------   ----                             
00000000  __TI_static_base__               
00000000  g_pfnVectors                     
0000026d  ustrncpy                         
000002c5  uvsnprintf                       
000006ef  usprintf                         
00000721  usnprintf                        
00000751  ulocaltime                       
0000094f  umktime                          
000009c5  ustrtoul                         
00000afd  ustrtof                          
00000d35  ustrlen                          
00000d57  ustrstr                          
00000d8d  ustrncasecmp                     
00000e31  ustrcasecmp                      
00000e45  ustrncmp                         
00000ea5  ustrcmp                          
00000eb9  usrand                           
00000ec9  urand                            
00000ef1  OrbitOledMoveTo                  
00000f37  OrbitOledGetPos                  
00000f53  OrbitOledSetDrawColor            
00000f6b  OrbitOledGetStdPattern           
00000f7d  OrbitOledSetFillPattern          
00000f8d  OrbitOledSetDrawMode             
00000fe1  OrbitOledGetDrawMode             
00000fe7  OrbitOledDrawPixel               
00001000  __STACK_SIZE                     
00001000  __SYSMEM_SIZE                    
00001013  OrbitOledGetPixel                
0000102d  OrbitOledLineTo                  
0000112d  OrbitOledDrawRect                
000011b1  OrbitOledFillRect                
000012f5  OrbitOledGetBmp                  
00001455  OrbitOledPutBmp                  
00001623  OrbitOledDrawChar                
00001683  OrbitOledDrawString              
000016a1  OrbitOledRopSet                  
000016cb  OrbitOledRopOr                   
000016ef  OrbitOledRopAnd                  
00001713  OrbitOledRopXor                  
00001741  OrbitOledMoveUp                  
00001779  OrbitOledMoveDown                
000017af  OrbitOledMoveLeft                
000017c7  OrbitOledMoveRight               
000017e1  OrbitOledClampXco                
00001801  OrbitOledClampYco                
00001841  SysTickIntHandler                
0000188d  initClock                        
00001897  initTimer                        
000018b7  getFlightMode                    
000018bf  setFlightMode                    
000018d3  flightController                 
00001ad9  main                             
00001c79  minit                            
00001cf9  malloc                           
00001d63  free                             
00001e23  realloc                          
00001f2d  memalign                         
00002019  calloc                           
00002049  initButtons                      
00002117  updateButtons                    
000021eb  checkButton                      
00002229  pollButtons                      
000022b5  resetAndSwitchISR                
00002335  initResetandSwitchISR            
00002395  getDesiredHeightPercentage       
0000239d  getdesiredAngle                  
000023b5  resetDesiredHeightAndAngle       
000023e5  OrbitOledInit                    
000023f9  OrbitOledHostInit                
000024c3  OrbitOledDvrInit                 
0000253d  OrbitOledDevInit                 
000025c1  OrbitOledClear                   
000025cd  OrbitOledClearBuffer             
000025fd  OrbitOledUpdate                  
00002657  OrbitOledPutBuffer               
000026bd  Ssi3PutByte                      
00002761  yawFSM                           
0000287b  yawFSMInit                       
000028f9  referenceTriggerHandler          
0000291f  initReferenceTrigger             
0000294b  getCurrentAngle                  
00002953  getReferenceAngleSetState        
0000295b  setReferenceAngleSetState        
000029a5  OrbitOledSetCursor               
000029f1  OrbitOledGetCursor               
00002a0d  OrbitOledDefUserChar             
00002a5d  OrbitOledSetCharUpdate           
00002a75  OrbitOledGetCharUpdate           
00002a7b  OrbitOledPutChar                 
00002a99  OrbitOledPutString               
00002ac5  OrbitOledDrawGlyph               
00002b3d  OrbitOledAdvanceCursor           
00002ba9  setMainPWM                       
00002be1  initialiseMainRotorPWM           
00002c29  mainRotorControlLoop             
00002d91  setTailPWM                       
00002dc5  initialiseTailRotorPWM           
00002e11  tailRotorControlLoop             
00002f4d  heightAsPercentage               
00002fb1  findDisplayAngle                 
0000306d  findMode                         
000030cd  initDisplay                      
000030d5  clearOLED                        
00003101  updateOLEDDisplay                
00003217  GPIOPadConfigSet                 
00003349  initialiseUSB_UART               
0000338f  UARTSend                         
000033af  updateUARTOutput                 
00003475  SysCtlClockGet                   
00003585  SysCtlClockSet                   
00003679  initCircBuf                      
000036a3  writeCircBuf                     
000036d7  readCircBuf                      
0000370b  freeCircBuf                      
00003731  ADCIntHandler                    
0000374f  initADC                          
0000378b  updateAltitude                   
000037e5  __aeabi_memcpy                   
000037e5  __aeabi_memcpy4                  
000037e5  __aeabi_memcpy8                  
000037e5  memcpy                           
00003881  ADCSequenceStepConfigure         
000038fb  __aeabi_memclr                   
000038fb  __aeabi_memclr4                  
000038fb  __aeabi_memclr8                  
000038fd  __aeabi_memset                   
000038fd  __aeabi_memset4                  
000038fd  __aeabi_memset8                  
00003903  memset                           
00003975  __TI_auto_init                   
000039e5  IntEnable                        
00003a4d  __TI_decompress_lzss             
00003ab5  TimerConfigure                   
00003b15  DelayInit                        
00003b2f  DelayMs                          
00003b71  GPIOIntTypeSet                   
00003bc9  _c_int00                         
00003c1d  C$$EXIT                          
00003c21  abort                            
00003c29  exit                             
00003c71  ADCSequenceConfigure             
00003d11  GPIOPinConfigure                 
00003d5d  copy_in                          
00003da9  UARTConfigSetExpClk              
00003def  __aeabi_idiv0                    
00003df1  OLEDStringDraw                   
00003e17  OLEDInitialise                   
00003e79  __aeabi_uidiv                    
00003e79  __aeabi_uidivmod                 
00003eb9  SSIConfigSetExpClk               
00003ef5  IntRegister                      
00003f29  SysCtlPeripheralEnable           
00003f5d  GPIODirModeSet                   
00003f89  PWMGenConfigure                  
00003fab  __mpu_init                       
00003fad  UARTDisable                      
00003fcd  ADCSequenceDataGet               
00003feb  PWMPulseWidthSet                 
00004009  SysTickIntRegister               
00004025  ADCIntRegister                   
0000403d  ADCProcessorTrigger              
00004055  GPIOIntRegister                  
0000406d  GPIOPinTypeGPIOOutput            
00004085  _args_main                       
0000409d  GPIOPinTypeGPIOInput             
000040b3  GPIOPinTypePWM                   
000040c9  GPIOPinTypeSSI                   
000040df  GPIOPinTypeUART                  
000040f5  SysCtlPWMClockSet                
00004109  SysTickEnable                    
0000411d  SysTickIntEnable                 
00004131  UARTEnable                       
00004145  _register_unlock                 
0000414b  _register_lock                   
00004153  _nop                             
00004159  PWMOutputState                   
0000416b  ADCIntEnable                     
0000417b  IntMasterEnable                  
0000418b  PWMGenPeriodSet                  
0000419b  _system_post_cinit               
0000419d  SysCtlReset                      
000041ad  SysTickPeriodSet                 
000041bd  ADCSequenceEnable                
000041cb  GPIOIntDisable                   
000041d9  TimerEnable                      
000041e7  __TI_decompress_none             
000041f5  CPUcpsie                         
00004201  GPIOIntEnable                    
0000420d  PWMGenEnable                     
00004219  SSIDataGet                       
00004225  __TI_zero_init                   
00004231  ResetISR                         
0000423d  ADCIntClear                      
00004247  SSIDataPut                       
00004251  SSIEnable                        
0000425b  TimerValueGet                    
00004265  UARTCharPut                      
0000426f  UARTFIFOEnable                   
00004279  SSIBusy                          
00004281  GPIOIntClear                     
00004287  GPIOPinRead                      
0000428d  GPIOPinWrite                     
00004293  SSIClockSourceSet                
00004299  SysCtlDelay                      
0000429f  _system_pre_init                 
000042a4  rgbOledFont0                     
00004838  rgbFillPat                       
00004910  __TI_Handler_Table_Base          
0000491c  __TI_Handler_Table_Limit         
00004930  __TI_CINIT_Base                  
00004948  __TI_CINIT_Limit                 
20000000  g_pfnRAMVectors                  
2000026c  __stack                          
2000046c  __STACK_TOP                      
2000126c  __STACK_END                      
20001270  _sys_memory                      
20002270  rgbOledBmp                       
20002470  rgbOledFontUser                  
20002570  g_inBuffer                       
20002590  ChannelA                         
20002594  ChannelB                         
20002598  bnOledCur                        
2000259c  currentHelicopterAngle           
200025a0  desiredHelicopterAngle           
200025a4  dutyCycle                        
200025a8  dxcoOledFontCur                  
200025ac  dycoOledFontCur                  
200025b0  errorIntegral                    
200025b4  errorSignal                      
200025b8  fOledCharUpdate                  
200025bc  g_ulSampCnt                      
200025c0  modOledCur                       
200025c4  pbOledCur                        
200025c8  pbOledFontCur                    
200025cc  pbOledFontUser                   
200025d0  pbOledPatCur                     
200025d4  pfnDoRop                         
200025d8  slotCount                        
200025dc  xchOledCur                       
200025e0  xchOledMax                       
200025e4  xcoOledCur                       
200025e8  ychOledCur                       
200025ec  ychOledMax                       
200025f0  ycoOledCur                       
200025f4  currentHeight                    
200025f6  groundReference                  
200025f8  maxHeight                        
200025fa  tailErrorSignal                  
200025fc  PIDFlag                          
200025fd  buttonUpdateFlag                 
200025fe  clrOledCur                       
200025ff  currentState                     
20002600  desiredHelicopterHeightPercentage
20002601  displayOLEDFlag                  
20002602  displayUARTFlag                  
20002603  mainRotorDutyCycle               
20002604  previousState                    
20002605  referenceAngleSetState           
20002606  tailDutyCycle                    
20002608  __TI_cleanup_ptr                 
2000260c  __TI_dtors_ptr                   
20002610  __TI_enable_exit_profile_output  
20002620  _lock                            
20002624  _unlock                          
20002628  currentAngle                     
2000262c  referenceAngleSet                
2000262d  angleReferenced                  
2000262e  desiredHeightPercentage          
20002630  desiredAngle                     
20002632  errorSignalPrevious              
20002634  main_func_sp                     
2000263c  tailErrorSignalPrevious          
2000263e  flightMode                       
ffffffff  __TI_pprof_out_hndl              
ffffffff  __TI_prof_data_size              
ffffffff  __TI_prof_data_start             
ffffffff  __binit__                        
ffffffff  __c_args__                       
ffffffff  binit                            
UNDEFED   SHT$$INIT_ARRAY$$Base            
UNDEFED   SHT$$INIT_ARRAY$$Limit           

[282 symbols]
