******************************************************************************
                  TI ARM Linker Unix v16.9.6                   
******************************************************************************
>> Linked Sun May 26 16:57:04 2019

OUTPUT FILE NAME:   <Helicopter_Final.out>
ENTRY POINT SYMBOL: "_c_int00"  address: 00003fa1


MEMORY CONFIGURATION

         name            origin    length      used     unused   attr    fill
----------------------  --------  ---------  --------  --------  ----  --------
  FLASH                 00000000   00040000  00004e16  0003b1ea  R  X
  SRAM                  20000000   00008000  00002643  000059bd  RW X


SEGMENT ALLOCATION MAP

run origin  load origin   length   init length attrs members
----------  ----------- ---------- ----------- ----- -------
00000000    00000000    00004e18   00004e18    r-x
  00000000    00000000    0000026c   0000026c    r-- .intvecs
  0000026c    0000026c    000044a6   000044a6    r-x .text
  00004714    00004714    000006a4   000006a4    r-- .const
  00004db8    00004db8    00000060   00000060    r-- .cinit
20000000    20000000    00002648   00000000    rw-
  20000000    20000000    0000026c   00000000    rw- .vtable
  2000026c    2000026c    00001000   00000000    rw- .stack
  20001270    20001270    00001000   00000000    rw- .sysmem
  20002270    20002270    00000393   00000000    rw- .bss
  20002604    20002604    00000044   00000000    rw- .data


SECTION ALLOCATION MAP

 output                                  attributes/
section   page    origin      length       input sections
--------  ----  ----------  ----------   ----------------
.intvecs   0    00000000    0000026c     
                  00000000    0000026c     tm4c123gh6pm_startup_ccs.obj (.intvecs)

.text      0    0000026c    000044a6     
                  0000026c    00000c84     ustdlib.obj (.text)
                  00000ef0    00000950     OrbitOledGrph.obj (.text)
                  00001840    00000410     helicopterMain.obj (.text)
                  00001c50    000003d0     rtsv7M4_T_le_v4SPD16_eabi.lib : memory.obj (.text)
                  00002020    000003b4     buttons4.obj (.text)
                  000023d4    0000037c     OrbitOled.obj (.text)
                  00002750    00000258     mainRotorController.obj (.text)
                  000029a8    00000220     yawFiniteStateMachine.obj (.text)
                  00002bc8    00000204     OrbitOledChar.obj (.text)
                  00002dcc    000001f8     tailRotorController.obj (.text)
                  00002fc4    000001b6     rtsv7M4_T_le_v4SPD16_eabi.lib : fd_add_t2.obj (.text)
                  0000317a    00000002                                   : i_div0.obj (.text)
                  0000317c    000001b0     userDisplay.obj (.text)
                  0000332c    00000136     rtsv7M4_T_le_v4SPD16_eabi.lib : fd_div_t2.obj (.text)
                  00003462    00000132     driverlib.lib : gpio.obj (.text:GPIOPadConfigSet)
                  00003594    00000120     helperFunctions.obj (.text)
                  000036b4    00000110     driverlib.lib : sysctl.obj (.text:SysCtlClockGet)
                  000037c4    000000fc     rtsv7M4_T_le_v4SPD16_eabi.lib : fd_mul_t2.obj (.text)
                  000038c0    000000f4     driverlib.lib : sysctl.obj (.text:SysCtlClockSet)
                  000039b4    000000b8     circBufT.obj (.text)
                  00003a6c    0000009c     rtsv7M4_T_le_v4SPD16_eabi.lib : memcpy_t2.obj (.text)
                  00003b08    0000007a     driverlib.lib : adc.obj (.text:ADCSequenceStepConfigure)
                  00003b82    0000007a     rtsv7M4_T_le_v4SPD16_eabi.lib : memset_t2.obj (.text)
                  00003bfc    00000074     uartCommunication.obj (.text)
                  00003c70    00000070     rtsv7M4_T_le_v4SPD16_eabi.lib : autoinit.obj (.text)
                  00003ce0    0000006e                                   : fd_tos_t2.obj (.text)
                  00003d4e    00000002                                   : mpu_init.obj (.text)
                  00003d50    0000006c     helicopterAltitude.obj (.text)
                  00003dbc    00000068     driverlib.lib : interrupt.obj (.text:IntEnable)
                  00003e24    00000068     rtsv7M4_T_le_v4SPD16_eabi.lib : copy_decompress_lzss.obj (.text:decompress:lzss)
                  00003e8c    00000060     driverlib.lib : timer.obj (.text:TimerConfigure)
                  00003eec    0000005c     delay.obj (.text)
                  00003f48    00000056     driverlib.lib : gpio.obj (.text:GPIOIntTypeSet)
                  00003f9e    00000002     rtsv7M4_T_le_v4SPD16_eabi.lib : startup.obj (.text)
                  00003fa0    00000054                                   : boot.obj (.text)
                  00003ff4    00000054                                   : exit.obj (.text)
                  00004048    00000050     driverlib.lib : adc.obj (.text:ADCSequenceConfigure)
                  00004098    00000050                   : adc.obj (.text:_ADCIntNumberGet)
                  000040e8    0000004c     rtsv7M4_T_le_v4SPD16_eabi.lib : cpy_tbl.obj (.text)
                  00004134    00000048     driverlib.lib : gpio.obj (.text:GPIOPinConfigure)
                  0000417c    00000048     rtsv7M4_T_le_v4SPD16_eabi.lib : fd_toi_t2.obj (.text)
                  000041c4    00000046     driverlib.lib : uart.obj (.text:UARTConfigSetExpClk)
                  0000420a    00000002     --HOLE-- [fill = 0]
                  0000420c    00000044     OrbitOLEDInterface.obj (.text)
                  00004250    00000044     driverlib.lib : gpio.obj (.text:_GPIOIntNumberGet)
                  00004294    00000040     rtsv7M4_T_le_v4SPD16_eabi.lib : u_divt2.obj (.text)
                  000042d4    0000003c     driverlib.lib : ssi.obj (.text:SSIConfigSetExpClk)
                  00004310    00000038     rtsv7M4_T_le_v4SPD16_eabi.lib : fs_tod_t2.obj (.text)
                  00004348    00000034     driverlib.lib : interrupt.obj (.text:IntRegister)
                  0000437c    00000034                   : sysctl.obj (.text:SysCtlPeripheralEnable)
                  000043b0    0000002e     rtsv7M4_T_le_v4SPD16_eabi.lib : i_tofd_t2.obj (.text)
                  000043de    0000002a     driverlib.lib : gpio.obj (.text:GPIODirModeSet)
                  00004408    00000022                   : pwm.obj (.text:PWMGenConfigure)
                  0000442a    00000002     --HOLE-- [fill = 0]
                  0000442c    00000020                   : uart.obj (.text:UARTDisable)
                  0000444c    0000001e                   : adc.obj (.text:ADCSequenceDataGet)
                  0000446a    0000001e                   : pwm.obj (.text:PWMPulseWidthSet)
                  00004488    0000001c                   : systick.obj (.text:SysTickIntRegister)
                  000044a4    00000018                   : adc.obj (.text:ADCIntRegister)
                  000044bc    00000018                   : adc.obj (.text:ADCProcessorTrigger)
                  000044d4    00000018                   : gpio.obj (.text:GPIOIntRegister)
                  000044ec    00000018                   : gpio.obj (.text:GPIOPinTypeGPIOOutput)
                  00004504    00000018     rtsv7M4_T_le_v4SPD16_eabi.lib : args_main.obj (.text)
                  0000451c    00000014     driverlib.lib : sysctl.obj (.text:SysCtlPWMClockSet)
                  00004530    00000014                   : systick.obj (.text:SysTickEnable)
                  00004544    00000014                   : systick.obj (.text:SysTickIntEnable)
                  00004558    00000014                   : uart.obj (.text:UARTEnable)
                  0000456c    00000014     rtsv7M4_T_le_v4SPD16_eabi.lib : _lock.obj (.text)
                  00004580    00000012     driverlib.lib : gpio.obj (.text:GPIOPinTypeGPIOInput)
                  00004592    00000012                   : gpio.obj (.text:GPIOPinTypePWM)
                  000045a4    00000012                   : gpio.obj (.text:GPIOPinTypeSSI)
                  000045b6    00000012                   : gpio.obj (.text:GPIOPinTypeUART)
                  000045c8    00000012                   : pwm.obj (.text:PWMOutputState)
                  000045da    00000010                   : adc.obj (.text:ADCIntEnable)
                  000045ea    00000010                   : interrupt.obj (.text:IntMasterEnable)
                  000045fa    00000010                   : pwm.obj (.text:PWMGenPeriodSet)
                  0000460a    00000002     --HOLE-- [fill = 0]
                  0000460c    00000010                   : sysctl.obj (.text:SysCtlReset)
                  0000461c    00000010                   : systick.obj (.text:SysTickPeriodSet)
                  0000462c    0000000e                   : adc.obj (.text:ADCSequenceEnable)
                  0000463a    0000000e                   : gpio.obj (.text:GPIOIntDisable)
                  00004648    0000000e                   : timer.obj (.text:TimerEnable)
                  00004656    0000000e     rtsv7M4_T_le_v4SPD16_eabi.lib : copy_decompress_none.obj (.text:decompress:none)
                  00004664    0000000c     driverlib.lib : cpu.obj (.text:CPUcpsie)
                  00004670    0000000c                   : gpio.obj (.text:GPIOIntEnable)
                  0000467c    0000000c                   : pwm.obj (.text:PWMGenEnable)
                  00004688    0000000c                   : ssi.obj (.text:SSIDataGet)
                  00004694    0000000c     rtsv7M4_T_le_v4SPD16_eabi.lib : copy_zero_init.obj (.text:decompress:ZI)
                  000046a0    0000000c     tm4c123gh6pm_startup_ccs.obj (.text)
                  000046ac    0000000a     driverlib.lib : adc.obj (.text:ADCIntClear)
                  000046b6    0000000a                   : ssi.obj (.text:SSIDataPut)
                  000046c0    0000000a                   : ssi.obj (.text:SSIEnable)
                  000046ca    0000000a                   : timer.obj (.text:TimerValueGet)
                  000046d4    0000000a                   : uart.obj (.text:UARTCharPut)
                  000046de    0000000a                   : uart.obj (.text:UARTFIFOEnable)
                  000046e8    00000008                   : ssi.obj (.text:SSIBusy)
                  000046f0    00000006                   : gpio.obj (.text:GPIOIntClear)
                  000046f6    00000006                   : gpio.obj (.text:GPIOPinRead)
                  000046fc    00000006                   : gpio.obj (.text:GPIOPinWrite)
                  00004702    00000006                   : ssi.obj (.text:SSIClockSourceSet)
                  00004708    00000006                   : sysctl.obj (.text:SysCtlDelay)
                  0000470e    00000004     rtsv7M4_T_le_v4SPD16_eabi.lib : pre_init.obj (.text)

.const     0    00004714    000006a4     
                  00004714    00000300     ChrFont0.obj (.const:.string:rgbOledFont0)
                  00004a14    000000d8     driverlib.lib : gpio.obj (.const:g_ppui32GPIOIntMapSnowflake)
                  00004aec    000000c0                   : gpio.obj (.const:g_ppui32GPIOIntMapBlizzard)
                  00004bac    00000090                   : gpio.obj (.const:g_pui32GPIOBaseAddrs)
                  00004c3c    00000070                   : interrupt.obj (.const)
                  00004cac    0000006c                   : sysctl.obj (.const:g_pui32Xtals)
                  00004d18    00000040     FillPat.obj (.const:.string:rgbFillPat)
                  00004d58    00000030     ustdlib.obj (.const:g_psDaysToMonth)
                  00004d88    00000018     ustdlib.obj (.const:g_pfExponents)
                  00004da0    00000012     ustdlib.obj (.const:.string)
                  00004db2    00000002     --HOLE-- [fill = 0]
                  00004db4    00000004     ustdlib.obj (.const)

.cinit     0    00004db8    00000060     
                  00004db8    00000029     (.cinit..data.load) [load image, compression = lzss]
                  00004de1    00000003     --HOLE-- [fill = 0]
                  00004de4    0000000c     (__TI_handler_table)
                  00004df0    00000008     (.cinit..bss.load) [load image, compression = zero_init]
                  00004df8    00000008     (.cinit..vtable.load) [load image, compression = zero_init]
                  00004e00    00000018     (__TI_cinit_table)

.init_array 
*          0    00000000    00000000     UNINITIALIZED

.vtable    0    20000000    0000026c     UNINITIALIZED
                  20000000    0000026c     driverlib.lib : interrupt.obj (.vtable)

.stack     0    2000026c    00001000     UNINITIALIZED
                  2000026c    00001000     --HOLE--

.sysmem    0    20001270    00001000     UNINITIALIZED
                  20001270    00000008     rtsv7M4_T_le_v4SPD16_eabi.lib : memory.obj (.sysmem)
                  20001278    00000ff8     --HOLE--

.bss       0    20002270    00000393     UNINITIALIZED
                  20002270    00000200     (.common:rgbOledBmp)
                  20002470    00000100     (.common:rgbOledFontUser)
                  20002570    00000010     (.common:g_inBuffer)
                  20002580    00000008     (.common:errorIntegral)
                  20002588    00000004     buttons4.obj (.bss:but_count)
                  2000258c    00000004     buttons4.obj (.bss:but_flag)
                  20002590    00000004     buttons4.obj (.bss:but_normal)
                  20002594    00000004     buttons4.obj (.bss:but_state)
                  20002598    00000004     (.common:ChannelA)
                  2000259c    00000004     (.common:ChannelB)
                  200025a0    00000004     (.common:MAIN_PWM)
                  200025a4    00000004     (.common:TAIL_PWM)
                  200025a8    00000004     (.common:bnOledCur)
                  200025ac    00000004     (.common:dutyCycle)
                  200025b0    00000004     (.common:dxcoOledFontCur)
                  200025b4    00000004     (.common:dycoOledFontCur)
                  200025b8    00000004     (.common:errorSignal)
                  200025bc    00000004     (.common:fOledCharUpdate)
                  200025c0    00000004     (.common:g_ulSampCnt)
                  200025c4    00000004     (.common:modOledCur)
                  200025c8    00000004     (.common:pbOledCur)
                  200025cc    00000004     (.common:pbOledFontCur)
                  200025d0    00000004     (.common:pbOledFontUser)
                  200025d4    00000004     (.common:pbOledPatCur)
                  200025d8    00000004     (.common:pfnDoRop)
                  200025dc    00000004     (.common:slotCount)
                  200025e0    00000004     (.common:xchOledCur)
                  200025e4    00000004     (.common:xchOledMax)
                  200025e8    00000004     (.common:xcoOledCur)
                  200025ec    00000004     (.common:ychOledCur)
                  200025f0    00000004     (.common:ychOledMax)
                  200025f4    00000004     (.common:ycoOledCur)
                  200025f8    00000002     (.common:currentHeight)
                  200025fa    00000002     (.common:tailErrorSignal)
                  200025fc    00000001     (.common:PIDFlag)
                  200025fd    00000001     (.common:clrOledCur)
                  200025fe    00000001     (.common:currentState)
                  200025ff    00000001     (.common:displayFlag)
                  20002600    00000001     (.common:previousState)
                  20002601    00000001     (.common:resetPos)
                  20002602    00000001     (.common:switchChannel)

.data      0    20002604    00000044     UNINITIALIZED
                  20002604    0000000e     buttons4.obj (.data)
                  20002612    00000002     mainRotorController.obj (.data)
                  20002614    0000000c     rtsv7M4_T_le_v4SPD16_eabi.lib : exit.obj (.data:$O1$$)
                  20002620    0000000c                                   : memory.obj (.data:$O1$$)
                  2000262c    00000009     yawFiniteStateMachine.obj (.data)
                  20002635    00000001     --HOLE--
                  20002636    00000002     tailRotorController.obj (.data)
                  20002638    00000008     rtsv7M4_T_le_v4SPD16_eabi.lib : _lock.obj (.data:$O1$$)
                  20002640    00000004                                   : stkdepth_vars.obj (.data)
                  20002644    00000004     ustdlib.obj (.data)

MODULE SUMMARY

       Module                         code    ro data   rw data
       ------                         ----    -------   -------
    ./
       ustdlib.obj                    3204    94        4      
       helicopterMain.obj             1040    0         4      
       buttons4.obj                   948     0         32     
       tm4c123gh6pm_startup_ccs.obj   12      620       0      
       mainRotorController.obj        600     0         22     
       yawFiniteStateMachine.obj      544     0         23     
       tailRotorController.obj        504     0         8      
       userDisplay.obj                432     0         0      
       helperFunctions.obj            288     0         0      
       circBufT.obj                   184     0         0      
       helicopterAltitude.obj         108     0         20     
       uartCommunication.obj          116     0         0      
    +--+------------------------------+-------+---------+---------+
       Total:                         7980    714       113    
                                                               
    ./OrbitOLED/
       OrbitOLEDInterface.obj         68      0         0      
    +--+------------------------------+-------+---------+---------+
       Total:                         68      0         0      
                                                               
    ./OrbitOLED/lib_OrbitOled/
       OrbitOledGrph.obj              2384    0         8      
       OrbitOled.obj                  892     0         553    
       OrbitOledChar.obj              516     0         272    
       ChrFont0.obj                   0       768       0      
       delay.obj                      92      0         0      
       FillPat.obj                    0       64        0      
    +--+------------------------------+-------+---------+---------+
       Total:                         3884    832       833    
                                                               
    /home/harry/ti/TivaWare/driverlib/ccs/Debug/driverlib.lib
       gpio.obj                       738     552       0      
       interrupt.obj                  172     112       620    
       sysctl.obj                     610     108       0      
       adc.obj                        400     0         0      
       uart.obj                       142     0         0      
       timer.obj                      120     0         0      
       pwm.obj                        110     0         0      
       ssi.obj                        106     0         0      
       systick.obj                    84      0         0      
       cpu.obj                        12      0         0      
    +--+------------------------------+-------+---------+---------+
       Total:                         2494    772       620    
                                                               
    /home/harry/ti/ccsv7/tools/compiler/ti-cgt-arm_16.9.6.LTS/lib/rtsv7M4_T_le_v4SPD16_eabi.lib
       memory.obj                     976     0         12     
       fd_add_t2.obj                  438     0         0      
       fd_div_t2.obj                  310     0         0      
       fd_mul_t2.obj                  252     0         0      
       memcpy_t2.obj                  156     0         0      
       memset_t2.obj                  122     0         0      
       autoinit.obj                   112     0         0      
       fd_tos_t2.obj                  110     0         0      
       copy_decompress_lzss.obj       104     0         0      
       exit.obj                       84      0         12     
       boot.obj                       84      0         0      
       cpy_tbl.obj                    76      0         0      
       fd_toi_t2.obj                  72      0         0      
       u_divt2.obj                    64      0         0      
       fs_tod_t2.obj                  56      0         0      
       i_tofd_t2.obj                  46      0         0      
       _lock.obj                      20      0         8      
       args_main.obj                  24      0         0      
       copy_decompress_none.obj       14      0         0      
       copy_zero_init.obj             12      0         0      
       pre_init.obj                   4       0         0      
       stkdepth_vars.obj              0       0         4      
       i_div0.obj                     2       0         0      
       mpu_init.obj                   2       0         0      
       startup.obj                    2       0         0      
    +--+------------------------------+-------+---------+---------+
       Total:                         3142    0         36     
                                                               
       Heap:                          0       0         4096   
       Stack:                         0       0         4096   
       Linker Generated:              0       93        0      
    +--+------------------------------+-------+---------+---------+
       Grand Total:                   17568   2411      9794   


LINKER GENERATED COPY TABLES

__TI_cinit_table @ 00004e00 records: 3, size/record: 8, table size: 24
	.data: load addr=00004db8, load size=00000029 bytes, run addr=20002604, run size=00000044 bytes, compression=lzss
	.bss: load addr=00004df0, load size=00000008 bytes, run addr=20002270, run size=00000393 bytes, compression=zero_init
	.vtable: load addr=00004df8, load size=00000008 bytes, run addr=20000000, run size=0000026c bytes, compression=zero_init


LINKER GENERATED HANDLER TABLE

__TI_handler_table @ 00004de4 records: 3, size/record: 4, table size: 12
	index: 0, handler: __TI_zero_init
	index: 1, handler: __TI_decompress_lzss
	index: 2, handler: __TI_decompress_none


GLOBAL SYMBOLS: SORTED ALPHABETICALLY BY Name 

address   name                           
-------   ----                           
000046ad  ADCIntClear                    
000045db  ADCIntEnable                   
00003d51  ADCIntHandler                  
000044a5  ADCIntRegister                 
000044bd  ADCProcessorTrigger            
00004049  ADCSequenceConfigure           
0000444d  ADCSequenceDataGet             
0000462d  ADCSequenceEnable              
00003b09  ADCSequenceStepConfigure       
00003ff5  C$$EXIT                        
00004665  CPUcpsie                       
20002598  ChannelA                       
2000259c  ChannelB                       
00003eed  DelayInit                      
00003f07  DelayMs                        
000043df  GPIODirModeSet                 
000046f1  GPIOIntClear                   
0000463b  GPIOIntDisable                 
00004671  GPIOIntEnable                  
000044d5  GPIOIntRegister                
00003f49  GPIOIntTypeSet                 
00003463  GPIOPadConfigSet               
00004135  GPIOPinConfigure               
000046f7  GPIOPinRead                    
00004581  GPIOPinTypeGPIOInput           
000044ed  GPIOPinTypeGPIOOutput          
00004593  GPIOPinTypePWM                 
000045a5  GPIOPinTypeSSI                 
000045b7  GPIOPinTypeUART                
000046fd  GPIOPinWrite                   
00003dbd  IntEnable                      
000045eb  IntMasterEnable                
00004349  IntRegister                    
200025a0  MAIN_PWM                       
00004233  OLEDInitialise                 
0000420d  OLEDStringDraw                 
00002d61  OrbitOledAdvanceCursor         
000017e1  OrbitOledClampXco              
00001801  OrbitOledClampYco              
000025b1  OrbitOledClear                 
000025bd  OrbitOledClearBuffer           
00002c31  OrbitOledDefUserChar           
0000252d  OrbitOledDevInit               
00001623  OrbitOledDrawChar              
00002ce9  OrbitOledDrawGlyph             
00000fe7  OrbitOledDrawPixel             
0000112d  OrbitOledDrawRect              
00001683  OrbitOledDrawString            
000024b3  OrbitOledDvrInit               
000011b1  OrbitOledFillRect              
000012f5  OrbitOledGetBmp                
00002c99  OrbitOledGetCharUpdate         
00002c15  OrbitOledGetCursor             
00000fe1  OrbitOledGetDrawMode           
00001013  OrbitOledGetPixel              
00000f37  OrbitOledGetPos                
00000f6b  OrbitOledGetStdPattern         
000023e9  OrbitOledHostInit              
000023d5  OrbitOledInit                  
0000102d  OrbitOledLineTo                
00001779  OrbitOledMoveDown              
000017af  OrbitOledMoveLeft              
000017c7  OrbitOledMoveRight             
00000ef1  OrbitOledMoveTo                
00001741  OrbitOledMoveUp                
00001455  OrbitOledPutBmp                
00002647  OrbitOledPutBuffer             
00002c9f  OrbitOledPutChar               
00002cbd  OrbitOledPutString             
000016ef  OrbitOledRopAnd                
000016cb  OrbitOledRopOr                 
000016a1  OrbitOledRopSet                
00001713  OrbitOledRopXor                
00002c81  OrbitOledSetCharUpdate         
00002bc9  OrbitOledSetCursor             
00000f53  OrbitOledSetDrawColor          
00000f8d  OrbitOledSetDrawMode           
00000f7d  OrbitOledSetFillPattern        
000025ed  OrbitOledUpdate                
200025fc  PIDFlag                        
00004409  PWMGenConfigure                
0000467d  PWMGenEnable                   
000045fb  PWMGenPeriodSet                
000045c9  PWMOutputState                 
0000446b  PWMPulseWidthSet               
000046a1  ResetISR                       
UNDEFED   SHT$$INIT_ARRAY$$Base          
UNDEFED   SHT$$INIT_ARRAY$$Limit         
000046e9  SSIBusy                        
00004703  SSIClockSourceSet              
000042d5  SSIConfigSetExpClk             
00004689  SSIDataGet                     
000046b7  SSIDataPut                     
000046c1  SSIEnable                      
000026ad  Ssi3PutByte                    
000036b5  SysCtlClockGet                 
000038c1  SysCtlClockSet                 
00004709  SysCtlDelay                    
0000451d  SysCtlPWMClockSet              
0000437d  SysCtlPeripheralEnable         
0000460d  SysCtlReset                    
00004531  SysTickEnable                  
00004545  SysTickIntEnable               
00001841  SysTickIntHandler              
00004489  SysTickIntRegister             
0000461d  SysTickPeriodSet               
200025a4  TAIL_PWM                       
00003e8d  TimerConfigure                 
00004649  TimerEnable                    
000046cb  TimerValueGet                  
000046d5  UARTCharPut                    
000041c5  UARTConfigSetExpClk            
0000442d  UARTDisable                    
00004559  UARTEnable                     
000046df  UARTFIFOEnable                 
00003c43  UARTSend                       
2000126c  __STACK_END                    
00001000  __STACK_SIZE                   
2000046c  __STACK_TOP                    
00001000  __SYSMEM_SIZE                  
00004e00  __TI_CINIT_Base                
00004e18  __TI_CINIT_Limit               
00004de4  __TI_Handler_Table_Base        
00004df0  __TI_Handler_Table_Limit       
00003c71  __TI_auto_init                 
20002614  __TI_cleanup_ptr               
00003e25  __TI_decompress_lzss           
00004657  __TI_decompress_none           
20002618  __TI_dtors_ptr                 
2000261c  __TI_enable_exit_profile_output
ffffffff  __TI_pprof_out_hndl            
ffffffff  __TI_prof_data_size            
ffffffff  __TI_prof_data_start           
00000000  __TI_static_base__             
00004695  __TI_zero_init                 
00003ce1  __aeabi_d2f                    
0000417d  __aeabi_d2iz                   
00002fcf  __aeabi_dadd                   
0000332d  __aeabi_ddiv                   
000037c5  __aeabi_dmul                   
00002fc5  __aeabi_dsub                   
00004311  __aeabi_f2d                    
000043b1  __aeabi_i2d                    
0000317b  __aeabi_idiv0                  
00003b83  __aeabi_memclr                 
00003b83  __aeabi_memclr4                
00003b83  __aeabi_memclr8                
00003a6d  __aeabi_memcpy                 
00003a6d  __aeabi_memcpy4                
00003a6d  __aeabi_memcpy8                
00003b85  __aeabi_memset                 
00003b85  __aeabi_memset4                
00003b85  __aeabi_memset8                
00004295  __aeabi_uidiv                  
00004295  __aeabi_uidivmod               
ffffffff  __binit__                      
ffffffff  __c_args__                     
00003d4f  __mpu_init                     
2000026c  __stack                        
00004505  _args_main                     
00003fa1  _c_int00                       
20002638  _lock                          
0000457b  _nop                           
00004573  _register_lock                 
0000456d  _register_unlock               
20001270  _sys_memory                    
00003f9f  _system_post_cinit             
0000470f  _system_pre_init               
2000263c  _unlock                        
00003ff9  abort                          
2000262c  angleReferenced                
ffffffff  binit                          
200025a8  bnOledCur                      
00001ff1  calloc                         
000021c3  checkButton                    
00003185  clearOLED                      
200025fd  clrOledCur                     
000040e9  copy_in                        
20002630  currentAngle                   
200025f8  currentHeight                  
200025fe  currentState                   
20002606  desiredAngle                   
20002604  desiredHeightPercentage        
000031b1  displayAltitudePercentAndYaw   
200025ff  displayFlag                    
200025ac  dutyCycle                      
200025b0  dxcoOledFontCur                
200025b4  dycoOledFontCur                
20002580  errorIntegral                  
200025b8  errorSignal                    
20002612  errorSignalPrevious            
00004001  exit                           
200025bc  fOledCharUpdate                
000035f9  findDisplayAngle               
0000326b  findMode                       
2000260c  flightMode                     
00001d3b  free                           
00003a47  freeCircBuf                    
20002570  g_inBuffer                     
20000000  g_pfnRAMVectors                
00000000  g_pfnVectors                   
200025c0  g_ulSampCnt                    
00003595  heightAsPercentage             
00003d6f  initADC                        
00002021  initButtons                    
000039b5  initCircBuf                    
0000186b  initClock                      
0000317d  initDisplay                    
00002b67  initReferenceTrigger           
00002355  initSwitchandResetISR          
00001875  initTimer                      
00002789  initialiseMainRotorPWM         
00002e01  initialiseTailRotorPWM         
00003bfd  initialiseUSB_UART             
000018a5  main                           
000027cf  mainRotorControlLoop           
20002640  main_func_sp                   
00001cd1  malloc                         
00001f05  memalign                       
00003a6d  memcpy                         
00003b8b  memset                         
00001c51  minit                          
200025c4  modOledCur                     
200025c8  pbOledCur                      
200025cc  pbOledFontCur                  
200025d0  pbOledFontUser                 
200025d4  pbOledPatCur                   
200025d8  pfnDoRop                       
20002600  previousState                  
00003a13  readCircBuf                    
00001dfb  realloc                        
2000260e  referenceAngle                 
20002634  referenceAngleSet              
00002b41  referenceTriggerHandler        
20002601  resetPos                       
00004d18  rgbFillPat                     
20002270  rgbOledBmp                     
00004714  rgbOledFont0                   
20002470  rgbOledFontUser                
00002751  setMainPWM                     
00002dcd  setTailPWM                     
200025dc  slotCount                      
20002602  switchChannel                  
000022a1  switchMode                     
200025fa  tailErrorSignal                
20002636  tailErrorSignalPrevious        
00002e4b  tailRotorControlLoop           
20002611  taken_off                      
20002610  testVariable                   
00000751  ulocaltime                     
0000094f  umktime                        
000020ef  updateButtons                  
00002201  updateDesiredAltAndYawValue    
00000ec9  urand                          
00000721  usnprintf                      
000006ef  usprintf                       
00000eb9  usrand                         
00000e31  ustrcasecmp                    
00000ea5  ustrcmp                        
00000d35  ustrlen                        
00000d8d  ustrncasecmp                   
00000e45  ustrncmp                       
0000026d  ustrncpy                       
00000d57  ustrstr                        
00000afd  ustrtof                        
000009c5  ustrtoul                       
000002c5  uvsnprintf                     
20002608  variableTest                   
000039df  writeCircBuf                   
200025e0  xchOledCur                     
200025e4  xchOledMax                     
200025e8  xcoOledCur                     
000029a9  yawFSM                         
00002ac3  yawFSMInit                     
200025ec  ychOledCur                     
200025f0  ychOledMax                     
200025f4  ycoOledCur                     


GLOBAL SYMBOLS: SORTED BY Symbol Address 

address   name                           
-------   ----                           
00000000  __TI_static_base__             
00000000  g_pfnVectors                   
0000026d  ustrncpy                       
000002c5  uvsnprintf                     
000006ef  usprintf                       
00000721  usnprintf                      
00000751  ulocaltime                     
0000094f  umktime                        
000009c5  ustrtoul                       
00000afd  ustrtof                        
00000d35  ustrlen                        
00000d57  ustrstr                        
00000d8d  ustrncasecmp                   
00000e31  ustrcasecmp                    
00000e45  ustrncmp                       
00000ea5  ustrcmp                        
00000eb9  usrand                         
00000ec9  urand                          
00000ef1  OrbitOledMoveTo                
00000f37  OrbitOledGetPos                
00000f53  OrbitOledSetDrawColor          
00000f6b  OrbitOledGetStdPattern         
00000f7d  OrbitOledSetFillPattern        
00000f8d  OrbitOledSetDrawMode           
00000fe1  OrbitOledGetDrawMode           
00000fe7  OrbitOledDrawPixel             
00001000  __STACK_SIZE                   
00001000  __SYSMEM_SIZE                  
00001013  OrbitOledGetPixel              
0000102d  OrbitOledLineTo                
0000112d  OrbitOledDrawRect              
000011b1  OrbitOledFillRect              
000012f5  OrbitOledGetBmp                
00001455  OrbitOledPutBmp                
00001623  OrbitOledDrawChar              
00001683  OrbitOledDrawString            
000016a1  OrbitOledRopSet                
000016cb  OrbitOledRopOr                 
000016ef  OrbitOledRopAnd                
00001713  OrbitOledRopXor                
00001741  OrbitOledMoveUp                
00001779  OrbitOledMoveDown              
000017af  OrbitOledMoveLeft              
000017c7  OrbitOledMoveRight             
000017e1  OrbitOledClampXco              
00001801  OrbitOledClampYco              
00001841  SysTickIntHandler              
0000186b  initClock                      
00001875  initTimer                      
000018a5  main                           
00001c51  minit                          
00001cd1  malloc                         
00001d3b  free                           
00001dfb  realloc                        
00001f05  memalign                       
00001ff1  calloc                         
00002021  initButtons                    
000020ef  updateButtons                  
000021c3  checkButton                    
00002201  updateDesiredAltAndYawValue    
000022a1  switchMode                     
00002355  initSwitchandResetISR          
000023d5  OrbitOledInit                  
000023e9  OrbitOledHostInit              
000024b3  OrbitOledDvrInit               
0000252d  OrbitOledDevInit               
000025b1  OrbitOledClear                 
000025bd  OrbitOledClearBuffer           
000025ed  OrbitOledUpdate                
00002647  OrbitOledPutBuffer             
000026ad  Ssi3PutByte                    
00002751  setMainPWM                     
00002789  initialiseMainRotorPWM         
000027cf  mainRotorControlLoop           
000029a9  yawFSM                         
00002ac3  yawFSMInit                     
00002b41  referenceTriggerHandler        
00002b67  initReferenceTrigger           
00002bc9  OrbitOledSetCursor             
00002c15  OrbitOledGetCursor             
00002c31  OrbitOledDefUserChar           
00002c81  OrbitOledSetCharUpdate         
00002c99  OrbitOledGetCharUpdate         
00002c9f  OrbitOledPutChar               
00002cbd  OrbitOledPutString             
00002ce9  OrbitOledDrawGlyph             
00002d61  OrbitOledAdvanceCursor         
00002dcd  setTailPWM                     
00002e01  initialiseTailRotorPWM         
00002e4b  tailRotorControlLoop           
00002fc5  __aeabi_dsub                   
00002fcf  __aeabi_dadd                   
0000317b  __aeabi_idiv0                  
0000317d  initDisplay                    
00003185  clearOLED                      
000031b1  displayAltitudePercentAndYaw   
0000326b  findMode                       
0000332d  __aeabi_ddiv                   
00003463  GPIOPadConfigSet               
00003595  heightAsPercentage             
000035f9  findDisplayAngle               
000036b5  SysCtlClockGet                 
000037c5  __aeabi_dmul                   
000038c1  SysCtlClockSet                 
000039b5  initCircBuf                    
000039df  writeCircBuf                   
00003a13  readCircBuf                    
00003a47  freeCircBuf                    
00003a6d  __aeabi_memcpy                 
00003a6d  __aeabi_memcpy4                
00003a6d  __aeabi_memcpy8                
00003a6d  memcpy                         
00003b09  ADCSequenceStepConfigure       
00003b83  __aeabi_memclr                 
00003b83  __aeabi_memclr4                
00003b83  __aeabi_memclr8                
00003b85  __aeabi_memset                 
00003b85  __aeabi_memset4                
00003b85  __aeabi_memset8                
00003b8b  memset                         
00003bfd  initialiseUSB_UART             
00003c43  UARTSend                       
00003c71  __TI_auto_init                 
00003ce1  __aeabi_d2f                    
00003d4f  __mpu_init                     
00003d51  ADCIntHandler                  
00003d6f  initADC                        
00003dbd  IntEnable                      
00003e25  __TI_decompress_lzss           
00003e8d  TimerConfigure                 
00003eed  DelayInit                      
00003f07  DelayMs                        
00003f49  GPIOIntTypeSet                 
00003f9f  _system_post_cinit             
00003fa1  _c_int00                       
00003ff5  C$$EXIT                        
00003ff9  abort                          
00004001  exit                           
00004049  ADCSequenceConfigure           
000040e9  copy_in                        
00004135  GPIOPinConfigure               
0000417d  __aeabi_d2iz                   
000041c5  UARTConfigSetExpClk            
0000420d  OLEDStringDraw                 
00004233  OLEDInitialise                 
00004295  __aeabi_uidiv                  
00004295  __aeabi_uidivmod               
000042d5  SSIConfigSetExpClk             
00004311  __aeabi_f2d                    
00004349  IntRegister                    
0000437d  SysCtlPeripheralEnable         
000043b1  __aeabi_i2d                    
000043df  GPIODirModeSet                 
00004409  PWMGenConfigure                
0000442d  UARTDisable                    
0000444d  ADCSequenceDataGet             
0000446b  PWMPulseWidthSet               
00004489  SysTickIntRegister             
000044a5  ADCIntRegister                 
000044bd  ADCProcessorTrigger            
000044d5  GPIOIntRegister                
000044ed  GPIOPinTypeGPIOOutput          
00004505  _args_main                     
0000451d  SysCtlPWMClockSet              
00004531  SysTickEnable                  
00004545  SysTickIntEnable               
00004559  UARTEnable                     
0000456d  _register_unlock               
00004573  _register_lock                 
0000457b  _nop                           
00004581  GPIOPinTypeGPIOInput           
00004593  GPIOPinTypePWM                 
000045a5  GPIOPinTypeSSI                 
000045b7  GPIOPinTypeUART                
000045c9  PWMOutputState                 
000045db  ADCIntEnable                   
000045eb  IntMasterEnable                
000045fb  PWMGenPeriodSet                
0000460d  SysCtlReset                    
0000461d  SysTickPeriodSet               
0000462d  ADCSequenceEnable              
0000463b  GPIOIntDisable                 
00004649  TimerEnable                    
00004657  __TI_decompress_none           
00004665  CPUcpsie                       
00004671  GPIOIntEnable                  
0000467d  PWMGenEnable                   
00004689  SSIDataGet                     
00004695  __TI_zero_init                 
000046a1  ResetISR                       
000046ad  ADCIntClear                    
000046b7  SSIDataPut                     
000046c1  SSIEnable                      
000046cb  TimerValueGet                  
000046d5  UARTCharPut                    
000046df  UARTFIFOEnable                 
000046e9  SSIBusy                        
000046f1  GPIOIntClear                   
000046f7  GPIOPinRead                    
000046fd  GPIOPinWrite                   
00004703  SSIClockSourceSet              
00004709  SysCtlDelay                    
0000470f  _system_pre_init               
00004714  rgbOledFont0                   
00004d18  rgbFillPat                     
00004de4  __TI_Handler_Table_Base        
00004df0  __TI_Handler_Table_Limit       
00004e00  __TI_CINIT_Base                
00004e18  __TI_CINIT_Limit               
20000000  g_pfnRAMVectors                
2000026c  __stack                        
2000046c  __STACK_TOP                    
2000126c  __STACK_END                    
20001270  _sys_memory                    
20002270  rgbOledBmp                     
20002470  rgbOledFontUser                
20002570  g_inBuffer                     
20002580  errorIntegral                  
20002598  ChannelA                       
2000259c  ChannelB                       
200025a0  MAIN_PWM                       
200025a4  TAIL_PWM                       
200025a8  bnOledCur                      
200025ac  dutyCycle                      
200025b0  dxcoOledFontCur                
200025b4  dycoOledFontCur                
200025b8  errorSignal                    
200025bc  fOledCharUpdate                
200025c0  g_ulSampCnt                    
200025c4  modOledCur                     
200025c8  pbOledCur                      
200025cc  pbOledFontCur                  
200025d0  pbOledFontUser                 
200025d4  pbOledPatCur                   
200025d8  pfnDoRop                       
200025dc  slotCount                      
200025e0  xchOledCur                     
200025e4  xchOledMax                     
200025e8  xcoOledCur                     
200025ec  ychOledCur                     
200025f0  ychOledMax                     
200025f4  ycoOledCur                     
200025f8  currentHeight                  
200025fa  tailErrorSignal                
200025fc  PIDFlag                        
200025fd  clrOledCur                     
200025fe  currentState                   
200025ff  displayFlag                    
20002600  previousState                  
20002601  resetPos                       
20002602  switchChannel                  
20002604  desiredHeightPercentage        
20002606  desiredAngle                   
20002608  variableTest                   
2000260c  flightMode                     
2000260e  referenceAngle                 
20002610  testVariable                   
20002611  taken_off                      
20002612  errorSignalPrevious            
20002614  __TI_cleanup_ptr               
20002618  __TI_dtors_ptr                 
2000261c  __TI_enable_exit_profile_output
2000262c  angleReferenced                
20002630  currentAngle                   
20002634  referenceAngleSet              
20002636  tailErrorSignalPrevious        
20002638  _lock                          
2000263c  _unlock                        
20002640  main_func_sp                   
ffffffff  __TI_pprof_out_hndl            
ffffffff  __TI_prof_data_size            
ffffffff  __TI_prof_data_start           
ffffffff  __binit__                      
ffffffff  __c_args__                     
ffffffff  binit                          
UNDEFED   SHT$$INIT_ARRAY$$Base          
UNDEFED   SHT$$INIT_ARRAY$$Limit         

[277 symbols]
