******************************************************************************
                  TI ARM Linker PC v16.9.6                     
******************************************************************************
>> Linked Sun Jun 02 12:28:24 2019

OUTPUT FILE NAME:   <Helicopter_Final.out>
ENTRY POINT SYMBOL: "_c_int00"  address: 00004019


MEMORY CONFIGURATION

         name            origin    length      used     unused   attr    fill
----------------------  --------  ---------  --------  --------  ----  --------
  FLASH                 00000000   00040000  00004e30  0003b1d0  R  X
  SRAM                  20000000   00008000  00002647  000059b9  RW X


SEGMENT ALLOCATION MAP

run origin  load origin   length   init length attrs members
----------  ----------- ---------- ----------- ----- -------
00000000    00000000    00004e30   00004e30    r-x
  00000000    00000000    0000026c   0000026c    r-- .intvecs
  0000026c    0000026c    00004524   00004524    r-x .text
  00004790    00004790    00000648   00000648    r-- .const
  00004dd8    00004dd8    00000058   00000058    r-- .cinit
20000000    20000000    0000264c   00000000    rw-
  20000000    20000000    0000026c   00000000    rw- .vtable
  2000026c    2000026c    00001000   00000000    rw- .stack
  20001270    20001270    00001000   00000000    rw- .sysmem
  20002270    20002270    0000039f   00000000    rw- .bss
  20002610    20002610    0000003c   00000000    rw- .data


SECTION ALLOCATION MAP

 output                                  attributes/
section   page    origin      length       input sections
--------  ----  ----------  ----------   ----------------
.intvecs   0    00000000    0000026c     
                  00000000    0000026c     tm4c123gh6pm_startup_ccs.obj (.intvecs)

.text      0    0000026c    00004524     
                  0000026c    00000c84     ustdlib.obj (.text)
                  00000ef0    00000950     OrbitOledGrph.obj (.text)
                  00001840    00000444     helicopterMain.obj (.text)
                  00001c84    000003d0     rtsv7M4_T_le_v4SPD16_eabi.lib : memory.obj (.text)
                  00002054    0000038c     buttons4.obj (.text)
                  000023e0    0000037c     OrbitOled.obj (.text)
                  0000275c    0000023c     yawFiniteStateMachine.obj (.text)
                  00002998    0000022c     mainRotorController.obj (.text)
                  00002bc4    00000204     OrbitOledChar.obj (.text)
                  00002dc8    000001e8     tailRotorController.obj (.text)
                  00002fb0    000001b6     rtsv7M4_T_le_v4SPD16_eabi.lib : fd_add_t2.obj (.text)
                  00003166    00000002                                   : i_div0.obj (.text)
                  00003168    00000180     helperFunctions.obj (.text)
                  000032e8    0000014a     userDisplay.obj (.text)
                  00003432    00000136     rtsv7M4_T_le_v4SPD16_eabi.lib : fd_div_t2.obj (.text)
                  00003568    00000132     driverlib.lib : gpio.obj (.text:GPIOPadConfigSet)
                  0000369a    00000002     rtsv7M4_T_le_v4SPD16_eabi.lib : mpu_init.obj (.text)
                  0000369c    0000012c     uartCommunication.obj (.text)
                  000037c8    00000110     driverlib.lib : sysctl.obj (.text:SysCtlClockGet)
                  000038d8    000000fc     rtsv7M4_T_le_v4SPD16_eabi.lib : fd_mul_t2.obj (.text)
                  000039d4    000000f4     driverlib.lib : sysctl.obj (.text:SysCtlClockSet)
                  00003ac8    000000b8     circBufT.obj (.text)
                  00003b80    000000b4     helicopterAltitude.obj (.text)
                  00003c34    0000009c     rtsv7M4_T_le_v4SPD16_eabi.lib : memcpy_t2.obj (.text)
                  00003cd0    0000007a     driverlib.lib : adc.obj (.text:ADCSequenceStepConfigure)
                  00003d4a    0000007a     rtsv7M4_T_le_v4SPD16_eabi.lib : memset_t2.obj (.text)
                  00003dc4    00000070                                   : autoinit.obj (.text)
                  00003e34    00000068     driverlib.lib : interrupt.obj (.text:IntEnable)
                  00003e9c    00000068     rtsv7M4_T_le_v4SPD16_eabi.lib : copy_decompress_lzss.obj (.text:decompress:lzss)
                  00003f04    00000060     driverlib.lib : timer.obj (.text:TimerConfigure)
                  00003f64    0000005c     delay.obj (.text)
                  00003fc0    00000058     driverlib.lib : gpio.obj (.text:GPIOIntTypeSet)
                  00004018    00000054     rtsv7M4_T_le_v4SPD16_eabi.lib : boot.obj (.text)
                  0000406c    00000054                                   : exit.obj (.text)
                  000040c0    00000050     driverlib.lib : adc.obj (.text:ADCSequenceConfigure)
                  00004110    00000050                   : adc.obj (.text:_ADCIntNumberGet)
                  00004160    0000004c                   : gpio.obj (.text:GPIOPinConfigure)
                  000041ac    0000004c     rtsv7M4_T_le_v4SPD16_eabi.lib : cpy_tbl.obj (.text)
                  000041f8    00000048                                   : fd_toi_t2.obj (.text)
                  00004240    00000046     driverlib.lib : uart.obj (.text:UARTConfigSetExpClk)
                  00004286    00000002     rtsv7M4_T_le_v4SPD16_eabi.lib : startup.obj (.text)
                  00004288    00000044     OrbitOLEDInterface.obj (.text)
                  000042cc    00000044     driverlib.lib : gpio.obj (.text:_GPIOIntNumberGet)
                  00004310    00000040     rtsv7M4_T_le_v4SPD16_eabi.lib : u_divt2.obj (.text)
                  00004350    0000003c     driverlib.lib : ssi.obj (.text:SSIConfigSetExpClk)
                  0000438c    00000038     rtsv7M4_T_le_v4SPD16_eabi.lib : fs_tod_t2.obj (.text)
                  000043c4    00000034     driverlib.lib : interrupt.obj (.text:IntRegister)
                  000043f8    00000034                   : sysctl.obj (.text:SysCtlPeripheralEnable)
                  0000442c    0000002e     rtsv7M4_T_le_v4SPD16_eabi.lib : i_tofd_t2.obj (.text)
                  0000445a    0000002c     driverlib.lib : gpio.obj (.text:GPIODirModeSet)
                  00004486    00000022                   : pwm.obj (.text:PWMGenConfigure)
                  000044a8    00000020                   : uart.obj (.text:UARTDisable)
                  000044c8    0000001e                   : adc.obj (.text:ADCSequenceDataGet)
                  000044e6    0000001e                   : pwm.obj (.text:PWMPulseWidthSet)
                  00004504    0000001c                   : systick.obj (.text:SysTickIntRegister)
                  00004520    00000018                   : adc.obj (.text:ADCIntRegister)
                  00004538    00000018                   : adc.obj (.text:ADCProcessorTrigger)
                  00004550    00000018                   : gpio.obj (.text:GPIOIntRegister)
                  00004568    00000018                   : gpio.obj (.text:GPIOPinTypeGPIOOutput)
                  00004580    00000018     rtsv7M4_T_le_v4SPD16_eabi.lib : args_main.obj (.text)
                  00004598    00000016     driverlib.lib : gpio.obj (.text:GPIOPinTypeGPIOInput)
                  000045ae    00000016                   : gpio.obj (.text:GPIOPinTypePWM)
                  000045c4    00000016                   : gpio.obj (.text:GPIOPinTypeSSI)
                  000045da    00000016                   : gpio.obj (.text:GPIOPinTypeUART)
                  000045f0    00000014                   : sysctl.obj (.text:SysCtlPWMClockSet)
                  00004604    00000014                   : systick.obj (.text:SysTickEnable)
                  00004618    00000014                   : systick.obj (.text:SysTickIntEnable)
                  0000462c    00000014                   : uart.obj (.text:UARTEnable)
                  00004640    00000014     rtsv7M4_T_le_v4SPD16_eabi.lib : _lock.obj (.text)
                  00004654    00000012     driverlib.lib : pwm.obj (.text:PWMOutputState)
                  00004666    00000010                   : adc.obj (.text:ADCIntEnable)
                  00004676    00000010                   : interrupt.obj (.text:IntMasterEnable)
                  00004686    00000010                   : pwm.obj (.text:PWMGenPeriodSet)
                  00004696    00000002     --HOLE-- [fill = 0]
                  00004698    00000010                   : sysctl.obj (.text:SysCtlReset)
                  000046a8    00000010                   : systick.obj (.text:SysTickPeriodSet)
                  000046b8    0000000e                   : adc.obj (.text:ADCSequenceEnable)
                  000046c6    0000000e                   : timer.obj (.text:TimerEnable)
                  000046d4    0000000e     rtsv7M4_T_le_v4SPD16_eabi.lib : copy_decompress_none.obj (.text:decompress:none)
                  000046e2    0000000c     driverlib.lib : cpu.obj (.text:CPUcpsie)
                  000046ee    0000000c                   : gpio.obj (.text:GPIOIntEnable)
                  000046fa    0000000c                   : pwm.obj (.text:PWMGenEnable)
                  00004706    0000000c                   : ssi.obj (.text:SSIDataGet)
                  00004712    0000000c     rtsv7M4_T_le_v4SPD16_eabi.lib : copy_zero_init.obj (.text:decompress:ZI)
                  0000471e    0000000c     tm4c123gh6pm_startup_ccs.obj (.text)
                  0000472a    0000000a     driverlib.lib : adc.obj (.text:ADCIntClear)
                  00004734    0000000a                   : ssi.obj (.text:SSIDataPut)
                  0000473e    0000000a                   : ssi.obj (.text:SSIEnable)
                  00004748    0000000a                   : timer.obj (.text:TimerValueGet)
                  00004752    0000000a                   : uart.obj (.text:UARTCharPut)
                  0000475c    0000000a                   : uart.obj (.text:UARTFIFOEnable)
                  00004766    00000008                   : ssi.obj (.text:SSIBusy)
                  0000476e    00000006                   : gpio.obj (.text:GPIOIntClear)
                  00004774    00000006                   : gpio.obj (.text:GPIOPinRead)
                  0000477a    00000006                   : gpio.obj (.text:GPIOPinWrite)
                  00004780    00000006                   : ssi.obj (.text:SSIClockSourceSet)
                  00004786    00000006                   : sysctl.obj (.text:SysCtlDelay)
                  0000478c    00000004     rtsv7M4_T_le_v4SPD16_eabi.lib : pre_init.obj (.text)

.const     0    00004790    00000648     
                  00004790    00000300     ChrFont0.obj (.const:.string:rgbOledFont0)
                  00004a90    000000d8     driverlib.lib : gpio.obj (.const:g_ppui32GPIOIntMapSnowflake)
                  00004b68    000000c0                   : gpio.obj (.const:g_ppui32GPIOIntMapBlizzard)
                  00004c28    00000090                   : gpio.obj (.const:g_pui32GPIOBaseAddrs)
                  00004cb8    0000006c                   : sysctl.obj (.const:g_pui32Xtals)
                  00004d24    00000040     FillPat.obj (.const:.string:rgbFillPat)
                  00004d64    00000030     ustdlib.obj (.const:g_psDaysToMonth)
                  00004d94    00000018     ustdlib.obj (.const:g_pfExponents)
                  00004dac    00000014     driverlib.lib : interrupt.obj (.const:g_pui32EnRegs)
                  00004dc0    00000012     ustdlib.obj (.const:.string)
                  00004dd2    00000002     --HOLE-- [fill = 0]
                  00004dd4    00000004     ustdlib.obj (.const)

.cinit     0    00004dd8    00000058     
                  00004dd8    0000001f     (.cinit..data.load) [load image, compression = lzss]
                  00004df7    00000001     --HOLE-- [fill = 0]
                  00004df8    0000000c     (__TI_handler_table)
                  00004e04    00000004     --HOLE-- [fill = 0]
                  00004e08    00000008     (.cinit..bss.load) [load image, compression = zero_init]
                  00004e10    00000008     (.cinit..vtable.load) [load image, compression = zero_init]
                  00004e18    00000018     (__TI_cinit_table)

.init_array 
*          0    00000000    00000000     UNINITIALIZED

.vtable    0    20000000    0000026c     UNINITIALIZED
                  20000000    0000026c     driverlib.lib : interrupt.obj (.vtable)

.stack     0    2000026c    00001000     UNINITIALIZED
                  2000026c    00001000     --HOLE--

.sysmem    0    20001270    00001000     UNINITIALIZED
                  20001270    00000008     rtsv7M4_T_le_v4SPD16_eabi.lib : memory.obj (.sysmem)
                  20001278    00000ff8     --HOLE--

.bss       0    20002270    0000039f     UNINITIALIZED
                  20002270    00000200     (.common:rgbOledBmp)
                  20002470    00000100     (.common:rgbOledFontUser)
                  20002570    00000010     (.common:g_inBuffer)
                  20002580    00000008     (.common:errorIntegral)
                  20002588    00000004     buttons4.obj (.bss:but_count)
                  2000258c    00000004     buttons4.obj (.bss:but_flag)
                  20002590    00000004     buttons4.obj (.bss:but_normal)
                  20002594    00000004     buttons4.obj (.bss:but_state)
                  20002598    00000004     (.common:ChannelA)
                  2000259c    00000004     (.common:ChannelB)
                  200025a0    00000004     (.common:MAIN_PWM)
                  200025a4    00000004     (.common:TAIL_PWM)
                  200025a8    00000004     (.common:bnOledCur)
                  200025ac    00000004     (.common:dutyCycle)
                  200025b0    00000004     (.common:dxcoOledFontCur)
                  200025b4    00000004     (.common:dycoOledFontCur)
                  200025b8    00000004     (.common:errorSignal)
                  200025bc    00000004     (.common:fOledCharUpdate)
                  200025c0    00000004     (.common:g_ulSampCnt)
                  200025c4    00000004     (.common:modOledCur)
                  200025c8    00000004     (.common:pbOledCur)
                  200025cc    00000004     (.common:pbOledFontCur)
                  200025d0    00000004     (.common:pbOledFontUser)
                  200025d4    00000004     (.common:pbOledPatCur)
                  200025d8    00000004     (.common:pfnDoRop)
                  200025dc    00000004     (.common:slotCount)
                  200025e0    00000004     (.common:xchOledCur)
                  200025e4    00000004     (.common:xchOledMax)
                  200025e8    00000004     (.common:xcoOledCur)
                  200025ec    00000004     (.common:ychOledCur)
                  200025f0    00000004     (.common:ychOledMax)
                  200025f4    00000004     (.common:ycoOledCur)
                  200025f8    00000002     (.common:currentHeight)
                  200025fa    00000002     (.common:currentHelicopterAngle)
                  200025fc    00000002     (.common:desiredHelicopterAngle)
                  200025fe    00000002     (.common:groundReference)
                  20002600    00000002     (.common:maxHeight)
                  20002602    00000002     (.common:tailErrorSignal)
                  20002604    00000001     (.common:PIDFlag)
                  20002605    00000001     (.common:buttonUpdateFlag)
                  20002606    00000001     (.common:clrOledCur)
                  20002607    00000001     (.common:currentState)
                  20002608    00000001     (.common:desiredHelicopterHeightPercentage)
                  20002609    00000001     (.common:displayOLEDFlag)
                  2000260a    00000001     (.common:displayUARTFlag)
                  2000260b    00000001     (.common:mainRotorDutyCycle)
                  2000260c    00000001     (.common:previousState)
                  2000260d    00000001     (.common:referenceAngleSetState)
                  2000260e    00000001     (.common:tailDutyCycle)

.data      0    20002610    0000003c     UNINITIALIZED
                  20002610    0000000c     rtsv7M4_T_le_v4SPD16_eabi.lib : exit.obj (.data:$O1$$)
                  2000261c    0000000c                                   : memory.obj (.data:$O1$$)
                  20002628    00000008                                   : _lock.obj (.data:$O1$$)
                  20002630    00000006     yawFiniteStateMachine.obj (.data)
                  20002636    00000002     mainRotorController.obj (.data)
                  20002638    00000005     helicopterMain.obj (.data)
                  2000263d    00000001     --HOLE--
                  2000263e    00000004     buttons4.obj (.data)
                  20002642    00000002     tailRotorController.obj (.data)
                  20002644    00000004     rtsv7M4_T_le_v4SPD16_eabi.lib : stkdepth_vars.obj (.data)
                  20002648    00000004     ustdlib.obj (.data)

MODULE SUMMARY

       Module                         code    ro data   rw data
       ------                         ----    -------   -------
    .\
       ustdlib.obj                    3204    94        4      
       helicopterMain.obj             1092    0         23     
       buttons4.obj                   908     0         20     
       tm4c123gh6pm_startup_ccs.obj   12      620       0      
       yawFiniteStateMachine.obj      572     0         20     
       mainRotorController.obj        556     0         22     
       tailRotorController.obj        488     0         8      
       helperFunctions.obj            384     0         0      
       userDisplay.obj                330     0         0      
       uartCommunication.obj          300     0         0      
       helicopterAltitude.obj         180     0         20     
       circBufT.obj                   184     0         0      
    +--+------------------------------+-------+---------+---------+
       Total:                         8210    714       117    
                                                               
    .\OrbitOLED\
       OrbitOLEDInterface.obj         68      0         0      
    +--+------------------------------+-------+---------+---------+
       Total:                         68      0         0      
                                                               
    .\OrbitOLED\lib_OrbitOled\
       OrbitOledGrph.obj              2384    0         8      
       OrbitOled.obj                  892     0         553    
       OrbitOledChar.obj              516     0         272    
       ChrFont0.obj                   0       768       0      
       delay.obj                      92      0         0      
       FillPat.obj                    0       64        0      
    +--+------------------------------+-------+---------+---------+
       Total:                         3884    832       833    
                                                               
    C:/ti/TivaWare_C_Series-2.1.4.178/driverlib/ccs/Debug/driverlib.lib
       gpio.obj                       748     552       0      
       interrupt.obj                  172     20        620    
       sysctl.obj                     610     108       0      
       adc.obj                        400     0         0      
       uart.obj                       142     0         0      
       timer.obj                      120     0         0      
       pwm.obj                        110     0         0      
       ssi.obj                        106     0         0      
       systick.obj                    84      0         0      
       cpu.obj                        12      0         0      
    +--+------------------------------+-------+---------+---------+
       Total:                         2504    680       620    
                                                               
    C:\ti\ccsv7\tools\compiler\ti-cgt-arm_16.9.6.LTS\lib\rtsv7M4_T_le_v4SPD16_eabi.lib
       memory.obj                     976     0         12     
       fd_add_t2.obj                  438     0         0      
       fd_div_t2.obj                  310     0         0      
       fd_mul_t2.obj                  252     0         0      
       memcpy_t2.obj                  156     0         0      
       memset_t2.obj                  122     0         0      
       autoinit.obj                   112     0         0      
       copy_decompress_lzss.obj       104     0         0      
       exit.obj                       84      0         12     
       boot.obj                       84      0         0      
       cpy_tbl.obj                    76      0         0      
       fd_toi_t2.obj                  72      0         0      
       u_divt2.obj                    64      0         0      
       fs_tod_t2.obj                  56      0         0      
       i_tofd_t2.obj                  46      0         0      
       _lock.obj                      20      0         8      
       args_main.obj                  24      0         0      
       copy_decompress_none.obj       14      0         0      
       copy_zero_init.obj             12      0         0      
       pre_init.obj                   4       0         0      
       stkdepth_vars.obj              0       0         4      
       i_div0.obj                     2       0         0      
       mpu_init.obj                   2       0         0      
       startup.obj                    2       0         0      
    +--+------------------------------+-------+---------+---------+
       Total:                         3032    0         36     
                                                               
       Heap:                          0       0         4096   
       Stack:                         0       0         4096   
       Linker Generated:              0       83        0      
    +--+------------------------------+-------+---------+---------+
       Grand Total:                   17698   2309      9798   


LINKER GENERATED COPY TABLES

__TI_cinit_table @ 00004e18 records: 3, size/record: 8, table size: 24
	.data: load addr=00004dd8, load size=0000001f bytes, run addr=20002610, run size=0000003c bytes, compression=lzss
	.bss: load addr=00004e08, load size=00000008 bytes, run addr=20002270, run size=0000039f bytes, compression=zero_init
	.vtable: load addr=00004e10, load size=00000008 bytes, run addr=20000000, run size=0000026c bytes, compression=zero_init


LINKER GENERATED HANDLER TABLE

__TI_handler_table @ 00004df8 records: 3, size/record: 4, table size: 12
	index: 0, handler: __TI_zero_init
	index: 1, handler: __TI_decompress_lzss
	index: 2, handler: __TI_decompress_none


GLOBAL SYMBOLS: SORTED ALPHABETICALLY BY Name 

address   name                             
-------   ----                             
0000472b  ADCIntClear                      
00004667  ADCIntEnable                     
00003b81  ADCIntHandler                    
00004521  ADCIntRegister                   
00004539  ADCProcessorTrigger              
000040c1  ADCSequenceConfigure             
000044c9  ADCSequenceDataGet               
000046b9  ADCSequenceEnable                
00003cd1  ADCSequenceStepConfigure         
0000406d  C$$EXIT                          
000046e3  CPUcpsie                         
20002598  ChannelA                         
2000259c  ChannelB                         
00003f65  DelayInit                        
00003f7f  DelayMs                          
0000445b  GPIODirModeSet                   
0000476f  GPIOIntClear                     
000046ef  GPIOIntEnable                    
00004551  GPIOIntRegister                  
00003fc1  GPIOIntTypeSet                   
00003569  GPIOPadConfigSet                 
00004161  GPIOPinConfigure                 
00004775  GPIOPinRead                      
00004599  GPIOPinTypeGPIOInput             
00004569  GPIOPinTypeGPIOOutput            
000045af  GPIOPinTypePWM                   
000045c5  GPIOPinTypeSSI                   
000045db  GPIOPinTypeUART                  
0000477b  GPIOPinWrite                     
00003e35  IntEnable                        
00004677  IntMasterEnable                  
000043c5  IntRegister                      
200025a0  MAIN_PWM                         
000042af  OLEDInitialise                   
00004289  OLEDStringDraw                   
00002d5d  OrbitOledAdvanceCursor           
000017e1  OrbitOledClampXco                
00001801  OrbitOledClampYco                
000025bd  OrbitOledClear                   
000025c9  OrbitOledClearBuffer             
00002c2d  OrbitOledDefUserChar             
00002539  OrbitOledDevInit                 
00001623  OrbitOledDrawChar                
00002ce5  OrbitOledDrawGlyph               
00000fe7  OrbitOledDrawPixel               
0000112d  OrbitOledDrawRect                
00001683  OrbitOledDrawString              
000024bf  OrbitOledDvrInit                 
000011b1  OrbitOledFillRect                
000012f5  OrbitOledGetBmp                  
00002c95  OrbitOledGetCharUpdate           
00002c11  OrbitOledGetCursor               
00000fe1  OrbitOledGetDrawMode             
00001013  OrbitOledGetPixel                
00000f37  OrbitOledGetPos                  
00000f6b  OrbitOledGetStdPattern           
000023f5  OrbitOledHostInit                
000023e1  OrbitOledInit                    
0000102d  OrbitOledLineTo                  
00001779  OrbitOledMoveDown                
000017af  OrbitOledMoveLeft                
000017c7  OrbitOledMoveRight               
00000ef1  OrbitOledMoveTo                  
00001741  OrbitOledMoveUp                  
00001455  OrbitOledPutBmp                  
00002653  OrbitOledPutBuffer               
00002c9b  OrbitOledPutChar                 
00002cb9  OrbitOledPutString               
000016ef  OrbitOledRopAnd                  
000016cb  OrbitOledRopOr                   
000016a1  OrbitOledRopSet                  
00001713  OrbitOledRopXor                  
00002c7d  OrbitOledSetCharUpdate           
00002bc5  OrbitOledSetCursor               
00000f53  OrbitOledSetDrawColor            
00000f8d  OrbitOledSetDrawMode             
00000f7d  OrbitOledSetFillPattern          
000025f9  OrbitOledUpdate                  
20002604  PIDFlag                          
00004487  PWMGenConfigure                  
000046fb  PWMGenEnable                     
00004687  PWMGenPeriodSet                  
00004655  PWMOutputState                   
000044e7  PWMPulseWidthSet                 
0000471f  ResetISR                         
UNDEFED   SHT$$INIT_ARRAY$$Base            
UNDEFED   SHT$$INIT_ARRAY$$Limit           
00004767  SSIBusy                          
00004781  SSIClockSourceSet                
00004351  SSIConfigSetExpClk               
00004707  SSIDataGet                       
00004735  SSIDataPut                       
0000473f  SSIEnable                        
000026b9  Ssi3PutByte                      
000037c9  SysCtlClockGet                   
000039d5  SysCtlClockSet                   
00004787  SysCtlDelay                      
000045f1  SysCtlPWMClockSet                
000043f9  SysCtlPeripheralEnable           
00004699  SysCtlReset                      
00004605  SysTickEnable                    
00004619  SysTickIntEnable                 
00001841  SysTickIntHandler                
00004505  SysTickIntRegister               
000046a9  SysTickPeriodSet                 
200025a4  TAIL_PWM                         
00003f05  TimerConfigure                   
000046c7  TimerEnable                      
00004749  TimerValueGet                    
00004753  UARTCharPut                      
00004241  UARTConfigSetExpClk              
000044a9  UARTDisable                      
0000462d  UARTEnable                       
0000475d  UARTFIFOEnable                   
000036e3  UARTSend                         
2000126c  __STACK_END                      
00001000  __STACK_SIZE                     
2000046c  __STACK_TOP                      
00001000  __SYSMEM_SIZE                    
00004e18  __TI_CINIT_Base                  
00004e30  __TI_CINIT_Limit                 
00004df8  __TI_Handler_Table_Base          
00004e04  __TI_Handler_Table_Limit         
00003dc5  __TI_auto_init                   
20002610  __TI_cleanup_ptr                 
00003e9d  __TI_decompress_lzss             
000046d5  __TI_decompress_none             
20002614  __TI_dtors_ptr                   
20002618  __TI_enable_exit_profile_output  
ffffffff  __TI_pprof_out_hndl              
ffffffff  __TI_prof_data_size              
ffffffff  __TI_prof_data_start             
00000000  __TI_static_base__               
00004713  __TI_zero_init                   
000041f9  __aeabi_d2iz                     
00002fbb  __aeabi_dadd                     
00003433  __aeabi_ddiv                     
000038d9  __aeabi_dmul                     
00002fb1  __aeabi_dsub                     
0000438d  __aeabi_f2d                      
0000442d  __aeabi_i2d                      
00003167  __aeabi_idiv0                    
00003d4b  __aeabi_memclr                   
00003d4b  __aeabi_memclr4                  
00003d4b  __aeabi_memclr8                  
00003c35  __aeabi_memcpy                   
00003c35  __aeabi_memcpy4                  
00003c35  __aeabi_memcpy8                  
00003d4d  __aeabi_memset                   
00003d4d  __aeabi_memset4                  
00003d4d  __aeabi_memset8                  
00004311  __aeabi_uidiv                    
00004311  __aeabi_uidivmod                 
ffffffff  __binit__                        
ffffffff  __c_args__                       
0000369b  __mpu_init                       
2000026c  __stack                          
00004581  _args_main                       
00004019  _c_int00                         
20002628  _lock                            
0000464f  _nop                             
00004647  _register_lock                   
00004641  _register_unlock                 
20001270  _sys_memory                      
00004287  _system_post_cinit               
0000478d  _system_pre_init                 
2000262c  _unlock                          
00004071  abort                            
20002635  angleReferenced                  
ffffffff  binit                            
200025a8  bnOledCur                        
20002605  buttonUpdateFlag                 
00002025  calloc                           
000021f7  checkButton                      
000032f1  clearOLED                        
20002606  clrOledCur                       
000041ad  copy_in                          
20002630  currentAngle                     
200025f8  currentHeight                    
200025fa  currentHelicopterAngle           
20002607  currentState                     
20002640  desiredAngle                     
2000263e  desiredHeightPercentage          
200025fc  desiredHelicopterAngle           
20002608  desiredHelicopterHeightPercentage
20002609  displayOLEDFlag                  
2000260a  displayUARTFlag                  
200025ac  dutyCycle                        
200025b0  dxcoOledFontCur                  
200025b4  dycoOledFontCur                  
20002580  errorIntegral                    
200025b8  errorSignal                      
20002636  errorSignalPrevious              
00004079  exit                             
200025bc  fOledCharUpdate                  
000031cd  findDisplayAngle                 
00003289  findMode                         
000018d3  flightController                 
2000263c  flightMode                       
00001d6f  free                             
00003b5b  freeCircBuf                      
20002570  g_inBuffer                       
20000000  g_pfnRAMVectors                  
00000000  g_pfnVectors                     
200025c0  g_ulSampCnt                      
0000293f  getCurrentAngle                  
000022c1  getDesiredHeightPercentage       
000018b7  getFlightMode                    
00002947  getReferenceAngleSetState        
000022c9  getdesiredAngle                  
200025fe  groundReference                  
00003169  heightAsPercentage               
00003b9f  initADC                          
00002055  initButtons                      
00003ac9  initCircBuf                      
0000188d  initClock                        
000032e9  initDisplay                      
00002913  initReferenceTrigger             
0000235d  initResetandSwitchISR            
00001897  initTimer                        
000029d1  initialiseMainRotorPWM           
00002dfd  initialiseTailRotorPWM           
0000369d  initialiseUSB_UART               
00001add  main                             
00002a19  mainRotorControlLoop             
2000260b  mainRotorDutyCycle               
20002644  main_func_sp                     
00001d05  malloc                           
20002600  maxHeight                        
00001f39  memalign                         
00003c35  memcpy                           
00003d53  memset                           
00001c85  minit                            
200025c4  modOledCur                       
200025c8  pbOledCur                        
200025cc  pbOledFontCur                    
200025d0  pbOledFontUser                   
200025d4  pbOledPatCur                     
200025d8  pfnDoRop                         
2000260c  previousState                    
00003b27  readCircBuf                      
00001e2f  realloc                          
20002634  referenceAngleSet                
2000260d  referenceAngleSetState           
000028f5  referenceTriggerHandler          
000022d1  resetAndSwitchISR                
00004d24  rgbFillPat                       
20002270  rgbOledBmp                       
00004790  rgbOledFont0                     
20002470  rgbOledFontUser                  
000018bf  setFlightMode                    
00002999  setMainPWM                       
0000294f  setReferenceAngleSetState        
00002dc9  setTailPWM                       
200025dc  slotCount                        
2000260e  tailDutyCycle                    
20002602  tailErrorSignal                  
20002642  tailErrorSignalPrevious          
00002e49  tailRotorControlLoop             
20002638  tempAngle                        
00000751  ulocaltime                       
0000094f  umktime                          
00003bdb  updateAltitude                   
00002123  updateButtons                    
00002235  updateDesiredAltAndYawValue      
0000331d  updateOLEDDisplay                
00003703  updateUARTOutput                 
00000ec9  urand                            
00000721  usnprintf                        
000006ef  usprintf                         
00000eb9  usrand                           
00000e31  ustrcasecmp                      
00000ea5  ustrcmp                          
00000d35  ustrlen                          
00000d8d  ustrncasecmp                     
00000e45  ustrncmp                         
0000026d  ustrncpy                         
00000d57  ustrstr                          
00000afd  ustrtof                          
000009c5  ustrtoul                         
000002c5  uvsnprintf                       
00003af3  writeCircBuf                     
200025e0  xchOledCur                       
200025e4  xchOledMax                       
200025e8  xcoOledCur                       
0000275d  yawFSM                           
00002877  yawFSMInit                       
200025ec  ychOledCur                       
200025f0  ychOledMax                       
200025f4  ycoOledCur                       


GLOBAL SYMBOLS: SORTED BY Symbol Address 

address   name                             
-------   ----                             
00000000  __TI_static_base__               
00000000  g_pfnVectors                     
0000026d  ustrncpy                         
000002c5  uvsnprintf                       
000006ef  usprintf                         
00000721  usnprintf                        
00000751  ulocaltime                       
0000094f  umktime                          
000009c5  ustrtoul                         
00000afd  ustrtof                          
00000d35  ustrlen                          
00000d57  ustrstr                          
00000d8d  ustrncasecmp                     
00000e31  ustrcasecmp                      
00000e45  ustrncmp                         
00000ea5  ustrcmp                          
00000eb9  usrand                           
00000ec9  urand                            
00000ef1  OrbitOledMoveTo                  
00000f37  OrbitOledGetPos                  
00000f53  OrbitOledSetDrawColor            
00000f6b  OrbitOledGetStdPattern           
00000f7d  OrbitOledSetFillPattern          
00000f8d  OrbitOledSetDrawMode             
00000fe1  OrbitOledGetDrawMode             
00000fe7  OrbitOledDrawPixel               
00001000  __STACK_SIZE                     
00001000  __SYSMEM_SIZE                    
00001013  OrbitOledGetPixel                
0000102d  OrbitOledLineTo                  
0000112d  OrbitOledDrawRect                
000011b1  OrbitOledFillRect                
000012f5  OrbitOledGetBmp                  
00001455  OrbitOledPutBmp                  
00001623  OrbitOledDrawChar                
00001683  OrbitOledDrawString              
000016a1  OrbitOledRopSet                  
000016cb  OrbitOledRopOr                   
000016ef  OrbitOledRopAnd                  
00001713  OrbitOledRopXor                  
00001741  OrbitOledMoveUp                  
00001779  OrbitOledMoveDown                
000017af  OrbitOledMoveLeft                
000017c7  OrbitOledMoveRight               
000017e1  OrbitOledClampXco                
00001801  OrbitOledClampYco                
00001841  SysTickIntHandler                
0000188d  initClock                        
00001897  initTimer                        
000018b7  getFlightMode                    
000018bf  setFlightMode                    
000018d3  flightController                 
00001add  main                             
00001c85  minit                            
00001d05  malloc                           
00001d6f  free                             
00001e2f  realloc                          
00001f39  memalign                         
00002025  calloc                           
00002055  initButtons                      
00002123  updateButtons                    
000021f7  checkButton                      
00002235  updateDesiredAltAndYawValue      
000022c1  getDesiredHeightPercentage       
000022c9  getdesiredAngle                  
000022d1  resetAndSwitchISR                
0000235d  initResetandSwitchISR            
000023e1  OrbitOledInit                    
000023f5  OrbitOledHostInit                
000024bf  OrbitOledDvrInit                 
00002539  OrbitOledDevInit                 
000025bd  OrbitOledClear                   
000025c9  OrbitOledClearBuffer             
000025f9  OrbitOledUpdate                  
00002653  OrbitOledPutBuffer               
000026b9  Ssi3PutByte                      
0000275d  yawFSM                           
00002877  yawFSMInit                       
000028f5  referenceTriggerHandler          
00002913  initReferenceTrigger             
0000293f  getCurrentAngle                  
00002947  getReferenceAngleSetState        
0000294f  setReferenceAngleSetState        
00002999  setMainPWM                       
000029d1  initialiseMainRotorPWM           
00002a19  mainRotorControlLoop             
00002bc5  OrbitOledSetCursor               
00002c11  OrbitOledGetCursor               
00002c2d  OrbitOledDefUserChar             
00002c7d  OrbitOledSetCharUpdate           
00002c95  OrbitOledGetCharUpdate           
00002c9b  OrbitOledPutChar                 
00002cb9  OrbitOledPutString               
00002ce5  OrbitOledDrawGlyph               
00002d5d  OrbitOledAdvanceCursor           
00002dc9  setTailPWM                       
00002dfd  initialiseTailRotorPWM           
00002e49  tailRotorControlLoop             
00002fb1  __aeabi_dsub                     
00002fbb  __aeabi_dadd                     
00003167  __aeabi_idiv0                    
00003169  heightAsPercentage               
000031cd  findDisplayAngle                 
00003289  findMode                         
000032e9  initDisplay                      
000032f1  clearOLED                        
0000331d  updateOLEDDisplay                
00003433  __aeabi_ddiv                     
00003569  GPIOPadConfigSet                 
0000369b  __mpu_init                       
0000369d  initialiseUSB_UART               
000036e3  UARTSend                         
00003703  updateUARTOutput                 
000037c9  SysCtlClockGet                   
000038d9  __aeabi_dmul                     
000039d5  SysCtlClockSet                   
00003ac9  initCircBuf                      
00003af3  writeCircBuf                     
00003b27  readCircBuf                      
00003b5b  freeCircBuf                      
00003b81  ADCIntHandler                    
00003b9f  initADC                          
00003bdb  updateAltitude                   
00003c35  __aeabi_memcpy                   
00003c35  __aeabi_memcpy4                  
00003c35  __aeabi_memcpy8                  
00003c35  memcpy                           
00003cd1  ADCSequenceStepConfigure         
00003d4b  __aeabi_memclr                   
00003d4b  __aeabi_memclr4                  
00003d4b  __aeabi_memclr8                  
00003d4d  __aeabi_memset                   
00003d4d  __aeabi_memset4                  
00003d4d  __aeabi_memset8                  
00003d53  memset                           
00003dc5  __TI_auto_init                   
00003e35  IntEnable                        
00003e9d  __TI_decompress_lzss             
00003f05  TimerConfigure                   
00003f65  DelayInit                        
00003f7f  DelayMs                          
00003fc1  GPIOIntTypeSet                   
00004019  _c_int00                         
0000406d  C$$EXIT                          
00004071  abort                            
00004079  exit                             
000040c1  ADCSequenceConfigure             
00004161  GPIOPinConfigure                 
000041ad  copy_in                          
000041f9  __aeabi_d2iz                     
00004241  UARTConfigSetExpClk              
00004287  _system_post_cinit               
00004289  OLEDStringDraw                   
000042af  OLEDInitialise                   
00004311  __aeabi_uidiv                    
00004311  __aeabi_uidivmod                 
00004351  SSIConfigSetExpClk               
0000438d  __aeabi_f2d                      
000043c5  IntRegister                      
000043f9  SysCtlPeripheralEnable           
0000442d  __aeabi_i2d                      
0000445b  GPIODirModeSet                   
00004487  PWMGenConfigure                  
000044a9  UARTDisable                      
000044c9  ADCSequenceDataGet               
000044e7  PWMPulseWidthSet                 
00004505  SysTickIntRegister               
00004521  ADCIntRegister                   
00004539  ADCProcessorTrigger              
00004551  GPIOIntRegister                  
00004569  GPIOPinTypeGPIOOutput            
00004581  _args_main                       
00004599  GPIOPinTypeGPIOInput             
000045af  GPIOPinTypePWM                   
000045c5  GPIOPinTypeSSI                   
000045db  GPIOPinTypeUART                  
000045f1  SysCtlPWMClockSet                
00004605  SysTickEnable                    
00004619  SysTickIntEnable                 
0000462d  UARTEnable                       
00004641  _register_unlock                 
00004647  _register_lock                   
0000464f  _nop                             
00004655  PWMOutputState                   
00004667  ADCIntEnable                     
00004677  IntMasterEnable                  
00004687  PWMGenPeriodSet                  
00004699  SysCtlReset                      
000046a9  SysTickPeriodSet                 
000046b9  ADCSequenceEnable                
000046c7  TimerEnable                      
000046d5  __TI_decompress_none             
000046e3  CPUcpsie                         
000046ef  GPIOIntEnable                    
000046fb  PWMGenEnable                     
00004707  SSIDataGet                       
00004713  __TI_zero_init                   
0000471f  ResetISR                         
0000472b  ADCIntClear                      
00004735  SSIDataPut                       
0000473f  SSIEnable                        
00004749  TimerValueGet                    
00004753  UARTCharPut                      
0000475d  UARTFIFOEnable                   
00004767  SSIBusy                          
0000476f  GPIOIntClear                     
00004775  GPIOPinRead                      
0000477b  GPIOPinWrite                     
00004781  SSIClockSourceSet                
00004787  SysCtlDelay                      
0000478d  _system_pre_init                 
00004790  rgbOledFont0                     
00004d24  rgbFillPat                       
00004df8  __TI_Handler_Table_Base          
00004e04  __TI_Handler_Table_Limit         
00004e18  __TI_CINIT_Base                  
00004e30  __TI_CINIT_Limit                 
20000000  g_pfnRAMVectors                  
2000026c  __stack                          
2000046c  __STACK_TOP                      
2000126c  __STACK_END                      
20001270  _sys_memory                      
20002270  rgbOledBmp                       
20002470  rgbOledFontUser                  
20002570  g_inBuffer                       
20002580  errorIntegral                    
20002598  ChannelA                         
2000259c  ChannelB                         
200025a0  MAIN_PWM                         
200025a4  TAIL_PWM                         
200025a8  bnOledCur                        
200025ac  dutyCycle                        
200025b0  dxcoOledFontCur                  
200025b4  dycoOledFontCur                  
200025b8  errorSignal                      
200025bc  fOledCharUpdate                  
200025c0  g_ulSampCnt                      
200025c4  modOledCur                       
200025c8  pbOledCur                        
200025cc  pbOledFontCur                    
200025d0  pbOledFontUser                   
200025d4  pbOledPatCur                     
200025d8  pfnDoRop                         
200025dc  slotCount                        
200025e0  xchOledCur                       
200025e4  xchOledMax                       
200025e8  xcoOledCur                       
200025ec  ychOledCur                       
200025f0  ychOledMax                       
200025f4  ycoOledCur                       
200025f8  currentHeight                    
200025fa  currentHelicopterAngle           
200025fc  desiredHelicopterAngle           
200025fe  groundReference                  
20002600  maxHeight                        
20002602  tailErrorSignal                  
20002604  PIDFlag                          
20002605  buttonUpdateFlag                 
20002606  clrOledCur                       
20002607  currentState                     
20002608  desiredHelicopterHeightPercentage
20002609  displayOLEDFlag                  
2000260a  displayUARTFlag                  
2000260b  mainRotorDutyCycle               
2000260c  previousState                    
2000260d  referenceAngleSetState           
2000260e  tailDutyCycle                    
20002610  __TI_cleanup_ptr                 
20002614  __TI_dtors_ptr                   
20002618  __TI_enable_exit_profile_output  
20002628  _lock                            
2000262c  _unlock                          
20002630  currentAngle                     
20002634  referenceAngleSet                
20002635  angleReferenced                  
20002636  errorSignalPrevious              
20002638  tempAngle                        
2000263c  flightMode                       
2000263e  desiredHeightPercentage          
20002640  desiredAngle                     
20002642  tailErrorSignalPrevious          
20002644  main_func_sp                     
ffffffff  __TI_pprof_out_hndl              
ffffffff  __TI_prof_data_size              
ffffffff  __TI_prof_data_start             
ffffffff  __binit__                        
ffffffff  __c_args__                       
ffffffff  binit                            
UNDEFED   SHT$$INIT_ARRAY$$Base            
UNDEFED   SHT$$INIT_ARRAY$$Limit           

[290 symbols]
