<?xml version="1.0"?>
<link_info>
   <banner>TI ARM Linker Unix v16.9.6.LTS</banner>
   <copyright>Copyright (c) 1996-2017 Texas Instruments Incorporated</copyright>
   <link_time>0x5cea2d39</link_time>
   <link_errors>0x0</link_errors>
   <output_file>Helicopter_Final.out</output_file>
   <entry_point>
      <name>_c_int00</name>
      <address>0x3f79</address>
   </entry_point>
   <input_file_list>
      <input_file id="fl-2">
         <path>./</path>
         <kind>object</kind>
         <file>buttons4.obj</file>
         <name>buttons4.obj</name>
      </input_file>
      <input_file id="fl-3">
         <path>./</path>
         <kind>object</kind>
         <file>circBufT.obj</file>
         <name>circBufT.obj</name>
      </input_file>
      <input_file id="fl-4">
         <path>./</path>
         <kind>object</kind>
         <file>helicopterAltitude.obj</file>
         <name>helicopterAltitude.obj</name>
      </input_file>
      <input_file id="fl-5">
         <path>./</path>
         <kind>object</kind>
         <file>helicopterMain.obj</file>
         <name>helicopterMain.obj</name>
      </input_file>
      <input_file id="fl-6">
         <path>./</path>
         <kind>object</kind>
         <file>helperFunctions.obj</file>
         <name>helperFunctions.obj</name>
      </input_file>
      <input_file id="fl-7">
         <path>./</path>
         <kind>object</kind>
         <file>mainRotorController.obj</file>
         <name>mainRotorController.obj</name>
      </input_file>
      <input_file id="fl-8">
         <path>./</path>
         <kind>object</kind>
         <file>tailRotorController.obj</file>
         <name>tailRotorController.obj</name>
      </input_file>
      <input_file id="fl-9">
         <path>./</path>
         <kind>object</kind>
         <file>tm4c123gh6pm_startup_ccs.obj</file>
         <name>tm4c123gh6pm_startup_ccs.obj</name>
      </input_file>
      <input_file id="fl-a">
         <path>./</path>
         <kind>object</kind>
         <file>uartCommunication.obj</file>
         <name>uartCommunication.obj</name>
      </input_file>
      <input_file id="fl-b">
         <path>./</path>
         <kind>object</kind>
         <file>userDisplay.obj</file>
         <name>userDisplay.obj</name>
      </input_file>
      <input_file id="fl-c">
         <path>./</path>
         <kind>object</kind>
         <file>ustdlib.obj</file>
         <name>ustdlib.obj</name>
      </input_file>
      <input_file id="fl-d">
         <path>./</path>
         <kind>object</kind>
         <file>yawFiniteStateMachine.obj</file>
         <name>yawFiniteStateMachine.obj</name>
      </input_file>
      <input_file id="fl-e">
         <path>./OrbitOLED/</path>
         <kind>object</kind>
         <file>OrbitOLEDInterface.obj</file>
         <name>OrbitOLEDInterface.obj</name>
      </input_file>
      <input_file id="fl-f">
         <path>./OrbitOLED/lib_OrbitOled/</path>
         <kind>object</kind>
         <file>ChrFont0.obj</file>
         <name>ChrFont0.obj</name>
      </input_file>
      <input_file id="fl-10">
         <path>./OrbitOLED/lib_OrbitOled/</path>
         <kind>object</kind>
         <file>FillPat.obj</file>
         <name>FillPat.obj</name>
      </input_file>
      <input_file id="fl-11">
         <path>./OrbitOLED/lib_OrbitOled/</path>
         <kind>object</kind>
         <file>OrbitOled.obj</file>
         <name>OrbitOled.obj</name>
      </input_file>
      <input_file id="fl-12">
         <path>./OrbitOLED/lib_OrbitOled/</path>
         <kind>object</kind>
         <file>OrbitOledChar.obj</file>
         <name>OrbitOledChar.obj</name>
      </input_file>
      <input_file id="fl-13">
         <path>./OrbitOLED/lib_OrbitOled/</path>
         <kind>object</kind>
         <file>OrbitOledGrph.obj</file>
         <name>OrbitOledGrph.obj</name>
      </input_file>
      <input_file id="fl-14">
         <path>./OrbitOLED/lib_OrbitOled/</path>
         <kind>object</kind>
         <file>delay.obj</file>
         <name>delay.obj</name>
      </input_file>
      <input_file id="fl-18">
         <kind>object</kind>
         <file>&lt;internal&gt;</file>
         <name>&lt;internal&gt;</name>
      </input_file>
      <input_file id="fl-19">
         <path>/home/harry/ti/TivaWare/driverlib/ccs/Debug/</path>
         <kind>archive</kind>
         <file>driverlib.lib</file>
         <name>adc.obj</name>
      </input_file>
      <input_file id="fl-1a">
         <path>/home/harry/ti/TivaWare/driverlib/ccs/Debug/</path>
         <kind>archive</kind>
         <file>driverlib.lib</file>
         <name>gpio.obj</name>
      </input_file>
      <input_file id="fl-1b">
         <path>/home/harry/ti/TivaWare/driverlib/ccs/Debug/</path>
         <kind>archive</kind>
         <file>driverlib.lib</file>
         <name>interrupt.obj</name>
      </input_file>
      <input_file id="fl-1c">
         <path>/home/harry/ti/TivaWare/driverlib/ccs/Debug/</path>
         <kind>archive</kind>
         <file>driverlib.lib</file>
         <name>pwm.obj</name>
      </input_file>
      <input_file id="fl-1d">
         <path>/home/harry/ti/TivaWare/driverlib/ccs/Debug/</path>
         <kind>archive</kind>
         <file>driverlib.lib</file>
         <name>ssi.obj</name>
      </input_file>
      <input_file id="fl-1e">
         <path>/home/harry/ti/TivaWare/driverlib/ccs/Debug/</path>
         <kind>archive</kind>
         <file>driverlib.lib</file>
         <name>sysctl.obj</name>
      </input_file>
      <input_file id="fl-1f">
         <path>/home/harry/ti/TivaWare/driverlib/ccs/Debug/</path>
         <kind>archive</kind>
         <file>driverlib.lib</file>
         <name>systick.obj</name>
      </input_file>
      <input_file id="fl-20">
         <path>/home/harry/ti/TivaWare/driverlib/ccs/Debug/</path>
         <kind>archive</kind>
         <file>driverlib.lib</file>
         <name>timer.obj</name>
      </input_file>
      <input_file id="fl-21">
         <path>/home/harry/ti/TivaWare/driverlib/ccs/Debug/</path>
         <kind>archive</kind>
         <file>driverlib.lib</file>
         <name>uart.obj</name>
      </input_file>
      <input_file id="fl-22">
         <path>/home/harry/ti/TivaWare/driverlib/ccs/Debug/</path>
         <kind>archive</kind>
         <file>driverlib.lib</file>
         <name>cpu.obj</name>
      </input_file>
      <input_file id="fl-d9">
         <path>/home/harry/ti/ccsv7/tools/compiler/ti-cgt-arm_16.9.6.LTS/lib/</path>
         <kind>archive</kind>
         <file>rtsv7M4_T_le_v4SPD16_eabi.lib</file>
         <name>boot.obj</name>
      </input_file>
      <input_file id="fl-da">
         <path>/home/harry/ti/ccsv7/tools/compiler/ti-cgt-arm_16.9.6.LTS/lib/</path>
         <kind>archive</kind>
         <file>rtsv7M4_T_le_v4SPD16_eabi.lib</file>
         <name>copy_decompress_lzss.obj</name>
      </input_file>
      <input_file id="fl-db">
         <path>/home/harry/ti/ccsv7/tools/compiler/ti-cgt-arm_16.9.6.LTS/lib/</path>
         <kind>archive</kind>
         <file>rtsv7M4_T_le_v4SPD16_eabi.lib</file>
         <name>copy_decompress_none.obj</name>
      </input_file>
      <input_file id="fl-dc">
         <path>/home/harry/ti/ccsv7/tools/compiler/ti-cgt-arm_16.9.6.LTS/lib/</path>
         <kind>archive</kind>
         <file>rtsv7M4_T_le_v4SPD16_eabi.lib</file>
         <name>copy_zero_init.obj</name>
      </input_file>
      <input_file id="fl-dd">
         <path>/home/harry/ti/ccsv7/tools/compiler/ti-cgt-arm_16.9.6.LTS/lib/</path>
         <kind>archive</kind>
         <file>rtsv7M4_T_le_v4SPD16_eabi.lib</file>
         <name>exit.obj</name>
      </input_file>
      <input_file id="fl-de">
         <path>/home/harry/ti/ccsv7/tools/compiler/ti-cgt-arm_16.9.6.LTS/lib/</path>
         <kind>archive</kind>
         <file>rtsv7M4_T_le_v4SPD16_eabi.lib</file>
         <name>fd_add_t2.obj</name>
      </input_file>
      <input_file id="fl-df">
         <path>/home/harry/ti/ccsv7/tools/compiler/ti-cgt-arm_16.9.6.LTS/lib/</path>
         <kind>archive</kind>
         <file>rtsv7M4_T_le_v4SPD16_eabi.lib</file>
         <name>fd_div_t2.obj</name>
      </input_file>
      <input_file id="fl-e0">
         <path>/home/harry/ti/ccsv7/tools/compiler/ti-cgt-arm_16.9.6.LTS/lib/</path>
         <kind>archive</kind>
         <file>rtsv7M4_T_le_v4SPD16_eabi.lib</file>
         <name>fd_mul_t2.obj</name>
      </input_file>
      <input_file id="fl-e1">
         <path>/home/harry/ti/ccsv7/tools/compiler/ti-cgt-arm_16.9.6.LTS/lib/</path>
         <kind>archive</kind>
         <file>rtsv7M4_T_le_v4SPD16_eabi.lib</file>
         <name>fd_toi_t2.obj</name>
      </input_file>
      <input_file id="fl-e2">
         <path>/home/harry/ti/ccsv7/tools/compiler/ti-cgt-arm_16.9.6.LTS/lib/</path>
         <kind>archive</kind>
         <file>rtsv7M4_T_le_v4SPD16_eabi.lib</file>
         <name>fd_tos_t2.obj</name>
      </input_file>
      <input_file id="fl-e3">
         <path>/home/harry/ti/ccsv7/tools/compiler/ti-cgt-arm_16.9.6.LTS/lib/</path>
         <kind>archive</kind>
         <file>rtsv7M4_T_le_v4SPD16_eabi.lib</file>
         <name>fs_tod_t2.obj</name>
      </input_file>
      <input_file id="fl-e4">
         <path>/home/harry/ti/ccsv7/tools/compiler/ti-cgt-arm_16.9.6.LTS/lib/</path>
         <kind>archive</kind>
         <file>rtsv7M4_T_le_v4SPD16_eabi.lib</file>
         <name>i_tofd_t2.obj</name>
      </input_file>
      <input_file id="fl-e5">
         <path>/home/harry/ti/ccsv7/tools/compiler/ti-cgt-arm_16.9.6.LTS/lib/</path>
         <kind>archive</kind>
         <file>rtsv7M4_T_le_v4SPD16_eabi.lib</file>
         <name>memcpy_t2.obj</name>
      </input_file>
      <input_file id="fl-e6">
         <path>/home/harry/ti/ccsv7/tools/compiler/ti-cgt-arm_16.9.6.LTS/lib/</path>
         <kind>archive</kind>
         <file>rtsv7M4_T_le_v4SPD16_eabi.lib</file>
         <name>memory.obj</name>
      </input_file>
      <input_file id="fl-e7">
         <path>/home/harry/ti/ccsv7/tools/compiler/ti-cgt-arm_16.9.6.LTS/lib/</path>
         <kind>archive</kind>
         <file>rtsv7M4_T_le_v4SPD16_eabi.lib</file>
         <name>memset_t2.obj</name>
      </input_file>
      <input_file id="fl-e8">
         <path>/home/harry/ti/ccsv7/tools/compiler/ti-cgt-arm_16.9.6.LTS/lib/</path>
         <kind>archive</kind>
         <file>rtsv7M4_T_le_v4SPD16_eabi.lib</file>
         <name>mpu_init.obj</name>
      </input_file>
      <input_file id="fl-e9">
         <path>/home/harry/ti/ccsv7/tools/compiler/ti-cgt-arm_16.9.6.LTS/lib/</path>
         <kind>archive</kind>
         <file>rtsv7M4_T_le_v4SPD16_eabi.lib</file>
         <name>pre_init.obj</name>
      </input_file>
      <input_file id="fl-ea">
         <path>/home/harry/ti/ccsv7/tools/compiler/ti-cgt-arm_16.9.6.LTS/lib/</path>
         <kind>archive</kind>
         <file>rtsv7M4_T_le_v4SPD16_eabi.lib</file>
         <name>stkdepth_vars.obj</name>
      </input_file>
      <input_file id="fl-eb">
         <path>/home/harry/ti/ccsv7/tools/compiler/ti-cgt-arm_16.9.6.LTS/lib/</path>
         <kind>archive</kind>
         <file>rtsv7M4_T_le_v4SPD16_eabi.lib</file>
         <name>u_divt2.obj</name>
      </input_file>
      <input_file id="fl-ec">
         <path>/home/harry/ti/ccsv7/tools/compiler/ti-cgt-arm_16.9.6.LTS/lib/</path>
         <kind>archive</kind>
         <file>rtsv7M4_T_le_v4SPD16_eabi.lib</file>
         <name>_lock.obj</name>
      </input_file>
      <input_file id="fl-ed">
         <path>/home/harry/ti/ccsv7/tools/compiler/ti-cgt-arm_16.9.6.LTS/lib/</path>
         <kind>archive</kind>
         <file>rtsv7M4_T_le_v4SPD16_eabi.lib</file>
         <name>args_main.obj</name>
      </input_file>
      <input_file id="fl-ee">
         <path>/home/harry/ti/ccsv7/tools/compiler/ti-cgt-arm_16.9.6.LTS/lib/</path>
         <kind>archive</kind>
         <file>rtsv7M4_T_le_v4SPD16_eabi.lib</file>
         <name>autoinit.obj</name>
      </input_file>
      <input_file id="fl-ef">
         <path>/home/harry/ti/ccsv7/tools/compiler/ti-cgt-arm_16.9.6.LTS/lib/</path>
         <kind>archive</kind>
         <file>rtsv7M4_T_le_v4SPD16_eabi.lib</file>
         <name>cpy_tbl.obj</name>
      </input_file>
      <input_file id="fl-f0">
         <path>/home/harry/ti/ccsv7/tools/compiler/ti-cgt-arm_16.9.6.LTS/lib/</path>
         <kind>archive</kind>
         <file>rtsv7M4_T_le_v4SPD16_eabi.lib</file>
         <name>i_div0.obj</name>
      </input_file>
      <input_file id="fl-f1">
         <path>/home/harry/ti/ccsv7/tools/compiler/ti-cgt-arm_16.9.6.LTS/lib/</path>
         <kind>archive</kind>
         <file>rtsv7M4_T_le_v4SPD16_eabi.lib</file>
         <name>startup.obj</name>
      </input_file>
   </input_file_list>
   <object_component_list>
      <object_component id="oc-f">
         <name>.intvecs</name>
         <load_address>0x0</load_address>
         <run_address>0x0</run_address>
         <size>0x26c</size>
         <input_file_ref idref="fl-9"/>
      </object_component>
      <object_component id="oc-152">
         <name>.text</name>
         <load_address>0x26c</load_address>
         <run_address>0x26c</run_address>
         <size>0xc84</size>
         <input_file_ref idref="fl-c"/>
      </object_component>
      <object_component id="oc-392">
         <name>.text</name>
         <load_address>0xef0</load_address>
         <run_address>0xef0</run_address>
         <size>0x950</size>
         <input_file_ref idref="fl-13"/>
      </object_component>
      <object_component id="oc-ae">
         <name>.text</name>
         <load_address>0x1840</load_address>
         <run_address>0x1840</run_address>
         <size>0x41c</size>
         <input_file_ref idref="fl-5"/>
      </object_component>
      <object_component id="oc-1a8">
         <name>.text</name>
         <load_address>0x1c5c</load_address>
         <run_address>0x1c5c</run_address>
         <size>0x3d0</size>
         <input_file_ref idref="fl-e6"/>
      </object_component>
      <object_component id="oc-122">
         <name>.text</name>
         <load_address>0x202c</load_address>
         <run_address>0x202c</run_address>
         <size>0x380</size>
         <input_file_ref idref="fl-2"/>
      </object_component>
      <object_component id="oc-31f">
         <name>.text</name>
         <load_address>0x23ac</load_address>
         <run_address>0x23ac</run_address>
         <size>0x37c</size>
         <input_file_ref idref="fl-11"/>
      </object_component>
      <object_component id="oc-134">
         <name>.text</name>
         <load_address>0x2728</load_address>
         <run_address>0x2728</run_address>
         <size>0x258</size>
         <input_file_ref idref="fl-7"/>
      </object_component>
      <object_component id="oc-128">
         <name>.text</name>
         <load_address>0x2980</load_address>
         <run_address>0x2980</run_address>
         <size>0x220</size>
         <input_file_ref idref="fl-d"/>
      </object_component>
      <object_component id="oc-319">
         <name>.text</name>
         <load_address>0x2ba0</load_address>
         <run_address>0x2ba0</run_address>
         <size>0x204</size>
         <input_file_ref idref="fl-12"/>
      </object_component>
      <object_component id="oc-13a">
         <name>.text</name>
         <load_address>0x2da4</load_address>
         <run_address>0x2da4</run_address>
         <size>0x1f8</size>
         <input_file_ref idref="fl-8"/>
      </object_component>
      <object_component id="oc-29a">
         <name>.text</name>
         <load_address>0x2f9c</load_address>
         <run_address>0x2f9c</run_address>
         <size>0x1b6</size>
         <input_file_ref idref="fl-de"/>
      </object_component>
      <object_component id="oc-373">
         <name>.text</name>
         <load_address>0x3152</load_address>
         <run_address>0x3152</run_address>
         <size>0x2</size>
         <input_file_ref idref="fl-f0"/>
      </object_component>
      <object_component id="oc-11c">
         <name>.text</name>
         <load_address>0x3154</load_address>
         <run_address>0x3154</run_address>
         <size>0x1b0</size>
         <input_file_ref idref="fl-b"/>
      </object_component>
      <object_component id="oc-286">
         <name>.text</name>
         <load_address>0x3304</load_address>
         <run_address>0x3304</run_address>
         <size>0x136</size>
         <input_file_ref idref="fl-df"/>
      </object_component>
      <object_component id="oc-1f5">
         <name>.text:GPIOPadConfigSet</name>
         <load_address>0x343a</load_address>
         <run_address>0x343a</run_address>
         <size>0x132</size>
         <input_file_ref idref="fl-1a"/>
      </object_component>
      <object_component id="oc-14c">
         <name>.text</name>
         <load_address>0x356c</load_address>
         <run_address>0x356c</run_address>
         <size>0x120</size>
         <input_file_ref idref="fl-6"/>
      </object_component>
      <object_component id="oc-ef">
         <name>.text:SysCtlClockGet</name>
         <load_address>0x368c</load_address>
         <run_address>0x368c</run_address>
         <size>0x110</size>
         <input_file_ref idref="fl-1e"/>
      </object_component>
      <object_component id="oc-295">
         <name>.text</name>
         <load_address>0x379c</load_address>
         <run_address>0x379c</run_address>
         <size>0xfc</size>
         <input_file_ref idref="fl-e0"/>
      </object_component>
      <object_component id="oc-e9">
         <name>.text:SysCtlClockSet</name>
         <load_address>0x3898</load_address>
         <run_address>0x3898</run_address>
         <size>0xf4</size>
         <input_file_ref idref="fl-1e"/>
      </object_component>
      <object_component id="oc-110">
         <name>.text</name>
         <load_address>0x398c</load_address>
         <run_address>0x398c</run_address>
         <size>0xb8</size>
         <input_file_ref idref="fl-3"/>
      </object_component>
      <object_component id="oc-42">
         <name>.text</name>
         <load_address>0x3a44</load_address>
         <run_address>0x3a44</run_address>
         <size>0x9c</size>
         <input_file_ref idref="fl-e5"/>
      </object_component>
      <object_component id="oc-1c8">
         <name>.text:ADCSequenceStepConfigure</name>
         <load_address>0x3ae0</load_address>
         <run_address>0x3ae0</run_address>
         <size>0x7a</size>
         <input_file_ref idref="fl-19"/>
      </object_component>
      <object_component id="oc-4e">
         <name>.text</name>
         <load_address>0x3b5a</load_address>
         <run_address>0x3b5a</run_address>
         <size>0x7a</size>
         <input_file_ref idref="fl-e7"/>
      </object_component>
      <object_component id="oc-12e">
         <name>.text</name>
         <load_address>0x3bd4</load_address>
         <run_address>0x3bd4</run_address>
         <size>0x74</size>
         <input_file_ref idref="fl-a"/>
      </object_component>
      <object_component id="oc-66">
         <name>.text</name>
         <load_address>0x3c48</load_address>
         <run_address>0x3c48</run_address>
         <size>0x70</size>
         <input_file_ref idref="fl-ee"/>
      </object_component>
      <object_component id="oc-28b">
         <name>.text</name>
         <load_address>0x3cb8</load_address>
         <run_address>0x3cb8</run_address>
         <size>0x6e</size>
         <input_file_ref idref="fl-e2"/>
      </object_component>
      <object_component id="oc-5a">
         <name>.text</name>
         <load_address>0x3d26</load_address>
         <run_address>0x3d26</run_address>
         <size>0x2</size>
         <input_file_ref idref="fl-e8"/>
      </object_component>
      <object_component id="oc-116">
         <name>.text</name>
         <load_address>0x3d28</load_address>
         <run_address>0x3d28</run_address>
         <size>0x6c</size>
         <input_file_ref idref="fl-4"/>
      </object_component>
      <object_component id="oc-311">
         <name>.text:IntEnable</name>
         <load_address>0x3d94</load_address>
         <run_address>0x3d94</run_address>
         <size>0x68</size>
         <input_file_ref idref="fl-1b"/>
      </object_component>
      <object_component id="oc-12">
         <name>.text:decompress:lzss</name>
         <load_address>0x3dfc</load_address>
         <run_address>0x3dfc</run_address>
         <size>0x68</size>
         <input_file_ref idref="fl-da"/>
      </object_component>
      <object_component id="oc-40c">
         <name>.text:TimerConfigure</name>
         <load_address>0x3e64</load_address>
         <run_address>0x3e64</run_address>
         <size>0x60</size>
         <input_file_ref idref="fl-20"/>
      </object_component>
      <object_component id="oc-3a7">
         <name>.text</name>
         <load_address>0x3ec4</load_address>
         <run_address>0x3ec4</run_address>
         <size>0x5c</size>
         <input_file_ref idref="fl-14"/>
      </object_component>
      <object_component id="oc-20d">
         <name>.text:GPIOIntTypeSet</name>
         <load_address>0x3f20</load_address>
         <run_address>0x3f20</run_address>
         <size>0x56</size>
         <input_file_ref idref="fl-1a"/>
      </object_component>
      <object_component id="oc-a6">
         <name>.text</name>
         <load_address>0x3f76</load_address>
         <run_address>0x3f76</run_address>
         <size>0x2</size>
         <input_file_ref idref="fl-f1"/>
      </object_component>
      <object_component id="oc-24">
         <name>.text</name>
         <load_address>0x3f78</load_address>
         <run_address>0x3f78</run_address>
         <size>0x54</size>
         <input_file_ref idref="fl-d9"/>
      </object_component>
      <object_component id="oc-72">
         <name>.text</name>
         <load_address>0x3fcc</load_address>
         <run_address>0x3fcc</run_address>
         <size>0x54</size>
         <input_file_ref idref="fl-dd"/>
      </object_component>
      <object_component id="oc-1c2">
         <name>.text:ADCSequenceConfigure</name>
         <load_address>0x4020</load_address>
         <run_address>0x4020</run_address>
         <size>0x50</size>
         <input_file_ref idref="fl-19"/>
      </object_component>
      <object_component id="oc-30b">
         <name>.text:_ADCIntNumberGet</name>
         <load_address>0x4070</load_address>
         <run_address>0x4070</run_address>
         <size>0x50</size>
         <input_file_ref idref="fl-19"/>
      </object_component>
      <object_component id="oc-a0">
         <name>.text</name>
         <load_address>0x40c0</load_address>
         <run_address>0x40c0</run_address>
         <size>0x4c</size>
         <input_file_ref idref="fl-ef"/>
      </object_component>
      <object_component id="oc-242">
         <name>.text:GPIOPinConfigure</name>
         <load_address>0x410c</load_address>
         <run_address>0x410c</run_address>
         <size>0x48</size>
         <input_file_ref idref="fl-1a"/>
      </object_component>
      <object_component id="oc-29f">
         <name>.text</name>
         <load_address>0x4154</load_address>
         <run_address>0x4154</run_address>
         <size>0x48</size>
         <input_file_ref idref="fl-e1"/>
      </object_component>
      <object_component id="oc-248">
         <name>.text:UARTConfigSetExpClk</name>
         <load_address>0x419c</load_address>
         <run_address>0x419c</run_address>
         <size>0x46</size>
         <input_file_ref idref="fl-21"/>
      </object_component>
      <object_component id="oc-1e1">
         <name>.text</name>
         <load_address>0x41e4</load_address>
         <run_address>0x41e4</run_address>
         <size>0x44</size>
         <input_file_ref idref="fl-e"/>
      </object_component>
      <object_component id="oc-339">
         <name>.text:_GPIOIntNumberGet</name>
         <load_address>0x4228</load_address>
         <run_address>0x4228</run_address>
         <size>0x44</size>
         <input_file_ref idref="fl-1a"/>
      </object_component>
      <object_component id="oc-2c0">
         <name>.text</name>
         <load_address>0x426c</load_address>
         <run_address>0x426c</run_address>
         <size>0x40</size>
         <input_file_ref idref="fl-eb"/>
      </object_component>
      <object_component id="oc-3b9">
         <name>.text:SSIConfigSetExpClk</name>
         <load_address>0x42ac</load_address>
         <run_address>0x42ac</run_address>
         <size>0x3c</size>
         <input_file_ref idref="fl-1d"/>
      </object_component>
      <object_component id="oc-281">
         <name>.text</name>
         <load_address>0x42e8</load_address>
         <run_address>0x42e8</run_address>
         <size>0x38</size>
         <input_file_ref idref="fl-e3"/>
      </object_component>
      <object_component id="oc-198">
         <name>.text:IntRegister</name>
         <load_address>0x4320</load_address>
         <run_address>0x4320</run_address>
         <size>0x34</size>
         <input_file_ref idref="fl-1b"/>
      </object_component>
      <object_component id="oc-1bc">
         <name>.text:SysCtlPeripheralEnable</name>
         <load_address>0x4354</load_address>
         <run_address>0x4354</run_address>
         <size>0x34</size>
         <input_file_ref idref="fl-1e"/>
      </object_component>
      <object_component id="oc-290">
         <name>.text</name>
         <load_address>0x4388</load_address>
         <run_address>0x4388</run_address>
         <size>0x2e</size>
         <input_file_ref idref="fl-e4"/>
      </object_component>
      <object_component id="oc-32d">
         <name>.text:GPIODirModeSet</name>
         <load_address>0x43b6</load_address>
         <run_address>0x43b6</run_address>
         <size>0x2a</size>
         <input_file_ref idref="fl-1a"/>
      </object_component>
      <object_component id="oc-275">
         <name>.text:PWMGenConfigure</name>
         <load_address>0x43e0</load_address>
         <run_address>0x43e0</run_address>
         <size>0x22</size>
         <input_file_ref idref="fl-1c"/>
      </object_component>
      <object_component id="oc-352">
         <name>.text:UARTDisable</name>
         <load_address>0x4404</load_address>
         <run_address>0x4404</run_address>
         <size>0x20</size>
         <input_file_ref idref="fl-21"/>
      </object_component>
      <object_component id="oc-1b0">
         <name>.text:ADCSequenceDataGet</name>
         <load_address>0x4424</load_address>
         <run_address>0x4424</run_address>
         <size>0x1e</size>
         <input_file_ref idref="fl-19"/>
      </object_component>
      <object_component id="oc-269">
         <name>.text:PWMPulseWidthSet</name>
         <load_address>0x4442</load_address>
         <run_address>0x4442</run_address>
         <size>0x1e</size>
         <input_file_ref idref="fl-1c"/>
      </object_component>
      <object_component id="oc-fb">
         <name>.text:SysTickIntRegister</name>
         <load_address>0x4460</load_address>
         <run_address>0x4460</run_address>
         <size>0x1c</size>
         <input_file_ref idref="fl-1f"/>
      </object_component>
      <object_component id="oc-1d4">
         <name>.text:ADCIntRegister</name>
         <load_address>0x447c</load_address>
         <run_address>0x447c</run_address>
         <size>0x18</size>
         <input_file_ref idref="fl-19"/>
      </object_component>
      <object_component id="oc-e3">
         <name>.text:ADCProcessorTrigger</name>
         <load_address>0x4494</load_address>
         <run_address>0x4494</run_address>
         <size>0x18</size>
         <input_file_ref idref="fl-19"/>
      </object_component>
      <object_component id="oc-213">
         <name>.text:GPIOIntRegister</name>
         <load_address>0x44ac</load_address>
         <run_address>0x44ac</run_address>
         <size>0x18</size>
         <input_file_ref idref="fl-1a"/>
      </object_component>
      <object_component id="oc-3cb">
         <name>.text:GPIOPinTypeGPIOOutput</name>
         <load_address>0x44c4</load_address>
         <run_address>0x44c4</run_address>
         <size>0x18</size>
         <input_file_ref idref="fl-1a"/>
      </object_component>
      <object_component id="oc-6c">
         <name>.text</name>
         <load_address>0x44dc</load_address>
         <run_address>0x44dc</run_address>
         <size>0x18</size>
         <input_file_ref idref="fl-ed"/>
      </object_component>
      <object_component id="oc-2ab">
         <name>.text:SysCtlPWMClockSet</name>
         <load_address>0x44f4</load_address>
         <run_address>0x44f4</run_address>
         <size>0x14</size>
         <input_file_ref idref="fl-1e"/>
      </object_component>
      <object_component id="oc-107">
         <name>.text:SysTickEnable</name>
         <load_address>0x4508</load_address>
         <run_address>0x4508</run_address>
         <size>0x14</size>
         <input_file_ref idref="fl-1f"/>
      </object_component>
      <object_component id="oc-101">
         <name>.text:SysTickIntEnable</name>
         <load_address>0x451c</load_address>
         <run_address>0x451c</run_address>
         <size>0x14</size>
         <input_file_ref idref="fl-1f"/>
      </object_component>
      <object_component id="oc-254">
         <name>.text:UARTEnable</name>
         <load_address>0x4530</load_address>
         <run_address>0x4530</run_address>
         <size>0x14</size>
         <input_file_ref idref="fl-21"/>
      </object_component>
      <object_component id="oc-174">
         <name>.text</name>
         <load_address>0x4544</load_address>
         <run_address>0x4544</run_address>
         <size>0x14</size>
         <input_file_ref idref="fl-ec"/>
      </object_component>
      <object_component id="oc-1ef">
         <name>.text:GPIOPinTypeGPIOInput</name>
         <load_address>0x4558</load_address>
         <run_address>0x4558</run_address>
         <size>0x12</size>
         <input_file_ref idref="fl-1a"/>
      </object_component>
      <object_component id="oc-26f">
         <name>.text:GPIOPinTypePWM</name>
         <load_address>0x456a</load_address>
         <run_address>0x456a</run_address>
         <size>0x12</size>
         <input_file_ref idref="fl-1a"/>
      </object_component>
      <object_component id="oc-3ad">
         <name>.text:GPIOPinTypeSSI</name>
         <load_address>0x457c</load_address>
         <run_address>0x457c</run_address>
         <size>0x12</size>
         <input_file_ref idref="fl-1a"/>
      </object_component>
      <object_component id="oc-23c">
         <name>.text:GPIOPinTypeUART</name>
         <load_address>0x458e</load_address>
         <run_address>0x458e</run_address>
         <size>0x12</size>
         <input_file_ref idref="fl-1a"/>
      </object_component>
      <object_component id="oc-140">
         <name>.text:PWMOutputState</name>
         <load_address>0x45a0</load_address>
         <run_address>0x45a0</run_address>
         <size>0x12</size>
         <input_file_ref idref="fl-1c"/>
      </object_component>
      <object_component id="oc-1da">
         <name>.text:ADCIntEnable</name>
         <load_address>0x45b2</load_address>
         <run_address>0x45b2</run_address>
         <size>0x10</size>
         <input_file_ref idref="fl-19"/>
      </object_component>
      <object_component id="oc-146">
         <name>.text:IntMasterEnable</name>
         <load_address>0x45c2</load_address>
         <run_address>0x45c2</run_address>
         <size>0x10</size>
         <input_file_ref idref="fl-1b"/>
      </object_component>
      <object_component id="oc-263">
         <name>.text:PWMGenPeriodSet</name>
         <load_address>0x45d2</load_address>
         <run_address>0x45d2</run_address>
         <size>0x10</size>
         <input_file_ref idref="fl-1c"/>
      </object_component>
      <object_component id="oc-207">
         <name>.text:SysCtlReset</name>
         <load_address>0x45e4</load_address>
         <run_address>0x45e4</run_address>
         <size>0x10</size>
         <input_file_ref idref="fl-1e"/>
      </object_component>
      <object_component id="oc-f5">
         <name>.text:SysTickPeriodSet</name>
         <load_address>0x45f4</load_address>
         <run_address>0x45f4</run_address>
         <size>0x10</size>
         <input_file_ref idref="fl-1f"/>
      </object_component>
      <object_component id="oc-1ce">
         <name>.text:ADCSequenceEnable</name>
         <load_address>0x4604</load_address>
         <run_address>0x4604</run_address>
         <size>0xe</size>
         <input_file_ref idref="fl-19"/>
      </object_component>
      <object_component id="oc-22e">
         <name>.text:GPIOIntDisable</name>
         <load_address>0x4612</load_address>
         <run_address>0x4612</run_address>
         <size>0xe</size>
         <input_file_ref idref="fl-1a"/>
      </object_component>
      <object_component id="oc-412">
         <name>.text:TimerEnable</name>
         <load_address>0x4620</load_address>
         <run_address>0x4620</run_address>
         <size>0xe</size>
         <input_file_ref idref="fl-20"/>
      </object_component>
      <object_component id="oc-18">
         <name>.text:decompress:none</name>
         <load_address>0x462e</load_address>
         <run_address>0x462e</run_address>
         <size>0xe</size>
         <input_file_ref idref="fl-db"/>
      </object_component>
      <object_component id="oc-2b8">
         <name>.text:CPUcpsie</name>
         <load_address>0x463c</load_address>
         <run_address>0x463c</run_address>
         <size>0xc</size>
         <input_file_ref idref="fl-22"/>
      </object_component>
      <object_component id="oc-15d">
         <name>.text:GPIOIntEnable</name>
         <load_address>0x4648</load_address>
         <run_address>0x4648</run_address>
         <size>0xc</size>
         <input_file_ref idref="fl-1a"/>
      </object_component>
      <object_component id="oc-27b">
         <name>.text:PWMGenEnable</name>
         <load_address>0x4654</load_address>
         <run_address>0x4654</run_address>
         <size>0xc</size>
         <input_file_ref idref="fl-1c"/>
      </object_component>
      <object_component id="oc-3dd">
         <name>.text:SSIDataGet</name>
         <load_address>0x4660</load_address>
         <run_address>0x4660</run_address>
         <size>0xc</size>
         <input_file_ref idref="fl-1d"/>
      </object_component>
      <object_component id="oc-1e">
         <name>.text:decompress:ZI</name>
         <load_address>0x466c</load_address>
         <run_address>0x466c</run_address>
         <size>0xc</size>
         <input_file_ref idref="fl-dc"/>
      </object_component>
      <object_component id="oc-2e">
         <name>.text</name>
         <load_address>0x4678</load_address>
         <run_address>0x4678</run_address>
         <size>0xc</size>
         <input_file_ref idref="fl-9"/>
      </object_component>
      <object_component id="oc-1b6">
         <name>.text:ADCIntClear</name>
         <load_address>0x4684</load_address>
         <run_address>0x4684</run_address>
         <size>0xa</size>
         <input_file_ref idref="fl-19"/>
      </object_component>
      <object_component id="oc-3d7">
         <name>.text:SSIDataPut</name>
         <load_address>0x468e</load_address>
         <run_address>0x468e</run_address>
         <size>0xa</size>
         <input_file_ref idref="fl-1d"/>
      </object_component>
      <object_component id="oc-3bf">
         <name>.text:SSIEnable</name>
         <load_address>0x4698</load_address>
         <run_address>0x4698</run_address>
         <size>0xa</size>
         <input_file_ref idref="fl-1d"/>
      </object_component>
      <object_component id="oc-418">
         <name>.text:TimerValueGet</name>
         <load_address>0x46a2</load_address>
         <run_address>0x46a2</run_address>
         <size>0xa</size>
         <input_file_ref idref="fl-20"/>
      </object_component>
      <object_component id="oc-25a">
         <name>.text:UARTCharPut</name>
         <load_address>0x46ac</load_address>
         <run_address>0x46ac</run_address>
         <size>0xa</size>
         <input_file_ref idref="fl-21"/>
      </object_component>
      <object_component id="oc-24e">
         <name>.text:UARTFIFOEnable</name>
         <load_address>0x46b6</load_address>
         <run_address>0x46b6</run_address>
         <size>0xa</size>
         <input_file_ref idref="fl-21"/>
      </object_component>
      <object_component id="oc-3d1">
         <name>.text:SSIBusy</name>
         <load_address>0x46c0</load_address>
         <run_address>0x46c0</run_address>
         <size>0x8</size>
         <input_file_ref idref="fl-1d"/>
      </object_component>
      <object_component id="oc-201">
         <name>.text:GPIOIntClear</name>
         <load_address>0x46c8</load_address>
         <run_address>0x46c8</run_address>
         <size>0x6</size>
         <input_file_ref idref="fl-1a"/>
      </object_component>
      <object_component id="oc-1fb">
         <name>.text:GPIOPinRead</name>
         <load_address>0x46ce</load_address>
         <run_address>0x46ce</run_address>
         <size>0x6</size>
         <input_file_ref idref="fl-1a"/>
      </object_component>
      <object_component id="oc-3c5">
         <name>.text:GPIOPinWrite</name>
         <load_address>0x46d4</load_address>
         <run_address>0x46d4</run_address>
         <size>0x6</size>
         <input_file_ref idref="fl-1a"/>
      </object_component>
      <object_component id="oc-3b3">
         <name>.text:SSIClockSourceSet</name>
         <load_address>0x46da</load_address>
         <run_address>0x46da</run_address>
         <size>0x6</size>
         <input_file_ref idref="fl-1d"/>
      </object_component>
      <object_component id="oc-18f">
         <name>.text:SysCtlDelay</name>
         <load_address>0x46e0</load_address>
         <run_address>0x46e0</run_address>
         <size>0x6</size>
         <input_file_ref idref="fl-1e"/>
      </object_component>
      <object_component id="oc-60">
         <name>.text</name>
         <load_address>0x46e6</load_address>
         <run_address>0x46e6</run_address>
         <size>0x4</size>
         <input_file_ref idref="fl-e9"/>
      </object_component>
      <object_component id="oc-3e3">
         <name>.const:.string:rgbOledFont0</name>
         <load_address>0x46ec</load_address>
         <run_address>0x46ec</run_address>
         <size>0x300</size>
         <input_file_ref idref="fl-f"/>
      </object_component>
      <object_component id="oc-3f4">
         <name>.const:g_ppui32GPIOIntMapSnowflake</name>
         <load_address>0x49ec</load_address>
         <run_address>0x49ec</run_address>
         <size>0xd8</size>
         <input_file_ref idref="fl-1a"/>
      </object_component>
      <object_component id="oc-3f1">
         <name>.const:g_ppui32GPIOIntMapBlizzard</name>
         <load_address>0x4ac4</load_address>
         <run_address>0x4ac4</run_address>
         <size>0xc0</size>
         <input_file_ref idref="fl-1a"/>
      </object_component>
      <object_component id="oc-34e">
         <name>.const:g_pui32GPIOBaseAddrs</name>
         <load_address>0x4b84</load_address>
         <run_address>0x4b84</run_address>
         <size>0x90</size>
         <input_file_ref idref="fl-1a"/>
      </object_component>
      <object_component id="oc-38e">
         <name>.const</name>
         <load_address>0x4c14</load_address>
         <run_address>0x4c14</run_address>
         <size>0x70</size>
         <input_file_ref idref="fl-1b"/>
      </object_component>
      <object_component id="oc-192">
         <name>.const:g_pui32Xtals</name>
         <load_address>0x4c84</load_address>
         <run_address>0x4c84</run_address>
         <size>0x6c</size>
         <input_file_ref idref="fl-1e"/>
      </object_component>
      <object_component id="oc-3e9">
         <name>.const:.string:rgbFillPat</name>
         <load_address>0x4cf0</load_address>
         <run_address>0x4cf0</run_address>
         <size>0x40</size>
         <input_file_ref idref="fl-10"/>
      </object_component>
      <object_component id="oc-2c8">
         <name>.const:g_psDaysToMonth</name>
         <load_address>0x4d30</load_address>
         <run_address>0x4d30</run_address>
         <size>0x30</size>
         <input_file_ref idref="fl-c"/>
      </object_component>
      <object_component id="oc-2cb">
         <name>.const:g_pfExponents</name>
         <load_address>0x4d60</load_address>
         <run_address>0x4d60</run_address>
         <size>0x18</size>
         <input_file_ref idref="fl-c"/>
      </object_component>
      <object_component id="oc-37a">
         <name>.const:.string</name>
         <load_address>0x4d78</load_address>
         <run_address>0x4d78</run_address>
         <size>0x12</size>
         <input_file_ref idref="fl-c"/>
      </object_component>
      <object_component id="oc-2c5">
         <name>.const</name>
         <load_address>0x4d8c</load_address>
         <run_address>0x4d8c</run_address>
         <size>0x4</size>
         <input_file_ref idref="fl-c"/>
      </object_component>
      <object_component id="oc-463">
         <name>.cinit..data.load</name>
         <load_address>0x4d90</load_address>
         <run_address>0x4d90</run_address>
         <size>0x29</size>
      </object_component>
      <object_component id="oc-460">
         <name>__TI_handler_table</name>
         <load_address>0x4dbc</load_address>
         <run_address>0x4dbc</run_address>
         <size>0xc</size>
      </object_component>
      <object_component id="oc-464">
         <name>.cinit..bss.load</name>
         <load_address>0x4dc8</load_address>
         <run_address>0x4dc8</run_address>
         <size>0x8</size>
      </object_component>
      <object_component id="oc-462">
         <name>.cinit..vtable.load</name>
         <load_address>0x4dd0</load_address>
         <run_address>0x4dd0</run_address>
         <size>0x8</size>
      </object_component>
      <object_component id="oc-461">
         <name>__TI_cinit_table</name>
         <load_address>0x4dd8</load_address>
         <run_address>0x4dd8</run_address>
         <size>0x18</size>
      </object_component>
      <object_component id="oc-2f5">
         <name>.vtable</name>
         <uninitialized>true</uninitialized>
         <run_address>0x20000000</run_address>
         <size>0x26c</size>
         <input_file_ref idref="fl-1b"/>
      </object_component>
      <object_component id="oc-164">
         <name>.data</name>
         <load_address>0x20002604</load_address>
         <run_address>0x20002604</run_address>
         <size>0xe</size>
         <input_file_ref idref="fl-2"/>
      </object_component>
      <object_component id="oc-2a5">
         <name>.data</name>
         <load_address>0x20002612</load_address>
         <run_address>0x20002612</run_address>
         <size>0x2</size>
         <input_file_ref idref="fl-7"/>
      </object_component>
      <object_component id="oc-2b2">
         <name>.data</name>
         <load_address>0x20002636</load_address>
         <run_address>0x20002636</run_address>
         <size>0x2</size>
         <input_file_ref idref="fl-8"/>
      </object_component>
      <object_component id="oc-2ce">
         <name>.data</name>
         <load_address>0x20002644</load_address>
         <run_address>0x20002644</run_address>
         <size>0x4</size>
         <input_file_ref idref="fl-c"/>
      </object_component>
      <object_component id="oc-167">
         <name>.data</name>
         <load_address>0x2000262c</load_address>
         <run_address>0x2000262c</run_address>
         <size>0x9</size>
         <input_file_ref idref="fl-d"/>
      </object_component>
      <object_component id="oc-b6">
         <name>.data:$O1$$</name>
         <load_address>0x20002614</load_address>
         <run_address>0x20002614</run_address>
         <size>0xc</size>
         <input_file_ref idref="fl-dd"/>
      </object_component>
      <object_component id="oc-2fa">
         <name>.data:$O1$$</name>
         <load_address>0x20002620</load_address>
         <run_address>0x20002620</run_address>
         <size>0xc</size>
         <input_file_ref idref="fl-e6"/>
      </object_component>
      <object_component id="oc-78">
         <name>.data</name>
         <load_address>0x20002640</load_address>
         <run_address>0x20002640</run_address>
         <size>0x4</size>
         <input_file_ref idref="fl-ea"/>
      </object_component>
      <object_component id="oc-b9">
         <name>.data:$O1$$</name>
         <load_address>0x20002638</load_address>
         <run_address>0x20002638</run_address>
         <size>0x8</size>
         <input_file_ref idref="fl-ec"/>
      </object_component>
      <object_component id="oc-21c">
         <name>.bss:but_state</name>
         <uninitialized>true</uninitialized>
         <run_address>0x20002594</run_address>
         <size>0x4</size>
         <input_file_ref idref="fl-2"/>
      </object_component>
      <object_component id="oc-21f">
         <name>.bss:but_count</name>
         <uninitialized>true</uninitialized>
         <run_address>0x20002588</run_address>
         <size>0x4</size>
         <input_file_ref idref="fl-2"/>
      </object_component>
      <object_component id="oc-222">
         <name>.bss:but_flag</name>
         <uninitialized>true</uninitialized>
         <run_address>0x2000258c</run_address>
         <size>0x4</size>
         <input_file_ref idref="fl-2"/>
      </object_component>
      <object_component id="oc-219">
         <name>.bss:but_normal</name>
         <uninitialized>true</uninitialized>
         <run_address>0x20002590</run_address>
         <size>0x4</size>
         <input_file_ref idref="fl-2"/>
      </object_component>
      <object_component id="oc-225">
         <name>.common:switchChannel</name>
         <uninitialized>true</uninitialized>
         <run_address>0x20002601</run_address>
         <size>0x1</size>
      </object_component>
      <object_component id="oc-15c">
         <name>.common:g_inBuffer</name>
         <uninitialized>true</uninitialized>
         <run_address>0x20002570</run_address>
         <size>0x10</size>
      </object_component>
      <object_component id="oc-10d">
         <name>.common:g_ulSampCnt</name>
         <uninitialized>true</uninitialized>
         <run_address>0x200025c0</run_address>
         <size>0x4</size>
      </object_component>
      <object_component id="oc-158">
         <name>.common:PIDFlag</name>
         <uninitialized>true</uninitialized>
         <run_address>0x200025fc</run_address>
         <size>0x1</size>
      </object_component>
      <object_component id="oc-15b">
         <name>.common:displayFlag</name>
         <uninitialized>true</uninitialized>
         <run_address>0x200025ff</run_address>
         <size>0x1</size>
      </object_component>
      <object_component id="oc-163">
         <name>.common:currentHeight</name>
         <uninitialized>true</uninitialized>
         <run_address>0x200025f8</run_address>
         <size>0x2</size>
      </object_component>
      <object_component id="oc-1e7">
         <name>.common:MAIN_PWM</name>
         <uninitialized>true</uninitialized>
         <run_address>0x200025a0</run_address>
         <size>0x4</size>
      </object_component>
      <object_component id="oc-2a4">
         <name>.common:errorSignal</name>
         <uninitialized>true</uninitialized>
         <run_address>0x200025b8</run_address>
         <size>0x4</size>
      </object_component>
      <object_component id="oc-2a8">
         <name>.common:errorIntegral</name>
         <uninitialized>true</uninitialized>
         <run_address>0x20002580</run_address>
         <size>0x8</size>
      </object_component>
      <object_component id="oc-2a9">
         <name>.common:dutyCycle</name>
         <uninitialized>true</uninitialized>
         <run_address>0x200025ac</run_address>
         <size>0x4</size>
      </object_component>
      <object_component id="oc-1ea">
         <name>.common:TAIL_PWM</name>
         <uninitialized>true</uninitialized>
         <run_address>0x200025a4</run_address>
         <size>0x4</size>
      </object_component>
      <object_component id="oc-2b1">
         <name>.common:tailErrorSignal</name>
         <uninitialized>true</uninitialized>
         <run_address>0x200025fa</run_address>
         <size>0x2</size>
      </object_component>
      <object_component id="oc-238">
         <name>.common:currentState</name>
         <uninitialized>true</uninitialized>
         <run_address>0x200025fe</run_address>
         <size>0x1</size>
      </object_component>
      <object_component id="oc-23a">
         <name>.common:previousState</name>
         <uninitialized>true</uninitialized>
         <run_address>0x20002600</run_address>
         <size>0x1</size>
      </object_component>
      <object_component id="oc-234">
         <name>.common:ChannelA</name>
         <uninitialized>true</uninitialized>
         <run_address>0x20002598</run_address>
         <size>0x4</size>
      </object_component>
      <object_component id="oc-237">
         <name>.common:ChannelB</name>
         <uninitialized>true</uninitialized>
         <run_address>0x2000259c</run_address>
         <size>0x4</size>
      </object_component>
      <object_component id="oc-239">
         <name>.common:slotCount</name>
         <uninitialized>true</uninitialized>
         <run_address>0x200025dc</run_address>
         <size>0x4</size>
      </object_component>
      <object_component id="oc-400">
         <name>.common:xcoOledCur</name>
         <uninitialized>true</uninitialized>
         <run_address>0x200025e8</run_address>
         <size>0x4</size>
      </object_component>
      <object_component id="oc-401">
         <name>.common:ycoOledCur</name>
         <uninitialized>true</uninitialized>
         <run_address>0x200025f4</run_address>
         <size>0x4</size>
      </object_component>
      <object_component id="oc-3a5">
         <name>.common:pbOledCur</name>
         <uninitialized>true</uninitialized>
         <run_address>0x200025c8</run_address>
         <size>0x4</size>
      </object_component>
      <object_component id="oc-402">
         <name>.common:bnOledCur</name>
         <uninitialized>true</uninitialized>
         <run_address>0x200025a8</run_address>
         <size>0x4</size>
      </object_component>
      <object_component id="oc-3e7">
         <name>.common:clrOledCur</name>
         <uninitialized>true</uninitialized>
         <run_address>0x200025fd</run_address>
         <size>0x1</size>
      </object_component>
      <object_component id="oc-3e8">
         <name>.common:pbOledPatCur</name>
         <uninitialized>true</uninitialized>
         <run_address>0x200025d4</run_address>
         <size>0x4</size>
      </object_component>
      <object_component id="oc-3a3">
         <name>.common:fOledCharUpdate</name>
         <uninitialized>true</uninitialized>
         <run_address>0x200025bc</run_address>
         <size>0x4</size>
      </object_component>
      <object_component id="oc-39e">
         <name>.common:dxcoOledFontCur</name>
         <uninitialized>true</uninitialized>
         <run_address>0x200025b0</run_address>
         <size>0x4</size>
      </object_component>
      <object_component id="oc-3a1">
         <name>.common:dycoOledFontCur</name>
         <uninitialized>true</uninitialized>
         <run_address>0x200025b4</run_address>
         <size>0x4</size>
      </object_component>
      <object_component id="oc-3a4">
         <name>.common:pbOledFontCur</name>
         <uninitialized>true</uninitialized>
         <run_address>0x200025cc</run_address>
         <size>0x4</size>
      </object_component>
      <object_component id="oc-3a2">
         <name>.common:pbOledFontUser</name>
         <uninitialized>true</uninitialized>
         <run_address>0x200025d0</run_address>
         <size>0x4</size>
      </object_component>
      <object_component id="oc-3ec">
         <name>.common:rgbOledBmp</name>
         <uninitialized>true</uninitialized>
         <run_address>0x20002270</run_address>
         <size>0x200</size>
      </object_component>
      <object_component id="oc-39c">
         <name>.common:xchOledCur</name>
         <uninitialized>true</uninitialized>
         <run_address>0x200025e0</run_address>
         <size>0x4</size>
      </object_component>
      <object_component id="oc-39d">
         <name>.common:ychOledCur</name>
         <uninitialized>true</uninitialized>
         <run_address>0x200025ec</run_address>
         <size>0x4</size>
      </object_component>
      <object_component id="oc-398">
         <name>.common:xchOledMax</name>
         <uninitialized>true</uninitialized>
         <run_address>0x200025e4</run_address>
         <size>0x4</size>
      </object_component>
      <object_component id="oc-39b">
         <name>.common:ychOledMax</name>
         <uninitialized>true</uninitialized>
         <run_address>0x200025f0</run_address>
         <size>0x4</size>
      </object_component>
      <object_component id="oc-3e6">
         <name>.common:rgbOledFontUser</name>
         <uninitialized>true</uninitialized>
         <run_address>0x20002470</run_address>
         <size>0x100</size>
      </object_component>
      <object_component id="oc-406">
         <name>.common:pfnDoRop</name>
         <uninitialized>true</uninitialized>
         <run_address>0x200025d8</run_address>
         <size>0x4</size>
      </object_component>
      <object_component id="oc-403">
         <name>.common:modOledCur</name>
         <uninitialized>true</uninitialized>
         <run_address>0x200025c4</run_address>
         <size>0x4</size>
      </object_component>
      <object_component id="oc-2b">
         <name>.sysmem</name>
         <uninitialized>true</uninitialized>
         <run_address>0x20001270</run_address>
         <size>0x8</size>
         <input_file_ref idref="fl-e6"/>
      </object_component>
      <object_component id="oc-466">
         <name>.sysmem</name>
         <uninitialized>true</uninitialized>
         <run_address>0x20001270</run_address>
         <size>0x0</size>
      </object_component>
      <object_component id="oc-2a">
         <name>.stack</name>
         <uninitialized>true</uninitialized>
         <run_address>0x2000026c</run_address>
         <size>0x0</size>
         <input_file_ref idref="fl-d9"/>
      </object_component>
      <object_component id="oc-465">
         <name>.stack</name>
         <uninitialized>true</uninitialized>
         <run_address>0x2000026c</run_address>
         <size>0x0</size>
      </object_component>
      <object_component id="oc-226">
         <name>.debug_info</name>
         <load_address>0x0</load_address>
         <run_address>0x0</run_address>
         <size>0x4d9</size>
         <input_file_ref idref="fl-2"/>
      </object_component>
      <object_component id="oc-21d">
         <name>.debug_info</name>
         <load_address>0x4d9</load_address>
         <run_address>0x4d9</run_address>
         <size>0x10b</size>
         <input_file_ref idref="fl-2"/>
      </object_component>
      <object_component id="oc-220">
         <name>.debug_info</name>
         <load_address>0x5e4</load_address>
         <run_address>0x5e4</run_address>
         <size>0x10b</size>
         <input_file_ref idref="fl-2"/>
      </object_component>
      <object_component id="oc-223">
         <name>.debug_info</name>
         <load_address>0x6ef</load_address>
         <run_address>0x6ef</run_address>
         <size>0x109</size>
         <input_file_ref idref="fl-2"/>
      </object_component>
      <object_component id="oc-21a">
         <name>.debug_info</name>
         <load_address>0x7f8</load_address>
         <run_address>0x7f8</run_address>
         <size>0x10d</size>
         <input_file_ref idref="fl-2"/>
      </object_component>
      <object_component id="oc-165">
         <name>.debug_info</name>
         <load_address>0x905</load_address>
         <run_address>0x905</run_address>
         <size>0x218</size>
         <input_file_ref idref="fl-2"/>
      </object_component>
      <object_component id="oc-123">
         <name>.debug_info</name>
         <load_address>0xb1d</load_address>
         <run_address>0xb1d</run_address>
         <size>0x6fb</size>
         <input_file_ref idref="fl-2"/>
      </object_component>
      <object_component id="oc-cd">
         <name>.debug_info</name>
         <load_address>0x1218</load_address>
         <run_address>0x1218</run_address>
         <size>0x8b</size>
         <input_file_ref idref="fl-2"/>
      </object_component>
      <object_component id="oc-83">
         <name>.debug_info</name>
         <load_address>0x12a3</load_address>
         <run_address>0x12a3</run_address>
         <size>0x18b</size>
         <input_file_ref idref="fl-2"/>
      </object_component>
      <object_component id="oc-229">
         <name>.debug_info</name>
         <load_address>0x142e</load_address>
         <run_address>0x142e</run_address>
         <size>0x83</size>
         <input_file_ref idref="fl-2"/>
      </object_component>
      <object_component id="oc-1af">
         <name>.debug_info</name>
         <load_address>0x14b1</load_address>
         <run_address>0x14b1</run_address>
         <size>0x304</size>
         <input_file_ref idref="fl-3"/>
      </object_component>
      <object_component id="oc-111">
         <name>.debug_info</name>
         <load_address>0x17b5</load_address>
         <run_address>0x17b5</run_address>
         <size>0x361</size>
         <input_file_ref idref="fl-3"/>
      </object_component>
      <object_component id="oc-1a3">
         <name>.debug_info</name>
         <load_address>0x1b16</load_address>
         <run_address>0x1b16</run_address>
         <size>0x86</size>
         <input_file_ref idref="fl-3"/>
      </object_component>
      <object_component id="oc-300">
         <name>.debug_info</name>
         <load_address>0x1b9c</load_address>
         <run_address>0x1b9c</run_address>
         <size>0x110</size>
         <input_file_ref idref="fl-3"/>
      </object_component>
      <object_component id="oc-3d">
         <name>.debug_info</name>
         <load_address>0x1cac</load_address>
         <run_address>0x1cac</run_address>
         <size>0x84</size>
         <input_file_ref idref="fl-3"/>
      </object_component>
      <object_component id="oc-10e">
         <name>.debug_info</name>
         <load_address>0x1d30</load_address>
         <run_address>0x1d30</run_address>
         <size>0x51e</size>
         <input_file_ref idref="fl-4"/>
      </object_component>
      <object_component id="oc-117">
         <name>.debug_info</name>
         <load_address>0x224e</load_address>
         <run_address>0x224e</run_address>
         <size>0x2ae</size>
         <input_file_ref idref="fl-4"/>
      </object_component>
      <object_component id="oc-2d3">
         <name>.debug_info</name>
         <load_address>0x24fc</load_address>
         <run_address>0x24fc</run_address>
         <size>0x196</size>
         <input_file_ref idref="fl-4"/>
      </object_component>
      <object_component id="oc-2d8">
         <name>.debug_info</name>
         <load_address>0x2692</load_address>
         <run_address>0x2692</run_address>
         <size>0x4e</size>
         <input_file_ref idref="fl-4"/>
      </object_component>
      <object_component id="oc-159">
         <name>.debug_info</name>
         <load_address>0x26e0</load_address>
         <run_address>0x26e0</run_address>
         <size>0xa19</size>
         <input_file_ref idref="fl-5"/>
      </object_component>
      <object_component id="oc-af">
         <name>.debug_info</name>
         <load_address>0x30f9</load_address>
         <run_address>0x30f9</run_address>
         <size>0x7ff</size>
         <input_file_ref idref="fl-5"/>
      </object_component>
      <object_component id="oc-14d">
         <name>.debug_info</name>
         <load_address>0x38f8</load_address>
         <run_address>0x38f8</run_address>
         <size>0x2aa</size>
         <input_file_ref idref="fl-6"/>
      </object_component>
      <object_component id="oc-1e8">
         <name>.debug_info</name>
         <load_address>0x3ba2</load_address>
         <run_address>0x3ba2</run_address>
         <size>0x593</size>
         <input_file_ref idref="fl-7"/>
      </object_component>
      <object_component id="oc-2a6">
         <name>.debug_info</name>
         <load_address>0x4135</load_address>
         <run_address>0x4135</run_address>
         <size>0x12b</size>
         <input_file_ref idref="fl-7"/>
      </object_component>
      <object_component id="oc-135">
         <name>.debug_info</name>
         <load_address>0x4260</load_address>
         <run_address>0x4260</run_address>
         <size>0x69a</size>
         <input_file_ref idref="fl-7"/>
      </object_component>
      <object_component id="oc-1eb">
         <name>.debug_info</name>
         <load_address>0x48fa</load_address>
         <run_address>0x48fa</run_address>
         <size>0x573</size>
         <input_file_ref idref="fl-8"/>
      </object_component>
      <object_component id="oc-2b3">
         <name>.debug_info</name>
         <load_address>0x4e6d</load_address>
         <run_address>0x4e6d</run_address>
         <size>0x133</size>
         <input_file_ref idref="fl-8"/>
      </object_component>
      <object_component id="oc-13b">
         <name>.debug_info</name>
         <load_address>0x4fa0</load_address>
         <run_address>0x4fa0</run_address>
         <size>0x663</size>
         <input_file_ref idref="fl-8"/>
      </object_component>
      <object_component id="oc-36">
         <name>.debug_info</name>
         <load_address>0x5603</load_address>
         <run_address>0x5603</run_address>
         <size>0x2d1</size>
         <input_file_ref idref="fl-9"/>
      </object_component>
      <object_component id="oc-10">
         <name>.debug_info</name>
         <load_address>0x58d4</load_address>
         <run_address>0x58d4</run_address>
         <size>0x122</size>
         <input_file_ref idref="fl-9"/>
      </object_component>
      <object_component id="oc-2f">
         <name>.debug_info</name>
         <load_address>0x59f6</load_address>
         <run_address>0x59f6</run_address>
         <size>0x29e</size>
         <input_file_ref idref="fl-9"/>
      </object_component>
      <object_component id="oc-261">
         <name>.debug_info</name>
         <load_address>0x5c94</load_address>
         <run_address>0x5c94</run_address>
         <size>0x4a7</size>
         <input_file_ref idref="fl-a"/>
      </object_component>
      <object_component id="oc-12f">
         <name>.debug_info</name>
         <load_address>0x613b</load_address>
         <run_address>0x613b</run_address>
         <size>0x2e4</size>
         <input_file_ref idref="fl-a"/>
      </object_component>
      <object_component id="oc-1ee">
         <name>.debug_info</name>
         <load_address>0x641f</load_address>
         <run_address>0x641f</run_address>
         <size>0x3b8</size>
         <input_file_ref idref="fl-b"/>
      </object_component>
      <object_component id="oc-11d">
         <name>.debug_info</name>
         <load_address>0x67d7</load_address>
         <run_address>0x67d7</run_address>
         <size>0x498</size>
         <input_file_ref idref="fl-b"/>
      </object_component>
      <object_component id="oc-2d2">
         <name>.debug_info</name>
         <load_address>0x6c6f</load_address>
         <run_address>0x6c6f</run_address>
         <size>0x2ed</size>
         <input_file_ref idref="fl-c"/>
      </object_component>
      <object_component id="oc-2c6">
         <name>.debug_info</name>
         <load_address>0x6f5c</load_address>
         <run_address>0x6f5c</run_address>
         <size>0x106</size>
         <input_file_ref idref="fl-c"/>
      </object_component>
      <object_component id="oc-2c9">
         <name>.debug_info</name>
         <load_address>0x7062</load_address>
         <run_address>0x7062</run_address>
         <size>0x117</size>
         <input_file_ref idref="fl-c"/>
      </object_component>
      <object_component id="oc-2cc">
         <name>.debug_info</name>
         <load_address>0x7179</load_address>
         <run_address>0x7179</run_address>
         <size>0x113</size>
         <input_file_ref idref="fl-c"/>
      </object_component>
      <object_component id="oc-2cf">
         <name>.debug_info</name>
         <load_address>0x728c</load_address>
         <run_address>0x728c</run_address>
         <size>0x113</size>
         <input_file_ref idref="fl-c"/>
      </object_component>
      <object_component id="oc-153">
         <name>.debug_info</name>
         <load_address>0x739f</load_address>
         <run_address>0x739f</run_address>
         <size>0xe85</size>
         <input_file_ref idref="fl-c"/>
      </object_component>
      <object_component id="oc-235">
         <name>.debug_info</name>
         <load_address>0x8224</load_address>
         <run_address>0x8224</run_address>
         <size>0x54e</size>
         <input_file_ref idref="fl-d"/>
      </object_component>
      <object_component id="oc-168">
         <name>.debug_info</name>
         <load_address>0x8772</load_address>
         <run_address>0x8772</run_address>
         <size>0x181</size>
         <input_file_ref idref="fl-d"/>
      </object_component>
      <object_component id="oc-129">
         <name>.debug_info</name>
         <load_address>0x88f3</load_address>
         <run_address>0x88f3</run_address>
         <size>0x47d</size>
         <input_file_ref idref="fl-d"/>
      </object_component>
      <object_component id="oc-326">
         <name>.debug_info</name>
         <load_address>0x8d70</load_address>
         <run_address>0x8d70</run_address>
         <size>0x36f</size>
         <input_file_ref idref="fl-e"/>
      </object_component>
      <object_component id="oc-1e2">
         <name>.debug_info</name>
         <load_address>0x90df</load_address>
         <run_address>0x90df</run_address>
         <size>0x32c</size>
         <input_file_ref idref="fl-e"/>
      </object_component>
      <object_component id="oc-42b">
         <name>.debug_info</name>
         <load_address>0x940b</load_address>
         <run_address>0x940b</run_address>
         <size>0x116</size>
         <input_file_ref idref="fl-f"/>
      </object_component>
      <object_component id="oc-3e4">
         <name>.debug_info</name>
         <load_address>0x9521</load_address>
         <run_address>0x9521</run_address>
         <size>0x12a</size>
         <input_file_ref idref="fl-f"/>
      </object_component>
      <object_component id="oc-42e">
         <name>.debug_info</name>
         <load_address>0x964b</load_address>
         <run_address>0x964b</run_address>
         <size>0x113</size>
         <input_file_ref idref="fl-10"/>
      </object_component>
      <object_component id="oc-3ea">
         <name>.debug_info</name>
         <load_address>0x975e</load_address>
         <run_address>0x975e</run_address>
         <size>0x125</size>
         <input_file_ref idref="fl-10"/>
      </object_component>
      <object_component id="oc-39f">
         <name>.debug_info</name>
         <load_address>0x9883</load_address>
         <run_address>0x9883</run_address>
         <size>0x871</size>
         <input_file_ref idref="fl-11"/>
      </object_component>
      <object_component id="oc-320">
         <name>.debug_info</name>
         <load_address>0xa0f4</load_address>
         <run_address>0xa0f4</run_address>
         <size>0xc11</size>
         <input_file_ref idref="fl-11"/>
      </object_component>
      <object_component id="oc-399">
         <name>.debug_info</name>
         <load_address>0xad05</load_address>
         <run_address>0xad05</run_address>
         <size>0x4ee</size>
         <input_file_ref idref="fl-12"/>
      </object_component>
      <object_component id="oc-31a">
         <name>.debug_info</name>
         <load_address>0xb1f3</load_address>
         <run_address>0xb1f3</run_address>
         <size>0x8e4</size>
         <input_file_ref idref="fl-12"/>
      </object_component>
      <object_component id="oc-404">
         <name>.debug_info</name>
         <load_address>0xbad7</load_address>
         <run_address>0xbad7</run_address>
         <size>0x4e1</size>
         <input_file_ref idref="fl-13"/>
      </object_component>
      <object_component id="oc-393">
         <name>.debug_info</name>
         <load_address>0xbfb8</load_address>
         <run_address>0xbfb8</run_address>
         <size>0x1b7c</size>
         <input_file_ref idref="fl-13"/>
      </object_component>
      <object_component id="oc-3a8">
         <name>.debug_info</name>
         <load_address>0xdb34</load_address>
         <run_address>0xdb34</run_address>
         <size>0x277</size>
         <input_file_ref idref="fl-14"/>
      </object_component>
      <object_component id="oc-18d">
         <name>.debug_info</name>
         <load_address>0xddab</load_address>
         <run_address>0xddab</run_address>
         <size>0x24d</size>
         <input_file_ref idref="fl-19"/>
      </object_component>
      <object_component id="oc-1c9">
         <name>.debug_info</name>
         <load_address>0xdff8</load_address>
         <run_address>0xdff8</run_address>
         <size>0x333</size>
         <input_file_ref idref="fl-19"/>
      </object_component>
      <object_component id="oc-1cf">
         <name>.debug_info</name>
         <load_address>0xe32b</load_address>
         <run_address>0xe32b</run_address>
         <size>0x2a0</size>
         <input_file_ref idref="fl-19"/>
      </object_component>
      <object_component id="oc-1b1">
         <name>.debug_info</name>
         <load_address>0xe5cb</load_address>
         <run_address>0xe5cb</run_address>
         <size>0x2ff</size>
         <input_file_ref idref="fl-19"/>
      </object_component>
      <object_component id="oc-1c3">
         <name>.debug_info</name>
         <load_address>0xe8ca</load_address>
         <run_address>0xe8ca</run_address>
         <size>0x326</size>
         <input_file_ref idref="fl-19"/>
      </object_component>
      <object_component id="oc-e4">
         <name>.debug_info</name>
         <load_address>0xebf0</load_address>
         <run_address>0xebf0</run_address>
         <size>0x2a4</size>
         <input_file_ref idref="fl-19"/>
      </object_component>
      <object_component id="oc-30c">
         <name>.debug_info</name>
         <load_address>0xee94</load_address>
         <run_address>0xee94</run_address>
         <size>0x2bf</size>
         <input_file_ref idref="fl-19"/>
      </object_component>
      <object_component id="oc-1d5">
         <name>.debug_info</name>
         <load_address>0xf153</load_address>
         <run_address>0xf153</run_address>
         <size>0x2df</size>
         <input_file_ref idref="fl-19"/>
      </object_component>
      <object_component id="oc-1db">
         <name>.debug_info</name>
         <load_address>0xf432</load_address>
         <run_address>0xf432</run_address>
         <size>0x296</size>
         <input_file_ref idref="fl-19"/>
      </object_component>
      <object_component id="oc-1b7">
         <name>.debug_info</name>
         <load_address>0xf6c8</load_address>
         <run_address>0xf6c8</run_address>
         <size>0x294</size>
         <input_file_ref idref="fl-19"/>
      </object_component>
      <object_component id="oc-2e0">
         <name>.debug_info</name>
         <load_address>0xf95c</load_address>
         <run_address>0xf95c</run_address>
         <size>0x240</size>
         <input_file_ref idref="fl-1a"/>
      </object_component>
      <object_component id="oc-3f2">
         <name>.debug_info</name>
         <load_address>0xfb9c</load_address>
         <run_address>0xfb9c</run_address>
         <size>0x167</size>
         <input_file_ref idref="fl-1a"/>
      </object_component>
      <object_component id="oc-3f5">
         <name>.debug_info</name>
         <load_address>0xfd03</load_address>
         <run_address>0xfd03</run_address>
         <size>0x169</size>
         <input_file_ref idref="fl-1a"/>
      </object_component>
      <object_component id="oc-34f">
         <name>.debug_info</name>
         <load_address>0xfe6c</load_address>
         <run_address>0xfe6c</run_address>
         <size>0x15b</size>
         <input_file_ref idref="fl-1a"/>
      </object_component>
      <object_component id="oc-3c6">
         <name>.debug_info</name>
         <load_address>0xffc7</load_address>
         <run_address>0xffc7</run_address>
         <size>0x2a3</size>
         <input_file_ref idref="fl-1a"/>
      </object_component>
      <object_component id="oc-330">
         <name>.debug_info</name>
         <load_address>0x1026a</load_address>
         <run_address>0x1026a</run_address>
         <size>0x2b3</size>
         <input_file_ref idref="fl-1a"/>
      </object_component>
      <object_component id="oc-1f6">
         <name>.debug_info</name>
         <load_address>0x1051d</load_address>
         <run_address>0x1051d</run_address>
         <size>0x316</size>
         <input_file_ref idref="fl-1a"/>
      </object_component>
      <object_component id="oc-23f">
         <name>.debug_info</name>
         <load_address>0x10833</load_address>
         <run_address>0x10833</run_address>
         <size>0x27b</size>
         <input_file_ref idref="fl-1a"/>
      </object_component>
      <object_component id="oc-3ae">
         <name>.debug_info</name>
         <load_address>0x10aae</load_address>
         <run_address>0x10aae</run_address>
         <size>0x279</size>
         <input_file_ref idref="fl-1a"/>
      </object_component>
      <object_component id="oc-272">
         <name>.debug_info</name>
         <load_address>0x10d27</load_address>
         <run_address>0x10d27</run_address>
         <size>0x279</size>
         <input_file_ref idref="fl-1a"/>
      </object_component>
      <object_component id="oc-3cd">
         <name>.debug_info</name>
         <load_address>0x10fa0</load_address>
         <run_address>0x10fa0</run_address>
         <size>0x2b7</size>
         <input_file_ref idref="fl-1a"/>
      </object_component>
      <object_component id="oc-1f2">
         <name>.debug_info</name>
         <load_address>0x11257</load_address>
         <run_address>0x11257</run_address>
         <size>0x285</size>
         <input_file_ref idref="fl-1a"/>
      </object_component>
      <object_component id="oc-1fc">
         <name>.debug_info</name>
         <load_address>0x114dc</load_address>
         <run_address>0x114dc</run_address>
         <size>0x27b</size>
         <input_file_ref idref="fl-1a"/>
      </object_component>
      <object_component id="oc-243">
         <name>.debug_info</name>
         <load_address>0x11757</load_address>
         <run_address>0x11757</run_address>
         <size>0x280</size>
         <input_file_ref idref="fl-1a"/>
      </object_component>
      <object_component id="oc-33a">
         <name>.debug_info</name>
         <load_address>0x119d7</load_address>
         <run_address>0x119d7</run_address>
         <size>0x298</size>
         <input_file_ref idref="fl-1a"/>
      </object_component>
      <object_component id="oc-20e">
         <name>.debug_info</name>
         <load_address>0x11c6f</load_address>
         <run_address>0x11c6f</run_address>
         <size>0x2bb</size>
         <input_file_ref idref="fl-1a"/>
      </object_component>
      <object_component id="oc-216">
         <name>.debug_info</name>
         <load_address>0x11f2a</load_address>
         <run_address>0x11f2a</run_address>
         <size>0x2cf</size>
         <input_file_ref idref="fl-1a"/>
      </object_component>
      <object_component id="oc-160">
         <name>.debug_info</name>
         <load_address>0x121f9</load_address>
         <run_address>0x121f9</run_address>
         <size>0x28f</size>
         <input_file_ref idref="fl-1a"/>
      </object_component>
      <object_component id="oc-22f">
         <name>.debug_info</name>
         <load_address>0x12488</load_address>
         <run_address>0x12488</run_address>
         <size>0x291</size>
         <input_file_ref idref="fl-1a"/>
      </object_component>
      <object_component id="oc-202">
         <name>.debug_info</name>
         <load_address>0x12719</load_address>
         <run_address>0x12719</run_address>
         <size>0x28d</size>
         <input_file_ref idref="fl-1a"/>
      </object_component>
      <object_component id="oc-2f9">
         <name>.debug_info</name>
         <load_address>0x129a6</load_address>
         <run_address>0x129a6</run_address>
         <size>0x20e</size>
         <input_file_ref idref="fl-1b"/>
      </object_component>
      <object_component id="oc-38f">
         <name>.debug_info</name>
         <load_address>0x12bb4</load_address>
         <run_address>0x12bb4</run_address>
         <size>0x210</size>
         <input_file_ref idref="fl-1b"/>
      </object_component>
      <object_component id="oc-2f6">
         <name>.debug_info</name>
         <load_address>0x12dc4</load_address>
         <run_address>0x12dc4</run_address>
         <size>0x157</size>
         <input_file_ref idref="fl-1b"/>
      </object_component>
      <object_component id="oc-199">
         <name>.debug_info</name>
         <load_address>0x12f1b</load_address>
         <run_address>0x12f1b</run_address>
         <size>0x2c1</size>
         <input_file_ref idref="fl-1b"/>
      </object_component>
      <object_component id="oc-147">
         <name>.debug_info</name>
         <load_address>0x131dc</load_address>
         <run_address>0x131dc</run_address>
         <size>0x23e</size>
         <input_file_ref idref="fl-1b"/>
      </object_component>
      <object_component id="oc-312">
         <name>.debug_info</name>
         <load_address>0x1341a</load_address>
         <run_address>0x1341a</run_address>
         <size>0x268</size>
         <input_file_ref idref="fl-1b"/>
      </object_component>
      <object_component id="oc-2b7">
         <name>.debug_info</name>
         <load_address>0x13682</load_address>
         <run_address>0x13682</run_address>
         <size>0x1ed</size>
         <input_file_ref idref="fl-1c"/>
      </object_component>
      <object_component id="oc-26a">
         <name>.debug_info</name>
         <load_address>0x1386f</load_address>
         <run_address>0x1386f</run_address>
         <size>0x2f6</size>
         <input_file_ref idref="fl-1c"/>
      </object_component>
      <object_component id="oc-141">
         <name>.debug_info</name>
         <load_address>0x13b65</load_address>
         <run_address>0x13b65</run_address>
         <size>0x2c4</size>
         <input_file_ref idref="fl-1c"/>
      </object_component>
      <object_component id="oc-264">
         <name>.debug_info</name>
         <load_address>0x13e29</load_address>
         <run_address>0x13e29</run_address>
         <size>0x2b6</size>
         <input_file_ref idref="fl-1c"/>
      </object_component>
      <object_component id="oc-27c">
         <name>.debug_info</name>
         <load_address>0x140df</load_address>
         <run_address>0x140df</run_address>
         <size>0x276</size>
         <input_file_ref idref="fl-1c"/>
      </object_component>
      <object_component id="oc-276">
         <name>.debug_info</name>
         <load_address>0x14355</load_address>
         <run_address>0x14355</run_address>
         <size>0x2b3</size>
         <input_file_ref idref="fl-1c"/>
      </object_component>
      <object_component id="oc-421">
[...]
         <value>0x112d</value>
         <object_component_ref idref="oc-392"/>
      </symbol>
      <symbol id="sm-48b">
         <name>OrbitOledClampYco</name>
         <value>0x1801</value>
         <object_component_ref idref="oc-392"/>
      </symbol>
      <symbol id="sm-48c">
         <name>OrbitOledGetPos</name>
         <value>0xf37</value>
         <object_component_ref idref="oc-392"/>
      </symbol>
      <symbol id="sm-48d">
         <name>OrbitOledRopSet</name>
         <value>0x16a1</value>
         <object_component_ref idref="oc-392"/>
      </symbol>
      <symbol id="sm-48e">
         <name>OrbitOledRopXor</name>
         <value>0x1713</value>
         <object_component_ref idref="oc-392"/>
      </symbol>
      <symbol id="sm-48f">
         <name>OrbitOledGetBmp</name>
         <value>0x12f5</value>
         <object_component_ref idref="oc-392"/>
      </symbol>
      <symbol id="sm-490">
         <name>OrbitOledMoveLeft</name>
         <value>0x17af</value>
         <object_component_ref idref="oc-392"/>
      </symbol>
      <symbol id="sm-491">
         <name>OrbitOledRopAnd</name>
         <value>0x16ef</value>
         <object_component_ref idref="oc-392"/>
      </symbol>
      <symbol id="sm-492">
         <name>OrbitOledPutBmp</name>
         <value>0x1455</value>
         <object_component_ref idref="oc-392"/>
      </symbol>
      <symbol id="sm-493">
         <name>OrbitOledSetDrawMode</name>
         <value>0xf8d</value>
         <object_component_ref idref="oc-392"/>
      </symbol>
      <symbol id="sm-494">
         <name>OrbitOledClampXco</name>
         <value>0x17e1</value>
         <object_component_ref idref="oc-392"/>
      </symbol>
      <symbol id="sm-495">
         <name>OrbitOledSetFillPattern</name>
         <value>0xf7d</value>
         <object_component_ref idref="oc-392"/>
      </symbol>
      <symbol id="sm-496">
         <name>OrbitOledRopOr</name>
         <value>0x16cb</value>
         <object_component_ref idref="oc-392"/>
      </symbol>
      <symbol id="sm-4a8">
         <name>DelayMs</name>
         <value>0x3edf</value>
         <object_component_ref idref="oc-3a7"/>
      </symbol>
      <symbol id="sm-4a9">
         <name>DelayInit</name>
         <value>0x3ec5</value>
         <object_component_ref idref="oc-3a7"/>
      </symbol>
      <symbol id="sm-508">
         <name>ADCProcessorTrigger</name>
         <value>0x4495</value>
         <object_component_ref idref="oc-e3"/>
      </symbol>
      <symbol id="sm-509">
         <name>ADCSequenceEnable</name>
         <value>0x4605</value>
         <object_component_ref idref="oc-1ce"/>
      </symbol>
      <symbol id="sm-50a">
         <name>ADCSequenceConfigure</name>
         <value>0x4021</value>
         <object_component_ref idref="oc-1c2"/>
      </symbol>
      <symbol id="sm-50b">
         <name>ADCIntEnable</name>
         <value>0x45b3</value>
         <object_component_ref idref="oc-1da"/>
      </symbol>
      <symbol id="sm-50c">
         <name>ADCSequenceStepConfigure</name>
         <value>0x3ae1</value>
         <object_component_ref idref="oc-1c8"/>
      </symbol>
      <symbol id="sm-50d">
         <name>ADCIntClear</name>
         <value>0x4685</value>
         <object_component_ref idref="oc-1b6"/>
      </symbol>
      <symbol id="sm-50e">
         <name>ADCIntRegister</name>
         <value>0x447d</value>
         <object_component_ref idref="oc-1d4"/>
      </symbol>
      <symbol id="sm-50f">
         <name>ADCSequenceDataGet</name>
         <value>0x4425</value>
         <object_component_ref idref="oc-1b0"/>
      </symbol>
      <symbol id="sm-5b8">
         <name>GPIOPinTypePWM</name>
         <value>0x456b</value>
         <object_component_ref idref="oc-26f"/>
      </symbol>
      <symbol id="sm-5b9">
         <name>GPIOIntRegister</name>
         <value>0x44ad</value>
         <object_component_ref idref="oc-213"/>
      </symbol>
      <symbol id="sm-5ba">
         <name>GPIOPinConfigure</name>
         <value>0x410d</value>
         <object_component_ref idref="oc-242"/>
      </symbol>
      <symbol id="sm-5bb">
         <name>GPIOIntDisable</name>
         <value>0x4613</value>
         <object_component_ref idref="oc-22e"/>
      </symbol>
      <symbol id="sm-5bc">
         <name>GPIOIntEnable</name>
         <value>0x4649</value>
         <object_component_ref idref="oc-15d"/>
      </symbol>
      <symbol id="sm-5bd">
         <name>GPIOIntTypeSet</name>
         <value>0x3f21</value>
         <object_component_ref idref="oc-20d"/>
      </symbol>
      <symbol id="sm-5be">
         <name>GPIOPinTypeGPIOInput</name>
         <value>0x4559</value>
         <object_component_ref idref="oc-1ef"/>
      </symbol>
      <symbol id="sm-5bf">
         <name>GPIOIntClear</name>
         <value>0x46c9</value>
         <object_component_ref idref="oc-201"/>
      </symbol>
      <symbol id="sm-5c0">
         <name>GPIOPinTypeUART</name>
         <value>0x458f</value>
         <object_component_ref idref="oc-23c"/>
      </symbol>
      <symbol id="sm-5c1">
         <name>GPIOPinTypeGPIOOutput</name>
         <value>0x44c5</value>
         <object_component_ref idref="oc-3cb"/>
      </symbol>
      <symbol id="sm-5c2">
         <name>GPIOPinRead</name>
         <value>0x46cf</value>
         <object_component_ref idref="oc-1fb"/>
      </symbol>
      <symbol id="sm-5c3">
         <name>GPIODirModeSet</name>
         <value>0x43b7</value>
         <object_component_ref idref="oc-32d"/>
      </symbol>
      <symbol id="sm-5c4">
         <name>GPIOPinWrite</name>
         <value>0x46d5</value>
         <object_component_ref idref="oc-3c5"/>
      </symbol>
      <symbol id="sm-5c5">
         <name>GPIOPadConfigSet</name>
         <value>0x343b</value>
         <object_component_ref idref="oc-1f5"/>
      </symbol>
      <symbol id="sm-5c6">
         <name>GPIOPinTypeSSI</name>
         <value>0x457d</value>
         <object_component_ref idref="oc-3ad"/>
      </symbol>
      <symbol id="sm-608">
         <name>IntEnable</name>
         <value>0x3d95</value>
         <object_component_ref idref="oc-311"/>
      </symbol>
      <symbol id="sm-609">
         <name>IntRegister</name>
         <value>0x4321</value>
         <object_component_ref idref="oc-198"/>
      </symbol>
      <symbol id="sm-60a">
         <name>g_pfnRAMVectors</name>
         <value>0x20000000</value>
         <object_component_ref idref="oc-2f5"/>
      </symbol>
      <symbol id="sm-60b">
         <name>IntMasterEnable</name>
         <value>0x45c3</value>
         <object_component_ref idref="oc-146"/>
      </symbol>
      <symbol id="sm-638">
         <name>PWMGenPeriodSet</name>
         <value>0x45d3</value>
         <object_component_ref idref="oc-263"/>
      </symbol>
      <symbol id="sm-639">
         <name>PWMPulseWidthSet</name>
         <value>0x4443</value>
         <object_component_ref idref="oc-269"/>
      </symbol>
      <symbol id="sm-63a">
         <name>PWMOutputState</name>
         <value>0x45a1</value>
         <object_component_ref idref="oc-140"/>
      </symbol>
      <symbol id="sm-63b">
         <name>PWMGenEnable</name>
         <value>0x4655</value>
         <object_component_ref idref="oc-27b"/>
      </symbol>
      <symbol id="sm-63c">
         <name>PWMGenConfigure</name>
         <value>0x43e1</value>
         <object_component_ref idref="oc-275"/>
      </symbol>
      <symbol id="sm-674">
         <name>SSIDataPut</name>
         <value>0x468f</value>
         <object_component_ref idref="oc-3d7"/>
      </symbol>
      <symbol id="sm-675">
         <name>SSIDataGet</name>
         <value>0x4661</value>
         <object_component_ref idref="oc-3dd"/>
      </symbol>
      <symbol id="sm-676">
         <name>SSIConfigSetExpClk</name>
         <value>0x42ad</value>
         <object_component_ref idref="oc-3b9"/>
      </symbol>
      <symbol id="sm-677">
         <name>SSIEnable</name>
         <value>0x4699</value>
         <object_component_ref idref="oc-3bf"/>
      </symbol>
      <symbol id="sm-678">
         <name>SSIClockSourceSet</name>
         <value>0x46db</value>
         <object_component_ref idref="oc-3b3"/>
      </symbol>
      <symbol id="sm-679">
         <name>SSIBusy</name>
         <value>0x46c1</value>
         <object_component_ref idref="oc-3d1"/>
      </symbol>
      <symbol id="sm-6e1">
         <name>SysCtlClockSet</name>
         <value>0x3899</value>
         <object_component_ref idref="oc-e9"/>
      </symbol>
      <symbol id="sm-6e2">
         <name>SysCtlDelay</name>
         <value>0x46e1</value>
         <object_component_ref idref="oc-18f"/>
      </symbol>
      <symbol id="sm-6e3">
         <name>SysCtlPeripheralEnable</name>
         <value>0x4355</value>
         <object_component_ref idref="oc-1bc"/>
      </symbol>
      <symbol id="sm-6e4">
         <name>SysCtlReset</name>
         <value>0x45e5</value>
         <object_component_ref idref="oc-207"/>
      </symbol>
      <symbol id="sm-6e5">
         <name>SysCtlClockGet</name>
         <value>0x368d</value>
         <object_component_ref idref="oc-ef"/>
      </symbol>
      <symbol id="sm-6e6">
         <name>SysCtlPWMClockSet</name>
         <value>0x44f5</value>
         <object_component_ref idref="oc-2ab"/>
      </symbol>
      <symbol id="sm-713">
         <name>SysTickEnable</name>
         <value>0x4509</value>
         <object_component_ref idref="oc-107"/>
      </symbol>
      <symbol id="sm-714">
         <name>SysTickIntRegister</name>
         <value>0x4461</value>
         <object_component_ref idref="oc-fb"/>
      </symbol>
      <symbol id="sm-715">
         <name>SysTickIntEnable</name>
         <value>0x451d</value>
         <object_component_ref idref="oc-101"/>
      </symbol>
      <symbol id="sm-716">
         <name>SysTickPeriodSet</name>
         <value>0x45f5</value>
         <object_component_ref idref="oc-f5"/>
      </symbol>
      <symbol id="sm-73a">
         <name>TimerEnable</name>
         <value>0x4621</value>
         <object_component_ref idref="oc-412"/>
      </symbol>
      <symbol id="sm-73b">
         <name>TimerValueGet</name>
         <value>0x46a3</value>
         <object_component_ref idref="oc-418"/>
      </symbol>
      <symbol id="sm-73c">
         <name>TimerConfigure</name>
         <value>0x3e65</value>
         <object_component_ref idref="oc-40c"/>
      </symbol>
      <symbol id="sm-76e">
         <name>UARTConfigSetExpClk</name>
         <value>0x419d</value>
         <object_component_ref idref="oc-248"/>
      </symbol>
      <symbol id="sm-76f">
         <name>UARTDisable</name>
         <value>0x4405</value>
         <object_component_ref idref="oc-352"/>
      </symbol>
      <symbol id="sm-770">
         <name>UARTCharPut</name>
         <value>0x46ad</value>
         <object_component_ref idref="oc-25a"/>
      </symbol>
      <symbol id="sm-771">
         <name>UARTEnable</name>
         <value>0x4531</value>
         <object_component_ref idref="oc-254"/>
      </symbol>
      <symbol id="sm-772">
         <name>UARTFIFOEnable</name>
         <value>0x46b7</value>
         <object_component_ref idref="oc-24e"/>
      </symbol>
      <symbol id="sm-77c">
         <name>CPUcpsie</name>
         <value>0x463d</value>
         <object_component_ref idref="oc-2b8"/>
      </symbol>
      <symbol id="sm-78d">
         <name>_c_int00</name>
         <value>0x3f79</value>
         <object_component_ref idref="oc-24"/>
      </symbol>
      <symbol id="sm-78e">
         <name>__stack</name>
         <value>0x2000026c</value>
         <object_component_ref idref="oc-2a"/>
      </symbol>
      <symbol id="sm-7ac">
         <name>__TI_decompress_lzss</name>
         <value>0x3dfd</value>
         <object_component_ref idref="oc-12"/>
      </symbol>
      <symbol id="sm-7c3">
         <name>__TI_decompress_none</name>
         <value>0x462f</value>
         <object_component_ref idref="oc-18"/>
      </symbol>
      <symbol id="sm-7da">
         <name>__TI_zero_init</name>
         <value>0x466d</value>
         <object_component_ref idref="oc-1e"/>
      </symbol>
      <symbol id="sm-7fb">
         <name>C$$EXIT</name>
         <value>0x3fcd</value>
         <object_component_ref idref="oc-72"/>
      </symbol>
      <symbol id="sm-7fc">
         <name>abort</name>
         <value>0x3fd1</value>
         <object_component_ref idref="oc-72"/>
      </symbol>
      <symbol id="sm-7fd">
         <name>exit</name>
         <value>0x3fd9</value>
         <object_component_ref idref="oc-72"/>
      </symbol>
      <symbol id="sm-7fe">
         <name>__TI_dtors_ptr</name>
         <value>0x20002618</value>
         <object_component_ref idref="oc-b6"/>
      </symbol>
      <symbol id="sm-7ff">
         <name>__TI_cleanup_ptr</name>
         <value>0x20002614</value>
         <object_component_ref idref="oc-b6"/>
      </symbol>
      <symbol id="sm-800">
         <name>__TI_enable_exit_profile_output</name>
         <value>0x2000261c</value>
         <object_component_ref idref="oc-b6"/>
      </symbol>
      <symbol id="sm-817">
         <name>__aeabi_dsub</name>
         <value>0x2f9d</value>
         <object_component_ref idref="oc-29a"/>
      </symbol>
      <symbol id="sm-818">
         <name>__aeabi_dadd</name>
         <value>0x2fa7</value>
         <object_component_ref idref="oc-29a"/>
      </symbol>
      <symbol id="sm-82c">
         <name>__aeabi_ddiv</name>
         <value>0x3305</value>
         <object_component_ref idref="oc-286"/>
      </symbol>
      <symbol id="sm-837">
         <name>__aeabi_dmul</name>
         <value>0x379d</value>
         <object_component_ref idref="oc-295"/>
      </symbol>
      <symbol id="sm-841">
         <name>__aeabi_d2iz</name>
         <value>0x4155</value>
         <object_component_ref idref="oc-29f"/>
      </symbol>
      <symbol id="sm-84d">
         <name>__aeabi_d2f</name>
         <value>0x3cb9</value>
         <object_component_ref idref="oc-28b"/>
      </symbol>
      <symbol id="sm-858">
         <name>__aeabi_f2d</name>
         <value>0x42e9</value>
         <object_component_ref idref="oc-281"/>
      </symbol>
      <symbol id="sm-862">
         <name>__aeabi_i2d</name>
         <value>0x4389</value>
         <object_component_ref idref="oc-290"/>
      </symbol>
      <symbol id="sm-87d">
         <name>memcpy</name>
         <value>0x3a45</value>
         <object_component_ref idref="oc-42"/>
      </symbol>
      <symbol id="sm-87e">
         <name>__aeabi_memcpy</name>
         <value>0x3a45</value>
         <object_component_ref idref="oc-42"/>
      </symbol>
      <symbol id="sm-87f">
         <name>__aeabi_memcpy8</name>
         <value>0x3a45</value>
         <object_component_ref idref="oc-42"/>
      </symbol>
      <symbol id="sm-880">
         <name>__aeabi_memcpy4</name>
         <value>0x3a45</value>
         <object_component_ref idref="oc-42"/>
      </symbol>
      <symbol id="sm-8f7">
         <name>_sys_memory</name>
         <value>0x20001270</value>
         <object_component_ref idref="oc-2b"/>
      </symbol>
      <symbol id="sm-8f8">
         <name>free</name>
         <value>0x1d47</value>
         <object_component_ref idref="oc-1a8"/>
      </symbol>
      <symbol id="sm-8f9">
         <name>realloc</name>
         <value>0x1e07</value>
         <object_component_ref idref="oc-1a8"/>
      </symbol>
      <symbol id="sm-8fa">
         <name>memalign</name>
         <value>0x1f11</value>
         <object_component_ref idref="oc-1a8"/>
      </symbol>
      <symbol id="sm-8fb">
         <name>calloc</name>
         <value>0x1ffd</value>
         <object_component_ref idref="oc-1a8"/>
      </symbol>
      <symbol id="sm-8fc">
         <name>malloc</name>
         <value>0x1cdd</value>
         <object_component_ref idref="oc-1a8"/>
      </symbol>
      <symbol id="sm-8fd">
         <name>minit</name>
         <value>0x1c5d</value>
         <object_component_ref idref="oc-1a8"/>
      </symbol>
      <symbol id="sm-90c">
         <name>__aeabi_memset</name>
         <value>0x3b5d</value>
         <object_component_ref idref="oc-4e"/>
      </symbol>
      <symbol id="sm-90d">
         <name>memset</name>
         <value>0x3b63</value>
         <object_component_ref idref="oc-4e"/>
      </symbol>
      <symbol id="sm-90e">
         <name>__aeabi_memset8</name>
         <value>0x3b5d</value>
         <object_component_ref idref="oc-4e"/>
      </symbol>
      <symbol id="sm-90f">
         <name>__aeabi_memset4</name>
         <value>0x3b5d</value>
         <object_component_ref idref="oc-4e"/>
      </symbol>
      <symbol id="sm-910">
         <name>__aeabi_memclr8</name>
         <value>0x3b5b</value>
         <object_component_ref idref="oc-4e"/>
      </symbol>
      <symbol id="sm-911">
         <name>__aeabi_memclr4</name>
         <value>0x3b5b</value>
         <object_component_ref idref="oc-4e"/>
      </symbol>
      <symbol id="sm-912">
         <name>__aeabi_memclr</name>
         <value>0x3b5b</value>
         <object_component_ref idref="oc-4e"/>
      </symbol>
      <symbol id="sm-91c">
         <name>__mpu_init</name>
         <value>0x3d27</value>
         <object_component_ref idref="oc-5a"/>
      </symbol>
      <symbol id="sm-926">
         <name>_system_pre_init</name>
         <value>0x46e7</value>
         <object_component_ref idref="oc-60"/>
      </symbol>
      <symbol id="sm-92e">
         <name>main_func_sp</name>
         <value>0x20002640</value>
         <object_component_ref idref="oc-78"/>
      </symbol>
      <symbol id="sm-93d">
         <name>__aeabi_uidivmod</name>
         <value>0x426d</value>
         <object_component_ref idref="oc-2c0"/>
      </symbol>
      <symbol id="sm-93e">
         <name>__aeabi_uidiv</name>
         <value>0x426d</value>
         <object_component_ref idref="oc-2c0"/>
      </symbol>
      <symbol id="sm-957">
         <name>_nop</name>
         <value>0x4553</value>
         <object_component_ref idref="oc-174"/>
      </symbol>
      <symbol id="sm-958">
         <name>_lock</name>
         <value>0x20002638</value>
         <object_component_ref idref="oc-b9"/>
      </symbol>
      <symbol id="sm-959">
         <name>_unlock</name>
         <value>0x2000263c</value>
         <object_component_ref idref="oc-b9"/>
      </symbol>
      <symbol id="sm-95a">
         <name>_register_lock</name>
         <value>0x454b</value>
         <object_component_ref idref="oc-174"/>
      </symbol>
      <symbol id="sm-95b">
         <name>_register_unlock</name>
         <value>0x4545</value>
         <object_component_ref idref="oc-174"/>
      </symbol>
      <symbol id="sm-96f">
         <name>_args_main</name>
         <value>0x44dd</value>
         <object_component_ref idref="oc-6c"/>
      </symbol>
      <symbol id="sm-999">
         <name>__TI_auto_init</name>
         <value>0x3c49</value>
         <object_component_ref idref="oc-66"/>
      </symbol>
      <symbol id="sm-9b3">
         <name>copy_in</name>
         <value>0x40c1</value>
         <object_component_ref idref="oc-a0"/>
      </symbol>
      <symbol id="sm-9bd">
         <name>__aeabi_idiv0</name>
         <value>0x3153</value>
         <object_component_ref idref="oc-373"/>
      </symbol>
      <symbol id="sm-9c7">
         <name>_system_post_cinit</name>
         <value>0x3f77</value>
         <object_component_ref idref="oc-a6"/>
      </symbol>
      <symbol id="sm-9c8">
         <name>__TI_static_base__</name>
         <value>0x0</value>
      </symbol>
      <symbol id="sm-9cb">
         <name>SHT$$INIT_ARRAY$$Limit</name>
         <value>0x0</value>
      </symbol>
      <symbol id="sm-9cc">
         <name>SHT$$INIT_ARRAY$$Base</name>
         <value>0x0</value>
      </symbol>
   </symbol_table>
   <title>Link successful</title>
</link_info>
