******************************************************************************
                  TI ARM Linker Unix v16.9.6                   
******************************************************************************
>> Linked Sun May 26 18:07:53 2019

OUTPUT FILE NAME:   <Helicopter_Final.out>
ENTRY POINT SYMBOL: "_c_int00"  address: 00003f79


MEMORY CONFIGURATION

         name            origin    length      used     unused   attr    fill
----------------------  --------  ---------  --------  --------  ----  --------
  FLASH                 00000000   00040000  00004dee  0003b212  R  X
  SRAM                  20000000   00008000  00002642  000059be  RW X


SEGMENT ALLOCATION MAP

run origin  load origin   length   init length attrs members
----------  ----------- ---------- ----------- ----- -------
00000000    00000000    00004df0   00004df0    r-x
  00000000    00000000    0000026c   0000026c    r-- .intvecs
  0000026c    0000026c    0000447e   0000447e    r-x .text
  000046ec    000046ec    000006a4   000006a4    r-- .const
  00004d90    00004d90    00000060   00000060    r-- .cinit
20000000    20000000    00002648   00000000    rw-
  20000000    20000000    0000026c   00000000    rw- .vtable
  2000026c    2000026c    00001000   00000000    rw- .stack
  20001270    20001270    00001000   00000000    rw- .sysmem
  20002270    20002270    00000392   00000000    rw- .bss
  20002604    20002604    00000044   00000000    rw- .data


SECTION ALLOCATION MAP

 output                                  attributes/
section   page    origin      length       input sections
--------  ----  ----------  ----------   ----------------
.intvecs   0    00000000    0000026c     
                  00000000    0000026c     tm4c123gh6pm_startup_ccs.obj (.intvecs)

.text      0    0000026c    0000447e     
                  0000026c    00000c84     ustdlib.obj (.text)
                  00000ef0    00000950     OrbitOledGrph.obj (.text)
                  00001840    0000041c     helicopterMain.obj (.text)
                  00001c5c    000003d0     rtsv7M4_T_le_v4SPD16_eabi.lib : memory.obj (.text)
                  0000202c    00000380     buttons4.obj (.text)
                  000023ac    0000037c     OrbitOled.obj (.text)
                  00002728    00000258     mainRotorController.obj (.text)
                  00002980    00000220     yawFiniteStateMachine.obj (.text)
                  00002ba0    00000204     OrbitOledChar.obj (.text)
                  00002da4    000001f8     tailRotorController.obj (.text)
                  00002f9c    000001b6     rtsv7M4_T_le_v4SPD16_eabi.lib : fd_add_t2.obj (.text)
                  00003152    00000002                                   : i_div0.obj (.text)
                  00003154    000001b0     userDisplay.obj (.text)
                  00003304    00000136     rtsv7M4_T_le_v4SPD16_eabi.lib : fd_div_t2.obj (.text)
                  0000343a    00000132     driverlib.lib : gpio.obj (.text:GPIOPadConfigSet)
                  0000356c    00000120     helperFunctions.obj (.text)
                  0000368c    00000110     driverlib.lib : sysctl.obj (.text:SysCtlClockGet)
                  0000379c    000000fc     rtsv7M4_T_le_v4SPD16_eabi.lib : fd_mul_t2.obj (.text)
                  00003898    000000f4     driverlib.lib : sysctl.obj (.text:SysCtlClockSet)
                  0000398c    000000b8     circBufT.obj (.text)
                  00003a44    0000009c     rtsv7M4_T_le_v4SPD16_eabi.lib : memcpy_t2.obj (.text)
                  00003ae0    0000007a     driverlib.lib : adc.obj (.text:ADCSequenceStepConfigure)
                  00003b5a    0000007a     rtsv7M4_T_le_v4SPD16_eabi.lib : memset_t2.obj (.text)
                  00003bd4    00000074     uartCommunication.obj (.text)
                  00003c48    00000070     rtsv7M4_T_le_v4SPD16_eabi.lib : autoinit.obj (.text)
                  00003cb8    0000006e                                   : fd_tos_t2.obj (.text)
                  00003d26    00000002                                   : mpu_init.obj (.text)
                  00003d28    0000006c     helicopterAltitude.obj (.text)
                  00003d94    00000068     driverlib.lib : interrupt.obj (.text:IntEnable)
                  00003dfc    00000068     rtsv7M4_T_le_v4SPD16_eabi.lib : copy_decompress_lzss.obj (.text:decompress:lzss)
                  00003e64    00000060     driverlib.lib : timer.obj (.text:TimerConfigure)
                  00003ec4    0000005c     delay.obj (.text)
                  00003f20    00000056     driverlib.lib : gpio.obj (.text:GPIOIntTypeSet)
                  00003f76    00000002     rtsv7M4_T_le_v4SPD16_eabi.lib : startup.obj (.text)
                  00003f78    00000054                                   : boot.obj (.text)
                  00003fcc    00000054                                   : exit.obj (.text)
                  00004020    00000050     driverlib.lib : adc.obj (.text:ADCSequenceConfigure)
                  00004070    00000050                   : adc.obj (.text:_ADCIntNumberGet)
                  000040c0    0000004c     rtsv7M4_T_le_v4SPD16_eabi.lib : cpy_tbl.obj (.text)
                  0000410c    00000048     driverlib.lib : gpio.obj (.text:GPIOPinConfigure)
                  00004154    00000048     rtsv7M4_T_le_v4SPD16_eabi.lib : fd_toi_t2.obj (.text)
                  0000419c    00000046     driverlib.lib : uart.obj (.text:UARTConfigSetExpClk)
                  000041e2    00000002     --HOLE-- [fill = 0]
                  000041e4    00000044     OrbitOLEDInterface.obj (.text)
                  00004228    00000044     driverlib.lib : gpio.obj (.text:_GPIOIntNumberGet)
                  0000426c    00000040     rtsv7M4_T_le_v4SPD16_eabi.lib : u_divt2.obj (.text)
                  000042ac    0000003c     driverlib.lib : ssi.obj (.text:SSIConfigSetExpClk)
                  000042e8    00000038     rtsv7M4_T_le_v4SPD16_eabi.lib : fs_tod_t2.obj (.text)
                  00004320    00000034     driverlib.lib : interrupt.obj (.text:IntRegister)
                  00004354    00000034                   : sysctl.obj (.text:SysCtlPeripheralEnable)
                  00004388    0000002e     rtsv7M4_T_le_v4SPD16_eabi.lib : i_tofd_t2.obj (.text)
                  000043b6    0000002a     driverlib.lib : gpio.obj (.text:GPIODirModeSet)
                  000043e0    00000022                   : pwm.obj (.text:PWMGenConfigure)
                  00004402    00000002     --HOLE-- [fill = 0]
                  00004404    00000020                   : uart.obj (.text:UARTDisable)
                  00004424    0000001e                   : adc.obj (.text:ADCSequenceDataGet)
                  00004442    0000001e                   : pwm.obj (.text:PWMPulseWidthSet)
                  00004460    0000001c                   : systick.obj (.text:SysTickIntRegister)
                  0000447c    00000018                   : adc.obj (.text:ADCIntRegister)
                  00004494    00000018                   : adc.obj (.text:ADCProcessorTrigger)
                  000044ac    00000018                   : gpio.obj (.text:GPIOIntRegister)
                  000044c4    00000018                   : gpio.obj (.text:GPIOPinTypeGPIOOutput)
                  000044dc    00000018     rtsv7M4_T_le_v4SPD16_eabi.lib : args_main.obj (.text)
                  000044f4    00000014     driverlib.lib : sysctl.obj (.text:SysCtlPWMClockSet)
                  00004508    00000014                   : systick.obj (.text:SysTickEnable)
                  0000451c    00000014                   : systick.obj (.text:SysTickIntEnable)
                  00004530    00000014                   : uart.obj (.text:UARTEnable)
                  00004544    00000014     rtsv7M4_T_le_v4SPD16_eabi.lib : _lock.obj (.text)
                  00004558    00000012     driverlib.lib : gpio.obj (.text:GPIOPinTypeGPIOInput)
                  0000456a    00000012                   : gpio.obj (.text:GPIOPinTypePWM)
                  0000457c    00000012                   : gpio.obj (.text:GPIOPinTypeSSI)
                  0000458e    00000012                   : gpio.obj (.text:GPIOPinTypeUART)
                  000045a0    00000012                   : pwm.obj (.text:PWMOutputState)
                  000045b2    00000010                   : adc.obj (.text:ADCIntEnable)
                  000045c2    00000010                   : interrupt.obj (.text:IntMasterEnable)
                  000045d2    00000010                   : pwm.obj (.text:PWMGenPeriodSet)
                  000045e2    00000002     --HOLE-- [fill = 0]
                  000045e4    00000010                   : sysctl.obj (.text:SysCtlReset)
                  000045f4    00000010                   : systick.obj (.text:SysTickPeriodSet)
                  00004604    0000000e                   : adc.obj (.text:ADCSequenceEnable)
                  00004612    0000000e                   : gpio.obj (.text:GPIOIntDisable)
                  00004620    0000000e                   : timer.obj (.text:TimerEnable)
                  0000462e    0000000e     rtsv7M4_T_le_v4SPD16_eabi.lib : copy_decompress_none.obj (.text:decompress:none)
                  0000463c    0000000c     driverlib.lib : cpu.obj (.text:CPUcpsie)
                  00004648    0000000c                   : gpio.obj (.text:GPIOIntEnable)
                  00004654    0000000c                   : pwm.obj (.text:PWMGenEnable)
                  00004660    0000000c                   : ssi.obj (.text:SSIDataGet)
                  0000466c    0000000c     rtsv7M4_T_le_v4SPD16_eabi.lib : copy_zero_init.obj (.text:decompress:ZI)
                  00004678    0000000c     tm4c123gh6pm_startup_ccs.obj (.text)
                  00004684    0000000a     driverlib.lib : adc.obj (.text:ADCIntClear)
                  0000468e    0000000a                   : ssi.obj (.text:SSIDataPut)
                  00004698    0000000a                   : ssi.obj (.text:SSIEnable)
                  000046a2    0000000a                   : timer.obj (.text:TimerValueGet)
                  000046ac    0000000a                   : uart.obj (.text:UARTCharPut)
                  000046b6    0000000a                   : uart.obj (.text:UARTFIFOEnable)
                  000046c0    00000008                   : ssi.obj (.text:SSIBusy)
                  000046c8    00000006                   : gpio.obj (.text:GPIOIntClear)
                  000046ce    00000006                   : gpio.obj (.text:GPIOPinRead)
                  000046d4    00000006                   : gpio.obj (.text:GPIOPinWrite)
                  000046da    00000006                   : ssi.obj (.text:SSIClockSourceSet)
                  000046e0    00000006                   : sysctl.obj (.text:SysCtlDelay)
                  000046e6    00000004     rtsv7M4_T_le_v4SPD16_eabi.lib : pre_init.obj (.text)

.const     0    000046ec    000006a4     
                  000046ec    00000300     ChrFont0.obj (.const:.string:rgbOledFont0)
                  000049ec    000000d8     driverlib.lib : gpio.obj (.const:g_ppui32GPIOIntMapSnowflake)
                  00004ac4    000000c0                   : gpio.obj (.const:g_ppui32GPIOIntMapBlizzard)
                  00004b84    00000090                   : gpio.obj (.const:g_pui32GPIOBaseAddrs)
                  00004c14    00000070                   : interrupt.obj (.const)
                  00004c84    0000006c                   : sysctl.obj (.const:g_pui32Xtals)
                  00004cf0    00000040     FillPat.obj (.const:.string:rgbFillPat)
                  00004d30    00000030     ustdlib.obj (.const:g_psDaysToMonth)
                  00004d60    00000018     ustdlib.obj (.const:g_pfExponents)
                  00004d78    00000012     ustdlib.obj (.const:.string)
                  00004d8a    00000002     --HOLE-- [fill = 0]
                  00004d8c    00000004     ustdlib.obj (.const)

.cinit     0    00004d90    00000060     
                  00004d90    00000029     (.cinit..data.load) [load image, compression = lzss]
                  00004db9    00000003     --HOLE-- [fill = 0]
                  00004dbc    0000000c     (__TI_handler_table)
                  00004dc8    00000008     (.cinit..bss.load) [load image, compression = zero_init]
                  00004dd0    00000008     (.cinit..vtable.load) [load image, compression = zero_init]
                  00004dd8    00000018     (__TI_cinit_table)

.init_array 
*          0    00000000    00000000     UNINITIALIZED

.vtable    0    20000000    0000026c     UNINITIALIZED
                  20000000    0000026c     driverlib.lib : interrupt.obj (.vtable)

.stack     0    2000026c    00001000     UNINITIALIZED
                  2000026c    00001000     --HOLE--

.sysmem    0    20001270    00001000     UNINITIALIZED
                  20001270    00000008     rtsv7M4_T_le_v4SPD16_eabi.lib : memory.obj (.sysmem)
                  20001278    00000ff8     --HOLE--

.bss       0    20002270    00000392     UNINITIALIZED
                  20002270    00000200     (.common:rgbOledBmp)
                  20002470    00000100     (.common:rgbOledFontUser)
                  20002570    00000010     (.common:g_inBuffer)
                  20002580    00000008     (.common:errorIntegral)
                  20002588    00000004     buttons4.obj (.bss:but_count)
                  2000258c    00000004     buttons4.obj (.bss:but_flag)
                  20002590    00000004     buttons4.obj (.bss:but_normal)
                  20002594    00000004     buttons4.obj (.bss:but_state)
                  20002598    00000004     (.common:ChannelA)
                  2000259c    00000004     (.common:ChannelB)
                  200025a0    00000004     (.common:MAIN_PWM)
                  200025a4    00000004     (.common:TAIL_PWM)
                  200025a8    00000004     (.common:bnOledCur)
                  200025ac    00000004     (.common:dutyCycle)
                  200025b0    00000004     (.common:dxcoOledFontCur)
                  200025b4    00000004     (.common:dycoOledFontCur)
                  200025b8    00000004     (.common:errorSignal)
                  200025bc    00000004     (.common:fOledCharUpdate)
                  200025c0    00000004     (.common:g_ulSampCnt)
                  200025c4    00000004     (.common:modOledCur)
                  200025c8    00000004     (.common:pbOledCur)
                  200025cc    00000004     (.common:pbOledFontCur)
                  200025d0    00000004     (.common:pbOledFontUser)
                  200025d4    00000004     (.common:pbOledPatCur)
                  200025d8    00000004     (.common:pfnDoRop)
                  200025dc    00000004     (.common:slotCount)
                  200025e0    00000004     (.common:xchOledCur)
                  200025e4    00000004     (.common:xchOledMax)
                  200025e8    00000004     (.common:xcoOledCur)
                  200025ec    00000004     (.common:ychOledCur)
                  200025f0    00000004     (.common:ychOledMax)
                  200025f4    00000004     (.common:ycoOledCur)
                  200025f8    00000002     (.common:currentHeight)
                  200025fa    00000002     (.common:tailErrorSignal)
                  200025fc    00000001     (.common:PIDFlag)
                  200025fd    00000001     (.common:clrOledCur)
                  200025fe    00000001     (.common:currentState)
                  200025ff    00000001     (.common:displayFlag)
                  20002600    00000001     (.common:previousState)
                  20002601    00000001     (.common:switchChannel)

.data      0    20002604    00000044     UNINITIALIZED
                  20002604    0000000e     buttons4.obj (.data)
                  20002612    00000002     mainRotorController.obj (.data)
                  20002614    0000000c     rtsv7M4_T_le_v4SPD16_eabi.lib : exit.obj (.data:$O1$$)
                  20002620    0000000c                                   : memory.obj (.data:$O1$$)
                  2000262c    00000009     yawFiniteStateMachine.obj (.data)
                  20002635    00000001     --HOLE--
                  20002636    00000002     tailRotorController.obj (.data)
                  20002638    00000008     rtsv7M4_T_le_v4SPD16_eabi.lib : _lock.obj (.data:$O1$$)
                  20002640    00000004                                   : stkdepth_vars.obj (.data)
                  20002644    00000004     ustdlib.obj (.data)

MODULE SUMMARY

       Module                         code    ro data   rw data
       ------                         ----    -------   -------
    ./
       ustdlib.obj                    3204    94        4      
       helicopterMain.obj             1052    0         4      
       buttons4.obj                   896     0         31     
       tm4c123gh6pm_startup_ccs.obj   12      620       0      
       mainRotorController.obj        600     0         22     
       yawFiniteStateMachine.obj      544     0         23     
       tailRotorController.obj        504     0         8      
       userDisplay.obj                432     0         0      
       helperFunctions.obj            288     0         0      
       circBufT.obj                   184     0         0      
       helicopterAltitude.obj         108     0         20     
       uartCommunication.obj          116     0         0      
    +--+------------------------------+-------+---------+---------+
       Total:                         7940    714       112    
                                                               
    ./OrbitOLED/
       OrbitOLEDInterface.obj         68      0         0      
    +--+------------------------------+-------+---------+---------+
       Total:                         68      0         0      
                                                               
    ./OrbitOLED/lib_OrbitOled/
       OrbitOledGrph.obj              2384    0         8      
       OrbitOled.obj                  892     0         553    
       OrbitOledChar.obj              516     0         272    
       ChrFont0.obj                   0       768       0      
       delay.obj                      92      0         0      
       FillPat.obj                    0       64        0      
    +--+------------------------------+-------+---------+---------+
       Total:                         3884    832       833    
                                                               
    /home/harry/ti/TivaWare/driverlib/ccs/Debug/driverlib.lib
       gpio.obj                       738     552       0      
       interrupt.obj                  172     112       620    
       sysctl.obj                     610     108       0      
       adc.obj                        400     0         0      
       uart.obj                       142     0         0      
       timer.obj                      120     0         0      
       pwm.obj                        110     0         0      
       ssi.obj                        106     0         0      
       systick.obj                    84      0         0      
       cpu.obj                        12      0         0      
    +--+------------------------------+-------+---------+---------+
       Total:                         2494    772       620    
                                                               
    /home/harry/ti/ccsv7/tools/compiler/ti-cgt-arm_16.9.6.LTS/lib/rtsv7M4_T_le_v4SPD16_eabi.lib
       memory.obj                     976     0         12     
       fd_add_t2.obj                  438     0         0      
       fd_div_t2.obj                  310     0         0      
       fd_mul_t2.obj                  252     0         0      
       memcpy_t2.obj                  156     0         0      
       memset_t2.obj                  122     0         0      
       autoinit.obj                   112     0         0      
       fd_tos_t2.obj                  110     0         0      
       copy_decompress_lzss.obj       104     0         0      
       exit.obj                       84      0         12     
       boot.obj                       84      0         0      
       cpy_tbl.obj                    76      0         0      
       fd_toi_t2.obj                  72      0         0      
       u_divt2.obj                    64      0         0      
       fs_tod_t2.obj                  56      0         0      
       i_tofd_t2.obj                  46      0         0      
       _lock.obj                      20      0         8      
       args_main.obj                  24      0         0      
       copy_decompress_none.obj       14      0         0      
       copy_zero_init.obj             12      0         0      
       pre_init.obj                   4       0         0      
       stkdepth_vars.obj              0       0         4      
       i_div0.obj                     2       0         0      
       mpu_init.obj                   2       0         0      
       startup.obj                    2       0         0      
    +--+------------------------------+-------+---------+---------+
       Total:                         3142    0         36     
                                                               
       Heap:                          0       0         4096   
       Stack:                         0       0         4096   
       Linker Generated:              0       93        0      
    +--+------------------------------+-------+---------+---------+
       Grand Total:                   17528   2411      9793   


LINKER GENERATED COPY TABLES

__TI_cinit_table @ 00004dd8 records: 3, size/record: 8, table size: 24
	.data: load addr=00004d90, load size=00000029 bytes, run addr=20002604, run size=00000044 bytes, compression=lzss
	.bss: load addr=00004dc8, load size=00000008 bytes, run addr=20002270, run size=00000392 bytes, compression=zero_init
	.vtable: load addr=00004dd0, load size=00000008 bytes, run addr=20000000, run size=0000026c bytes, compression=zero_init


LINKER GENERATED HANDLER TABLE

__TI_handler_table @ 00004dbc records: 3, size/record: 4, table size: 12
	index: 0, handler: __TI_zero_init
	index: 1, handler: __TI_decompress_lzss
	index: 2, handler: __TI_decompress_none


GLOBAL SYMBOLS: SORTED ALPHABETICALLY BY Name 

address   name                           
-------   ----                           
00004685  ADCIntClear                    
000045b3  ADCIntEnable                   
00003d29  ADCIntHandler                  
0000447d  ADCIntRegister                 
00004495  ADCProcessorTrigger            
00004021  ADCSequenceConfigure           
00004425  ADCSequenceDataGet             
00004605  ADCSequenceEnable              
00003ae1  ADCSequenceStepConfigure       
00003fcd  C$$EXIT                        
0000463d  CPUcpsie                       
20002598  ChannelA                       
2000259c  ChannelB                       
00003ec5  DelayInit                      
00003edf  DelayMs                        
000043b7  GPIODirModeSet                 
000046c9  GPIOIntClear                   
00004613  GPIOIntDisable                 
00004649  GPIOIntEnable                  
000044ad  GPIOIntRegister                
00003f21  GPIOIntTypeSet                 
0000343b  GPIOPadConfigSet               
0000410d  GPIOPinConfigure               
000046cf  GPIOPinRead                    
00004559  GPIOPinTypeGPIOInput           
000044c5  GPIOPinTypeGPIOOutput          
0000456b  GPIOPinTypePWM                 
0000457d  GPIOPinTypeSSI                 
0000458f  GPIOPinTypeUART                
000046d5  GPIOPinWrite                   
00003d95  IntEnable                      
000045c3  IntMasterEnable                
00004321  IntRegister                    
200025a0  MAIN_PWM                       
0000420b  OLEDInitialise                 
000041e5  OLEDStringDraw                 
00002d39  OrbitOledAdvanceCursor         
000017e1  OrbitOledClampXco              
00001801  OrbitOledClampYco              
00002589  OrbitOledClear                 
00002595  OrbitOledClearBuffer           
00002c09  OrbitOledDefUserChar           
00002505  OrbitOledDevInit               
00001623  OrbitOledDrawChar              
00002cc1  OrbitOledDrawGlyph             
00000fe7  OrbitOledDrawPixel             
0000112d  OrbitOledDrawRect              
00001683  OrbitOledDrawString            
0000248b  OrbitOledDvrInit               
000011b1  OrbitOledFillRect              
000012f5  OrbitOledGetBmp                
00002c71  OrbitOledGetCharUpdate         
00002bed  OrbitOledGetCursor             
00000fe1  OrbitOledGetDrawMode           
00001013  OrbitOledGetPixel              
00000f37  OrbitOledGetPos                
00000f6b  OrbitOledGetStdPattern         
000023c1  OrbitOledHostInit              
000023ad  OrbitOledInit                  
0000102d  OrbitOledLineTo                
00001779  OrbitOledMoveDown              
000017af  OrbitOledMoveLeft              
000017c7  OrbitOledMoveRight             
00000ef1  OrbitOledMoveTo                
00001741  OrbitOledMoveUp                
00001455  OrbitOledPutBmp                
0000261f  OrbitOledPutBuffer             
00002c77  OrbitOledPutChar               
00002c95  OrbitOledPutString             
000016ef  OrbitOledRopAnd                
000016cb  OrbitOledRopOr                 
000016a1  OrbitOledRopSet                
00001713  OrbitOledRopXor                
00002c59  OrbitOledSetCharUpdate         
00002ba1  OrbitOledSetCursor             
00000f53  OrbitOledSetDrawColor          
00000f8d  OrbitOledSetDrawMode           
00000f7d  OrbitOledSetFillPattern        
000025c5  OrbitOledUpdate                
200025fc  PIDFlag                        
000043e1  PWMGenConfigure                
00004655  PWMGenEnable                   
000045d3  PWMGenPeriodSet                
000045a1  PWMOutputState                 
00004443  PWMPulseWidthSet               
00004679  ResetISR                       
UNDEFED   SHT$$INIT_ARRAY$$Base          
UNDEFED   SHT$$INIT_ARRAY$$Limit         
000046c1  SSIBusy                        
000046db  SSIClockSourceSet              
000042ad  SSIConfigSetExpClk             
00004661  SSIDataGet                     
0000468f  SSIDataPut                     
00004699  SSIEnable                      
00002685  Ssi3PutByte                    
0000368d  SysCtlClockGet                 
00003899  SysCtlClockSet                 
000046e1  SysCtlDelay                    
000044f5  SysCtlPWMClockSet              
00004355  SysCtlPeripheralEnable         
000045e5  SysCtlReset                    
00004509  SysTickEnable                  
0000451d  SysTickIntEnable               
00001841  SysTickIntHandler              
00004461  SysTickIntRegister             
000045f5  SysTickPeriodSet               
200025a4  TAIL_PWM                       
00003e65  TimerConfigure                 
00004621  TimerEnable                    
000046a3  TimerValueGet                  
000046ad  UARTCharPut                    
0000419d  UARTConfigSetExpClk            
00004405  UARTDisable                    
00004531  UARTEnable                     
000046b7  UARTFIFOEnable                 
00003c1b  UARTSend                       
2000126c  __STACK_END                    
00001000  __STACK_SIZE                   
2000046c  __STACK_TOP                    
00001000  __SYSMEM_SIZE                  
00004dd8  __TI_CINIT_Base                
00004df0  __TI_CINIT_Limit               
00004dbc  __TI_Handler_Table_Base        
00004dc8  __TI_Handler_Table_Limit       
00003c49  __TI_auto_init                 
20002614  __TI_cleanup_ptr               
00003dfd  __TI_decompress_lzss           
0000462f  __TI_decompress_none           
20002618  __TI_dtors_ptr                 
2000261c  __TI_enable_exit_profile_output
ffffffff  __TI_pprof_out_hndl            
ffffffff  __TI_prof_data_size            
ffffffff  __TI_prof_data_start           
00000000  __TI_static_base__             
0000466d  __TI_zero_init                 
00003cb9  __aeabi_d2f                    
00004155  __aeabi_d2iz                   
00002fa7  __aeabi_dadd                   
00003305  __aeabi_ddiv                   
0000379d  __aeabi_dmul                   
00002f9d  __aeabi_dsub                   
000042e9  __aeabi_f2d                    
00004389  __aeabi_i2d                    
00003153  __aeabi_idiv0                  
00003b5b  __aeabi_memclr                 
00003b5b  __aeabi_memclr4                
00003b5b  __aeabi_memclr8                
00003a45  __aeabi_memcpy                 
00003a45  __aeabi_memcpy4                
00003a45  __aeabi_memcpy8                
00003b5d  __aeabi_memset                 
00003b5d  __aeabi_memset4                
00003b5d  __aeabi_memset8                
0000426d  __aeabi_uidiv                  
0000426d  __aeabi_uidivmod               
ffffffff  __binit__                      
ffffffff  __c_args__                     
00003d27  __mpu_init                     
2000026c  __stack                        
000044dd  _args_main                     
00003f79  _c_int00                       
20002638  _lock                          
00004553  _nop                           
0000454b  _register_lock                 
00004545  _register_unlock               
20001270  _sys_memory                    
00003f77  _system_post_cinit             
000046e7  _system_pre_init               
2000263c  _unlock                        
00003fd1  abort                          
2000262c  angleReferenced                
ffffffff  binit                          
200025a8  bnOledCur                      
00001ffd  calloc                         
000021cf  checkButton                    
00002321  checkSwitchPos                 
0000315d  clearOLED                      
200025fd  clrOledCur                     
000040c1  copy_in                        
20002630  currentAngle                   
200025f8  currentHeight                  
200025fe  currentState                   
20002606  desiredAngle                   
20002604  desiredHeightPercentage        
00003189  displayAltitudePercentAndYaw   
200025ff  displayFlag                    
200025ac  dutyCycle                      
200025b0  dxcoOledFontCur                
200025b4  dycoOledFontCur                
20002580  errorIntegral                  
200025b8  errorSignal                    
20002612  errorSignalPrevious            
00003fd9  exit                           
200025bc  fOledCharUpdate                
000035d1  findDisplayAngle               
00003243  findMode                       
2000260c  flightMode                     
00001d47  free                           
00003a1f  freeCircBuf                    
20002570  g_inBuffer                     
20000000  g_pfnRAMVectors                
00000000  g_pfnVectors                   
200025c0  g_ulSampCnt                    
0000356d  heightAsPercentage             
00003d47  initADC                        
0000202d  initButtons                    
0000398d  initCircBuf                    
0000186b  initClock                      
00003155  initDisplay                    
00002b3f  initReferenceTrigger           
000022ab  initResetISR                   
000022df  initSwitch                     
00001875  initTimer                      
00002761  initialiseMainRotorPWM         
00002dd9  initialiseTailRotorPWM         
00003bd5  initialiseUSB_UART             
000018a5  main                           
000027a7  mainRotorControlLoop           
20002640  main_func_sp                   
00001cdd  malloc                         
00001f11  memalign                       
00003a45  memcpy                         
00003b63  memset                         
00001c5d  minit                          
200025c4  modOledCur                     
200025c8  pbOledCur                      
200025cc  pbOledFontCur                  
200025d0  pbOledFontUser                 
200025d4  pbOledPatCur                   
200025d8  pfnDoRop                       
20002600  previousState                  
000039eb  readCircBuf                    
00001e07  realloc                        
2000260e  referenceAngle                 
20002634  referenceAngleSet              
00002b19  referenceTriggerHandler        
00002299  resetISR                       
00004cf0  rgbFillPat                     
20002270  rgbOledBmp                     
000046ec  rgbOledFont0                   
20002470  rgbOledFontUser                
00002729  setMainPWM                     
00002da5  setTailPWM                     
200025dc  slotCount                      
20002601  switchChannel                  
200025fa  tailErrorSignal                
20002636  tailErrorSignalPrevious        
00002e23  tailRotorControlLoop           
20002611  taken_off                      
20002610  testVariable                   
00000751  ulocaltime                     
0000094f  umktime                        
000020fb  updateButtons                  
0000220d  updateDesiredAltAndYawValue    
00000ec9  urand                          
00000721  usnprintf                      
000006ef  usprintf                       
00000eb9  usrand                         
00000e31  ustrcasecmp                    
00000ea5  ustrcmp                        
00000d35  ustrlen                        
00000d8d  ustrncasecmp                   
00000e45  ustrncmp                       
0000026d  ustrncpy                       
00000d57  ustrstr                        
00000afd  ustrtof                        
000009c5  ustrtoul                       
000002c5  uvsnprintf                     
20002608  variableTest                   
000039b7  writeCircBuf                   
200025e0  xchOledCur                     
200025e4  xchOledMax                     
200025e8  xcoOledCur                     
00002981  yawFSM                         
00002a9b  yawFSMInit                     
200025ec  ychOledCur                     
200025f0  ychOledMax                     
200025f4  ycoOledCur                     


GLOBAL SYMBOLS: SORTED BY Symbol Address 

address   name                           
-------   ----                           
00000000  __TI_static_base__             
00000000  g_pfnVectors                   
0000026d  ustrncpy                       
000002c5  uvsnprintf                     
000006ef  usprintf                       
00000721  usnprintf                      
00000751  ulocaltime                     
0000094f  umktime                        
000009c5  ustrtoul                       
00000afd  ustrtof                        
00000d35  ustrlen                        
00000d57  ustrstr                        
00000d8d  ustrncasecmp                   
00000e31  ustrcasecmp                    
00000e45  ustrncmp                       
00000ea5  ustrcmp                        
00000eb9  usrand                         
00000ec9  urand                          
00000ef1  OrbitOledMoveTo                
00000f37  OrbitOledGetPos                
00000f53  OrbitOledSetDrawColor          
00000f6b  OrbitOledGetStdPattern         
00000f7d  OrbitOledSetFillPattern        
00000f8d  OrbitOledSetDrawMode           
00000fe1  OrbitOledGetDrawMode           
00000fe7  OrbitOledDrawPixel             
00001000  __STACK_SIZE                   
00001000  __SYSMEM_SIZE                  
00001013  OrbitOledGetPixel              
0000102d  OrbitOledLineTo                
0000112d  OrbitOledDrawRect              
000011b1  OrbitOledFillRect              
000012f5  OrbitOledGetBmp                
00001455  OrbitOledPutBmp                
00001623  OrbitOledDrawChar              
00001683  OrbitOledDrawString            
000016a1  OrbitOledRopSet                
000016cb  OrbitOledRopOr                 
000016ef  OrbitOledRopAnd                
00001713  OrbitOledRopXor                
00001741  OrbitOledMoveUp                
00001779  OrbitOledMoveDown              
000017af  OrbitOledMoveLeft              
000017c7  OrbitOledMoveRight             
000017e1  OrbitOledClampXco              
00001801  OrbitOledClampYco              
00001841  SysTickIntHandler              
0000186b  initClock                      
00001875  initTimer                      
000018a5  main                           
00001c5d  minit                          
00001cdd  malloc                         
00001d47  free                           
00001e07  realloc                        
00001f11  memalign                       
00001ffd  calloc                         
0000202d  initButtons                    
000020fb  updateButtons                  
000021cf  checkButton                    
0000220d  updateDesiredAltAndYawValue    
00002299  resetISR                       
000022ab  initResetISR                   
000022df  initSwitch                     
00002321  checkSwitchPos                 
000023ad  OrbitOledInit                  
000023c1  OrbitOledHostInit              
0000248b  OrbitOledDvrInit               
00002505  OrbitOledDevInit               
00002589  OrbitOledClear                 
00002595  OrbitOledClearBuffer           
000025c5  OrbitOledUpdate                
0000261f  OrbitOledPutBuffer             
00002685  Ssi3PutByte                    
00002729  setMainPWM                     
00002761  initialiseMainRotorPWM         
000027a7  mainRotorControlLoop           
00002981  yawFSM                         
00002a9b  yawFSMInit                     
00002b19  referenceTriggerHandler        
00002b3f  initReferenceTrigger           
00002ba1  OrbitOledSetCursor             
00002bed  OrbitOledGetCursor             
00002c09  OrbitOledDefUserChar           
00002c59  OrbitOledSetCharUpdate         
00002c71  OrbitOledGetCharUpdate         
00002c77  OrbitOledPutChar               
00002c95  OrbitOledPutString             
00002cc1  OrbitOledDrawGlyph             
00002d39  OrbitOledAdvanceCursor         
00002da5  setTailPWM                     
00002dd9  initialiseTailRotorPWM         
00002e23  tailRotorControlLoop           
00002f9d  __aeabi_dsub                   
00002fa7  __aeabi_dadd                   
00003153  __aeabi_idiv0                  
00003155  initDisplay                    
0000315d  clearOLED                      
00003189  displayAltitudePercentAndYaw   
00003243  findMode                       
00003305  __aeabi_ddiv                   
0000343b  GPIOPadConfigSet               
0000356d  heightAsPercentage             
000035d1  findDisplayAngle               
0000368d  SysCtlClockGet                 
0000379d  __aeabi_dmul                   
00003899  SysCtlClockSet                 
0000398d  initCircBuf                    
000039b7  writeCircBuf                   
000039eb  readCircBuf                    
00003a1f  freeCircBuf                    
00003a45  __aeabi_memcpy                 
00003a45  __aeabi_memcpy4                
00003a45  __aeabi_memcpy8                
00003a45  memcpy                         
00003ae1  ADCSequenceStepConfigure       
00003b5b  __aeabi_memclr                 
00003b5b  __aeabi_memclr4                
00003b5b  __aeabi_memclr8                
00003b5d  __aeabi_memset                 
00003b5d  __aeabi_memset4                
00003b5d  __aeabi_memset8                
00003b63  memset                         
00003bd5  initialiseUSB_UART             
00003c1b  UARTSend                       
00003c49  __TI_auto_init                 
00003cb9  __aeabi_d2f                    
00003d27  __mpu_init                     
00003d29  ADCIntHandler                  
00003d47  initADC                        
00003d95  IntEnable                      
00003dfd  __TI_decompress_lzss           
00003e65  TimerConfigure                 
00003ec5  DelayInit                      
00003edf  DelayMs                        
00003f21  GPIOIntTypeSet                 
00003f77  _system_post_cinit             
00003f79  _c_int00                       
00003fcd  C$$EXIT                        
00003fd1  abort                          
00003fd9  exit                           
00004021  ADCSequenceConfigure           
000040c1  copy_in                        
0000410d  GPIOPinConfigure               
00004155  __aeabi_d2iz                   
0000419d  UARTConfigSetExpClk            
000041e5  OLEDStringDraw                 
0000420b  OLEDInitialise                 
0000426d  __aeabi_uidiv                  
0000426d  __aeabi_uidivmod               
000042ad  SSIConfigSetExpClk             
000042e9  __aeabi_f2d                    
00004321  IntRegister                    
00004355  SysCtlPeripheralEnable         
00004389  __aeabi_i2d                    
000043b7  GPIODirModeSet                 
000043e1  PWMGenConfigure                
00004405  UARTDisable                    
00004425  ADCSequenceDataGet             
00004443  PWMPulseWidthSet               
00004461  SysTickIntRegister             
0000447d  ADCIntRegister                 
00004495  ADCProcessorTrigger            
000044ad  GPIOIntRegister                
000044c5  GPIOPinTypeGPIOOutput          
000044dd  _args_main                     
000044f5  SysCtlPWMClockSet              
00004509  SysTickEnable                  
0000451d  SysTickIntEnable               
00004531  UARTEnable                     
00004545  _register_unlock               
0000454b  _register_lock                 
00004553  _nop                           
00004559  GPIOPinTypeGPIOInput           
0000456b  GPIOPinTypePWM                 
0000457d  GPIOPinTypeSSI                 
0000458f  GPIOPinTypeUART                
000045a1  PWMOutputState                 
000045b3  ADCIntEnable                   
000045c3  IntMasterEnable                
000045d3  PWMGenPeriodSet                
000045e5  SysCtlReset                    
000045f5  SysTickPeriodSet               
00004605  ADCSequenceEnable              
00004613  GPIOIntDisable                 
00004621  TimerEnable                    
0000462f  __TI_decompress_none           
0000463d  CPUcpsie                       
00004649  GPIOIntEnable                  
00004655  PWMGenEnable                   
00004661  SSIDataGet                     
0000466d  __TI_zero_init                 
00004679  ResetISR                       
00004685  ADCIntClear                    
0000468f  SSIDataPut                     
00004699  SSIEnable                      
000046a3  TimerValueGet                  
000046ad  UARTCharPut                    
000046b7  UARTFIFOEnable                 
000046c1  SSIBusy                        
000046c9  GPIOIntClear                   
000046cf  GPIOPinRead                    
000046d5  GPIOPinWrite                   
000046db  SSIClockSourceSet              
000046e1  SysCtlDelay                    
000046e7  _system_pre_init               
000046ec  rgbOledFont0                   
00004cf0  rgbFillPat                     
00004dbc  __TI_Handler_Table_Base        
00004dc8  __TI_Handler_Table_Limit       
00004dd8  __TI_CINIT_Base                
00004df0  __TI_CINIT_Limit               
20000000  g_pfnRAMVectors                
2000026c  __stack                        
2000046c  __STACK_TOP                    
2000126c  __STACK_END                    
20001270  _sys_memory                    
20002270  rgbOledBmp                     
20002470  rgbOledFontUser                
20002570  g_inBuffer                     
20002580  errorIntegral                  
20002598  ChannelA                       
2000259c  ChannelB                       
200025a0  MAIN_PWM                       
200025a4  TAIL_PWM                       
200025a8  bnOledCur                      
200025ac  dutyCycle                      
200025b0  dxcoOledFontCur                
200025b4  dycoOledFontCur                
200025b8  errorSignal                    
200025bc  fOledCharUpdate                
200025c0  g_ulSampCnt                    
200025c4  modOledCur                     
200025c8  pbOledCur                      
200025cc  pbOledFontCur                  
200025d0  pbOledFontUser                 
200025d4  pbOledPatCur                   
200025d8  pfnDoRop                       
200025dc  slotCount                      
200025e0  xchOledCur                     
200025e4  xchOledMax                     
200025e8  xcoOledCur                     
200025ec  ychOledCur                     
200025f0  ychOledMax                     
200025f4  ycoOledCur                     
200025f8  currentHeight                  
200025fa  tailErrorSignal                
200025fc  PIDFlag                        
200025fd  clrOledCur                     
200025fe  currentState                   
200025ff  displayFlag                    
20002600  previousState                  
20002601  switchChannel                  
20002604  desiredHeightPercentage        
20002606  desiredAngle                   
20002608  variableTest                   
2000260c  flightMode                     
2000260e  referenceAngle                 
20002610  testVariable                   
20002611  taken_off                      
20002612  errorSignalPrevious            
20002614  __TI_cleanup_ptr               
20002618  __TI_dtors_ptr                 
2000261c  __TI_enable_exit_profile_output
2000262c  angleReferenced                
20002630  currentAngle                   
20002634  referenceAngleSet              
20002636  tailErrorSignalPrevious        
20002638  _lock                          
2000263c  _unlock                        
20002640  main_func_sp                   
ffffffff  __TI_pprof_out_hndl            
ffffffff  __TI_prof_data_size            
ffffffff  __TI_prof_data_start           
ffffffff  __binit__                      
ffffffff  __c_args__                     
ffffffff  binit                          
UNDEFED   SHT$$INIT_ARRAY$$Base          
UNDEFED   SHT$$INIT_ARRAY$$Limit         

[278 symbols]
