<?xml version="1.0"?>
<link_info>
   <banner>TI ARM Linker Unix v16.9.6.LTS</banner>
   <copyright>Copyright (c) 1996-2017 Texas Instruments Incorporated</copyright>
   <link_time>0x5cea0f77</link_time>
   <link_errors>0x0</link_errors>
   <output_file>Helicopter_Final.out</output_file>
   <entry_point>
      <name>_c_int00</name>
      <address>0x3fad</address>
   </entry_point>
   <input_file_list>
      <input_file id="fl-2">
         <path>./</path>
         <kind>object</kind>
         <file>buttons4.obj</file>
         <name>buttons4.obj</name>
      </input_file>
      <input_file id="fl-3">
         <path>./</path>
         <kind>object</kind>
         <file>circBufT.obj</file>
         <name>circBufT.obj</name>
      </input_file>
      <input_file id="fl-4">
         <path>./</path>
         <kind>object</kind>
         <file>helicopterAltitude.obj</file>
         <name>helicopterAltitude.obj</name>
      </input_file>
      <input_file id="fl-5">
         <path>./</path>
         <kind>object</kind>
         <file>helicopterMain.obj</file>
         <name>helicopterMain.obj</name>
      </input_file>
      <input_file id="fl-6">
         <path>./</path>
         <kind>object</kind>
         <file>helperFunctions.obj</file>
         <name>helperFunctions.obj</name>
      </input_file>
      <input_file id="fl-7">
         <path>./</path>
         <kind>object</kind>
         <file>mainRotorController.obj</file>
         <name>mainRotorController.obj</name>
      </input_file>
      <input_file id="fl-8">
         <path>./</path>
         <kind>object</kind>
         <file>tailRotorController.obj</file>
         <name>tailRotorController.obj</name>
      </input_file>
      <input_file id="fl-9">
         <path>./</path>
         <kind>object</kind>
         <file>tm4c123gh6pm_startup_ccs.obj</file>
         <name>tm4c123gh6pm_startup_ccs.obj</name>
      </input_file>
      <input_file id="fl-a">
         <path>./</path>
         <kind>object</kind>
         <file>uartCommunication.obj</file>
         <name>uartCommunication.obj</name>
      </input_file>
      <input_file id="fl-b">
         <path>./</path>
         <kind>object</kind>
         <file>userDisplay.obj</file>
         <name>userDisplay.obj</name>
      </input_file>
      <input_file id="fl-c">
         <path>./</path>
         <kind>object</kind>
         <file>ustdlib.obj</file>
         <name>ustdlib.obj</name>
      </input_file>
      <input_file id="fl-d">
         <path>./</path>
         <kind>object</kind>
         <file>yawFiniteStateMachine.obj</file>
         <name>yawFiniteStateMachine.obj</name>
      </input_file>
      <input_file id="fl-e">
         <path>./OrbitOLED/</path>
         <kind>object</kind>
         <file>OrbitOLEDInterface.obj</file>
         <name>OrbitOLEDInterface.obj</name>
      </input_file>
      <input_file id="fl-f">
         <path>./OrbitOLED/lib_OrbitOled/</path>
         <kind>object</kind>
         <file>ChrFont0.obj</file>
         <name>ChrFont0.obj</name>
      </input_file>
      <input_file id="fl-10">
         <path>./OrbitOLED/lib_OrbitOled/</path>
         <kind>object</kind>
         <file>FillPat.obj</file>
         <name>FillPat.obj</name>
      </input_file>
      <input_file id="fl-11">
         <path>./OrbitOLED/lib_OrbitOled/</path>
         <kind>object</kind>
         <file>OrbitOled.obj</file>
         <name>OrbitOled.obj</name>
      </input_file>
      <input_file id="fl-12">
         <path>./OrbitOLED/lib_OrbitOled/</path>
         <kind>object</kind>
         <file>OrbitOledChar.obj</file>
         <name>OrbitOledChar.obj</name>
      </input_file>
      <input_file id="fl-13">
         <path>./OrbitOLED/lib_OrbitOled/</path>
         <kind>object</kind>
         <file>OrbitOledGrph.obj</file>
         <name>OrbitOledGrph.obj</name>
      </input_file>
      <input_file id="fl-14">
         <path>./OrbitOLED/lib_OrbitOled/</path>
         <kind>object</kind>
         <file>delay.obj</file>
         <name>delay.obj</name>
      </input_file>
      <input_file id="fl-18">
         <kind>object</kind>
         <file>&lt;internal&gt;</file>
         <name>&lt;internal&gt;</name>
      </input_file>
      <input_file id="fl-19">
         <path>/home/harry/ti/TivaWare/driverlib/ccs/Debug/</path>
         <kind>archive</kind>
         <file>driverlib.lib</file>
         <name>adc.obj</name>
      </input_file>
      <input_file id="fl-1a">
         <path>/home/harry/ti/TivaWare/driverlib/ccs/Debug/</path>
         <kind>archive</kind>
         <file>driverlib.lib</file>
         <name>gpio.obj</name>
      </input_file>
      <input_file id="fl-1b">
         <path>/home/harry/ti/TivaWare/driverlib/ccs/Debug/</path>
         <kind>archive</kind>
         <file>driverlib.lib</file>
         <name>interrupt.obj</name>
      </input_file>
      <input_file id="fl-1c">
         <path>/home/harry/ti/TivaWare/driverlib/ccs/Debug/</path>
         <kind>archive</kind>
         <file>driverlib.lib</file>
         <name>pwm.obj</name>
      </input_file>
      <input_file id="fl-1d">
         <path>/home/harry/ti/TivaWare/driverlib/ccs/Debug/</path>
         <kind>archive</kind>
         <file>driverlib.lib</file>
         <name>ssi.obj</name>
      </input_file>
      <input_file id="fl-1e">
         <path>/home/harry/ti/TivaWare/driverlib/ccs/Debug/</path>
         <kind>archive</kind>
         <file>driverlib.lib</file>
         <name>sysctl.obj</name>
      </input_file>
      <input_file id="fl-1f">
         <path>/home/harry/ti/TivaWare/driverlib/ccs/Debug/</path>
         <kind>archive</kind>
         <file>driverlib.lib</file>
         <name>systick.obj</name>
      </input_file>
      <input_file id="fl-20">
         <path>/home/harry/ti/TivaWare/driverlib/ccs/Debug/</path>
         <kind>archive</kind>
         <file>driverlib.lib</file>
         <name>timer.obj</name>
      </input_file>
      <input_file id="fl-21">
         <path>/home/harry/ti/TivaWare/driverlib/ccs/Debug/</path>
         <kind>archive</kind>
         <file>driverlib.lib</file>
         <name>uart.obj</name>
      </input_file>
      <input_file id="fl-22">
         <path>/home/harry/ti/TivaWare/driverlib/ccs/Debug/</path>
         <kind>archive</kind>
         <file>driverlib.lib</file>
         <name>cpu.obj</name>
      </input_file>
      <input_file id="fl-d9">
         <path>/home/harry/ti/ccsv7/tools/compiler/ti-cgt-arm_16.9.6.LTS/lib/</path>
         <kind>archive</kind>
         <file>rtsv7M4_T_le_v4SPD16_eabi.lib</file>
         <name>boot.obj</name>
      </input_file>
      <input_file id="fl-da">
         <path>/home/harry/ti/ccsv7/tools/compiler/ti-cgt-arm_16.9.6.LTS/lib/</path>
         <kind>archive</kind>
         <file>rtsv7M4_T_le_v4SPD16_eabi.lib</file>
         <name>copy_decompress_lzss.obj</name>
      </input_file>
      <input_file id="fl-db">
         <path>/home/harry/ti/ccsv7/tools/compiler/ti-cgt-arm_16.9.6.LTS/lib/</path>
         <kind>archive</kind>
         <file>rtsv7M4_T_le_v4SPD16_eabi.lib</file>
         <name>copy_decompress_none.obj</name>
      </input_file>
      <input_file id="fl-dc">
         <path>/home/harry/ti/ccsv7/tools/compiler/ti-cgt-arm_16.9.6.LTS/lib/</path>
         <kind>archive</kind>
         <file>rtsv7M4_T_le_v4SPD16_eabi.lib</file>
         <name>copy_zero_init.obj</name>
      </input_file>
      <input_file id="fl-dd">
         <path>/home/harry/ti/ccsv7/tools/compiler/ti-cgt-arm_16.9.6.LTS/lib/</path>
         <kind>archive</kind>
         <file>rtsv7M4_T_le_v4SPD16_eabi.lib</file>
         <name>exit.obj</name>
      </input_file>
      <input_file id="fl-de">
         <path>/home/harry/ti/ccsv7/tools/compiler/ti-cgt-arm_16.9.6.LTS/lib/</path>
         <kind>archive</kind>
         <file>rtsv7M4_T_le_v4SPD16_eabi.lib</file>
         <name>fd_add_t2.obj</name>
      </input_file>
      <input_file id="fl-df">
         <path>/home/harry/ti/ccsv7/tools/compiler/ti-cgt-arm_16.9.6.LTS/lib/</path>
         <kind>archive</kind>
         <file>rtsv7M4_T_le_v4SPD16_eabi.lib</file>
         <name>fd_div_t2.obj</name>
      </input_file>
      <input_file id="fl-e0">
         <path>/home/harry/ti/ccsv7/tools/compiler/ti-cgt-arm_16.9.6.LTS/lib/</path>
         <kind>archive</kind>
         <file>rtsv7M4_T_le_v4SPD16_eabi.lib</file>
         <name>fd_mul_t2.obj</name>
      </input_file>
      <input_file id="fl-e1">
         <path>/home/harry/ti/ccsv7/tools/compiler/ti-cgt-arm_16.9.6.LTS/lib/</path>
         <kind>archive</kind>
         <file>rtsv7M4_T_le_v4SPD16_eabi.lib</file>
         <name>fd_toi_t2.obj</name>
      </input_file>
      <input_file id="fl-e2">
         <path>/home/harry/ti/ccsv7/tools/compiler/ti-cgt-arm_16.9.6.LTS/lib/</path>
         <kind>archive</kind>
         <file>rtsv7M4_T_le_v4SPD16_eabi.lib</file>
         <name>fd_tos_t2.obj</name>
      </input_file>
      <input_file id="fl-e3">
         <path>/home/harry/ti/ccsv7/tools/compiler/ti-cgt-arm_16.9.6.LTS/lib/</path>
         <kind>archive</kind>
         <file>rtsv7M4_T_le_v4SPD16_eabi.lib</file>
         <name>fs_tod_t2.obj</name>
      </input_file>
      <input_file id="fl-e4">
         <path>/home/harry/ti/ccsv7/tools/compiler/ti-cgt-arm_16.9.6.LTS/lib/</path>
         <kind>archive</kind>
         <file>rtsv7M4_T_le_v4SPD16_eabi.lib</file>
         <name>i_tofd_t2.obj</name>
      </input_file>
      <input_file id="fl-e5">
         <path>/home/harry/ti/ccsv7/tools/compiler/ti-cgt-arm_16.9.6.LTS/lib/</path>
         <kind>archive</kind>
         <file>rtsv7M4_T_le_v4SPD16_eabi.lib</file>
         <name>memcpy_t2.obj</name>
      </input_file>
      <input_file id="fl-e6">
         <path>/home/harry/ti/ccsv7/tools/compiler/ti-cgt-arm_16.9.6.LTS/lib/</path>
         <kind>archive</kind>
         <file>rtsv7M4_T_le_v4SPD16_eabi.lib</file>
         <name>memory.obj</name>
      </input_file>
      <input_file id="fl-e7">
         <path>/home/harry/ti/ccsv7/tools/compiler/ti-cgt-arm_16.9.6.LTS/lib/</path>
         <kind>archive</kind>
         <file>rtsv7M4_T_le_v4SPD16_eabi.lib</file>
         <name>memset_t2.obj</name>
      </input_file>
      <input_file id="fl-e8">
         <path>/home/harry/ti/ccsv7/tools/compiler/ti-cgt-arm_16.9.6.LTS/lib/</path>
         <kind>archive</kind>
         <file>rtsv7M4_T_le_v4SPD16_eabi.lib</file>
         <name>mpu_init.obj</name>
      </input_file>
      <input_file id="fl-e9">
         <path>/home/harry/ti/ccsv7/tools/compiler/ti-cgt-arm_16.9.6.LTS/lib/</path>
         <kind>archive</kind>
         <file>rtsv7M4_T_le_v4SPD16_eabi.lib</file>
         <name>pre_init.obj</name>
      </input_file>
      <input_file id="fl-ea">
         <path>/home/harry/ti/ccsv7/tools/compiler/ti-cgt-arm_16.9.6.LTS/lib/</path>
         <kind>archive</kind>
         <file>rtsv7M4_T_le_v4SPD16_eabi.lib</file>
         <name>stkdepth_vars.obj</name>
      </input_file>
      <input_file id="fl-eb">
         <path>/home/harry/ti/ccsv7/tools/compiler/ti-cgt-arm_16.9.6.LTS/lib/</path>
         <kind>archive</kind>
         <file>rtsv7M4_T_le_v4SPD16_eabi.lib</file>
         <name>u_divt2.obj</name>
      </input_file>
      <input_file id="fl-ec">
         <path>/home/harry/ti/ccsv7/tools/compiler/ti-cgt-arm_16.9.6.LTS/lib/</path>
         <kind>archive</kind>
         <file>rtsv7M4_T_le_v4SPD16_eabi.lib</file>
         <name>_lock.obj</name>
      </input_file>
      <input_file id="fl-ed">
         <path>/home/harry/ti/ccsv7/tools/compiler/ti-cgt-arm_16.9.6.LTS/lib/</path>
         <kind>archive</kind>
         <file>rtsv7M4_T_le_v4SPD16_eabi.lib</file>
         <name>args_main.obj</name>
      </input_file>
      <input_file id="fl-ee">
         <path>/home/harry/ti/ccsv7/tools/compiler/ti-cgt-arm_16.9.6.LTS/lib/</path>
         <kind>archive</kind>
         <file>rtsv7M4_T_le_v4SPD16_eabi.lib</file>
         <name>autoinit.obj</name>
      </input_file>
      <input_file id="fl-ef">
         <path>/home/harry/ti/ccsv7/tools/compiler/ti-cgt-arm_16.9.6.LTS/lib/</path>
         <kind>archive</kind>
         <file>rtsv7M4_T_le_v4SPD16_eabi.lib</file>
         <name>cpy_tbl.obj</name>
      </input_file>
      <input_file id="fl-f0">
         <path>/home/harry/ti/ccsv7/tools/compiler/ti-cgt-arm_16.9.6.LTS/lib/</path>
         <kind>archive</kind>
         <file>rtsv7M4_T_le_v4SPD16_eabi.lib</file>
         <name>i_div0.obj</name>
      </input_file>
      <input_file id="fl-f1">
         <path>/home/harry/ti/ccsv7/tools/compiler/ti-cgt-arm_16.9.6.LTS/lib/</path>
         <kind>archive</kind>
         <file>rtsv7M4_T_le_v4SPD16_eabi.lib</file>
         <name>startup.obj</name>
      </input_file>
   </input_file_list>
   <object_component_list>
      <object_component id="oc-f">
         <name>.intvecs</name>
         <load_address>0x0</load_address>
         <run_address>0x0</run_address>
         <size>0x26c</size>
         <input_file_ref idref="fl-9"/>
      </object_component>
      <object_component id="oc-152">
         <name>.text</name>
         <load_address>0x26c</load_address>
         <run_address>0x26c</run_address>
         <size>0xc84</size>
         <input_file_ref idref="fl-c"/>
      </object_component>
      <object_component id="oc-39a">
         <name>.text</name>
         <load_address>0xef0</load_address>
         <run_address>0xef0</run_address>
         <size>0x950</size>
         <input_file_ref idref="fl-13"/>
      </object_component>
      <object_component id="oc-ae">
         <name>.text</name>
         <load_address>0x1840</load_address>
         <run_address>0x1840</run_address>
         <size>0x430</size>
         <input_file_ref idref="fl-5"/>
      </object_component>
      <object_component id="oc-1ae">
         <name>.text</name>
         <load_address>0x1c70</load_address>
         <run_address>0x1c70</run_address>
         <size>0x3d0</size>
         <input_file_ref idref="fl-e6"/>
      </object_component>
      <object_component id="oc-116">
         <name>.text</name>
         <load_address>0x2040</load_address>
         <run_address>0x2040</run_address>
         <size>0x3a0</size>
         <input_file_ref idref="fl-2"/>
      </object_component>
      <object_component id="oc-33c">
         <name>.text</name>
         <load_address>0x23e0</load_address>
         <run_address>0x23e0</run_address>
         <size>0x37c</size>
         <input_file_ref idref="fl-11"/>
      </object_component>
      <object_component id="oc-134">
         <name>.text</name>
         <load_address>0x275c</load_address>
         <run_address>0x275c</run_address>
         <size>0x258</size>
         <input_file_ref idref="fl-7"/>
      </object_component>
      <object_component id="oc-128">
         <name>.text</name>
         <load_address>0x29b4</load_address>
         <run_address>0x29b4</run_address>
         <size>0x220</size>
         <input_file_ref idref="fl-d"/>
      </object_component>
      <object_component id="oc-336">
         <name>.text</name>
         <load_address>0x2bd4</load_address>
         <run_address>0x2bd4</run_address>
         <size>0x204</size>
         <input_file_ref idref="fl-12"/>
      </object_component>
      <object_component id="oc-13a">
         <name>.text</name>
         <load_address>0x2dd8</load_address>
         <run_address>0x2dd8</run_address>
         <size>0x1f8</size>
         <input_file_ref idref="fl-8"/>
      </object_component>
      <object_component id="oc-29a">
         <name>.text</name>
         <load_address>0x2fd0</load_address>
         <run_address>0x2fd0</run_address>
         <size>0x1b6</size>
         <input_file_ref idref="fl-de"/>
      </object_component>
      <object_component id="oc-373">
         <name>.text</name>
         <load_address>0x3186</load_address>
         <run_address>0x3186</run_address>
         <size>0x2</size>
         <input_file_ref idref="fl-f0"/>
      </object_component>
      <object_component id="oc-122">
         <name>.text</name>
         <load_address>0x3188</load_address>
         <run_address>0x3188</run_address>
         <size>0x1b0</size>
         <input_file_ref idref="fl-b"/>
      </object_component>
      <object_component id="oc-286">
         <name>.text</name>
         <load_address>0x3338</load_address>
         <run_address>0x3338</run_address>
         <size>0x136</size>
         <input_file_ref idref="fl-df"/>
      </object_component>
      <object_component id="oc-1c2">
         <name>.text:GPIOPadConfigSet</name>
         <load_address>0x346e</load_address>
         <run_address>0x346e</run_address>
         <size>0x132</size>
         <input_file_ref idref="fl-1a"/>
      </object_component>
      <object_component id="oc-14c">
         <name>.text</name>
         <load_address>0x35a0</load_address>
         <run_address>0x35a0</run_address>
         <size>0x120</size>
         <input_file_ref idref="fl-6"/>
      </object_component>
      <object_component id="oc-ef">
         <name>.text:SysCtlClockGet</name>
         <load_address>0x36c0</load_address>
         <run_address>0x36c0</run_address>
         <size>0x110</size>
         <input_file_ref idref="fl-1e"/>
      </object_component>
      <object_component id="oc-295">
         <name>.text</name>
         <load_address>0x37d0</load_address>
         <run_address>0x37d0</run_address>
         <size>0xfc</size>
         <input_file_ref idref="fl-e0"/>
      </object_component>
      <object_component id="oc-e9">
         <name>.text:SysCtlClockSet</name>
         <load_address>0x38cc</load_address>
         <run_address>0x38cc</run_address>
         <size>0xf4</size>
         <input_file_ref idref="fl-1e"/>
      </object_component>
      <object_component id="oc-110">
         <name>.text</name>
         <load_address>0x39c0</load_address>
         <run_address>0x39c0</run_address>
         <size>0xb8</size>
         <input_file_ref idref="fl-3"/>
      </object_component>
      <object_component id="oc-42">
         <name>.text</name>
         <load_address>0x3a78</load_address>
         <run_address>0x3a78</run_address>
         <size>0x9c</size>
         <input_file_ref idref="fl-e5"/>
      </object_component>
      <object_component id="oc-207">
         <name>.text:ADCSequenceStepConfigure</name>
         <load_address>0x3b14</load_address>
         <run_address>0x3b14</run_address>
         <size>0x7a</size>
         <input_file_ref idref="fl-19"/>
      </object_component>
      <object_component id="oc-4e">
         <name>.text</name>
         <load_address>0x3b8e</load_address>
         <run_address>0x3b8e</run_address>
         <size>0x7a</size>
         <input_file_ref idref="fl-e7"/>
      </object_component>
      <object_component id="oc-12e">
         <name>.text</name>
         <load_address>0x3c08</load_address>
         <run_address>0x3c08</run_address>
         <size>0x74</size>
         <input_file_ref idref="fl-a"/>
      </object_component>
      <object_component id="oc-66">
         <name>.text</name>
         <load_address>0x3c7c</load_address>
         <run_address>0x3c7c</run_address>
         <size>0x70</size>
         <input_file_ref idref="fl-ee"/>
      </object_component>
      <object_component id="oc-28b">
         <name>.text</name>
         <load_address>0x3cec</load_address>
         <run_address>0x3cec</run_address>
         <size>0x6e</size>
         <input_file_ref idref="fl-e2"/>
      </object_component>
      <object_component id="oc-5a">
         <name>.text</name>
         <load_address>0x3d5a</load_address>
         <run_address>0x3d5a</run_address>
         <size>0x2</size>
         <input_file_ref idref="fl-e8"/>
      </object_component>
      <object_component id="oc-11c">
         <name>.text</name>
         <load_address>0x3d5c</load_address>
         <run_address>0x3d5c</run_address>
         <size>0x6c</size>
         <input_file_ref idref="fl-4"/>
      </object_component>
      <object_component id="oc-318">
         <name>.text:IntEnable</name>
         <load_address>0x3dc8</load_address>
         <run_address>0x3dc8</run_address>
         <size>0x68</size>
         <input_file_ref idref="fl-1b"/>
      </object_component>
      <object_component id="oc-12">
         <name>.text:decompress:lzss</name>
         <load_address>0x3e30</load_address>
         <run_address>0x3e30</run_address>
         <size>0x68</size>
         <input_file_ref idref="fl-da"/>
      </object_component>
      <object_component id="oc-410">
         <name>.text:TimerConfigure</name>
         <load_address>0x3e98</load_address>
         <run_address>0x3e98</run_address>
         <size>0x60</size>
         <input_file_ref idref="fl-20"/>
      </object_component>
      <object_component id="oc-3af">
         <name>.text</name>
         <load_address>0x3ef8</load_address>
         <run_address>0x3ef8</run_address>
         <size>0x5c</size>
         <input_file_ref idref="fl-14"/>
      </object_component>
      <object_component id="oc-1d7">
         <name>.text:GPIOIntTypeSet</name>
         <load_address>0x3f54</load_address>
         <run_address>0x3f54</run_address>
         <size>0x56</size>
         <input_file_ref idref="fl-1a"/>
      </object_component>
      <object_component id="oc-a6">
         <name>.text</name>
         <load_address>0x3faa</load_address>
         <run_address>0x3faa</run_address>
         <size>0x2</size>
         <input_file_ref idref="fl-f1"/>
      </object_component>
      <object_component id="oc-24">
         <name>.text</name>
         <load_address>0x3fac</load_address>
         <run_address>0x3fac</run_address>
         <size>0x54</size>
         <input_file_ref idref="fl-d9"/>
      </object_component>
      <object_component id="oc-72">
         <name>.text</name>
         <load_address>0x4000</load_address>
         <run_address>0x4000</run_address>
         <size>0x54</size>
         <input_file_ref idref="fl-dd"/>
      </object_component>
      <object_component id="oc-201">
         <name>.text:ADCSequenceConfigure</name>
         <load_address>0x4054</load_address>
         <run_address>0x4054</run_address>
         <size>0x50</size>
         <input_file_ref idref="fl-19"/>
      </object_component>
      <object_component id="oc-32e">
         <name>.text:_ADCIntNumberGet</name>
         <load_address>0x40a4</load_address>
         <run_address>0x40a4</run_address>
         <size>0x50</size>
         <input_file_ref idref="fl-19"/>
      </object_component>
      <object_component id="oc-a0">
         <name>.text</name>
         <load_address>0x40f4</load_address>
         <run_address>0x40f4</run_address>
         <size>0x4c</size>
         <input_file_ref idref="fl-ef"/>
      </object_component>
      <object_component id="oc-242">
         <name>.text:GPIOPinConfigure</name>
         <load_address>0x4140</load_address>
         <run_address>0x4140</run_address>
         <size>0x48</size>
         <input_file_ref idref="fl-1a"/>
      </object_component>
      <object_component id="oc-29f">
         <name>.text</name>
         <load_address>0x4188</load_address>
         <run_address>0x4188</run_address>
         <size>0x48</size>
         <input_file_ref idref="fl-e1"/>
      </object_component>
      <object_component id="oc-248">
         <name>.text:UARTConfigSetExpClk</name>
         <load_address>0x41d0</load_address>
         <run_address>0x41d0</run_address>
         <size>0x46</size>
         <input_file_ref idref="fl-21"/>
      </object_component>
      <object_component id="oc-220">
         <name>.text</name>
         <load_address>0x4218</load_address>
         <run_address>0x4218</run_address>
         <size>0x44</size>
         <input_file_ref idref="fl-e"/>
      </object_component>
      <object_component id="oc-312">
         <name>.text:_GPIOIntNumberGet</name>
         <load_address>0x425c</load_address>
         <run_address>0x425c</run_address>
         <size>0x44</size>
         <input_file_ref idref="fl-1a"/>
      </object_component>
      <object_component id="oc-2c0">
         <name>.text</name>
         <load_address>0x42a0</load_address>
         <run_address>0x42a0</run_address>
         <size>0x40</size>
         <input_file_ref idref="fl-eb"/>
      </object_component>
      <object_component id="oc-3c1">
         <name>.text:SSIConfigSetExpClk</name>
         <load_address>0x42e0</load_address>
         <run_address>0x42e0</run_address>
         <size>0x3c</size>
         <input_file_ref idref="fl-1d"/>
      </object_component>
      <object_component id="oc-281">
         <name>.text</name>
         <load_address>0x431c</load_address>
         <run_address>0x431c</run_address>
         <size>0x38</size>
         <input_file_ref idref="fl-e3"/>
      </object_component>
      <object_component id="oc-19e">
         <name>.text:IntRegister</name>
         <load_address>0x4354</load_address>
         <run_address>0x4354</run_address>
         <size>0x34</size>
         <input_file_ref idref="fl-1b"/>
      </object_component>
      <object_component id="oc-1b6">
         <name>.text:SysCtlPeripheralEnable</name>
         <load_address>0x4388</load_address>
         <run_address>0x4388</run_address>
         <size>0x34</size>
         <input_file_ref idref="fl-1e"/>
      </object_component>
      <object_component id="oc-290">
         <name>.text</name>
         <load_address>0x43bc</load_address>
         <run_address>0x43bc</run_address>
         <size>0x2e</size>
         <input_file_ref idref="fl-e4"/>
      </object_component>
      <object_component id="oc-307">
         <name>.text:GPIODirModeSet</name>
         <load_address>0x43ea</load_address>
         <run_address>0x43ea</run_address>
         <size>0x2a</size>
         <input_file_ref idref="fl-1a"/>
      </object_component>
      <object_component id="oc-275">
         <name>.text:PWMGenConfigure</name>
         <load_address>0x4414</load_address>
         <run_address>0x4414</run_address>
         <size>0x22</size>
         <input_file_ref idref="fl-1c"/>
      </object_component>
      <object_component id="oc-352">
         <name>.text:UARTDisable</name>
         <load_address>0x4438</load_address>
         <run_address>0x4438</run_address>
         <size>0x20</size>
         <input_file_ref idref="fl-21"/>
      </object_component>
      <object_component id="oc-1f5">
         <name>.text:ADCSequenceDataGet</name>
         <load_address>0x4458</load_address>
         <run_address>0x4458</run_address>
         <size>0x1e</size>
         <input_file_ref idref="fl-19"/>
      </object_component>
      <object_component id="oc-269">
         <name>.text:PWMPulseWidthSet</name>
         <load_address>0x4476</load_address>
         <run_address>0x4476</run_address>
         <size>0x1e</size>
         <input_file_ref idref="fl-1c"/>
      </object_component>
      <object_component id="oc-fb">
         <name>.text:SysTickIntRegister</name>
         <load_address>0x4494</load_address>
         <run_address>0x4494</run_address>
         <size>0x1c</size>
         <input_file_ref idref="fl-1f"/>
      </object_component>
      <object_component id="oc-213">
         <name>.text:ADCIntRegister</name>
         <load_address>0x44b0</load_address>
         <run_address>0x44b0</run_address>
         <size>0x18</size>
         <input_file_ref idref="fl-19"/>
      </object_component>
      <object_component id="oc-e3">
         <name>.text:ADCProcessorTrigger</name>
         <load_address>0x44c8</load_address>
         <run_address>0x44c8</run_address>
         <size>0x18</size>
         <input_file_ref idref="fl-19"/>
      </object_component>
      <object_component id="oc-1d1">
         <name>.text:GPIOIntRegister</name>
         <load_address>0x44e0</load_address>
         <run_address>0x44e0</run_address>
         <size>0x18</size>
         <input_file_ref idref="fl-1a"/>
      </object_component>
      <object_component id="oc-3d3">
         <name>.text:GPIOPinTypeGPIOOutput</name>
         <load_address>0x44f8</load_address>
         <run_address>0x44f8</run_address>
         <size>0x18</size>
         <input_file_ref idref="fl-1a"/>
      </object_component>
      <object_component id="oc-6c">
         <name>.text</name>
         <load_address>0x4510</load_address>
         <run_address>0x4510</run_address>
         <size>0x18</size>
         <input_file_ref idref="fl-ed"/>
      </object_component>
      <object_component id="oc-2ab">
         <name>.text:SysCtlPWMClockSet</name>
         <load_address>0x4528</load_address>
         <run_address>0x4528</run_address>
         <size>0x14</size>
         <input_file_ref idref="fl-1e"/>
      </object_component>
      <object_component id="oc-107">
         <name>.text:SysTickEnable</name>
         <load_address>0x453c</load_address>
         <run_address>0x453c</run_address>
         <size>0x14</size>
         <input_file_ref idref="fl-1f"/>
      </object_component>
      <object_component id="oc-101">
         <name>.text:SysTickIntEnable</name>
         <load_address>0x4550</load_address>
         <run_address>0x4550</run_address>
         <size>0x14</size>
         <input_file_ref idref="fl-1f"/>
      </object_component>
      <object_component id="oc-254">
         <name>.text:UARTEnable</name>
         <load_address>0x4564</load_address>
         <run_address>0x4564</run_address>
         <size>0x14</size>
         <input_file_ref idref="fl-21"/>
      </object_component>
      <object_component id="oc-17a">
         <name>.text</name>
         <load_address>0x4578</load_address>
         <run_address>0x4578</run_address>
         <size>0x14</size>
         <input_file_ref idref="fl-ec"/>
      </object_component>
      <object_component id="oc-1bc">
         <name>.text:GPIOPinTypeGPIOInput</name>
         <load_address>0x458c</load_address>
         <run_address>0x458c</run_address>
         <size>0x12</size>
         <input_file_ref idref="fl-1a"/>
      </object_component>
      <object_component id="oc-26f">
         <name>.text:GPIOPinTypePWM</name>
         <load_address>0x459e</load_address>
         <run_address>0x459e</run_address>
         <size>0x12</size>
         <input_file_ref idref="fl-1a"/>
      </object_component>
      <object_component id="oc-3b5">
         <name>.text:GPIOPinTypeSSI</name>
         <load_address>0x45b0</load_address>
         <run_address>0x45b0</run_address>
         <size>0x12</size>
         <input_file_ref idref="fl-1a"/>
      </object_component>
      <object_component id="oc-23c">
         <name>.text:GPIOPinTypeUART</name>
         <load_address>0x45c2</load_address>
         <run_address>0x45c2</run_address>
         <size>0x12</size>
         <input_file_ref idref="fl-1a"/>
      </object_component>
      <object_component id="oc-140">
         <name>.text:PWMOutputState</name>
         <load_address>0x45d4</load_address>
         <run_address>0x45d4</run_address>
         <size>0x12</size>
         <input_file_ref idref="fl-1c"/>
      </object_component>
      <object_component id="oc-219">
         <name>.text:ADCIntEnable</name>
         <load_address>0x45e6</load_address>
         <run_address>0x45e6</run_address>
         <size>0x10</size>
         <input_file_ref idref="fl-19"/>
      </object_component>
      <object_component id="oc-146">
         <name>.text:IntMasterEnable</name>
         <load_address>0x45f6</load_address>
         <run_address>0x45f6</run_address>
         <size>0x10</size>
         <input_file_ref idref="fl-1b"/>
      </object_component>
      <object_component id="oc-263">
         <name>.text:PWMGenPeriodSet</name>
         <load_address>0x4606</load_address>
         <run_address>0x4606</run_address>
         <size>0x10</size>
         <input_file_ref idref="fl-1c"/>
      </object_component>
      <object_component id="oc-163">
         <name>.text:SysCtlReset</name>
         <load_address>0x4618</load_address>
         <run_address>0x4618</run_address>
         <size>0x10</size>
         <input_file_ref idref="fl-1e"/>
      </object_component>
      <object_component id="oc-f5">
         <name>.text:SysTickPeriodSet</name>
         <load_address>0x4628</load_address>
         <run_address>0x4628</run_address>
         <size>0x10</size>
         <input_file_ref idref="fl-1f"/>
      </object_component>
      <object_component id="oc-20d">
         <name>.text:ADCSequenceEnable</name>
         <load_address>0x4638</load_address>
         <run_address>0x4638</run_address>
         <size>0xe</size>
         <input_file_ref idref="fl-19"/>
      </object_component>
      <object_component id="oc-22e">
         <name>.text:GPIOIntDisable</name>
         <load_address>0x4646</load_address>
         <run_address>0x4646</run_address>
         <size>0xe</size>
         <input_file_ref idref="fl-1a"/>
      </object_component>
      <object_component id="oc-416">
         <name>.text:TimerEnable</name>
         <load_address>0x4654</load_address>
         <run_address>0x4654</run_address>
         <size>0xe</size>
         <input_file_ref idref="fl-20"/>
      </object_component>
      <object_component id="oc-18">
         <name>.text:decompress:none</name>
         <load_address>0x4662</load_address>
         <run_address>0x4662</run_address>
         <size>0xe</size>
         <input_file_ref idref="fl-db"/>
      </object_component>
      <object_component id="oc-2b8">
         <name>.text:CPUcpsie</name>
         <load_address>0x4670</load_address>
         <run_address>0x4670</run_address>
         <size>0xc</size>
         <input_file_ref idref="fl-22"/>
      </object_component>
      <object_component id="oc-1dd">
         <name>.text:GPIOIntEnable</name>
         <load_address>0x467c</load_address>
         <run_address>0x467c</run_address>
         <size>0xc</size>
         <input_file_ref idref="fl-1a"/>
      </object_component>
      <object_component id="oc-27b">
         <name>.text:PWMGenEnable</name>
         <load_address>0x4688</load_address>
         <run_address>0x4688</run_address>
         <size>0xc</size>
         <input_file_ref idref="fl-1c"/>
      </object_component>
      <object_component id="oc-3e5">
         <name>.text:SSIDataGet</name>
         <load_address>0x4694</load_address>
         <run_address>0x4694</run_address>
         <size>0xc</size>
         <input_file_ref idref="fl-1d"/>
      </object_component>
      <object_component id="oc-1e">
         <name>.text:decompress:ZI</name>
         <load_address>0x46a0</load_address>
         <run_address>0x46a0</run_address>
         <size>0xc</size>
         <input_file_ref idref="fl-dc"/>
      </object_component>
      <object_component id="oc-2e">
         <name>.text</name>
         <load_address>0x46ac</load_address>
         <run_address>0x46ac</run_address>
         <size>0xc</size>
         <input_file_ref idref="fl-9"/>
      </object_component>
      <object_component id="oc-1fb">
         <name>.text:ADCIntClear</name>
         <load_address>0x46b8</load_address>
         <run_address>0x46b8</run_address>
         <size>0xa</size>
         <input_file_ref idref="fl-19"/>
      </object_component>
      <object_component id="oc-3df">
         <name>.text:SSIDataPut</name>
         <load_address>0x46c2</load_address>
         <run_address>0x46c2</run_address>
         <size>0xa</size>
         <input_file_ref idref="fl-1d"/>
      </object_component>
      <object_component id="oc-3c7">
         <name>.text:SSIEnable</name>
         <load_address>0x46cc</load_address>
         <run_address>0x46cc</run_address>
         <size>0xa</size>
         <input_file_ref idref="fl-1d"/>
      </object_component>
      <object_component id="oc-41c">
         <name>.text:TimerValueGet</name>
         <load_address>0x46d6</load_address>
         <run_address>0x46d6</run_address>
         <size>0xa</size>
         <input_file_ref idref="fl-20"/>
      </object_component>
      <object_component id="oc-25a">
         <name>.text:UARTCharPut</name>
         <load_address>0x46e0</load_address>
         <run_address>0x46e0</run_address>
         <size>0xa</size>
         <input_file_ref idref="fl-21"/>
      </object_component>
      <object_component id="oc-24e">
         <name>.text:UARTFIFOEnable</name>
         <load_address>0x46ea</load_address>
         <run_address>0x46ea</run_address>
         <size>0xa</size>
         <input_file_ref idref="fl-21"/>
      </object_component>
      <object_component id="oc-3d9">
         <name>.text:SSIBusy</name>
         <load_address>0x46f4</load_address>
         <run_address>0x46f4</run_address>
         <size>0x8</size>
         <input_file_ref idref="fl-1d"/>
      </object_component>
      <object_component id="oc-1c8">
         <name>.text:GPIOIntClear</name>
         <load_address>0x46fc</load_address>
         <run_address>0x46fc</run_address>
         <size>0x6</size>
         <input_file_ref idref="fl-1a"/>
      </object_component>
      <object_component id="oc-15d">
         <name>.text:GPIOPinRead</name>
         <load_address>0x4702</load_address>
         <run_address>0x4702</run_address>
         <size>0x6</size>
         <input_file_ref idref="fl-1a"/>
      </object_component>
      <object_component id="oc-3cd">
         <name>.text:GPIOPinWrite</name>
         <load_address>0x4708</load_address>
         <run_address>0x4708</run_address>
         <size>0x6</size>
         <input_file_ref idref="fl-1a"/>
      </object_component>
      <object_component id="oc-3bb">
         <name>.text:SSIClockSourceSet</name>
         <load_address>0x470e</load_address>
         <run_address>0x470e</run_address>
         <size>0x6</size>
         <input_file_ref idref="fl-1d"/>
      </object_component>
      <object_component id="oc-195">
         <name>.text:SysCtlDelay</name>
         <load_address>0x4714</load_address>
         <run_address>0x4714</run_address>
         <size>0x6</size>
         <input_file_ref idref="fl-1e"/>
      </object_component>
      <object_component id="oc-60">
         <name>.text</name>
         <load_address>0x471a</load_address>
         <run_address>0x471a</run_address>
         <size>0x4</size>
         <input_file_ref idref="fl-e9"/>
      </object_component>
      <object_component id="oc-3eb">
         <name>.const:.string:rgbOledFont0</name>
         <load_address>0x4720</load_address>
         <run_address>0x4720</run_address>
         <size>0x300</size>
         <input_file_ref idref="fl-f"/>
      </object_component>
      <object_component id="oc-391">
         <name>.const:g_ppui32GPIOIntMapSnowflake</name>
         <load_address>0x4a20</load_address>
         <run_address>0x4a20</run_address>
         <size>0xd8</size>
         <input_file_ref idref="fl-1a"/>
      </object_component>
      <object_component id="oc-38e">
         <name>.const:g_ppui32GPIOIntMapBlizzard</name>
         <load_address>0x4af8</load_address>
         <run_address>0x4af8</run_address>
         <size>0xc0</size>
         <input_file_ref idref="fl-1a"/>
      </object_component>
      <object_component id="oc-34e">
         <name>.const:g_pui32GPIOBaseAddrs</name>
         <load_address>0x4bb8</load_address>
         <run_address>0x4bb8</run_address>
         <size>0x90</size>
         <input_file_ref idref="fl-1a"/>
      </object_component>
      <object_component id="oc-395">
         <name>.const</name>
         <load_address>0x4c48</load_address>
         <run_address>0x4c48</run_address>
         <size>0x70</size>
         <input_file_ref idref="fl-1b"/>
      </object_component>
      <object_component id="oc-198">
         <name>.const:g_pui32Xtals</name>
         <load_address>0x4cb8</load_address>
         <run_address>0x4cb8</run_address>
         <size>0x6c</size>
         <input_file_ref idref="fl-1e"/>
      </object_component>
      <object_component id="oc-3f1">
         <name>.const:.string:rgbFillPat</name>
         <load_address>0x4d24</load_address>
         <run_address>0x4d24</run_address>
         <size>0x40</size>
         <input_file_ref idref="fl-10"/>
      </object_component>
      <object_component id="oc-2c8">
         <name>.const:g_psDaysToMonth</name>
         <load_address>0x4d64</load_address>
         <run_address>0x4d64</run_address>
         <size>0x30</size>
         <input_file_ref idref="fl-c"/>
      </object_component>
      <object_component id="oc-2cb">
         <name>.const:g_pfExponents</name>
         <load_address>0x4d94</load_address>
         <run_address>0x4d94</run_address>
         <size>0x18</size>
         <input_file_ref idref="fl-c"/>
      </object_component>
      <object_component id="oc-37a">
         <name>.const:.string</name>
         <load_address>0x4dac</load_address>
         <run_address>0x4dac</run_address>
         <size>0x12</size>
         <input_file_ref idref="fl-c"/>
      </object_component>
      <object_component id="oc-2c5">
         <name>.const</name>
         <load_address>0x4dc0</load_address>
         <run_address>0x4dc0</run_address>
         <size>0x4</size>
         <input_file_ref idref="fl-c"/>
      </object_component>
      <object_component id="oc-463">
         <name>.cinit..data.load</name>
         <load_address>0x4dc8</load_address>
         <run_address>0x4dc8</run_address>
         <size>0x29</size>
      </object_component>
      <object_component id="oc-460">
         <name>__TI_handler_table</name>
         <load_address>0x4df4</load_address>
         <run_address>0x4df4</run_address>
         <size>0xc</size>
      </object_component>
      <object_component id="oc-464">
         <name>.cinit..bss.load</name>
         <load_address>0x4e00</load_address>
         <run_address>0x4e00</run_address>
         <size>0x8</size>
      </object_component>
      <object_component id="oc-462">
         <name>.cinit..vtable.load</name>
         <load_address>0x4e08</load_address>
         <run_address>0x4e08</run_address>
         <size>0x8</size>
      </object_component>
      <object_component id="oc-461">
         <name>__TI_cinit_table</name>
         <load_address>0x4e10</load_address>
         <run_address>0x4e10</run_address>
         <size>0x18</size>
      </object_component>
      <object_component id="oc-2f6">
         <name>.vtable</name>
         <uninitialized>true</uninitialized>
         <run_address>0x20000000</run_address>
         <size>0x26c</size>
         <input_file_ref idref="fl-1b"/>
      </object_component>
      <object_component id="oc-16a">
         <name>.data</name>
         <load_address>0x20002608</load_address>
         <run_address>0x20002608</run_address>
         <size>0xe</size>
         <input_file_ref idref="fl-2"/>
      </object_component>
      <object_component id="oc-2a5">
         <name>.data</name>
         <load_address>0x20002616</load_address>
         <run_address>0x20002616</run_address>
         <size>0x2</size>
         <input_file_ref idref="fl-7"/>
      </object_component>
      <object_component id="oc-2b2">
         <name>.data</name>
         <load_address>0x2000263a</load_address>
         <run_address>0x2000263a</run_address>
         <size>0x2</size>
         <input_file_ref idref="fl-8"/>
      </object_component>
      <object_component id="oc-2ce">
         <name>.data</name>
         <load_address>0x20002648</load_address>
         <run_address>0x20002648</run_address>
         <size>0x4</size>
         <input_file_ref idref="fl-c"/>
      </object_component>
      <object_component id="oc-16d">
         <name>.data</name>
         <load_address>0x20002630</load_address>
         <run_address>0x20002630</run_address>
         <size>0x9</size>
         <input_file_ref idref="fl-d"/>
      </object_component>
      <object_component id="oc-b6">
         <name>.data:$O1$$</name>
         <load_address>0x20002618</load_address>
         <run_address>0x20002618</run_address>
         <size>0xc</size>
         <input_file_ref idref="fl-dd"/>
      </object_component>
      <object_component id="oc-2fb">
         <name>.data:$O1$$</name>
         <load_address>0x20002624</load_address>
         <run_address>0x20002624</run_address>
         <size>0xc</size>
         <input_file_ref idref="fl-e6"/>
      </object_component>
      <object_component id="oc-78">
         <name>.data</name>
         <load_address>0x20002644</load_address>
         <run_address>0x20002644</run_address>
         <size>0x4</size>
         <input_file_ref idref="fl-ea"/>
      </object_component>
      <object_component id="oc-b9">
         <name>.data:$O1$$</name>
         <load_address>0x2000263c</load_address>
         <run_address>0x2000263c</run_address>
         <size>0x8</size>
         <input_file_ref idref="fl-ec"/>
      </object_component>
      <object_component id="oc-1e3">
         <name>.bss:but_state</name>
         <uninitialized>true</uninitialized>
         <run_address>0x20002594</run_address>
         <size>0x4</size>
         <input_file_ref idref="fl-2"/>
      </object_component>
      <object_component id="oc-1e6">
         <name>.bss:but_count</name>
         <uninitialized>true</uninitialized>
         <run_address>0x20002588</run_address>
         <size>0x4</size>
         <input_file_ref idref="fl-2"/>
      </object_component>
      <object_component id="oc-1e9">
         <name>.bss:but_flag</name>
         <uninitialized>true</uninitialized>
         <run_address>0x2000258c</run_address>
         <size>0x4</size>
         <input_file_ref idref="fl-2"/>
      </object_component>
      <object_component id="oc-1ce">
         <name>.bss:but_normal</name>
         <uninitialized>true</uninitialized>
         <run_address>0x20002590</run_address>
         <size>0x4</size>
         <input_file_ref idref="fl-2"/>
      </object_component>
      <object_component id="oc-1ec">
         <name>.common:switchChannel</name>
         <uninitialized>true</uninitialized>
         <run_address>0x200025e0</run_address>
         <size>0x4</size>
      </object_component>
      <object_component id="oc-15c">
         <name>.common:g_inBuffer</name>
         <uninitialized>true</uninitialized>
         <run_address>0x20002570</run_address>
         <size>0x10</size>
      </object_component>
      <object_component id="oc-10d">
         <name>.common:g_ulSampCnt</name>
         <uninitialized>true</uninitialized>
         <run_address>0x200025c0</run_address>
         <size>0x4</size>
      </object_component>
      <object_component id="oc-158">
         <name>.common:PIDFlag</name>
         <uninitialized>true</uninitialized>
         <run_address>0x20002600</run_address>
         <size>0x1</size>
      </object_component>
      <object_component id="oc-15b">
         <name>.common:displayFlag</name>
         <uninitialized>true</uninitialized>
         <run_address>0x20002603</run_address>
         <size>0x1</size>
      </object_component>
      <object_component id="oc-169">
         <name>.common:currentHeight</name>
         <uninitialized>true</uninitialized>
         <run_address>0x200025fc</run_address>
         <size>0x2</size>
      </object_component>
      <object_component id="oc-226">
         <name>.common:MAIN_PWM</name>
         <uninitialized>true</uninitialized>
         <run_address>0x200025a0</run_address>
         <size>0x4</size>
      </object_component>
      <object_component id="oc-2a4">
         <name>.common:errorSignal</name>
         <uninitialized>true</uninitialized>
         <run_address>0x200025b8</run_address>
         <size>0x4</size>
      </object_component>
      <object_component id="oc-2a8">
         <name>.common:errorIntegral</name>
         <uninitialized>true</uninitialized>
         <run_address>0x20002580</run_address>
         <size>0x8</size>
      </object_component>
      <object_component id="oc-2a9">
         <name>.common:dutyCycle</name>
         <uninitialized>true</uninitialized>
         <run_address>0x200025ac</run_address>
         <size>0x4</size>
      </object_component>
      <object_component id="oc-229">
         <name>.common:TAIL_PWM</name>
         <uninitialized>true</uninitialized>
         <run_address>0x200025a4</run_address>
         <size>0x4</size>
      </object_component>
      <object_component id="oc-2b1">
         <name>.common:tailErrorSignal</name>
         <uninitialized>true</uninitialized>
         <run_address>0x200025fe</run_address>
         <size>0x2</size>
      </object_component>
      <object_component id="oc-238">
         <name>.common:currentState</name>
         <uninitialized>true</uninitialized>
         <run_address>0x20002602</run_address>
         <size>0x1</size>
      </object_component>
      <object_component id="oc-23a">
         <name>.common:previousState</name>
         <uninitialized>true</uninitialized>
         <run_address>0x20002604</run_address>
         <size>0x1</size>
      </object_component>
      <object_component id="oc-234">
         <name>.common:ChannelA</name>
         <uninitialized>true</uninitialized>
         <run_address>0x20002598</run_address>
         <size>0x4</size>
      </object_component>
      <object_component id="oc-237">
         <name>.common:ChannelB</name>
         <uninitialized>true</uninitialized>
         <run_address>0x2000259c</run_address>
         <size>0x4</size>
      </object_component>
      <object_component id="oc-239">
         <name>.common:slotCount</name>
         <uninitialized>true</uninitialized>
         <run_address>0x200025dc</run_address>
         <size>0x4</size>
      </object_component>
      <object_component id="oc-404">
         <name>.common:xcoOledCur</name>
         <uninitialized>true</uninitialized>
         <run_address>0x200025ec</run_address>
         <size>0x4</size>
      </object_component>
      <object_component id="oc-405">
         <name>.common:ycoOledCur</name>
         <uninitialized>true</uninitialized>
         <run_address>0x200025f8</run_address>
         <size>0x4</size>
      </object_component>
      <object_component id="oc-3ad">
         <name>.common:pbOledCur</name>
         <uninitialized>true</uninitialized>
         <run_address>0x200025c8</run_address>
         <size>0x4</size>
      </object_component>
      <object_component id="oc-406">
         <name>.common:bnOledCur</name>
         <uninitialized>true</uninitialized>
         <run_address>0x200025a8</run_address>
         <size>0x4</size>
      </object_component>
      <object_component id="oc-3ef">
         <name>.common:clrOledCur</name>
         <uninitialized>true</uninitialized>
         <run_address>0x20002601</run_address>
         <size>0x1</size>
      </object_component>
      <object_component id="oc-3f0">
         <name>.common:pbOledPatCur</name>
         <uninitialized>true</uninitialized>
         <run_address>0x200025d4</run_address>
         <size>0x4</size>
      </object_component>
      <object_component id="oc-3ab">
         <name>.common:fOledCharUpdate</name>
         <uninitialized>true</uninitialized>
         <run_address>0x200025bc</run_address>
         <size>0x4</size>
      </object_component>
      <object_component id="oc-3a6">
         <name>.common:dxcoOledFontCur</name>
         <uninitialized>true</uninitialized>
         <run_address>0x200025b0</run_address>
         <size>0x4</size>
      </object_component>
      <object_component id="oc-3a9">
         <name>.common:dycoOledFontCur</name>
         <uninitialized>true</uninitialized>
         <run_address>0x200025b4</run_address>
         <size>0x4</size>
      </object_component>
      <object_component id="oc-3ac">
         <name>.common:pbOledFontCur</name>
         <uninitialized>true</uninitialized>
         <run_address>0x200025cc</run_address>
         <size>0x4</size>
      </object_component>
      <object_component id="oc-3aa">
         <name>.common:pbOledFontUser</name>
         <uninitialized>true</uninitialized>
         <run_address>0x200025d0</run_address>
         <size>0x4</size>
      </object_component>
      <object_component id="oc-3f4">
         <name>.common:rgbOledBmp</name>
         <uninitialized>true</uninitialized>
         <run_address>0x20002270</run_address>
         <size>0x200</size>
      </object_component>
      <object_component id="oc-3a4">
         <name>.common:xchOledCur</name>
         <uninitialized>true</uninitialized>
         <run_address>0x200025e4</run_address>
         <size>0x4</size>
      </object_component>
      <object_component id="oc-3a5">
         <name>.common:ychOledCur</name>
         <uninitialized>true</uninitialized>
         <run_address>0x200025f0</run_address>
         <size>0x4</size>
      </object_component>
      <object_component id="oc-3a0">
         <name>.common:xchOledMax</name>
         <uninitialized>true</uninitialized>
         <run_address>0x200025e8</run_address>
         <size>0x4</size>
      </object_component>
      <object_component id="oc-3a3">
         <name>.common:ychOledMax</name>
         <uninitialized>true</uninitialized>
         <run_address>0x200025f4</run_address>
         <size>0x4</size>
      </object_component>
      <object_component id="oc-3ee">
         <name>.common:rgbOledFontUser</name>
         <uninitialized>true</uninitialized>
         <run_address>0x20002470</run_address>
         <size>0x100</size>
      </object_component>
      <object_component id="oc-40a">
         <name>.common:pfnDoRop</name>
         <uninitialized>true</uninitialized>
         <run_address>0x200025d8</run_address>
         <size>0x4</size>
      </object_component>
      <object_component id="oc-407">
         <name>.common:modOledCur</name>
         <uninitialized>true</uninitialized>
         <run_address>0x200025c4</run_address>
         <size>0x4</size>
      </object_component>
      <object_component id="oc-2b">
         <name>.sysmem</name>
         <uninitialized>true</uninitialized>
         <run_address>0x20001270</run_address>
         <size>0x8</size>
         <input_file_ref idref="fl-e6"/>
      </object_component>
      <object_component id="oc-466">
         <name>.sysmem</name>
         <uninitialized>true</uninitialized>
         <run_address>0x20001270</run_address>
         <size>0x0</size>
      </object_component>
      <object_component id="oc-2a">
         <name>.stack</name>
         <uninitialized>true</uninitialized>
         <run_address>0x2000026c</run_address>
         <size>0x0</size>
         <input_file_ref idref="fl-d9"/>
      </object_component>
      <object_component id="oc-465">
         <name>.stack</name>
         <uninitialized>true</uninitialized>
         <run_address>0x2000026c</run_address>
         <size>0x0</size>
      </object_component>
      <object_component id="oc-1ed">
         <name>.debug_info</name>
         <load_address>0x0</load_address>
         <run_address>0x0</run_address>
         <size>0x4b8</size>
         <input_file_ref idref="fl-2"/>
      </object_component>
      <object_component id="oc-1e4">
         <name>.debug_info</name>
         <load_address>0x4b8</load_address>
         <run_address>0x4b8</run_address>
         <size>0x10b</size>
         <input_file_ref idref="fl-2"/>
      </object_component>
      <object_component id="oc-1e7">
         <name>.debug_info</name>
         <load_address>0x5c3</load_address>
         <run_address>0x5c3</run_address>
         <size>0x10b</size>
         <input_file_ref idref="fl-2"/>
      </object_component>
      <object_component id="oc-1ea">
         <name>.debug_info</name>
         <load_address>0x6ce</load_address>
         <run_address>0x6ce</run_address>
         <size>0x109</size>
         <input_file_ref idref="fl-2"/>
      </object_component>
      <object_component id="oc-1cf">
         <name>.debug_info</name>
         <load_address>0x7d7</load_address>
         <run_address>0x7d7</run_address>
         <size>0x10d</size>
         <input_file_ref idref="fl-2"/>
      </object_component>
      <object_component id="oc-16b">
         <name>.debug_info</name>
         <load_address>0x8e4</load_address>
         <run_address>0x8e4</run_address>
         <size>0x218</size>
         <input_file_ref idref="fl-2"/>
      </object_component>
      <object_component id="oc-117">
         <name>.debug_info</name>
         <load_address>0xafc</load_address>
         <run_address>0xafc</run_address>
         <size>0x6e7</size>
         <input_file_ref idref="fl-2"/>
      </object_component>
      <object_component id="oc-cd">
         <name>.debug_info</name>
         <load_address>0x11e3</load_address>
         <run_address>0x11e3</run_address>
         <size>0x8b</size>
         <input_file_ref idref="fl-2"/>
      </object_component>
      <object_component id="oc-83">
         <name>.debug_info</name>
         <load_address>0x126e</load_address>
         <run_address>0x126e</run_address>
         <size>0x18b</size>
         <input_file_ref idref="fl-2"/>
      </object_component>
      <object_component id="oc-1f0">
         <name>.debug_info</name>
         <load_address>0x13f9</load_address>
         <run_address>0x13f9</run_address>
         <size>0x83</size>
         <input_file_ref idref="fl-2"/>
      </object_component>
      <object_component id="oc-1b5">
         <name>.debug_info</name>
         <load_address>0x147c</load_address>
         <run_address>0x147c</run_address>
         <size>0x304</size>
         <input_file_ref idref="fl-3"/>
      </object_component>
      <object_component id="oc-111">
         <name>.debug_info</name>
         <load_address>0x1780</load_address>
         <run_address>0x1780</run_address>
         <size>0x361</size>
         <input_file_ref idref="fl-3"/>
      </object_component>
      <object_component id="oc-1a9">
         <name>.debug_info</name>
         <load_address>0x1ae1</load_address>
         <run_address>0x1ae1</run_address>
         <size>0x86</size>
         <input_file_ref idref="fl-3"/>
      </object_component>
      <object_component id="oc-301">
         <name>.debug_info</name>
         <load_address>0x1b67</load_address>
         <run_address>0x1b67</run_address>
         <size>0x110</size>
         <input_file_ref idref="fl-3"/>
      </object_component>
      <object_component id="oc-3d">
         <name>.debug_info</name>
         <load_address>0x1c77</load_address>
         <run_address>0x1c77</run_address>
         <size>0x84</size>
         <input_file_ref idref="fl-3"/>
      </object_component>
      <object_component id="oc-10e">
         <name>.debug_info</name>
         <load_address>0x1cfb</load_address>
         <run_address>0x1cfb</run_address>
         <size>0x51e</size>
         <input_file_ref idref="fl-4"/>
      </object_component>
      <object_component id="oc-11d">
         <name>.debug_info</name>
         <load_address>0x2219</load_address>
         <run_address>0x2219</run_address>
         <size>0x2ae</size>
         <input_file_ref idref="fl-4"/>
      </object_component>
      <object_component id="oc-2d3">
         <name>.debug_info</name>
         <load_address>0x24c7</load_address>
         <run_address>0x24c7</run_address>
         <size>0x196</size>
         <input_file_ref idref="fl-4"/>
      </object_component>
      <object_component id="oc-2d8">
         <name>.debug_info</name>
         <load_address>0x265d</load_address>
         <run_address>0x265d</run_address>
         <size>0x4e</size>
         <input_file_ref idref="fl-4"/>
      </object_component>
      <object_component id="oc-159">
         <name>.debug_info</name>
         <load_address>0x26ab</load_address>
         <run_address>0x26ab</run_address>
         <size>0xa31</size>
         <input_file_ref idref="fl-5"/>
      </object_component>
      <object_component id="oc-af">
         <name>.debug_info</name>
         <load_address>0x30dc</load_address>
         <run_address>0x30dc</run_address>
         <size>0x7f1</size>
         <input_file_ref idref="fl-5"/>
      </object_component>
      <object_component id="oc-14d">
         <name>.debug_info</name>
         <load_address>0x38cd</load_address>
         <run_address>0x38cd</run_address>
         <size>0x2aa</size>
         <input_file_ref idref="fl-6"/>
      </object_component>
      <object_component id="oc-227">
         <name>.debug_info</name>
         <load_address>0x3b77</load_address>
         <run_address>0x3b77</run_address>
         <size>0x593</size>
         <input_file_ref idref="fl-7"/>
      </object_component>
      <object_component id="oc-2a6">
         <name>.debug_info</name>
         <load_address>0x410a</load_address>
         <run_address>0x410a</run_address>
         <size>0x12b</size>
         <input_file_ref idref="fl-7"/>
      </object_component>
      <object_component id="oc-135">
         <name>.debug_info</name>
         <load_address>0x4235</load_address>
         <run_address>0x4235</run_address>
         <size>0x69a</size>
         <input_file_ref idref="fl-7"/>
      </object_component>
      <object_component id="oc-22a">
         <name>.debug_info</name>
         <load_address>0x48cf</load_address>
         <run_address>0x48cf</run_address>
         <size>0x573</size>
         <input_file_ref idref="fl-8"/>
      </object_component>
      <object_component id="oc-2b3">
         <name>.debug_info</name>
         <load_address>0x4e42</load_address>
         <run_address>0x4e42</run_address>
         <size>0x133</size>
         <input_file_ref idref="fl-8"/>
      </object_component>
      <object_component id="oc-13b">
         <name>.debug_info</name>
         <load_address>0x4f75</load_address>
         <run_address>0x4f75</run_address>
         <size>0x663</size>
         <input_file_ref idref="fl-8"/>
      </object_component>
      <object_component id="oc-36">
         <name>.debug_info</name>
         <load_address>0x55d8</load_address>
         <run_address>0x55d8</run_address>
         <size>0x2d1</size>
         <input_file_ref idref="fl-9"/>
      </object_component>
      <object_component id="oc-10">
         <name>.debug_info</name>
         <load_address>0x58a9</load_address>
         <run_address>0x58a9</run_address>
         <size>0x122</size>
         <input_file_ref idref="fl-9"/>
      </object_component>
      <object_component id="oc-2f">
         <name>.debug_info</name>
         <load_address>0x59cb</load_address>
         <run_address>0x59cb</run_address>
         <size>0x29e</size>
         <input_file_ref idref="fl-9"/>
      </object_component>
      <object_component id="oc-261">
         <name>.debug_info</name>
         <load_address>0x5c69</load_address>
         <run_address>0x5c69</run_address>
         <size>0x4a7</size>
         <input_file_ref idref="fl-a"/>
      </object_component>
      <object_component id="oc-12f">
         <name>.debug_info</name>
         <load_address>0x6110</load_address>
         <run_address>0x6110</run_address>
         <size>0x2e4</size>
         <input_file_ref idref="fl-a"/>
      </object_component>
      <object_component id="oc-22d">
         <name>.debug_info</name>
         <load_address>0x63f4</load_address>
         <run_address>0x63f4</run_address>
         <size>0x3b8</size>
         <input_file_ref idref="fl-b"/>
      </object_component>
      <object_component id="oc-123">
         <name>.debug_info</name>
         <load_address>0x67ac</load_address>
         <run_address>0x67ac</run_address>
         <size>0x498</size>
         <input_file_ref idref="fl-b"/>
      </object_component>
      <object_component id="oc-2d2">
         <name>.debug_info</name>
         <load_address>0x6c44</load_address>
         <run_address>0x6c44</run_address>
         <size>0x2ed</size>
         <input_file_ref idref="fl-c"/>
      </object_component>
      <object_component id="oc-2c6">
         <name>.debug_info</name>
         <load_address>0x6f31</load_address>
         <run_address>0x6f31</run_address>
         <size>0x106</size>
         <input_file_ref idref="fl-c"/>
      </object_component>
      <object_component id="oc-2c9">
         <name>.debug_info</name>
         <load_address>0x7037</load_address>
         <run_address>0x7037</run_address>
         <size>0x117</size>
         <input_file_ref idref="fl-c"/>
      </object_component>
      <object_component id="oc-2cc">
         <name>.debug_info</name>
         <load_address>0x714e</load_address>
         <run_address>0x714e</run_address>
         <size>0x113</size>
         <input_file_ref idref="fl-c"/>
      </object_component>
      <object_component id="oc-2cf">
         <name>.debug_info</name>
         <load_address>0x7261</load_address>
         <run_address>0x7261</run_address>
         <size>0x113</size>
         <input_file_ref idref="fl-c"/>
      </object_component>
      <object_component id="oc-153">
         <name>.debug_info</name>
         <load_address>0x7374</load_address>
         <run_address>0x7374</run_address>
         <size>0xe85</size>
         <input_file_ref idref="fl-c"/>
      </object_component>
      <object_component id="oc-235">
         <name>.debug_info</name>
         <load_address>0x81f9</load_address>
         <run_address>0x81f9</run_address>
         <size>0x54e</size>
         <input_file_ref idref="fl-d"/>
      </object_component>
      <object_component id="oc-16e">
         <name>.debug_info</name>
         <load_address>0x8747</load_address>
         <run_address>0x8747</run_address>
         <size>0x181</size>
         <input_file_ref idref="fl-d"/>
      </object_component>
      <object_component id="oc-129">
         <name>.debug_info</name>
         <load_address>0x88c8</load_address>
         <run_address>0x88c8</run_address>
         <size>0x47d</size>
         <input_file_ref idref="fl-d"/>
      </object_component>
      <object_component id="oc-343">
         <name>.debug_info</name>
         <load_address>0x8d45</load_address>
         <run_address>0x8d45</run_address>
         <size>0x36f</size>
         <input_file_ref idref="fl-e"/>
      </object_component>
      <object_component id="oc-221">
         <name>.debug_info</name>
         <load_address>0x90b4</load_address>
         <run_address>0x90b4</run_address>
         <size>0x32c</size>
         <input_file_ref idref="fl-e"/>
      </object_component>
      <object_component id="oc-42f">
         <name>.debug_info</name>
         <load_address>0x93e0</load_address>
         <run_address>0x93e0</run_address>
         <size>0x116</size>
         <input_file_ref idref="fl-f"/>
      </object_component>
      <object_component id="oc-3ec">
         <name>.debug_info</name>
         <load_address>0x94f6</load_address>
         <run_address>0x94f6</run_address>
         <size>0x12a</size>
         <input_file_ref idref="fl-f"/>
      </object_component>
      <object_component id="oc-432">
         <name>.debug_info</name>
         <load_address>0x9620</load_address>
         <run_address>0x9620</run_address>
         <size>0x113</size>
         <input_file_ref idref="fl-10"/>
      </object_component>
      <object_component id="oc-3f2">
         <name>.debug_info</name>
         <load_address>0x9733</load_address>
         <run_address>0x9733</run_address>
         <size>0x125</size>
         <input_file_ref idref="fl-10"/>
      </object_component>
      <object_component id="oc-3a7">
         <name>.debug_info</name>
         <load_address>0x9858</load_address>
         <run_address>0x9858</run_address>
         <size>0x871</size>
         <input_file_ref idref="fl-11"/>
      </object_component>
      <object_component id="oc-33d">
         <name>.debug_info</name>
         <load_address>0xa0c9</load_address>
         <run_address>0xa0c9</run_address>
         <size>0xc11</size>
         <input_file_ref idref="fl-11"/>
      </object_component>
      <object_component id="oc-3a1">
         <name>.debug_info</name>
         <load_address>0xacda</load_address>
         <run_address>0xacda</run_address>
         <size>0x4ee</size>
         <input_file_ref idref="fl-12"/>
      </object_component>
      <object_component id="oc-337">
         <name>.debug_info</name>
         <load_address>0xb1c8</load_address>
         <run_address>0xb1c8</run_address>
         <size>0x8e4</size>
         <input_file_ref idref="fl-12"/>
      </object_component>
      <object_component id="oc-408">
         <name>.debug_info</name>
         <load_address>0xbaac</load_address>
         <run_address>0xbaac</run_address>
         <size>0x4e1</size>
         <input_file_ref idref="fl-13"/>
      </object_component>
      <object_component id="oc-39b">
         <name>.debug_info</name>
         <load_address>0xbf8d</load_address>
         <run_address>0xbf8d</run_address>
         <size>0x1b7c</size>
         <input_file_ref idref="fl-13"/>
      </object_component>
      <object_component id="oc-3b0">
         <name>.debug_info</name>
         <load_address>0xdb09</load_address>
         <run_address>0xdb09</run_address>
         <size>0x277</size>
         <input_file_ref idref="fl-14"/>
      </object_component>
      <object_component id="oc-193">
         <name>.debug_info</name>
         <load_address>0xdd80</load_address>
         <run_address>0xdd80</run_address>
         <size>0x24d</size>
         <input_file_ref idref="fl-19"/>
      </object_component>
      <object_component id="oc-208">
         <name>.debug_info</name>
         <load_address>0xdfcd</load_address>
         <run_address>0xdfcd</run_address>
         <size>0x333</size>
         <input_file_ref idref="fl-19"/>
      </object_component>
      <object_component id="oc-20e">
         <name>.debug_info</name>
         <load_address>0xe300</load_address>
         <run_address>0xe300</run_address>
         <size>0x2a0</size>
         <input_file_ref idref="fl-19"/>
      </object_component>
      <object_component id="oc-1f6">
         <name>.debug_info</name>
         <load_address>0xe5a0</load_address>
         <run_address>0xe5a0</run_address>
         <size>0x2ff</size>
         <input_file_ref idref="fl-19"/>
      </object_component>
      <object_component id="oc-202">
         <name>.debug_info</name>
         <load_address>0xe89f</load_address>
         <run_address>0xe89f</run_address>
         <size>0x326</size>
         <input_file_ref idref="fl-19"/>
      </object_component>
      <object_component id="oc-e4">
         <name>.debug_info</name>
         <load_address>0xebc5</load_address>
         <run_address>0xebc5</run_address>
         <size>0x2a4</size>
         <input_file_ref idref="fl-19"/>
      </object_component>
      <object_component id="oc-32f">
         <name>.debug_info</name>
         <load_address>0xee69</load_address>
         <run_address>0xee69</run_address>
         <size>0x2bf</size>
         <input_file_ref idref="fl-19"/>
      </object_component>
      <object_component id="oc-214">
         <name>.debug_info</name>
         <load_address>0xf128</load_address>
         <run_address>0xf128</run_address>
         <size>0x2df</size>
         <input_file_ref idref="fl-19"/>
      </object_component>
      <object_component id="oc-21a">
         <name>.debug_info</name>
         <load_address>0xf407</load_address>
         <run_address>0xf407</run_address>
         <size>0x296</size>
         <input_file_ref idref="fl-19"/>
      </object_component>
      <object_component id="oc-1fc">
         <name>.debug_info</name>
         <load_address>0xf69d</load_address>
         <run_address>0xf69d</run_address>
         <size>0x294</size>
         <input_file_ref idref="fl-19"/>
      </object_component>
      <object_component id="oc-2e0">
         <name>.debug_info</name>
         <load_address>0xf931</load_address>
         <run_address>0xf931</run_address>
         <size>0x240</size>
         <input_file_ref idref="fl-1a"/>
      </object_component>
      <object_component id="oc-38f">
         <name>.debug_info</name>
         <load_address>0xfb71</load_address>
         <run_address>0xfb71</run_address>
         <size>0x167</size>
         <input_file_ref idref="fl-1a"/>
      </object_component>
      <object_component id="oc-392">
         <name>.debug_info</name>
         <load_address>0xfcd8</load_address>
         <run_address>0xfcd8</run_address>
         <size>0x169</size>
         <input_file_ref idref="fl-1a"/>
      </object_component>
      <object_component id="oc-34f">
         <name>.debug_info</name>
         <load_address>0xfe41</load_address>
         <run_address>0xfe41</run_address>
         <size>0x15b</size>
         <input_file_ref idref="fl-1a"/>
      </object_component>
      <object_component id="oc-3ce">
         <name>.debug_info</name>
         <load_address>0xff9c</load_address>
         <run_address>0xff9c</run_address>
         <size>0x2a3</size>
         <input_file_ref idref="fl-1a"/>
      </object_component>
      <object_component id="oc-30a">
         <name>.debug_info</name>
         <load_address>0x1023f</load_address>
         <run_address>0x1023f</run_address>
         <size>0x2b3</size>
         <input_file_ref idref="fl-1a"/>
      </object_component>
      <object_component id="oc-1c3">
         <name>.debug_info</name>
         <load_address>0x104f2</load_address>
         <run_address>0x104f2</run_address>
         <size>0x316</size>
         <input_file_ref idref="fl-1a"/>
      </object_component>
      <object_component id="oc-23f">
         <name>.debug_info</name>
         <load_address>0x10808</load_address>
         <run_address>0x10808</run_address>
         <size>0x27b</size>
         <input_file_ref idref="fl-1a"/>
      </object_component>
      <object_component id="oc-3b6">
         <name>.debug_info</name>
         <load_address>0x10a83</load_address>
         <run_address>0x10a83</run_address>
         <size>0x279</size>
         <input_file_ref idref="fl-1a"/>
      </object_component>
      <object_component id="oc-272">
         <name>.debug_info</name>
         <load_address>0x10cfc</load_address>
         <run_address>0x10cfc</run_address>
         <size>0x279</size>
         <input_file_ref idref="fl-1a"/>
      </object_component>
      <object_component id="oc-3d5">
         <name>.debug_info</name>
         <load_address>0x10f75</load_address>
         <run_address>0x10f75</run_address>
         <size>0x2b7</size>
         <input_file_ref idref="fl-1a"/>
      </object_component>
      <object_component id="oc-1bf">
         <name>.debug_info</name>
         <load_address>0x1122c</load_address>
         <run_address>0x1122c</run_address>
         <size>0x285</size>
         <input_file_ref idref="fl-1a"/>
      </object_component>
      <object_component id="oc-15e">
         <name>.debug_info</name>
         <load_address>0x114b1</load_address>
         <run_address>0x114b1</run_address>
         <size>0x27b</size>
         <input_file_ref idref="fl-1a"/>
      </object_component>
      <object_component id="oc-243">
         <name>.debug_info</name>
         <load_address>0x1172c</load_address>
         <run_address>0x1172c</run_address>
         <size>0x280</size>
         <input_file_ref idref="fl-1a"/>
      </object_component>
      <object_component id="oc-313">
         <name>.debug_info</name>
         <load_address>0x119ac</load_address>
         <run_address>0x119ac</run_address>
         <size>0x298</size>
         <input_file_ref idref="fl-1a"/>
      </object_component>
      <object_component id="oc-1d8">
         <name>.debug_info</name>
         <load_address>0x11c44</load_address>
         <run_address>0x11c44</run_address>
         <size>0x2bb</size>
         <input_file_ref idref="fl-1a"/>
      </object_component>
      <object_component id="oc-1d4">
         <name>.debug_info</name>
         <load_address>0x11eff</load_address>
         <run_address>0x11eff</run_address>
         <size>0x2cf</size>
         <input_file_ref idref="fl-1a"/>
      </object_component>
      <object_component id="oc-1e0">
         <name>.debug_info</name>
         <load_address>0x121ce</load_address>
         <run_address>0x121ce</run_address>
         <size>0x28f</size>
         <input_file_ref idref="fl-1a"/>
      </object_component>
      <object_component id="oc-22f">
         <name>.debug_info</name>
         <load_address>0x1245d</load_address>
         <run_address>0x1245d</run_address>
         <size>0x291</size>
         <input_file_ref idref="fl-1a"/>
      </object_component>
      <object_component id="oc-1c9">
         <name>.debug_info</name>
         <load_address>0x126ee</load_address>
         <run_address>0x126ee</run_address>
         <size>0x28d</size>
         <input_file_ref idref="fl-1a"/>
      </object_component>
      <object_component id="oc-2fa">
         <name>.debug_info</name>
         <load_address>0x1297b</load_address>
         <run_address>0x1297b</run_address>
         <size>0x20e</size>
         <input_file_ref idref="fl-1b"/>
      </object_component>
      <object_component id="oc-396">
         <name>.debug_info</name>
         <load_address>0x12b89</load_address>
         <run_address>0x12b89</run_address>
         <size>0x210</size>
         <input_file_ref idref="fl-1b"/>
      </object_component>
      <object_component id="oc-2f7">
         <name>.debug_info</name>
         <load_address>0x12d99</load_address>
         <run_address>0x12d99</run_address>
         <size>0x157</size>
         <input_file_ref idref="fl-1b"/>
      </object_component>
      <object_component id="oc-19f">
         <name>.debug_info</name>
         <load_address>0x12ef0</load_address>
         <run_address>0x12ef0</run_address>
         <size>0x2c1</size>
         <input_file_ref idref="fl-1b"/>
      </object_component>
      <object_component id="oc-147">
         <name>.debug_info</name>
         <load_address>0x131b1</load_address>
         <run_address>0x131b1</run_address>
         <size>0x23e</size>
         <input_file_ref idref="fl-1b"/>
      </object_component>
      <object_component id="oc-319">
         <name>.debug_info</name>
         <load_address>0x133ef</load_address>
         <run_address>0x133ef</run_address>
         <size>0x268</size>
         <input_file_ref idref="fl-1b"/>
      </object_component>
      <object_component id="oc-2b7">
         <name>.debug_info</name>
         <load_address>0x13657</load_address>
         <run_address>0x13657</run_address>
         <size>0x1ed</size>
         <input_file_ref idref="fl-1c"/>
      </object_component>
      <object_component id="oc-26a">
         <name>.debug_info</name>
         <load_address>0x13844</load_address>
         <run_address>0x13844</run_address>
         <size>0x2f6</size>
         <input_file_ref idref="fl-1c"/>
      </object_component>
      <object_component id="oc-141">
         <name>.debug_info</name>
         <load_address>0x13b3a</load_address>
         <run_address>0x13b3a</run_address>
         <size>0x2c4</size>
         <input_file_ref idref="fl-1c"/>
      </object_component>
      <object_component id="oc-264">
         <name>.debug_info</name>
         <load_address>0x13dfe</load_address>
         <run_address>0x13dfe</run_address>
         <size>0x2b6</size>
         <input_file_ref idref="fl-1c"/>
      </object_component>
      <object_component id="oc-27c">
         <name>.debug_info</name>
         <load_address>0x140b4</load_address>
         <run_address>0x140b4</run_address>
         <size>0x276</size>
         <input_file_ref idref="fl-1c"/>
      </object_component>
      <object_component id="oc-276">
         <name>.debug_info</name>
         <load_address>0x1432a</load_address>
         <run_address>0x1432a</run_address>
         <size>0x2b3</size>
         <input_file_ref idref="fl-1c"/>
      </object_component>
      <object_component id="oc-425">
[...]
         <value>0x112d</value>
         <object_component_ref idref="oc-39a"/>
      </symbol>
      <symbol id="sm-48d">
         <name>OrbitOledClampYco</name>
         <value>0x1801</value>
         <object_component_ref idref="oc-39a"/>
      </symbol>
      <symbol id="sm-48e">
         <name>OrbitOledGetPos</name>
         <value>0xf37</value>
         <object_component_ref idref="oc-39a"/>
      </symbol>
      <symbol id="sm-48f">
         <name>OrbitOledRopSet</name>
         <value>0x16a1</value>
         <object_component_ref idref="oc-39a"/>
      </symbol>
      <symbol id="sm-490">
         <name>OrbitOledRopXor</name>
         <value>0x1713</value>
         <object_component_ref idref="oc-39a"/>
      </symbol>
      <symbol id="sm-491">
         <name>OrbitOledGetBmp</name>
         <value>0x12f5</value>
         <object_component_ref idref="oc-39a"/>
      </symbol>
      <symbol id="sm-492">
         <name>OrbitOledMoveLeft</name>
         <value>0x17af</value>
         <object_component_ref idref="oc-39a"/>
      </symbol>
      <symbol id="sm-493">
         <name>OrbitOledRopAnd</name>
         <value>0x16ef</value>
         <object_component_ref idref="oc-39a"/>
      </symbol>
      <symbol id="sm-494">
         <name>OrbitOledPutBmp</name>
         <value>0x1455</value>
         <object_component_ref idref="oc-39a"/>
      </symbol>
      <symbol id="sm-495">
         <name>OrbitOledSetDrawMode</name>
         <value>0xf8d</value>
         <object_component_ref idref="oc-39a"/>
      </symbol>
      <symbol id="sm-496">
         <name>OrbitOledClampXco</name>
         <value>0x17e1</value>
         <object_component_ref idref="oc-39a"/>
      </symbol>
      <symbol id="sm-497">
         <name>OrbitOledSetFillPattern</name>
         <value>0xf7d</value>
         <object_component_ref idref="oc-39a"/>
      </symbol>
      <symbol id="sm-498">
         <name>OrbitOledRopOr</name>
         <value>0x16cb</value>
         <object_component_ref idref="oc-39a"/>
      </symbol>
      <symbol id="sm-4aa">
         <name>DelayMs</name>
         <value>0x3f13</value>
         <object_component_ref idref="oc-3af"/>
      </symbol>
      <symbol id="sm-4ab">
         <name>DelayInit</name>
         <value>0x3ef9</value>
         <object_component_ref idref="oc-3af"/>
      </symbol>
      <symbol id="sm-50a">
         <name>ADCProcessorTrigger</name>
         <value>0x44c9</value>
         <object_component_ref idref="oc-e3"/>
      </symbol>
      <symbol id="sm-50b">
         <name>ADCSequenceEnable</name>
         <value>0x4639</value>
         <object_component_ref idref="oc-20d"/>
      </symbol>
      <symbol id="sm-50c">
         <name>ADCSequenceConfigure</name>
         <value>0x4055</value>
         <object_component_ref idref="oc-201"/>
      </symbol>
      <symbol id="sm-50d">
         <name>ADCIntEnable</name>
         <value>0x45e7</value>
         <object_component_ref idref="oc-219"/>
      </symbol>
      <symbol id="sm-50e">
         <name>ADCSequenceStepConfigure</name>
         <value>0x3b15</value>
         <object_component_ref idref="oc-207"/>
      </symbol>
      <symbol id="sm-50f">
         <name>ADCIntClear</name>
         <value>0x46b9</value>
         <object_component_ref idref="oc-1fb"/>
      </symbol>
      <symbol id="sm-510">
         <name>ADCIntRegister</name>
         <value>0x44b1</value>
         <object_component_ref idref="oc-213"/>
      </symbol>
      <symbol id="sm-511">
         <name>ADCSequenceDataGet</name>
         <value>0x4459</value>
         <object_component_ref idref="oc-1f5"/>
      </symbol>
      <symbol id="sm-5ba">
         <name>GPIOPinTypePWM</name>
         <value>0x459f</value>
         <object_component_ref idref="oc-26f"/>
      </symbol>
      <symbol id="sm-5bb">
         <name>GPIOIntRegister</name>
         <value>0x44e1</value>
         <object_component_ref idref="oc-1d1"/>
      </symbol>
      <symbol id="sm-5bc">
         <name>GPIOPinConfigure</name>
         <value>0x4141</value>
         <object_component_ref idref="oc-242"/>
      </symbol>
      <symbol id="sm-5bd">
         <name>GPIOIntDisable</name>
         <value>0x4647</value>
         <object_component_ref idref="oc-22e"/>
      </symbol>
      <symbol id="sm-5be">
         <name>GPIOIntEnable</name>
         <value>0x467d</value>
         <object_component_ref idref="oc-1dd"/>
      </symbol>
      <symbol id="sm-5bf">
         <name>GPIOIntTypeSet</name>
         <value>0x3f55</value>
         <object_component_ref idref="oc-1d7"/>
      </symbol>
      <symbol id="sm-5c0">
         <name>GPIOPinTypeGPIOInput</name>
         <value>0x458d</value>
         <object_component_ref idref="oc-1bc"/>
      </symbol>
      <symbol id="sm-5c1">
         <name>GPIOIntClear</name>
         <value>0x46fd</value>
         <object_component_ref idref="oc-1c8"/>
      </symbol>
      <symbol id="sm-5c2">
         <name>GPIOPinTypeUART</name>
         <value>0x45c3</value>
         <object_component_ref idref="oc-23c"/>
      </symbol>
      <symbol id="sm-5c3">
         <name>GPIOPinTypeGPIOOutput</name>
         <value>0x44f9</value>
         <object_component_ref idref="oc-3d3"/>
      </symbol>
      <symbol id="sm-5c4">
         <name>GPIOPinRead</name>
         <value>0x4703</value>
         <object_component_ref idref="oc-15d"/>
      </symbol>
      <symbol id="sm-5c5">
         <name>GPIODirModeSet</name>
         <value>0x43eb</value>
         <object_component_ref idref="oc-307"/>
      </symbol>
      <symbol id="sm-5c6">
         <name>GPIOPinWrite</name>
         <value>0x4709</value>
         <object_component_ref idref="oc-3cd"/>
      </symbol>
      <symbol id="sm-5c7">
         <name>GPIOPadConfigSet</name>
         <value>0x346f</value>
         <object_component_ref idref="oc-1c2"/>
      </symbol>
      <symbol id="sm-5c8">
         <name>GPIOPinTypeSSI</name>
         <value>0x45b1</value>
         <object_component_ref idref="oc-3b5"/>
      </symbol>
      <symbol id="sm-60a">
         <name>IntEnable</name>
         <value>0x3dc9</value>
         <object_component_ref idref="oc-318"/>
      </symbol>
      <symbol id="sm-60b">
         <name>IntRegister</name>
         <value>0x4355</value>
         <object_component_ref idref="oc-19e"/>
      </symbol>
      <symbol id="sm-60c">
         <name>g_pfnRAMVectors</name>
         <value>0x20000000</value>
         <object_component_ref idref="oc-2f6"/>
      </symbol>
      <symbol id="sm-60d">
         <name>IntMasterEnable</name>
         <value>0x45f7</value>
         <object_component_ref idref="oc-146"/>
      </symbol>
      <symbol id="sm-63a">
         <name>PWMGenPeriodSet</name>
         <value>0x4607</value>
         <object_component_ref idref="oc-263"/>
      </symbol>
      <symbol id="sm-63b">
         <name>PWMPulseWidthSet</name>
         <value>0x4477</value>
         <object_component_ref idref="oc-269"/>
      </symbol>
      <symbol id="sm-63c">
         <name>PWMOutputState</name>
         <value>0x45d5</value>
         <object_component_ref idref="oc-140"/>
      </symbol>
      <symbol id="sm-63d">
         <name>PWMGenEnable</name>
         <value>0x4689</value>
         <object_component_ref idref="oc-27b"/>
      </symbol>
      <symbol id="sm-63e">
         <name>PWMGenConfigure</name>
         <value>0x4415</value>
         <object_component_ref idref="oc-275"/>
      </symbol>
      <symbol id="sm-676">
         <name>SSIDataPut</name>
         <value>0x46c3</value>
         <object_component_ref idref="oc-3df"/>
      </symbol>
      <symbol id="sm-677">
         <name>SSIDataGet</name>
         <value>0x4695</value>
         <object_component_ref idref="oc-3e5"/>
      </symbol>
      <symbol id="sm-678">
         <name>SSIConfigSetExpClk</name>
         <value>0x42e1</value>
         <object_component_ref idref="oc-3c1"/>
      </symbol>
      <symbol id="sm-679">
         <name>SSIEnable</name>
         <value>0x46cd</value>
         <object_component_ref idref="oc-3c7"/>
      </symbol>
      <symbol id="sm-67a">
         <name>SSIClockSourceSet</name>
         <value>0x470f</value>
         <object_component_ref idref="oc-3bb"/>
      </symbol>
      <symbol id="sm-67b">
         <name>SSIBusy</name>
         <value>0x46f5</value>
         <object_component_ref idref="oc-3d9"/>
      </symbol>
      <symbol id="sm-6e3">
         <name>SysCtlClockSet</name>
         <value>0x38cd</value>
         <object_component_ref idref="oc-e9"/>
      </symbol>
      <symbol id="sm-6e4">
         <name>SysCtlDelay</name>
         <value>0x4715</value>
         <object_component_ref idref="oc-195"/>
      </symbol>
      <symbol id="sm-6e5">
         <name>SysCtlPeripheralEnable</name>
         <value>0x4389</value>
         <object_component_ref idref="oc-1b6"/>
      </symbol>
      <symbol id="sm-6e6">
         <name>SysCtlReset</name>
         <value>0x4619</value>
         <object_component_ref idref="oc-163"/>
      </symbol>
      <symbol id="sm-6e7">
         <name>SysCtlClockGet</name>
         <value>0x36c1</value>
         <object_component_ref idref="oc-ef"/>
      </symbol>
      <symbol id="sm-6e8">
         <name>SysCtlPWMClockSet</name>
         <value>0x4529</value>
         <object_component_ref idref="oc-2ab"/>
      </symbol>
      <symbol id="sm-715">
         <name>SysTickEnable</name>
         <value>0x453d</value>
         <object_component_ref idref="oc-107"/>
      </symbol>
      <symbol id="sm-716">
         <name>SysTickIntRegister</name>
         <value>0x4495</value>
         <object_component_ref idref="oc-fb"/>
      </symbol>
      <symbol id="sm-717">
         <name>SysTickIntEnable</name>
         <value>0x4551</value>
         <object_component_ref idref="oc-101"/>
      </symbol>
      <symbol id="sm-718">
         <name>SysTickPeriodSet</name>
         <value>0x4629</value>
         <object_component_ref idref="oc-f5"/>
      </symbol>
      <symbol id="sm-73c">
         <name>TimerEnable</name>
         <value>0x4655</value>
         <object_component_ref idref="oc-416"/>
      </symbol>
      <symbol id="sm-73d">
         <name>TimerValueGet</name>
         <value>0x46d7</value>
         <object_component_ref idref="oc-41c"/>
      </symbol>
      <symbol id="sm-73e">
         <name>TimerConfigure</name>
         <value>0x3e99</value>
         <object_component_ref idref="oc-410"/>
      </symbol>
      <symbol id="sm-770">
         <name>UARTConfigSetExpClk</name>
         <value>0x41d1</value>
         <object_component_ref idref="oc-248"/>
      </symbol>
      <symbol id="sm-771">
         <name>UARTDisable</name>
         <value>0x4439</value>
         <object_component_ref idref="oc-352"/>
      </symbol>
      <symbol id="sm-772">
         <name>UARTCharPut</name>
         <value>0x46e1</value>
         <object_component_ref idref="oc-25a"/>
      </symbol>
      <symbol id="sm-773">
         <name>UARTEnable</name>
         <value>0x4565</value>
         <object_component_ref idref="oc-254"/>
      </symbol>
      <symbol id="sm-774">
         <name>UARTFIFOEnable</name>
         <value>0x46eb</value>
         <object_component_ref idref="oc-24e"/>
      </symbol>
      <symbol id="sm-77e">
         <name>CPUcpsie</name>
         <value>0x4671</value>
         <object_component_ref idref="oc-2b8"/>
      </symbol>
      <symbol id="sm-78f">
         <name>_c_int00</name>
         <value>0x3fad</value>
         <object_component_ref idref="oc-24"/>
      </symbol>
      <symbol id="sm-790">
         <name>__stack</name>
         <value>0x2000026c</value>
         <object_component_ref idref="oc-2a"/>
      </symbol>
      <symbol id="sm-7ae">
         <name>__TI_decompress_lzss</name>
         <value>0x3e31</value>
         <object_component_ref idref="oc-12"/>
      </symbol>
      <symbol id="sm-7c5">
         <name>__TI_decompress_none</name>
         <value>0x4663</value>
         <object_component_ref idref="oc-18"/>
      </symbol>
      <symbol id="sm-7dc">
         <name>__TI_zero_init</name>
         <value>0x46a1</value>
         <object_component_ref idref="oc-1e"/>
      </symbol>
      <symbol id="sm-7fd">
         <name>C$$EXIT</name>
         <value>0x4001</value>
         <object_component_ref idref="oc-72"/>
      </symbol>
      <symbol id="sm-7fe">
         <name>abort</name>
         <value>0x4005</value>
         <object_component_ref idref="oc-72"/>
      </symbol>
      <symbol id="sm-7ff">
         <name>exit</name>
         <value>0x400d</value>
         <object_component_ref idref="oc-72"/>
      </symbol>
      <symbol id="sm-800">
         <name>__TI_dtors_ptr</name>
         <value>0x2000261c</value>
         <object_component_ref idref="oc-b6"/>
      </symbol>
      <symbol id="sm-801">
         <name>__TI_cleanup_ptr</name>
         <value>0x20002618</value>
         <object_component_ref idref="oc-b6"/>
      </symbol>
      <symbol id="sm-802">
         <name>__TI_enable_exit_profile_output</name>
         <value>0x20002620</value>
         <object_component_ref idref="oc-b6"/>
      </symbol>
      <symbol id="sm-819">
         <name>__aeabi_dsub</name>
         <value>0x2fd1</value>
         <object_component_ref idref="oc-29a"/>
      </symbol>
      <symbol id="sm-81a">
         <name>__aeabi_dadd</name>
         <value>0x2fdb</value>
         <object_component_ref idref="oc-29a"/>
      </symbol>
      <symbol id="sm-82e">
         <name>__aeabi_ddiv</name>
         <value>0x3339</value>
         <object_component_ref idref="oc-286"/>
      </symbol>
      <symbol id="sm-839">
         <name>__aeabi_dmul</name>
         <value>0x37d1</value>
         <object_component_ref idref="oc-295"/>
      </symbol>
      <symbol id="sm-843">
         <name>__aeabi_d2iz</name>
         <value>0x4189</value>
         <object_component_ref idref="oc-29f"/>
      </symbol>
      <symbol id="sm-84f">
         <name>__aeabi_d2f</name>
         <value>0x3ced</value>
         <object_component_ref idref="oc-28b"/>
      </symbol>
      <symbol id="sm-85a">
         <name>__aeabi_f2d</name>
         <value>0x431d</value>
         <object_component_ref idref="oc-281"/>
      </symbol>
      <symbol id="sm-864">
         <name>__aeabi_i2d</name>
         <value>0x43bd</value>
         <object_component_ref idref="oc-290"/>
      </symbol>
      <symbol id="sm-87f">
         <name>memcpy</name>
         <value>0x3a79</value>
         <object_component_ref idref="oc-42"/>
      </symbol>
      <symbol id="sm-880">
         <name>__aeabi_memcpy</name>
         <value>0x3a79</value>
         <object_component_ref idref="oc-42"/>
      </symbol>
      <symbol id="sm-881">
         <name>__aeabi_memcpy8</name>
         <value>0x3a79</value>
         <object_component_ref idref="oc-42"/>
      </symbol>
      <symbol id="sm-882">
         <name>__aeabi_memcpy4</name>
         <value>0x3a79</value>
         <object_component_ref idref="oc-42"/>
      </symbol>
      <symbol id="sm-8f9">
         <name>_sys_memory</name>
         <value>0x20001270</value>
         <object_component_ref idref="oc-2b"/>
      </symbol>
      <symbol id="sm-8fa">
         <name>free</name>
         <value>0x1d5b</value>
         <object_component_ref idref="oc-1ae"/>
      </symbol>
      <symbol id="sm-8fb">
         <name>realloc</name>
         <value>0x1e1b</value>
         <object_component_ref idref="oc-1ae"/>
      </symbol>
      <symbol id="sm-8fc">
         <name>memalign</name>
         <value>0x1f25</value>
         <object_component_ref idref="oc-1ae"/>
      </symbol>
      <symbol id="sm-8fd">
         <name>calloc</name>
         <value>0x2011</value>
         <object_component_ref idref="oc-1ae"/>
      </symbol>
      <symbol id="sm-8fe">
         <name>malloc</name>
         <value>0x1cf1</value>
         <object_component_ref idref="oc-1ae"/>
      </symbol>
      <symbol id="sm-8ff">
         <name>minit</name>
         <value>0x1c71</value>
         <object_component_ref idref="oc-1ae"/>
      </symbol>
      <symbol id="sm-90e">
         <name>__aeabi_memset</name>
         <value>0x3b91</value>
         <object_component_ref idref="oc-4e"/>
      </symbol>
      <symbol id="sm-90f">
         <name>memset</name>
         <value>0x3b97</value>
         <object_component_ref idref="oc-4e"/>
      </symbol>
      <symbol id="sm-910">
         <name>__aeabi_memset8</name>
         <value>0x3b91</value>
         <object_component_ref idref="oc-4e"/>
      </symbol>
      <symbol id="sm-911">
         <name>__aeabi_memset4</name>
         <value>0x3b91</value>
         <object_component_ref idref="oc-4e"/>
      </symbol>
      <symbol id="sm-912">
         <name>__aeabi_memclr8</name>
         <value>0x3b8f</value>
         <object_component_ref idref="oc-4e"/>
      </symbol>
      <symbol id="sm-913">
         <name>__aeabi_memclr4</name>
         <value>0x3b8f</value>
         <object_component_ref idref="oc-4e"/>
      </symbol>
      <symbol id="sm-914">
         <name>__aeabi_memclr</name>
         <value>0x3b8f</value>
         <object_component_ref idref="oc-4e"/>
      </symbol>
      <symbol id="sm-91e">
         <name>__mpu_init</name>
         <value>0x3d5b</value>
         <object_component_ref idref="oc-5a"/>
      </symbol>
      <symbol id="sm-928">
         <name>_system_pre_init</name>
         <value>0x471b</value>
         <object_component_ref idref="oc-60"/>
      </symbol>
      <symbol id="sm-930">
         <name>main_func_sp</name>
         <value>0x20002644</value>
         <object_component_ref idref="oc-78"/>
      </symbol>
      <symbol id="sm-93f">
         <name>__aeabi_uidivmod</name>
         <value>0x42a1</value>
         <object_component_ref idref="oc-2c0"/>
      </symbol>
      <symbol id="sm-940">
         <name>__aeabi_uidiv</name>
         <value>0x42a1</value>
         <object_component_ref idref="oc-2c0"/>
      </symbol>
      <symbol id="sm-959">
         <name>_nop</name>
         <value>0x4587</value>
         <object_component_ref idref="oc-17a"/>
      </symbol>
      <symbol id="sm-95a">
         <name>_lock</name>
         <value>0x2000263c</value>
         <object_component_ref idref="oc-b9"/>
      </symbol>
      <symbol id="sm-95b">
         <name>_unlock</name>
         <value>0x20002640</value>
         <object_component_ref idref="oc-b9"/>
      </symbol>
      <symbol id="sm-95c">
         <name>_register_lock</name>
         <value>0x457f</value>
         <object_component_ref idref="oc-17a"/>
      </symbol>
      <symbol id="sm-95d">
         <name>_register_unlock</name>
         <value>0x4579</value>
         <object_component_ref idref="oc-17a"/>
      </symbol>
      <symbol id="sm-971">
         <name>_args_main</name>
         <value>0x4511</value>
         <object_component_ref idref="oc-6c"/>
      </symbol>
      <symbol id="sm-99b">
         <name>__TI_auto_init</name>
         <value>0x3c7d</value>
         <object_component_ref idref="oc-66"/>
      </symbol>
      <symbol id="sm-9b5">
         <name>copy_in</name>
         <value>0x40f5</value>
         <object_component_ref idref="oc-a0"/>
      </symbol>
      <symbol id="sm-9bf">
         <name>__aeabi_idiv0</name>
         <value>0x3187</value>
         <object_component_ref idref="oc-373"/>
      </symbol>
      <symbol id="sm-9c9">
         <name>_system_post_cinit</name>
         <value>0x3fab</value>
         <object_component_ref idref="oc-a6"/>
      </symbol>
      <symbol id="sm-9ca">
         <name>__TI_static_base__</name>
         <value>0x0</value>
      </symbol>
      <symbol id="sm-9cd">
         <name>SHT$$INIT_ARRAY$$Limit</name>
         <value>0x0</value>
      </symbol>
      <symbol id="sm-9ce">
         <name>SHT$$INIT_ARRAY$$Base</name>
         <value>0x0</value>
      </symbol>
   </symbol_table>
   <title>Link successful</title>
</link_info>
