******************************************************************************
                  TI ARM Linker Unix v16.9.6                   
******************************************************************************
>> Linked Sun May 26 17:17:59 2019

OUTPUT FILE NAME:   <Helicopter_Final.out>
ENTRY POINT SYMBOL: "_c_int00"  address: 00003f85


MEMORY CONFIGURATION

         name            origin    length      used     unused   attr    fill
----------------------  --------  ---------  --------  --------  ----  --------
  FLASH                 00000000   00040000  00004dfa  0003b206  R  X
  SRAM                  20000000   00008000  00002642  000059be  RW X


SEGMENT ALLOCATION MAP

run origin  load origin   length   init length attrs members
----------  ----------- ---------- ----------- ----- -------
00000000    00000000    00004e00   00004e00    r-x
  00000000    00000000    0000026c   0000026c    r-- .intvecs
  0000026c    0000026c    0000448a   0000448a    r-x .text
  000046f8    000046f8    000006a4   000006a4    r-- .const
  00004da0    00004da0    00000060   00000060    r-- .cinit
20000000    20000000    00002648   00000000    rw-
  20000000    20000000    0000026c   00000000    rw- .vtable
  2000026c    2000026c    00001000   00000000    rw- .stack
  20001270    20001270    00001000   00000000    rw- .sysmem
  20002270    20002270    00000392   00000000    rw- .bss
  20002604    20002604    00000044   00000000    rw- .data


SECTION ALLOCATION MAP

 output                                  attributes/
section   page    origin      length       input sections
--------  ----  ----------  ----------   ----------------
.intvecs   0    00000000    0000026c     
                  00000000    0000026c     tm4c123gh6pm_startup_ccs.obj (.intvecs)

.text      0    0000026c    0000448a     
                  0000026c    00000c84     ustdlib.obj (.text)
                  00000ef0    00000950     OrbitOledGrph.obj (.text)
                  00001840    0000041c     helicopterMain.obj (.text)
                  00001c5c    000003d0     rtsv7M4_T_le_v4SPD16_eabi.lib : memory.obj (.text)
                  0000202c    0000038c     buttons4.obj (.text)
                  000023b8    0000037c     OrbitOled.obj (.text)
                  00002734    00000258     mainRotorController.obj (.text)
                  0000298c    00000220     yawFiniteStateMachine.obj (.text)
                  00002bac    00000204     OrbitOledChar.obj (.text)
                  00002db0    000001f8     tailRotorController.obj (.text)
                  00002fa8    000001b6     rtsv7M4_T_le_v4SPD16_eabi.lib : fd_add_t2.obj (.text)
                  0000315e    00000002                                   : i_div0.obj (.text)
                  00003160    000001b0     userDisplay.obj (.text)
                  00003310    00000136     rtsv7M4_T_le_v4SPD16_eabi.lib : fd_div_t2.obj (.text)
                  00003446    00000132     driverlib.lib : gpio.obj (.text:GPIOPadConfigSet)
                  00003578    00000120     helperFunctions.obj (.text)
                  00003698    00000110     driverlib.lib : sysctl.obj (.text:SysCtlClockGet)
                  000037a8    000000fc     rtsv7M4_T_le_v4SPD16_eabi.lib : fd_mul_t2.obj (.text)
                  000038a4    000000f4     driverlib.lib : sysctl.obj (.text:SysCtlClockSet)
                  00003998    000000b8     circBufT.obj (.text)
                  00003a50    0000009c     rtsv7M4_T_le_v4SPD16_eabi.lib : memcpy_t2.obj (.text)
                  00003aec    0000007a     driverlib.lib : adc.obj (.text:ADCSequenceStepConfigure)
                  00003b66    0000007a     rtsv7M4_T_le_v4SPD16_eabi.lib : memset_t2.obj (.text)
                  00003be0    00000074     uartCommunication.obj (.text)
                  00003c54    00000070     rtsv7M4_T_le_v4SPD16_eabi.lib : autoinit.obj (.text)
                  00003cc4    0000006e                                   : fd_tos_t2.obj (.text)
                  00003d32    00000002                                   : mpu_init.obj (.text)
                  00003d34    0000006c     helicopterAltitude.obj (.text)
                  00003da0    00000068     driverlib.lib : interrupt.obj (.text:IntEnable)
                  00003e08    00000068     rtsv7M4_T_le_v4SPD16_eabi.lib : copy_decompress_lzss.obj (.text:decompress:lzss)
                  00003e70    00000060     driverlib.lib : timer.obj (.text:TimerConfigure)
                  00003ed0    0000005c     delay.obj (.text)
                  00003f2c    00000056     driverlib.lib : gpio.obj (.text:GPIOIntTypeSet)
                  00003f82    00000002     rtsv7M4_T_le_v4SPD16_eabi.lib : startup.obj (.text)
                  00003f84    00000054                                   : boot.obj (.text)
                  00003fd8    00000054                                   : exit.obj (.text)
                  0000402c    00000050     driverlib.lib : adc.obj (.text:ADCSequenceConfigure)
                  0000407c    00000050                   : adc.obj (.text:_ADCIntNumberGet)
                  000040cc    0000004c     rtsv7M4_T_le_v4SPD16_eabi.lib : cpy_tbl.obj (.text)
                  00004118    00000048     driverlib.lib : gpio.obj (.text:GPIOPinConfigure)
                  00004160    00000048     rtsv7M4_T_le_v4SPD16_eabi.lib : fd_toi_t2.obj (.text)
                  000041a8    00000046     driverlib.lib : uart.obj (.text:UARTConfigSetExpClk)
                  000041ee    00000002     --HOLE-- [fill = 0]
                  000041f0    00000044     OrbitOLEDInterface.obj (.text)
                  00004234    00000044     driverlib.lib : gpio.obj (.text:_GPIOIntNumberGet)
                  00004278    00000040     rtsv7M4_T_le_v4SPD16_eabi.lib : u_divt2.obj (.text)
                  000042b8    0000003c     driverlib.lib : ssi.obj (.text:SSIConfigSetExpClk)
                  000042f4    00000038     rtsv7M4_T_le_v4SPD16_eabi.lib : fs_tod_t2.obj (.text)
                  0000432c    00000034     driverlib.lib : interrupt.obj (.text:IntRegister)
                  00004360    00000034                   : sysctl.obj (.text:SysCtlPeripheralEnable)
                  00004394    0000002e     rtsv7M4_T_le_v4SPD16_eabi.lib : i_tofd_t2.obj (.text)
                  000043c2    0000002a     driverlib.lib : gpio.obj (.text:GPIODirModeSet)
                  000043ec    00000022                   : pwm.obj (.text:PWMGenConfigure)
                  0000440e    00000002     --HOLE-- [fill = 0]
                  00004410    00000020                   : uart.obj (.text:UARTDisable)
                  00004430    0000001e                   : adc.obj (.text:ADCSequenceDataGet)
                  0000444e    0000001e                   : pwm.obj (.text:PWMPulseWidthSet)
                  0000446c    0000001c                   : systick.obj (.text:SysTickIntRegister)
                  00004488    00000018                   : adc.obj (.text:ADCIntRegister)
                  000044a0    00000018                   : adc.obj (.text:ADCProcessorTrigger)
                  000044b8    00000018                   : gpio.obj (.text:GPIOIntRegister)
                  000044d0    00000018                   : gpio.obj (.text:GPIOPinTypeGPIOOutput)
                  000044e8    00000018     rtsv7M4_T_le_v4SPD16_eabi.lib : args_main.obj (.text)
                  00004500    00000014     driverlib.lib : sysctl.obj (.text:SysCtlPWMClockSet)
                  00004514    00000014                   : systick.obj (.text:SysTickEnable)
                  00004528    00000014                   : systick.obj (.text:SysTickIntEnable)
                  0000453c    00000014                   : uart.obj (.text:UARTEnable)
                  00004550    00000014     rtsv7M4_T_le_v4SPD16_eabi.lib : _lock.obj (.text)
                  00004564    00000012     driverlib.lib : gpio.obj (.text:GPIOPinTypeGPIOInput)
                  00004576    00000012                   : gpio.obj (.text:GPIOPinTypePWM)
                  00004588    00000012                   : gpio.obj (.text:GPIOPinTypeSSI)
                  0000459a    00000012                   : gpio.obj (.text:GPIOPinTypeUART)
                  000045ac    00000012                   : pwm.obj (.text:PWMOutputState)
                  000045be    00000010                   : adc.obj (.text:ADCIntEnable)
                  000045ce    00000010                   : interrupt.obj (.text:IntMasterEnable)
                  000045de    00000010                   : pwm.obj (.text:PWMGenPeriodSet)
                  000045ee    00000002     --HOLE-- [fill = 0]
                  000045f0    00000010                   : sysctl.obj (.text:SysCtlReset)
                  00004600    00000010                   : systick.obj (.text:SysTickPeriodSet)
                  00004610    0000000e                   : adc.obj (.text:ADCSequenceEnable)
                  0000461e    0000000e                   : gpio.obj (.text:GPIOIntDisable)
                  0000462c    0000000e                   : timer.obj (.text:TimerEnable)
                  0000463a    0000000e     rtsv7M4_T_le_v4SPD16_eabi.lib : copy_decompress_none.obj (.text:decompress:none)
                  00004648    0000000c     driverlib.lib : cpu.obj (.text:CPUcpsie)
                  00004654    0000000c                   : gpio.obj (.text:GPIOIntEnable)
                  00004660    0000000c                   : pwm.obj (.text:PWMGenEnable)
                  0000466c    0000000c                   : ssi.obj (.text:SSIDataGet)
                  00004678    0000000c     rtsv7M4_T_le_v4SPD16_eabi.lib : copy_zero_init.obj (.text:decompress:ZI)
                  00004684    0000000c     tm4c123gh6pm_startup_ccs.obj (.text)
                  00004690    0000000a     driverlib.lib : adc.obj (.text:ADCIntClear)
                  0000469a    0000000a                   : ssi.obj (.text:SSIDataPut)
                  000046a4    0000000a                   : ssi.obj (.text:SSIEnable)
                  000046ae    0000000a                   : timer.obj (.text:TimerValueGet)
                  000046b8    0000000a                   : uart.obj (.text:UARTCharPut)
                  000046c2    0000000a                   : uart.obj (.text:UARTFIFOEnable)
                  000046cc    00000008                   : ssi.obj (.text:SSIBusy)
                  000046d4    00000006                   : gpio.obj (.text:GPIOIntClear)
                  000046da    00000006                   : gpio.obj (.text:GPIOPinRead)
                  000046e0    00000006                   : gpio.obj (.text:GPIOPinWrite)
                  000046e6    00000006                   : ssi.obj (.text:SSIClockSourceSet)
                  000046ec    00000006                   : sysctl.obj (.text:SysCtlDelay)
                  000046f2    00000004     rtsv7M4_T_le_v4SPD16_eabi.lib : pre_init.obj (.text)

.const     0    000046f8    000006a4     
                  000046f8    00000300     ChrFont0.obj (.const:.string:rgbOledFont0)
                  000049f8    000000d8     driverlib.lib : gpio.obj (.const:g_ppui32GPIOIntMapSnowflake)
                  00004ad0    000000c0                   : gpio.obj (.const:g_ppui32GPIOIntMapBlizzard)
                  00004b90    00000090                   : gpio.obj (.const:g_pui32GPIOBaseAddrs)
                  00004c20    00000070                   : interrupt.obj (.const)
                  00004c90    0000006c                   : sysctl.obj (.const:g_pui32Xtals)
                  00004cfc    00000040     FillPat.obj (.const:.string:rgbFillPat)
                  00004d3c    00000030     ustdlib.obj (.const:g_psDaysToMonth)
                  00004d6c    00000018     ustdlib.obj (.const:g_pfExponents)
                  00004d84    00000012     ustdlib.obj (.const:.string)
                  00004d96    00000002     --HOLE-- [fill = 0]
                  00004d98    00000004     ustdlib.obj (.const)

.cinit     0    00004da0    00000060     
                  00004da0    00000029     (.cinit..data.load) [load image, compression = lzss]
                  00004dc9    00000003     --HOLE-- [fill = 0]
                  00004dcc    0000000c     (__TI_handler_table)
                  00004dd8    00000008     (.cinit..bss.load) [load image, compression = zero_init]
                  00004de0    00000008     (.cinit..vtable.load) [load image, compression = zero_init]
                  00004de8    00000018     (__TI_cinit_table)

.init_array 
*          0    00000000    00000000     UNINITIALIZED

.vtable    0    20000000    0000026c     UNINITIALIZED
                  20000000    0000026c     driverlib.lib : interrupt.obj (.vtable)

.stack     0    2000026c    00001000     UNINITIALIZED
                  2000026c    00001000     --HOLE--

.sysmem    0    20001270    00001000     UNINITIALIZED
                  20001270    00000008     rtsv7M4_T_le_v4SPD16_eabi.lib : memory.obj (.sysmem)
                  20001278    00000ff8     --HOLE--

.bss       0    20002270    00000392     UNINITIALIZED
                  20002270    00000200     (.common:rgbOledBmp)
                  20002470    00000100     (.common:rgbOledFontUser)
                  20002570    00000010     (.common:g_inBuffer)
                  20002580    00000008     (.common:errorIntegral)
                  20002588    00000004     buttons4.obj (.bss:but_count)
                  2000258c    00000004     buttons4.obj (.bss:but_flag)
                  20002590    00000004     buttons4.obj (.bss:but_normal)
                  20002594    00000004     buttons4.obj (.bss:but_state)
                  20002598    00000004     (.common:ChannelA)
                  2000259c    00000004     (.common:ChannelB)
                  200025a0    00000004     (.common:MAIN_PWM)
                  200025a4    00000004     (.common:TAIL_PWM)
                  200025a8    00000004     (.common:bnOledCur)
                  200025ac    00000004     (.common:dutyCycle)
                  200025b0    00000004     (.common:dxcoOledFontCur)
                  200025b4    00000004     (.common:dycoOledFontCur)
                  200025b8    00000004     (.common:errorSignal)
                  200025bc    00000004     (.common:fOledCharUpdate)
                  200025c0    00000004     (.common:g_ulSampCnt)
                  200025c4    00000004     (.common:modOledCur)
                  200025c8    00000004     (.common:pbOledCur)
                  200025cc    00000004     (.common:pbOledFontCur)
                  200025d0    00000004     (.common:pbOledFontUser)
                  200025d4    00000004     (.common:pbOledPatCur)
                  200025d8    00000004     (.common:pfnDoRop)
                  200025dc    00000004     (.common:slotCount)
                  200025e0    00000004     (.common:xchOledCur)
                  200025e4    00000004     (.common:xchOledMax)
                  200025e8    00000004     (.common:xcoOledCur)
                  200025ec    00000004     (.common:ychOledCur)
                  200025f0    00000004     (.common:ychOledMax)
                  200025f4    00000004     (.common:ycoOledCur)
                  200025f8    00000002     (.common:currentHeight)
                  200025fa    00000002     (.common:tailErrorSignal)
                  200025fc    00000001     (.common:PIDFlag)
                  200025fd    00000001     (.common:clrOledCur)
                  200025fe    00000001     (.common:currentState)
                  200025ff    00000001     (.common:displayFlag)
                  20002600    00000001     (.common:previousState)
                  20002601    00000001     (.common:switchChannel)

.data      0    20002604    00000044     UNINITIALIZED
                  20002604    0000000e     buttons4.obj (.data)
                  20002612    00000002     mainRotorController.obj (.data)
                  20002614    0000000c     rtsv7M4_T_le_v4SPD16_eabi.lib : exit.obj (.data:$O1$$)
                  20002620    0000000c                                   : memory.obj (.data:$O1$$)
                  2000262c    00000009     yawFiniteStateMachine.obj (.data)
                  20002635    00000001     --HOLE--
                  20002636    00000002     tailRotorController.obj (.data)
                  20002638    00000008     rtsv7M4_T_le_v4SPD16_eabi.lib : _lock.obj (.data:$O1$$)
                  20002640    00000004                                   : stkdepth_vars.obj (.data)
                  20002644    00000004     ustdlib.obj (.data)

MODULE SUMMARY

       Module                         code    ro data   rw data
       ------                         ----    -------   -------
    ./
       ustdlib.obj                    3204    94        4      
       helicopterMain.obj             1052    0         4      
       buttons4.obj                   908     0         31     
       tm4c123gh6pm_startup_ccs.obj   12      620       0      
       mainRotorController.obj        600     0         22     
       yawFiniteStateMachine.obj      544     0         23     
       tailRotorController.obj        504     0         8      
       userDisplay.obj                432     0         0      
       helperFunctions.obj            288     0         0      
       circBufT.obj                   184     0         0      
       helicopterAltitude.obj         108     0         20     
       uartCommunication.obj          116     0         0      
    +--+------------------------------+-------+---------+---------+
       Total:                         7952    714       112    
                                                               
    ./OrbitOLED/
       OrbitOLEDInterface.obj         68      0         0      
    +--+------------------------------+-------+---------+---------+
       Total:                         68      0         0      
                                                               
    ./OrbitOLED/lib_OrbitOled/
       OrbitOledGrph.obj              2384    0         8      
       OrbitOled.obj                  892     0         553    
       OrbitOledChar.obj              516     0         272    
       ChrFont0.obj                   0       768       0      
       delay.obj                      92      0         0      
       FillPat.obj                    0       64        0      
    +--+------------------------------+-------+---------+---------+
       Total:                         3884    832       833    
                                                               
    /home/harry/ti/TivaWare/driverlib/ccs/Debug/driverlib.lib
       gpio.obj                       738     552       0      
       interrupt.obj                  172     112       620    
       sysctl.obj                     610     108       0      
       adc.obj                        400     0         0      
       uart.obj                       142     0         0      
       timer.obj                      120     0         0      
       pwm.obj                        110     0         0      
       ssi.obj                        106     0         0      
       systick.obj                    84      0         0      
       cpu.obj                        12      0         0      
    +--+------------------------------+-------+---------+---------+
       Total:                         2494    772       620    
                                                               
    /home/harry/ti/ccsv7/tools/compiler/ti-cgt-arm_16.9.6.LTS/lib/rtsv7M4_T_le_v4SPD16_eabi.lib
       memory.obj                     976     0         12     
       fd_add_t2.obj                  438     0         0      
       fd_div_t2.obj                  310     0         0      
       fd_mul_t2.obj                  252     0         0      
       memcpy_t2.obj                  156     0         0      
       memset_t2.obj                  122     0         0      
       autoinit.obj                   112     0         0      
       fd_tos_t2.obj                  110     0         0      
       copy_decompress_lzss.obj       104     0         0      
       exit.obj                       84      0         12     
       boot.obj                       84      0         0      
       cpy_tbl.obj                    76      0         0      
       fd_toi_t2.obj                  72      0         0      
       u_divt2.obj                    64      0         0      
       fs_tod_t2.obj                  56      0         0      
       i_tofd_t2.obj                  46      0         0      
       _lock.obj                      20      0         8      
       args_main.obj                  24      0         0      
       copy_decompress_none.obj       14      0         0      
       copy_zero_init.obj             12      0         0      
       pre_init.obj                   4       0         0      
       stkdepth_vars.obj              0       0         4      
       i_div0.obj                     2       0         0      
       mpu_init.obj                   2       0         0      
       startup.obj                    2       0         0      
    +--+------------------------------+-------+---------+---------+
       Total:                         3142    0         36     
                                                               
       Heap:                          0       0         4096   
       Stack:                         0       0         4096   
       Linker Generated:              0       93        0      
    +--+------------------------------+-------+---------+---------+
       Grand Total:                   17540   2411      9793   


LINKER GENERATED COPY TABLES

__TI_cinit_table @ 00004de8 records: 3, size/record: 8, table size: 24
	.data: load addr=00004da0, load size=00000029 bytes, run addr=20002604, run size=00000044 bytes, compression=lzss
	.bss: load addr=00004dd8, load size=00000008 bytes, run addr=20002270, run size=00000392 bytes, compression=zero_init
	.vtable: load addr=00004de0, load size=00000008 bytes, run addr=20000000, run size=0000026c bytes, compression=zero_init


LINKER GENERATED HANDLER TABLE

__TI_handler_table @ 00004dcc records: 3, size/record: 4, table size: 12
	index: 0, handler: __TI_zero_init
	index: 1, handler: __TI_decompress_lzss
	index: 2, handler: __TI_decompress_none


GLOBAL SYMBOLS: SORTED ALPHABETICALLY BY Name 

address   name                           
-------   ----                           
00004691  ADCIntClear                    
000045bf  ADCIntEnable                   
00003d35  ADCIntHandler                  
00004489  ADCIntRegister                 
000044a1  ADCProcessorTrigger            
0000402d  ADCSequenceConfigure           
00004431  ADCSequenceDataGet             
00004611  ADCSequenceEnable              
00003aed  ADCSequenceStepConfigure       
00003fd9  C$$EXIT                        
00004649  CPUcpsie                       
20002598  ChannelA                       
2000259c  ChannelB                       
00003ed1  DelayInit                      
00003eeb  DelayMs                        
000043c3  GPIODirModeSet                 
000046d5  GPIOIntClear                   
0000461f  GPIOIntDisable                 
00004655  GPIOIntEnable                  
000044b9  GPIOIntRegister                
00003f2d  GPIOIntTypeSet                 
00003447  GPIOPadConfigSet               
00004119  GPIOPinConfigure               
000046db  GPIOPinRead                    
00004565  GPIOPinTypeGPIOInput           
000044d1  GPIOPinTypeGPIOOutput          
00004577  GPIOPinTypePWM                 
00004589  GPIOPinTypeSSI                 
0000459b  GPIOPinTypeUART                
000046e1  GPIOPinWrite                   
00003da1  IntEnable                      
000045cf  IntMasterEnable                
0000432d  IntRegister                    
200025a0  MAIN_PWM                       
00004217  OLEDInitialise                 
000041f1  OLEDStringDraw                 
00002d45  OrbitOledAdvanceCursor         
000017e1  OrbitOledClampXco              
00001801  OrbitOledClampYco              
00002595  OrbitOledClear                 
000025a1  OrbitOledClearBuffer           
00002c15  OrbitOledDefUserChar           
00002511  OrbitOledDevInit               
00001623  OrbitOledDrawChar              
00002ccd  OrbitOledDrawGlyph             
00000fe7  OrbitOledDrawPixel             
0000112d  OrbitOledDrawRect              
00001683  OrbitOledDrawString            
00002497  OrbitOledDvrInit               
000011b1  OrbitOledFillRect              
000012f5  OrbitOledGetBmp                
00002c7d  OrbitOledGetCharUpdate         
00002bf9  OrbitOledGetCursor             
00000fe1  OrbitOledGetDrawMode           
00001013  OrbitOledGetPixel              
00000f37  OrbitOledGetPos                
00000f6b  OrbitOledGetStdPattern         
000023cd  OrbitOledHostInit              
000023b9  OrbitOledInit                  
0000102d  OrbitOledLineTo                
00001779  OrbitOledMoveDown              
000017af  OrbitOledMoveLeft              
000017c7  OrbitOledMoveRight             
00000ef1  OrbitOledMoveTo                
00001741  OrbitOledMoveUp                
00001455  OrbitOledPutBmp                
0000262b  OrbitOledPutBuffer             
00002c83  OrbitOledPutChar               
00002ca1  OrbitOledPutString             
000016ef  OrbitOledRopAnd                
000016cb  OrbitOledRopOr                 
000016a1  OrbitOledRopSet                
00001713  OrbitOledRopXor                
00002c65  OrbitOledSetCharUpdate         
00002bad  OrbitOledSetCursor             
00000f53  OrbitOledSetDrawColor          
00000f8d  OrbitOledSetDrawMode           
00000f7d  OrbitOledSetFillPattern        
000025d1  OrbitOledUpdate                
200025fc  PIDFlag                        
000043ed  PWMGenConfigure                
00004661  PWMGenEnable                   
000045df  PWMGenPeriodSet                
000045ad  PWMOutputState                 
0000444f  PWMPulseWidthSet               
00004685  ResetISR                       
UNDEFED   SHT$$INIT_ARRAY$$Base          
UNDEFED   SHT$$INIT_ARRAY$$Limit         
000046cd  SSIBusy                        
000046e7  SSIClockSourceSet              
000042b9  SSIConfigSetExpClk             
0000466d  SSIDataGet                     
0000469b  SSIDataPut                     
000046a5  SSIEnable                      
00002691  Ssi3PutByte                    
00003699  SysCtlClockGet                 
000038a5  SysCtlClockSet                 
000046ed  SysCtlDelay                    
00004501  SysCtlPWMClockSet              
00004361  SysCtlPeripheralEnable         
000045f1  SysCtlReset                    
00004515  SysTickEnable                  
00004529  SysTickIntEnable               
00001841  SysTickIntHandler              
0000446d  SysTickIntRegister             
00004601  SysTickPeriodSet               
200025a4  TAIL_PWM                       
00003e71  TimerConfigure                 
0000462d  TimerEnable                    
000046af  TimerValueGet                  
000046b9  UARTCharPut                    
000041a9  UARTConfigSetExpClk            
00004411  UARTDisable                    
0000453d  UARTEnable                     
000046c3  UARTFIFOEnable                 
00003c27  UARTSend                       
2000126c  __STACK_END                    
00001000  __STACK_SIZE                   
2000046c  __STACK_TOP                    
00001000  __SYSMEM_SIZE                  
00004de8  __TI_CINIT_Base                
00004e00  __TI_CINIT_Limit               
00004dcc  __TI_Handler_Table_Base        
00004dd8  __TI_Handler_Table_Limit       
00003c55  __TI_auto_init                 
20002614  __TI_cleanup_ptr               
00003e09  __TI_decompress_lzss           
0000463b  __TI_decompress_none           
20002618  __TI_dtors_ptr                 
2000261c  __TI_enable_exit_profile_output
ffffffff  __TI_pprof_out_hndl            
ffffffff  __TI_prof_data_size            
ffffffff  __TI_prof_data_start           
00000000  __TI_static_base__             
00004679  __TI_zero_init                 
00003cc5  __aeabi_d2f                    
00004161  __aeabi_d2iz                   
00002fb3  __aeabi_dadd                   
00003311  __aeabi_ddiv                   
000037a9  __aeabi_dmul                   
00002fa9  __aeabi_dsub                   
000042f5  __aeabi_f2d                    
00004395  __aeabi_i2d                    
0000315f  __aeabi_idiv0                  
00003b67  __aeabi_memclr                 
00003b67  __aeabi_memclr4                
00003b67  __aeabi_memclr8                
00003a51  __aeabi_memcpy                 
00003a51  __aeabi_memcpy4                
00003a51  __aeabi_memcpy8                
00003b69  __aeabi_memset                 
00003b69  __aeabi_memset4                
00003b69  __aeabi_memset8                
00004279  __aeabi_uidiv                  
00004279  __aeabi_uidivmod               
ffffffff  __binit__                      
ffffffff  __c_args__                     
00003d33  __mpu_init                     
2000026c  __stack                        
000044e9  _args_main                     
00003f85  _c_int00                       
20002638  _lock                          
0000455f  _nop                           
00004557  _register_lock                 
00004551  _register_unlock               
20001270  _sys_memory                    
00003f83  _system_post_cinit             
000046f3  _system_pre_init               
2000263c  _unlock                        
00003fdd  abort                          
2000262c  angleReferenced                
ffffffff  binit                          
200025a8  bnOledCur                      
00001ffd  calloc                         
000021cf  checkButton                    
00002329  checkSwitchPos                 
00003169  clearOLED                      
200025fd  clrOledCur                     
000040cd  copy_in                        
20002630  currentAngle                   
200025f8  currentHeight                  
200025fe  currentState                   
20002606  desiredAngle                   
20002604  desiredHeightPercentage        
00003195  displayAltitudePercentAndYaw   
200025ff  displayFlag                    
200025ac  dutyCycle                      
200025b0  dxcoOledFontCur                
200025b4  dycoOledFontCur                
20002580  errorIntegral                  
200025b8  errorSignal                    
20002612  errorSignalPrevious            
00003fe5  exit                           
200025bc  fOledCharUpdate                
000035dd  findDisplayAngle               
0000324f  findMode                       
2000260c  flightMode                     
00001d47  free                           
00003a2b  freeCircBuf                    
20002570  g_inBuffer                     
20000000  g_pfnRAMVectors                
00000000  g_pfnVectors                   
200025c0  g_ulSampCnt                    
00003579  heightAsPercentage             
00003d53  initADC                        
0000202d  initButtons                    
00003999  initCircBuf                    
0000186b  initClock                      
00003161  initDisplay                    
00002b4b  initReferenceTrigger           
000022ab  initResetISR                   
000022d5  initSwitch                     
00001875  initTimer                      
0000276d  initialiseMainRotorPWM         
00002de5  initialiseTailRotorPWM         
00003be1  initialiseUSB_UART             
000018a5  main                           
000027b3  mainRotorControlLoop           
20002640  main_func_sp                   
00001cdd  malloc                         
00001f11  memalign                       
00003a51  memcpy                         
00003b6f  memset                         
00001c5d  minit                          
200025c4  modOledCur                     
200025c8  pbOledCur                      
200025cc  pbOledFontCur                  
200025d0  pbOledFontUser                 
200025d4  pbOledPatCur                   
200025d8  pfnDoRop                       
20002600  previousState                  
000039f7  readCircBuf                    
00001e07  realloc                        
2000260e  referenceAngle                 
20002634  referenceAngleSet              
00002b25  referenceTriggerHandler        
00002299  resetISR                       
00004cfc  rgbFillPat                     
20002270  rgbOledBmp                     
000046f8  rgbOledFont0                   
20002470  rgbOledFontUser                
00002735  setMainPWM                     
00002db1  setTailPWM                     
200025dc  slotCount                      
20002601  switchChannel                  
200025fa  tailErrorSignal                
20002636  tailErrorSignalPrevious        
00002e2f  tailRotorControlLoop           
20002611  taken_off                      
20002610  testVariable                   
00000751  ulocaltime                     
0000094f  umktime                        
000020fb  updateButtons                  
0000220d  updateDesiredAltAndYawValue    
00000ec9  urand                          
00000721  usnprintf                      
000006ef  usprintf                       
00000eb9  usrand                         
00000e31  ustrcasecmp                    
00000ea5  ustrcmp                        
00000d35  ustrlen                        
00000d8d  ustrncasecmp                   
00000e45  ustrncmp                       
0000026d  ustrncpy                       
00000d57  ustrstr                        
00000afd  ustrtof                        
000009c5  ustrtoul                       
000002c5  uvsnprintf                     
20002608  variableTest                   
000039c3  writeCircBuf                   
200025e0  xchOledCur                     
200025e4  xchOledMax                     
200025e8  xcoOledCur                     
0000298d  yawFSM                         
00002aa7  yawFSMInit                     
200025ec  ychOledCur                     
200025f0  ychOledMax                     
200025f4  ycoOledCur                     


GLOBAL SYMBOLS: SORTED BY Symbol Address 

address   name                           
-------   ----                           
00000000  __TI_static_base__             
00000000  g_pfnVectors                   
0000026d  ustrncpy                       
000002c5  uvsnprintf                     
000006ef  usprintf                       
00000721  usnprintf                      
00000751  ulocaltime                     
0000094f  umktime                        
000009c5  ustrtoul                       
00000afd  ustrtof                        
00000d35  ustrlen                        
00000d57  ustrstr                        
00000d8d  ustrncasecmp                   
00000e31  ustrcasecmp                    
00000e45  ustrncmp                       
00000ea5  ustrcmp                        
00000eb9  usrand                         
00000ec9  urand                          
00000ef1  OrbitOledMoveTo                
00000f37  OrbitOledGetPos                
00000f53  OrbitOledSetDrawColor          
00000f6b  OrbitOledGetStdPattern         
00000f7d  OrbitOledSetFillPattern        
00000f8d  OrbitOledSetDrawMode           
00000fe1  OrbitOledGetDrawMode           
00000fe7  OrbitOledDrawPixel             
00001000  __STACK_SIZE                   
00001000  __SYSMEM_SIZE                  
00001013  OrbitOledGetPixel              
0000102d  OrbitOledLineTo                
0000112d  OrbitOledDrawRect              
000011b1  OrbitOledFillRect              
000012f5  OrbitOledGetBmp                
00001455  OrbitOledPutBmp                
00001623  OrbitOledDrawChar              
00001683  OrbitOledDrawString            
000016a1  OrbitOledRopSet                
000016cb  OrbitOledRopOr                 
000016ef  OrbitOledRopAnd                
00001713  OrbitOledRopXor                
00001741  OrbitOledMoveUp                
00001779  OrbitOledMoveDown              
000017af  OrbitOledMoveLeft              
000017c7  OrbitOledMoveRight             
000017e1  OrbitOledClampXco              
00001801  OrbitOledClampYco              
00001841  SysTickIntHandler              
0000186b  initClock                      
00001875  initTimer                      
000018a5  main                           
00001c5d  minit                          
00001cdd  malloc                         
00001d47  free                           
00001e07  realloc                        
00001f11  memalign                       
00001ffd  calloc                         
0000202d  initButtons                    
000020fb  updateButtons                  
000021cf  checkButton                    
0000220d  updateDesiredAltAndYawValue    
00002299  resetISR                       
000022ab  initResetISR                   
000022d5  initSwitch                     
00002329  checkSwitchPos                 
000023b9  OrbitOledInit                  
000023cd  OrbitOledHostInit              
00002497  OrbitOledDvrInit               
00002511  OrbitOledDevInit               
00002595  OrbitOledClear                 
000025a1  OrbitOledClearBuffer           
000025d1  OrbitOledUpdate                
0000262b  OrbitOledPutBuffer             
00002691  Ssi3PutByte                    
00002735  setMainPWM                     
0000276d  initialiseMainRotorPWM         
000027b3  mainRotorControlLoop           
0000298d  yawFSM                         
00002aa7  yawFSMInit                     
00002b25  referenceTriggerHandler        
00002b4b  initReferenceTrigger           
00002bad  OrbitOledSetCursor             
00002bf9  OrbitOledGetCursor             
00002c15  OrbitOledDefUserChar           
00002c65  OrbitOledSetCharUpdate         
00002c7d  OrbitOledGetCharUpdate         
00002c83  OrbitOledPutChar               
00002ca1  OrbitOledPutString             
00002ccd  OrbitOledDrawGlyph             
00002d45  OrbitOledAdvanceCursor         
00002db1  setTailPWM                     
00002de5  initialiseTailRotorPWM         
00002e2f  tailRotorControlLoop           
00002fa9  __aeabi_dsub                   
00002fb3  __aeabi_dadd                   
0000315f  __aeabi_idiv0                  
00003161  initDisplay                    
00003169  clearOLED                      
00003195  displayAltitudePercentAndYaw   
0000324f  findMode                       
00003311  __aeabi_ddiv                   
00003447  GPIOPadConfigSet               
00003579  heightAsPercentage             
000035dd  findDisplayAngle               
00003699  SysCtlClockGet                 
000037a9  __aeabi_dmul                   
000038a5  SysCtlClockSet                 
00003999  initCircBuf                    
000039c3  writeCircBuf                   
000039f7  readCircBuf                    
00003a2b  freeCircBuf                    
00003a51  __aeabi_memcpy                 
00003a51  __aeabi_memcpy4                
00003a51  __aeabi_memcpy8                
00003a51  memcpy                         
00003aed  ADCSequenceStepConfigure       
00003b67  __aeabi_memclr                 
00003b67  __aeabi_memclr4                
00003b67  __aeabi_memclr8                
00003b69  __aeabi_memset                 
00003b69  __aeabi_memset4                
00003b69  __aeabi_memset8                
00003b6f  memset                         
00003be1  initialiseUSB_UART             
00003c27  UARTSend                       
00003c55  __TI_auto_init                 
00003cc5  __aeabi_d2f                    
00003d33  __mpu_init                     
00003d35  ADCIntHandler                  
00003d53  initADC                        
00003da1  IntEnable                      
00003e09  __TI_decompress_lzss           
00003e71  TimerConfigure                 
00003ed1  DelayInit                      
00003eeb  DelayMs                        
00003f2d  GPIOIntTypeSet                 
00003f83  _system_post_cinit             
00003f85  _c_int00                       
00003fd9  C$$EXIT                        
00003fdd  abort                          
00003fe5  exit                           
0000402d  ADCSequenceConfigure           
000040cd  copy_in                        
00004119  GPIOPinConfigure               
00004161  __aeabi_d2iz                   
000041a9  UARTConfigSetExpClk            
000041f1  OLEDStringDraw                 
00004217  OLEDInitialise                 
00004279  __aeabi_uidiv                  
00004279  __aeabi_uidivmod               
000042b9  SSIConfigSetExpClk             
000042f5  __aeabi_f2d                    
0000432d  IntRegister                    
00004361  SysCtlPeripheralEnable         
00004395  __aeabi_i2d                    
000043c3  GPIODirModeSet                 
000043ed  PWMGenConfigure                
00004411  UARTDisable                    
00004431  ADCSequenceDataGet             
0000444f  PWMPulseWidthSet               
0000446d  SysTickIntRegister             
00004489  ADCIntRegister                 
000044a1  ADCProcessorTrigger            
000044b9  GPIOIntRegister                
000044d1  GPIOPinTypeGPIOOutput          
000044e9  _args_main                     
00004501  SysCtlPWMClockSet              
00004515  SysTickEnable                  
00004529  SysTickIntEnable               
0000453d  UARTEnable                     
00004551  _register_unlock               
00004557  _register_lock                 
0000455f  _nop                           
00004565  GPIOPinTypeGPIOInput           
00004577  GPIOPinTypePWM                 
00004589  GPIOPinTypeSSI                 
0000459b  GPIOPinTypeUART                
000045ad  PWMOutputState                 
000045bf  ADCIntEnable                   
000045cf  IntMasterEnable                
000045df  PWMGenPeriodSet                
000045f1  SysCtlReset                    
00004601  SysTickPeriodSet               
00004611  ADCSequenceEnable              
0000461f  GPIOIntDisable                 
0000462d  TimerEnable                    
0000463b  __TI_decompress_none           
00004649  CPUcpsie                       
00004655  GPIOIntEnable                  
00004661  PWMGenEnable                   
0000466d  SSIDataGet                     
00004679  __TI_zero_init                 
00004685  ResetISR                       
00004691  ADCIntClear                    
0000469b  SSIDataPut                     
000046a5  SSIEnable                      
000046af  TimerValueGet                  
000046b9  UARTCharPut                    
000046c3  UARTFIFOEnable                 
000046cd  SSIBusy                        
000046d5  GPIOIntClear                   
000046db  GPIOPinRead                    
000046e1  GPIOPinWrite                   
000046e7  SSIClockSourceSet              
000046ed  SysCtlDelay                    
000046f3  _system_pre_init               
000046f8  rgbOledFont0                   
00004cfc  rgbFillPat                     
00004dcc  __TI_Handler_Table_Base        
00004dd8  __TI_Handler_Table_Limit       
00004de8  __TI_CINIT_Base                
00004e00  __TI_CINIT_Limit               
20000000  g_pfnRAMVectors                
2000026c  __stack                        
2000046c  __STACK_TOP                    
2000126c  __STACK_END                    
20001270  _sys_memory                    
20002270  rgbOledBmp                     
20002470  rgbOledFontUser                
20002570  g_inBuffer                     
20002580  errorIntegral                  
20002598  ChannelA                       
2000259c  ChannelB                       
200025a0  MAIN_PWM                       
200025a4  TAIL_PWM                       
200025a8  bnOledCur                      
200025ac  dutyCycle                      
200025b0  dxcoOledFontCur                
200025b4  dycoOledFontCur                
200025b8  errorSignal                    
200025bc  fOledCharUpdate                
200025c0  g_ulSampCnt                    
200025c4  modOledCur                     
200025c8  pbOledCur                      
200025cc  pbOledFontCur                  
200025d0  pbOledFontUser                 
200025d4  pbOledPatCur                   
200025d8  pfnDoRop                       
200025dc  slotCount                      
200025e0  xchOledCur                     
200025e4  xchOledMax                     
200025e8  xcoOledCur                     
200025ec  ychOledCur                     
200025f0  ychOledMax                     
200025f4  ycoOledCur                     
200025f8  currentHeight                  
200025fa  tailErrorSignal                
200025fc  PIDFlag                        
200025fd  clrOledCur                     
200025fe  currentState                   
200025ff  displayFlag                    
20002600  previousState                  
20002601  switchChannel                  
20002604  desiredHeightPercentage        
20002606  desiredAngle                   
20002608  variableTest                   
2000260c  flightMode                     
2000260e  referenceAngle                 
20002610  testVariable                   
20002611  taken_off                      
20002612  errorSignalPrevious            
20002614  __TI_cleanup_ptr               
20002618  __TI_dtors_ptr                 
2000261c  __TI_enable_exit_profile_output
2000262c  angleReferenced                
20002630  currentAngle                   
20002634  referenceAngleSet              
20002636  tailErrorSignalPrevious        
20002638  _lock                          
2000263c  _unlock                        
20002640  main_func_sp                   
ffffffff  __TI_pprof_out_hndl            
ffffffff  __TI_prof_data_size            
ffffffff  __TI_prof_data_start           
ffffffff  __binit__                      
ffffffff  __c_args__                     
ffffffff  binit                          
UNDEFED   SHT$$INIT_ARRAY$$Base          
UNDEFED   SHT$$INIT_ARRAY$$Limit         

[278 symbols]
