******************************************************************************
                  TI ARM Linker Unix v16.9.6                   
******************************************************************************
>> Linked Sun May 26 16:18:51 2019

OUTPUT FILE NAME:   <Helicopter_Final.out>
ENTRY POINT SYMBOL: "_c_int00"  address: 00003fad


MEMORY CONFIGURATION

         name            origin    length      used     unused   attr    fill
----------------------  --------  ---------  --------  --------  ----  --------
  FLASH                 00000000   00040000  00004e22  0003b1de  R  X
  SRAM                  20000000   00008000  00002645  000059bb  RW X


SEGMENT ALLOCATION MAP

run origin  load origin   length   init length attrs members
----------  ----------- ---------- ----------- ----- -------
00000000    00000000    00004e28   00004e28    r-x
  00000000    00000000    0000026c   0000026c    r-- .intvecs
  0000026c    0000026c    000044b2   000044b2    r-x .text
  00004720    00004720    000006a4   000006a4    r-- .const
  00004dc8    00004dc8    00000060   00000060    r-- .cinit
20000000    20000000    0000264c   00000000    rw-
  20000000    20000000    0000026c   00000000    rw- .vtable
  2000026c    2000026c    00001000   00000000    rw- .stack
  20001270    20001270    00001000   00000000    rw- .sysmem
  20002270    20002270    00000395   00000000    rw- .bss
  20002608    20002608    00000044   00000000    rw- .data


SECTION ALLOCATION MAP

 output                                  attributes/
section   page    origin      length       input sections
--------  ----  ----------  ----------   ----------------
.intvecs   0    00000000    0000026c     
                  00000000    0000026c     tm4c123gh6pm_startup_ccs.obj (.intvecs)

.text      0    0000026c    000044b2     
                  0000026c    00000c84     ustdlib.obj (.text)
                  00000ef0    00000950     OrbitOledGrph.obj (.text)
                  00001840    00000414     helicopterMain.obj (.text)
                  00001c54    000003d0     rtsv7M4_T_le_v4SPD16_eabi.lib : memory.obj (.text)
                  00002024    000003bc     buttons4.obj (.text)
                  000023e0    0000037c     OrbitOled.obj (.text)
                  0000275c    00000258     mainRotorController.obj (.text)
                  000029b4    00000220     yawFiniteStateMachine.obj (.text)
                  00002bd4    00000204     OrbitOledChar.obj (.text)
                  00002dd8    000001f8     tailRotorController.obj (.text)
                  00002fd0    000001b6     rtsv7M4_T_le_v4SPD16_eabi.lib : fd_add_t2.obj (.text)
                  00003186    00000002                                   : i_div0.obj (.text)
                  00003188    000001b0     userDisplay.obj (.text)
                  00003338    00000136     rtsv7M4_T_le_v4SPD16_eabi.lib : fd_div_t2.obj (.text)
                  0000346e    00000132     driverlib.lib : gpio.obj (.text:GPIOPadConfigSet)
                  000035a0    00000120     helperFunctions.obj (.text)
                  000036c0    00000110     driverlib.lib : sysctl.obj (.text:SysCtlClockGet)
                  000037d0    000000fc     rtsv7M4_T_le_v4SPD16_eabi.lib : fd_mul_t2.obj (.text)
                  000038cc    000000f4     driverlib.lib : sysctl.obj (.text:SysCtlClockSet)
                  000039c0    000000b8     circBufT.obj (.text)
                  00003a78    0000009c     rtsv7M4_T_le_v4SPD16_eabi.lib : memcpy_t2.obj (.text)
                  00003b14    0000007a     driverlib.lib : adc.obj (.text:ADCSequenceStepConfigure)
                  00003b8e    0000007a     rtsv7M4_T_le_v4SPD16_eabi.lib : memset_t2.obj (.text)
                  00003c08    00000074     uartCommunication.obj (.text)
                  00003c7c    00000070     rtsv7M4_T_le_v4SPD16_eabi.lib : autoinit.obj (.text)
                  00003cec    0000006e                                   : fd_tos_t2.obj (.text)
                  00003d5a    00000002                                   : mpu_init.obj (.text)
                  00003d5c    0000006c     helicopterAltitude.obj (.text)
                  00003dc8    00000068     driverlib.lib : interrupt.obj (.text:IntEnable)
                  00003e30    00000068     rtsv7M4_T_le_v4SPD16_eabi.lib : copy_decompress_lzss.obj (.text:decompress:lzss)
                  00003e98    00000060     driverlib.lib : timer.obj (.text:TimerConfigure)
                  00003ef8    0000005c     delay.obj (.text)
                  00003f54    00000056     driverlib.lib : gpio.obj (.text:GPIOIntTypeSet)
                  00003faa    00000002     rtsv7M4_T_le_v4SPD16_eabi.lib : startup.obj (.text)
                  00003fac    00000054                                   : boot.obj (.text)
                  00004000    00000054                                   : exit.obj (.text)
                  00004054    00000050     driverlib.lib : adc.obj (.text:ADCSequenceConfigure)
                  000040a4    00000050                   : adc.obj (.text:_ADCIntNumberGet)
                  000040f4    0000004c     rtsv7M4_T_le_v4SPD16_eabi.lib : cpy_tbl.obj (.text)
                  00004140    00000048     driverlib.lib : gpio.obj (.text:GPIOPinConfigure)
                  00004188    00000048     rtsv7M4_T_le_v4SPD16_eabi.lib : fd_toi_t2.obj (.text)
                  000041d0    00000046     driverlib.lib : uart.obj (.text:UARTConfigSetExpClk)
                  00004216    00000002     --HOLE-- [fill = 0]
                  00004218    00000044     OrbitOLEDInterface.obj (.text)
                  0000425c    00000044     driverlib.lib : gpio.obj (.text:_GPIOIntNumberGet)
                  000042a0    00000040     rtsv7M4_T_le_v4SPD16_eabi.lib : u_divt2.obj (.text)
                  000042e0    0000003c     driverlib.lib : ssi.obj (.text:SSIConfigSetExpClk)
                  0000431c    00000038     rtsv7M4_T_le_v4SPD16_eabi.lib : fs_tod_t2.obj (.text)
                  00004354    00000034     driverlib.lib : interrupt.obj (.text:IntRegister)
                  00004388    00000034                   : sysctl.obj (.text:SysCtlPeripheralEnable)
                  000043bc    0000002e     rtsv7M4_T_le_v4SPD16_eabi.lib : i_tofd_t2.obj (.text)
                  000043ea    0000002a     driverlib.lib : gpio.obj (.text:GPIODirModeSet)
                  00004414    00000022                   : pwm.obj (.text:PWMGenConfigure)
                  00004436    00000002     --HOLE-- [fill = 0]
                  00004438    00000020                   : uart.obj (.text:UARTDisable)
                  00004458    0000001e                   : adc.obj (.text:ADCSequenceDataGet)
                  00004476    0000001e                   : pwm.obj (.text:PWMPulseWidthSet)
                  00004494    0000001c                   : systick.obj (.text:SysTickIntRegister)
                  000044b0    00000018                   : adc.obj (.text:ADCIntRegister)
                  000044c8    00000018                   : adc.obj (.text:ADCProcessorTrigger)
                  000044e0    00000018                   : gpio.obj (.text:GPIOIntRegister)
                  000044f8    00000018                   : gpio.obj (.text:GPIOPinTypeGPIOOutput)
                  00004510    00000018     rtsv7M4_T_le_v4SPD16_eabi.lib : args_main.obj (.text)
                  00004528    00000014     driverlib.lib : sysctl.obj (.text:SysCtlPWMClockSet)
                  0000453c    00000014                   : systick.obj (.text:SysTickEnable)
                  00004550    00000014                   : systick.obj (.text:SysTickIntEnable)
                  00004564    00000014                   : uart.obj (.text:UARTEnable)
                  00004578    00000014     rtsv7M4_T_le_v4SPD16_eabi.lib : _lock.obj (.text)
                  0000458c    00000012     driverlib.lib : gpio.obj (.text:GPIOPinTypeGPIOInput)
                  0000459e    00000012                   : gpio.obj (.text:GPIOPinTypePWM)
                  000045b0    00000012                   : gpio.obj (.text:GPIOPinTypeSSI)
                  000045c2    00000012                   : gpio.obj (.text:GPIOPinTypeUART)
                  000045d4    00000012                   : pwm.obj (.text:PWMOutputState)
                  000045e6    00000010                   : adc.obj (.text:ADCIntEnable)
                  000045f6    00000010                   : interrupt.obj (.text:IntMasterEnable)
                  00004606    00000010                   : pwm.obj (.text:PWMGenPeriodSet)
                  00004616    00000002     --HOLE-- [fill = 0]
                  00004618    00000010                   : sysctl.obj (.text:SysCtlReset)
                  00004628    00000010                   : systick.obj (.text:SysTickPeriodSet)
                  00004638    0000000e                   : adc.obj (.text:ADCSequenceEnable)
                  00004646    0000000e                   : gpio.obj (.text:GPIOIntDisable)
                  00004654    0000000e                   : timer.obj (.text:TimerEnable)
                  00004662    0000000e     rtsv7M4_T_le_v4SPD16_eabi.lib : copy_decompress_none.obj (.text:decompress:none)
                  00004670    0000000c     driverlib.lib : cpu.obj (.text:CPUcpsie)
                  0000467c    0000000c                   : gpio.obj (.text:GPIOIntEnable)
                  00004688    0000000c                   : pwm.obj (.text:PWMGenEnable)
                  00004694    0000000c                   : ssi.obj (.text:SSIDataGet)
                  000046a0    0000000c     rtsv7M4_T_le_v4SPD16_eabi.lib : copy_zero_init.obj (.text:decompress:ZI)
                  000046ac    0000000c     tm4c123gh6pm_startup_ccs.obj (.text)
                  000046b8    0000000a     driverlib.lib : adc.obj (.text:ADCIntClear)
                  000046c2    0000000a                   : ssi.obj (.text:SSIDataPut)
                  000046cc    0000000a                   : ssi.obj (.text:SSIEnable)
                  000046d6    0000000a                   : timer.obj (.text:TimerValueGet)
                  000046e0    0000000a                   : uart.obj (.text:UARTCharPut)
                  000046ea    0000000a                   : uart.obj (.text:UARTFIFOEnable)
                  000046f4    00000008                   : ssi.obj (.text:SSIBusy)
                  000046fc    00000006                   : gpio.obj (.text:GPIOIntClear)
                  00004702    00000006                   : gpio.obj (.text:GPIOPinRead)
                  00004708    00000006                   : gpio.obj (.text:GPIOPinWrite)
                  0000470e    00000006                   : ssi.obj (.text:SSIClockSourceSet)
                  00004714    00000006                   : sysctl.obj (.text:SysCtlDelay)
                  0000471a    00000004     rtsv7M4_T_le_v4SPD16_eabi.lib : pre_init.obj (.text)

.const     0    00004720    000006a4     
                  00004720    00000300     ChrFont0.obj (.const:.string:rgbOledFont0)
                  00004a20    000000d8     driverlib.lib : gpio.obj (.const:g_ppui32GPIOIntMapSnowflake)
                  00004af8    000000c0                   : gpio.obj (.const:g_ppui32GPIOIntMapBlizzard)
                  00004bb8    00000090                   : gpio.obj (.const:g_pui32GPIOBaseAddrs)
                  00004c48    00000070                   : interrupt.obj (.const)
                  00004cb8    0000006c                   : sysctl.obj (.const:g_pui32Xtals)
                  00004d24    00000040     FillPat.obj (.const:.string:rgbFillPat)
                  00004d64    00000030     ustdlib.obj (.const:g_psDaysToMonth)
                  00004d94    00000018     ustdlib.obj (.const:g_pfExponents)
                  00004dac    00000012     ustdlib.obj (.const:.string)
                  00004dbe    00000002     --HOLE-- [fill = 0]
                  00004dc0    00000004     ustdlib.obj (.const)

.cinit     0    00004dc8    00000060     
                  00004dc8    00000029     (.cinit..data.load) [load image, compression = lzss]
                  00004df1    00000003     --HOLE-- [fill = 0]
                  00004df4    0000000c     (__TI_handler_table)
                  00004e00    00000008     (.cinit..bss.load) [load image, compression = zero_init]
                  00004e08    00000008     (.cinit..vtable.load) [load image, compression = zero_init]
                  00004e10    00000018     (__TI_cinit_table)

.init_array 
*          0    00000000    00000000     UNINITIALIZED

.vtable    0    20000000    0000026c     UNINITIALIZED
                  20000000    0000026c     driverlib.lib : interrupt.obj (.vtable)

.stack     0    2000026c    00001000     UNINITIALIZED
                  2000026c    00001000     --HOLE--

.sysmem    0    20001270    00001000     UNINITIALIZED
                  20001270    00000008     rtsv7M4_T_le_v4SPD16_eabi.lib : memory.obj (.sysmem)
                  20001278    00000ff8     --HOLE--

.bss       0    20002270    00000395     UNINITIALIZED
                  20002270    00000200     (.common:rgbOledBmp)
                  20002470    00000100     (.common:rgbOledFontUser)
                  20002570    00000010     (.common:g_inBuffer)
                  20002580    00000008     (.common:errorIntegral)
                  20002588    00000004     buttons4.obj (.bss:but_count)
                  2000258c    00000004     buttons4.obj (.bss:but_flag)
                  20002590    00000004     buttons4.obj (.bss:but_normal)
                  20002594    00000004     buttons4.obj (.bss:but_state)
                  20002598    00000004     (.common:ChannelA)
                  2000259c    00000004     (.common:ChannelB)
                  200025a0    00000004     (.common:MAIN_PWM)
                  200025a4    00000004     (.common:TAIL_PWM)
                  200025a8    00000004     (.common:bnOledCur)
                  200025ac    00000004     (.common:dutyCycle)
                  200025b0    00000004     (.common:dxcoOledFontCur)
                  200025b4    00000004     (.common:dycoOledFontCur)
                  200025b8    00000004     (.common:errorSignal)
                  200025bc    00000004     (.common:fOledCharUpdate)
                  200025c0    00000004     (.common:g_ulSampCnt)
                  200025c4    00000004     (.common:modOledCur)
                  200025c8    00000004     (.common:pbOledCur)
                  200025cc    00000004     (.common:pbOledFontCur)
                  200025d0    00000004     (.common:pbOledFontUser)
                  200025d4    00000004     (.common:pbOledPatCur)
                  200025d8    00000004     (.common:pfnDoRop)
                  200025dc    00000004     (.common:slotCount)
                  200025e0    00000004     (.common:switchChannel)
                  200025e4    00000004     (.common:xchOledCur)
                  200025e8    00000004     (.common:xchOledMax)
                  200025ec    00000004     (.common:xcoOledCur)
                  200025f0    00000004     (.common:ychOledCur)
                  200025f4    00000004     (.common:ychOledMax)
                  200025f8    00000004     (.common:ycoOledCur)
                  200025fc    00000002     (.common:currentHeight)
                  200025fe    00000002     (.common:tailErrorSignal)
                  20002600    00000001     (.common:PIDFlag)
                  20002601    00000001     (.common:clrOledCur)
                  20002602    00000001     (.common:currentState)
                  20002603    00000001     (.common:displayFlag)
                  20002604    00000001     (.common:previousState)

.data      0    20002608    00000044     UNINITIALIZED
                  20002608    0000000e     buttons4.obj (.data)
                  20002616    00000002     mainRotorController.obj (.data)
                  20002618    0000000c     rtsv7M4_T_le_v4SPD16_eabi.lib : exit.obj (.data:$O1$$)
                  20002624    0000000c                                   : memory.obj (.data:$O1$$)
                  20002630    00000009     yawFiniteStateMachine.obj (.data)
                  20002639    00000001     --HOLE--
                  2000263a    00000002     tailRotorController.obj (.data)
                  2000263c    00000008     rtsv7M4_T_le_v4SPD16_eabi.lib : _lock.obj (.data:$O1$$)
                  20002644    00000004                                   : stkdepth_vars.obj (.data)
                  20002648    00000004     ustdlib.obj (.data)

MODULE SUMMARY

       Module                         code    ro data   rw data
       ------                         ----    -------   -------
    ./
       ustdlib.obj                    3204    94        4      
       helicopterMain.obj             1044    0         4      
       buttons4.obj                   956     0         34     
       tm4c123gh6pm_startup_ccs.obj   12      620       0      
       mainRotorController.obj        600     0         22     
       yawFiniteStateMachine.obj      544     0         23     
       tailRotorController.obj        504     0         8      
       userDisplay.obj                432     0         0      
       helperFunctions.obj            288     0         0      
       circBufT.obj                   184     0         0      
       helicopterAltitude.obj         108     0         20     
       uartCommunication.obj          116     0         0      
    +--+------------------------------+-------+---------+---------+
       Total:                         7992    714       115    
                                                               
    ./OrbitOLED/
       OrbitOLEDInterface.obj         68      0         0      
    +--+------------------------------+-------+---------+---------+
       Total:                         68      0         0      
                                                               
    ./OrbitOLED/lib_OrbitOled/
       OrbitOledGrph.obj              2384    0         8      
       OrbitOled.obj                  892     0         553    
       OrbitOledChar.obj              516     0         272    
       ChrFont0.obj                   0       768       0      
       delay.obj                      92      0         0      
       FillPat.obj                    0       64        0      
    +--+------------------------------+-------+---------+---------+
       Total:                         3884    832       833    
                                                               
    /home/harry/ti/TivaWare/driverlib/ccs/Debug/driverlib.lib
       gpio.obj                       738     552       0      
       interrupt.obj                  172     112       620    
       sysctl.obj                     610     108       0      
       adc.obj                        400     0         0      
       uart.obj                       142     0         0      
       timer.obj                      120     0         0      
       pwm.obj                        110     0         0      
       ssi.obj                        106     0         0      
       systick.obj                    84      0         0      
       cpu.obj                        12      0         0      
    +--+------------------------------+-------+---------+---------+
       Total:                         2494    772       620    
                                                               
    /home/harry/ti/ccsv7/tools/compiler/ti-cgt-arm_16.9.6.LTS/lib/rtsv7M4_T_le_v4SPD16_eabi.lib
       memory.obj                     976     0         12     
       fd_add_t2.obj                  438     0         0      
       fd_div_t2.obj                  310     0         0      
       fd_mul_t2.obj                  252     0         0      
       memcpy_t2.obj                  156     0         0      
       memset_t2.obj                  122     0         0      
       autoinit.obj                   112     0         0      
       fd_tos_t2.obj                  110     0         0      
       copy_decompress_lzss.obj       104     0         0      
       exit.obj                       84      0         12     
       boot.obj                       84      0         0      
       cpy_tbl.obj                    76      0         0      
       fd_toi_t2.obj                  72      0         0      
       u_divt2.obj                    64      0         0      
       fs_tod_t2.obj                  56      0         0      
       i_tofd_t2.obj                  46      0         0      
       _lock.obj                      20      0         8      
       args_main.obj                  24      0         0      
       copy_decompress_none.obj       14      0         0      
       copy_zero_init.obj             12      0         0      
       pre_init.obj                   4       0         0      
       stkdepth_vars.obj              0       0         4      
       i_div0.obj                     2       0         0      
       mpu_init.obj                   2       0         0      
       startup.obj                    2       0         0      
    +--+------------------------------+-------+---------+---------+
       Total:                         3142    0         36     
                                                               
       Heap:                          0       0         4096   
       Stack:                         0       0         4096   
       Linker Generated:              0       93        0      
    +--+------------------------------+-------+---------+---------+
       Grand Total:                   17580   2411      9796   


LINKER GENERATED COPY TABLES

__TI_cinit_table @ 00004e10 records: 3, size/record: 8, table size: 24
	.data: load addr=00004dc8, load size=00000029 bytes, run addr=20002608, run size=00000044 bytes, compression=lzss
	.bss: load addr=00004e00, load size=00000008 bytes, run addr=20002270, run size=00000395 bytes, compression=zero_init
	.vtable: load addr=00004e08, load size=00000008 bytes, run addr=20000000, run size=0000026c bytes, compression=zero_init


LINKER GENERATED HANDLER TABLE

__TI_handler_table @ 00004df4 records: 3, size/record: 4, table size: 12
	index: 0, handler: __TI_zero_init
	index: 1, handler: __TI_decompress_lzss
	index: 2, handler: __TI_decompress_none


GLOBAL SYMBOLS: SORTED ALPHABETICALLY BY Name 

address   name                           
-------   ----                           
000046b9  ADCIntClear                    
000045e7  ADCIntEnable                   
00003d5d  ADCIntHandler                  
000044b1  ADCIntRegister                 
000044c9  ADCProcessorTrigger            
00004055  ADCSequenceConfigure           
00004459  ADCSequenceDataGet             
00004639  ADCSequenceEnable              
00003b15  ADCSequenceStepConfigure       
00004001  C$$EXIT                        
00004671  CPUcpsie                       
20002598  ChannelA                       
2000259c  ChannelB                       
00003ef9  DelayInit                      
00003f13  DelayMs                        
000043eb  GPIODirModeSet                 
000046fd  GPIOIntClear                   
00004647  GPIOIntDisable                 
0000467d  GPIOIntEnable                  
000044e1  GPIOIntRegister                
00003f55  GPIOIntTypeSet                 
0000346f  GPIOPadConfigSet               
00004141  GPIOPinConfigure               
00004703  GPIOPinRead                    
0000458d  GPIOPinTypeGPIOInput           
000044f9  GPIOPinTypeGPIOOutput          
0000459f  GPIOPinTypePWM                 
000045b1  GPIOPinTypeSSI                 
000045c3  GPIOPinTypeUART                
00004709  GPIOPinWrite                   
00003dc9  IntEnable                      
000045f7  IntMasterEnable                
00004355  IntRegister                    
200025a0  MAIN_PWM                       
0000423f  OLEDInitialise                 
00004219  OLEDStringDraw                 
00002d6d  OrbitOledAdvanceCursor         
000017e1  OrbitOledClampXco              
00001801  OrbitOledClampYco              
000025bd  OrbitOledClear                 
000025c9  OrbitOledClearBuffer           
00002c3d  OrbitOledDefUserChar           
00002539  OrbitOledDevInit               
00001623  OrbitOledDrawChar              
00002cf5  OrbitOledDrawGlyph             
00000fe7  OrbitOledDrawPixel             
0000112d  OrbitOledDrawRect              
00001683  OrbitOledDrawString            
000024bf  OrbitOledDvrInit               
000011b1  OrbitOledFillRect              
000012f5  OrbitOledGetBmp                
00002ca5  OrbitOledGetCharUpdate         
00002c21  OrbitOledGetCursor             
00000fe1  OrbitOledGetDrawMode           
00001013  OrbitOledGetPixel              
00000f37  OrbitOledGetPos                
00000f6b  OrbitOledGetStdPattern         
000023f5  OrbitOledHostInit              
000023e1  OrbitOledInit                  
0000102d  OrbitOledLineTo                
00001779  OrbitOledMoveDown              
000017af  OrbitOledMoveLeft              
000017c7  OrbitOledMoveRight             
00000ef1  OrbitOledMoveTo                
00001741  OrbitOledMoveUp                
00001455  OrbitOledPutBmp                
00002653  OrbitOledPutBuffer             
00002cab  OrbitOledPutChar               
00002cc9  OrbitOledPutString             
000016ef  OrbitOledRopAnd                
000016cb  OrbitOledRopOr                 
000016a1  OrbitOledRopSet                
00001713  OrbitOledRopXor                
00002c8d  OrbitOledSetCharUpdate         
00002bd5  OrbitOledSetCursor             
00000f53  OrbitOledSetDrawColor          
00000f8d  OrbitOledSetDrawMode           
00000f7d  OrbitOledSetFillPattern        
000025f9  OrbitOledUpdate                
20002600  PIDFlag                        
00004415  PWMGenConfigure                
00004689  PWMGenEnable                   
00004607  PWMGenPeriodSet                
000045d5  PWMOutputState                 
00004477  PWMPulseWidthSet               
000046ad  ResetISR                       
UNDEFED   SHT$$INIT_ARRAY$$Base          
UNDEFED   SHT$$INIT_ARRAY$$Limit         
000046f5  SSIBusy                        
0000470f  SSIClockSourceSet              
000042e1  SSIConfigSetExpClk             
00004695  SSIDataGet                     
000046c3  SSIDataPut                     
000046cd  SSIEnable                      
000026b9  Ssi3PutByte                    
000036c1  SysCtlClockGet                 
000038cd  SysCtlClockSet                 
00004715  SysCtlDelay                    
00004529  SysCtlPWMClockSet              
00004389  SysCtlPeripheralEnable         
00004619  SysCtlReset                    
0000453d  SysTickEnable                  
00004551  SysTickIntEnable               
00001841  SysTickIntHandler              
00004495  SysTickIntRegister             
00004629  SysTickPeriodSet               
200025a4  TAIL_PWM                       
00003e99  TimerConfigure                 
00004655  TimerEnable                    
000046d7  TimerValueGet                  
000046e1  UARTCharPut                    
000041d1  UARTConfigSetExpClk            
00004439  UARTDisable                    
00004565  UARTEnable                     
000046eb  UARTFIFOEnable                 
00003c4f  UARTSend                       
2000126c  __STACK_END                    
00001000  __STACK_SIZE                   
2000046c  __STACK_TOP                    
00001000  __SYSMEM_SIZE                  
00004e10  __TI_CINIT_Base                
00004e28  __TI_CINIT_Limit               
00004df4  __TI_Handler_Table_Base        
00004e00  __TI_Handler_Table_Limit       
00003c7d  __TI_auto_init                 
20002618  __TI_cleanup_ptr               
00003e31  __TI_decompress_lzss           
00004663  __TI_decompress_none           
2000261c  __TI_dtors_ptr                 
20002620  __TI_enable_exit_profile_output
ffffffff  __TI_pprof_out_hndl            
ffffffff  __TI_prof_data_size            
ffffffff  __TI_prof_data_start           
00000000  __TI_static_base__             
000046a1  __TI_zero_init                 
00003ced  __aeabi_d2f                    
00004189  __aeabi_d2iz                   
00002fdb  __aeabi_dadd                   
00003339  __aeabi_ddiv                   
000037d1  __aeabi_dmul                   
00002fd1  __aeabi_dsub                   
0000431d  __aeabi_f2d                    
000043bd  __aeabi_i2d                    
00003187  __aeabi_idiv0                  
00003b8f  __aeabi_memclr                 
00003b8f  __aeabi_memclr4                
00003b8f  __aeabi_memclr8                
00003a79  __aeabi_memcpy                 
00003a79  __aeabi_memcpy4                
00003a79  __aeabi_memcpy8                
00003b91  __aeabi_memset                 
00003b91  __aeabi_memset4                
00003b91  __aeabi_memset8                
000042a1  __aeabi_uidiv                  
000042a1  __aeabi_uidivmod               
ffffffff  __binit__                      
ffffffff  __c_args__                     
00003d5b  __mpu_init                     
2000026c  __stack                        
00004511  _args_main                     
00003fad  _c_int00                       
2000263c  _lock                          
00004587  _nop                           
0000457f  _register_lock                 
00004579  _register_unlock               
20001270  _sys_memory                    
00003fab  _system_post_cinit             
0000471b  _system_pre_init               
20002640  _unlock                        
00004005  abort                          
20002630  angleReferenced                
ffffffff  binit                          
200025a8  bnOledCur                      
00001ff5  calloc                         
000021c7  checkButton                    
00003191  clearOLED                      
20002601  clrOledCur                     
000040f5  copy_in                        
20002634  currentAngle                   
200025fc  currentHeight                  
20002602  currentState                   
2000260a  desiredAngle                   
20002608  desiredHeightPercentage        
000031bd  displayAltitudePercentAndYaw   
20002603  displayFlag                    
200025ac  dutyCycle                      
200025b0  dxcoOledFontCur                
200025b4  dycoOledFontCur                
20002580  errorIntegral                  
200025b8  errorSignal                    
20002616  errorSignalPrevious            
0000400d  exit                           
200025bc  fOledCharUpdate                
00003605  findDisplayAngle               
00003277  findMode                       
20002610  flightMode                     
00001d3f  free                           
00003a53  freeCircBuf                    
20002570  g_inBuffer                     
20000000  g_pfnRAMVectors                
00000000  g_pfnVectors                   
200025c0  g_ulSampCnt                    
000035a1  heightAsPercentage             
00003d7b  initADC                        
00002025  initButtons                    
000039c1  initCircBuf                    
0000186b  initClock                      
00003189  initDisplay                    
00002b73  initReferenceTrigger           
00002381  initResetISR                   
00002325  initSwitch                     
00001875  initTimer                      
00002795  initialiseMainRotorPWM         
00002e0d  initialiseTailRotorPWM         
00003c09  initialiseUSB_UART             
000018a5  main                           
000027db  mainRotorControlLoop           
20002644  main_func_sp                   
00001cd5  malloc                         
00001f09  memalign                       
00003a79  memcpy                         
00003b97  memset                         
00001c55  minit                          
200025c4  modOledCur                     
200025c8  pbOledCur                      
200025cc  pbOledFontCur                  
200025d0  pbOledFontUser                 
200025d4  pbOledPatCur                   
200025d8  pfnDoRop                       
20002604  previousState                  
00003a1f  readCircBuf                    
00001dff  realloc                        
20002612  referenceAngle                 
20002638  referenceAngleSet              
00002b4d  referenceTriggerHandler        
00002369  resetISR                       
00004d24  rgbFillPat                     
20002270  rgbOledBmp                     
00004720  rgbOledFont0                   
20002470  rgbOledFontUser                
0000275d  setMainPWM                     
00002dd9  setTailPWM                     
200025dc  slotCount                      
200025e0  switchChannel                  
00002291  switchMode                     
200025fe  tailErrorSignal                
2000263a  tailErrorSignalPrevious        
00002e57  tailRotorControlLoop           
20002615  taken_off                      
20002614  testVariable                   
00000751  ulocaltime                     
0000094f  umktime                        
000020f3  updateButtons                  
00002205  updateDesiredAltAndYawValue    
00000ec9  urand                          
00000721  usnprintf                      
000006ef  usprintf                       
00000eb9  usrand                         
00000e31  ustrcasecmp                    
00000ea5  ustrcmp                        
00000d35  ustrlen                        
00000d8d  ustrncasecmp                   
00000e45  ustrncmp                       
0000026d  ustrncpy                       
00000d57  ustrstr                        
00000afd  ustrtof                        
000009c5  ustrtoul                       
000002c5  uvsnprintf                     
2000260c  variableTest                   
000039eb  writeCircBuf                   
200025e4  xchOledCur                     
200025e8  xchOledMax                     
200025ec  xcoOledCur                     
000029b5  yawFSM                         
00002acf  yawFSMInit                     
200025f0  ychOledCur                     
200025f4  ychOledMax                     
200025f8  ycoOledCur                     


GLOBAL SYMBOLS: SORTED BY Symbol Address 

address   name                           
-------   ----                           
00000000  __TI_static_base__             
00000000  g_pfnVectors                   
0000026d  ustrncpy                       
000002c5  uvsnprintf                     
000006ef  usprintf                       
00000721  usnprintf                      
00000751  ulocaltime                     
0000094f  umktime                        
000009c5  ustrtoul                       
00000afd  ustrtof                        
00000d35  ustrlen                        
00000d57  ustrstr                        
00000d8d  ustrncasecmp                   
00000e31  ustrcasecmp                    
00000e45  ustrncmp                       
00000ea5  ustrcmp                        
00000eb9  usrand                         
00000ec9  urand                          
00000ef1  OrbitOledMoveTo                
00000f37  OrbitOledGetPos                
00000f53  OrbitOledSetDrawColor          
00000f6b  OrbitOledGetStdPattern         
00000f7d  OrbitOledSetFillPattern        
00000f8d  OrbitOledSetDrawMode           
00000fe1  OrbitOledGetDrawMode           
00000fe7  OrbitOledDrawPixel             
00001000  __STACK_SIZE                   
00001000  __SYSMEM_SIZE                  
00001013  OrbitOledGetPixel              
0000102d  OrbitOledLineTo                
0000112d  OrbitOledDrawRect              
000011b1  OrbitOledFillRect              
000012f5  OrbitOledGetBmp                
00001455  OrbitOledPutBmp                
00001623  OrbitOledDrawChar              
00001683  OrbitOledDrawString            
000016a1  OrbitOledRopSet                
000016cb  OrbitOledRopOr                 
000016ef  OrbitOledRopAnd                
00001713  OrbitOledRopXor                
00001741  OrbitOledMoveUp                
00001779  OrbitOledMoveDown              
000017af  OrbitOledMoveLeft              
000017c7  OrbitOledMoveRight             
000017e1  OrbitOledClampXco              
00001801  OrbitOledClampYco              
00001841  SysTickIntHandler              
0000186b  initClock                      
00001875  initTimer                      
000018a5  main                           
00001c55  minit                          
00001cd5  malloc                         
00001d3f  free                           
00001dff  realloc                        
00001f09  memalign                       
00001ff5  calloc                         
00002025  initButtons                    
000020f3  updateButtons                  
000021c7  checkButton                    
00002205  updateDesiredAltAndYawValue    
00002291  switchMode                     
00002325  initSwitch                     
00002369  resetISR                       
00002381  initResetISR                   
000023e1  OrbitOledInit                  
000023f5  OrbitOledHostInit              
000024bf  OrbitOledDvrInit               
00002539  OrbitOledDevInit               
000025bd  OrbitOledClear                 
000025c9  OrbitOledClearBuffer           
000025f9  OrbitOledUpdate                
00002653  OrbitOledPutBuffer             
000026b9  Ssi3PutByte                    
0000275d  setMainPWM                     
00002795  initialiseMainRotorPWM         
000027db  mainRotorControlLoop           
000029b5  yawFSM                         
00002acf  yawFSMInit                     
00002b4d  referenceTriggerHandler        
00002b73  initReferenceTrigger           
00002bd5  OrbitOledSetCursor             
00002c21  OrbitOledGetCursor             
00002c3d  OrbitOledDefUserChar           
00002c8d  OrbitOledSetCharUpdate         
00002ca5  OrbitOledGetCharUpdate         
00002cab  OrbitOledPutChar               
00002cc9  OrbitOledPutString             
00002cf5  OrbitOledDrawGlyph             
00002d6d  OrbitOledAdvanceCursor         
00002dd9  setTailPWM                     
00002e0d  initialiseTailRotorPWM         
00002e57  tailRotorControlLoop           
00002fd1  __aeabi_dsub                   
00002fdb  __aeabi_dadd                   
00003187  __aeabi_idiv0                  
00003189  initDisplay                    
00003191  clearOLED                      
000031bd  displayAltitudePercentAndYaw   
00003277  findMode                       
00003339  __aeabi_ddiv                   
0000346f  GPIOPadConfigSet               
000035a1  heightAsPercentage             
00003605  findDisplayAngle               
000036c1  SysCtlClockGet                 
000037d1  __aeabi_dmul                   
000038cd  SysCtlClockSet                 
000039c1  initCircBuf                    
000039eb  writeCircBuf                   
00003a1f  readCircBuf                    
00003a53  freeCircBuf                    
00003a79  __aeabi_memcpy                 
00003a79  __aeabi_memcpy4                
00003a79  __aeabi_memcpy8                
00003a79  memcpy                         
00003b15  ADCSequenceStepConfigure       
00003b8f  __aeabi_memclr                 
00003b8f  __aeabi_memclr4                
00003b8f  __aeabi_memclr8                
00003b91  __aeabi_memset                 
00003b91  __aeabi_memset4                
00003b91  __aeabi_memset8                
00003b97  memset                         
00003c09  initialiseUSB_UART             
00003c4f  UARTSend                       
00003c7d  __TI_auto_init                 
00003ced  __aeabi_d2f                    
00003d5b  __mpu_init                     
00003d5d  ADCIntHandler                  
00003d7b  initADC                        
00003dc9  IntEnable                      
00003e31  __TI_decompress_lzss           
00003e99  TimerConfigure                 
00003ef9  DelayInit                      
00003f13  DelayMs                        
00003f55  GPIOIntTypeSet                 
00003fab  _system_post_cinit             
00003fad  _c_int00                       
00004001  C$$EXIT                        
00004005  abort                          
0000400d  exit                           
00004055  ADCSequenceConfigure           
000040f5  copy_in                        
00004141  GPIOPinConfigure               
00004189  __aeabi_d2iz                   
000041d1  UARTConfigSetExpClk            
00004219  OLEDStringDraw                 
0000423f  OLEDInitialise                 
000042a1  __aeabi_uidiv                  
000042a1  __aeabi_uidivmod               
000042e1  SSIConfigSetExpClk             
0000431d  __aeabi_f2d                    
00004355  IntRegister                    
00004389  SysCtlPeripheralEnable         
000043bd  __aeabi_i2d                    
000043eb  GPIODirModeSet                 
00004415  PWMGenConfigure                
00004439  UARTDisable                    
00004459  ADCSequenceDataGet             
00004477  PWMPulseWidthSet               
00004495  SysTickIntRegister             
000044b1  ADCIntRegister                 
000044c9  ADCProcessorTrigger            
000044e1  GPIOIntRegister                
000044f9  GPIOPinTypeGPIOOutput          
00004511  _args_main                     
00004529  SysCtlPWMClockSet              
0000453d  SysTickEnable                  
00004551  SysTickIntEnable               
00004565  UARTEnable                     
00004579  _register_unlock               
0000457f  _register_lock                 
00004587  _nop                           
0000458d  GPIOPinTypeGPIOInput           
0000459f  GPIOPinTypePWM                 
000045b1  GPIOPinTypeSSI                 
000045c3  GPIOPinTypeUART                
000045d5  PWMOutputState                 
000045e7  ADCIntEnable                   
000045f7  IntMasterEnable                
00004607  PWMGenPeriodSet                
00004619  SysCtlReset                    
00004629  SysTickPeriodSet               
00004639  ADCSequenceEnable              
00004647  GPIOIntDisable                 
00004655  TimerEnable                    
00004663  __TI_decompress_none           
00004671  CPUcpsie                       
0000467d  GPIOIntEnable                  
00004689  PWMGenEnable                   
00004695  SSIDataGet                     
000046a1  __TI_zero_init                 
000046ad  ResetISR                       
000046b9  ADCIntClear                    
000046c3  SSIDataPut                     
000046cd  SSIEnable                      
000046d7  TimerValueGet                  
000046e1  UARTCharPut                    
000046eb  UARTFIFOEnable                 
000046f5  SSIBusy                        
000046fd  GPIOIntClear                   
00004703  GPIOPinRead                    
00004709  GPIOPinWrite                   
0000470f  SSIClockSourceSet              
00004715  SysCtlDelay                    
0000471b  _system_pre_init               
00004720  rgbOledFont0                   
00004d24  rgbFillPat                     
00004df4  __TI_Handler_Table_Base        
00004e00  __TI_Handler_Table_Limit       
00004e10  __TI_CINIT_Base                
00004e28  __TI_CINIT_Limit               
20000000  g_pfnRAMVectors                
2000026c  __stack                        
2000046c  __STACK_TOP                    
2000126c  __STACK_END                    
20001270  _sys_memory                    
20002270  rgbOledBmp                     
20002470  rgbOledFontUser                
20002570  g_inBuffer                     
20002580  errorIntegral                  
20002598  ChannelA                       
2000259c  ChannelB                       
200025a0  MAIN_PWM                       
200025a4  TAIL_PWM                       
200025a8  bnOledCur                      
200025ac  dutyCycle                      
200025b0  dxcoOledFontCur                
200025b4  dycoOledFontCur                
200025b8  errorSignal                    
200025bc  fOledCharUpdate                
200025c0  g_ulSampCnt                    
200025c4  modOledCur                     
200025c8  pbOledCur                      
200025cc  pbOledFontCur                  
200025d0  pbOledFontUser                 
200025d4  pbOledPatCur                   
200025d8  pfnDoRop                       
200025dc  slotCount                      
200025e0  switchChannel                  
200025e4  xchOledCur                     
200025e8  xchOledMax                     
200025ec  xcoOledCur                     
200025f0  ychOledCur                     
200025f4  ychOledMax                     
200025f8  ycoOledCur                     
200025fc  currentHeight                  
200025fe  tailErrorSignal                
20002600  PIDFlag                        
20002601  clrOledCur                     
20002602  currentState                   
20002603  displayFlag                    
20002604  previousState                  
20002608  desiredHeightPercentage        
2000260a  desiredAngle                   
2000260c  variableTest                   
20002610  flightMode                     
20002612  referenceAngle                 
20002614  testVariable                   
20002615  taken_off                      
20002616  errorSignalPrevious            
20002618  __TI_cleanup_ptr               
2000261c  __TI_dtors_ptr                 
20002620  __TI_enable_exit_profile_output
20002630  angleReferenced                
20002634  currentAngle                   
20002638  referenceAngleSet              
2000263a  tailErrorSignalPrevious        
2000263c  _lock                          
20002640  _unlock                        
20002644  main_func_sp                   
ffffffff  __TI_pprof_out_hndl            
ffffffff  __TI_prof_data_size            
ffffffff  __TI_prof_data_start           
ffffffff  __binit__                      
ffffffff  __c_args__                     
ffffffff  binit                          
UNDEFED   SHT$$INIT_ARRAY$$Base          
UNDEFED   SHT$$INIT_ARRAY$$Limit         

[278 symbols]
