******************************************************************************
                  TI ARM Linker Unix v16.9.6                   
******************************************************************************
>> Linked Sun May 26 15:40:13 2019

OUTPUT FILE NAME:   <Helicopter_Final.out>
ENTRY POINT SYMBOL: "_c_int00"  address: 00003fa1


MEMORY CONFIGURATION

         name            origin    length      used     unused   attr    fill
----------------------  --------  ---------  --------  --------  ----  --------
  FLASH                 00000000   00040000  00004e08  0003b1f8  R  X
  SRAM                  20000000   00008000  00002645  000059bb  RW X


SEGMENT ALLOCATION MAP

run origin  load origin   length   init length attrs members
----------  ----------- ---------- ----------- ----- -------
00000000    00000000    00004e08   00004e08    r-x
  00000000    00000000    0000026c   0000026c    r-- .intvecs
  0000026c    0000026c    00004498   00004498    r-x .text
  00004704    00004704    000006a4   000006a4    r-- .const
  00004da8    00004da8    00000060   00000060    r-- .cinit
20000000    20000000    0000264c   00000000    rw-
  20000000    20000000    0000026c   00000000    rw- .vtable
  2000026c    2000026c    00001000   00000000    rw- .stack
  20001270    20001270    00001000   00000000    rw- .sysmem
  20002270    20002270    00000395   00000000    rw- .bss
  20002608    20002608    00000044   00000000    rw- .data


SECTION ALLOCATION MAP

 output                                  attributes/
section   page    origin      length       input sections
--------  ----  ----------  ----------   ----------------
.intvecs   0    00000000    0000026c     
                  00000000    0000026c     tm4c123gh6pm_startup_ccs.obj (.intvecs)

.text      0    0000026c    00004498     
                  0000026c    00000c84     ustdlib.obj (.text)
                  00000ef0    00000950     OrbitOledGrph.obj (.text)
                  00001840    0000042c     helicopterMain.obj (.text)
                  00001c6c    000003d0     rtsv7M4_T_le_v4SPD16_eabi.lib : memory.obj (.text)
                  0000203c    000003a0     buttons4.obj (.text)
                  000023dc    0000037c     OrbitOled.obj (.text)
                  00002758    000002d4     yawFiniteStateMachine.obj (.text)
                  00002a2c    00000258     mainRotorController.obj (.text)
                  00002c84    00000204     OrbitOledChar.obj (.text)
                  00002e88    000001f8     tailRotorController.obj (.text)
                  00003080    000001b6     rtsv7M4_T_le_v4SPD16_eabi.lib : fd_add_t2.obj (.text)
                  00003236    00000002                                   : i_div0.obj (.text)
                  00003238    000001b0     userDisplay.obj (.text)
                  000033e8    00000136     rtsv7M4_T_le_v4SPD16_eabi.lib : fd_div_t2.obj (.text)
                  0000351e    00000132     driverlib.lib : gpio.obj (.text:GPIOPadConfigSet)
                  00003650    00000110                   : sysctl.obj (.text:SysCtlClockGet)
                  00003760    000000fc     rtsv7M4_T_le_v4SPD16_eabi.lib : fd_mul_t2.obj (.text)
                  0000385c    000000f4     driverlib.lib : sysctl.obj (.text:SysCtlClockSet)
                  00003950    000000b8     circBufT.obj (.text)
                  00003a08    0000009c     rtsv7M4_T_le_v4SPD16_eabi.lib : memcpy_t2.obj (.text)
                  00003aa4    0000007a     driverlib.lib : adc.obj (.text:ADCSequenceStepConfigure)
                  00003b1e    0000007a     rtsv7M4_T_le_v4SPD16_eabi.lib : memset_t2.obj (.text)
                  00003b98    00000074     uartCommunication.obj (.text)
                  00003c0c    00000070     rtsv7M4_T_le_v4SPD16_eabi.lib : autoinit.obj (.text)
                  00003c7c    0000006e                                   : fd_tos_t2.obj (.text)
                  00003cea    00000002                                   : mpu_init.obj (.text)
                  00003cec    0000006c     helicopterAltitude.obj (.text)
                  00003d58    00000068     driverlib.lib : interrupt.obj (.text:IntEnable)
                  00003dc0    00000068     rtsv7M4_T_le_v4SPD16_eabi.lib : copy_decompress_lzss.obj (.text:decompress:lzss)
                  00003e28    00000064     helperFunctions.obj (.text)
                  00003e8c    00000060     driverlib.lib : timer.obj (.text:TimerConfigure)
                  00003eec    0000005c     delay.obj (.text)
                  00003f48    00000056     driverlib.lib : gpio.obj (.text:GPIOIntTypeSet)
                  00003f9e    00000002     rtsv7M4_T_le_v4SPD16_eabi.lib : startup.obj (.text)
                  00003fa0    00000054                                   : boot.obj (.text)
                  00003ff4    00000054                                   : exit.obj (.text)
                  00004048    00000050     driverlib.lib : adc.obj (.text:ADCSequenceConfigure)
                  00004098    00000050                   : adc.obj (.text:_ADCIntNumberGet)
                  000040e8    0000004c     rtsv7M4_T_le_v4SPD16_eabi.lib : cpy_tbl.obj (.text)
                  00004134    00000048     driverlib.lib : gpio.obj (.text:GPIOPinConfigure)
                  0000417c    00000048     rtsv7M4_T_le_v4SPD16_eabi.lib : fd_toi_t2.obj (.text)
                  000041c4    00000046     driverlib.lib : uart.obj (.text:UARTConfigSetExpClk)
                  0000420a    00000002     --HOLE-- [fill = 0]
                  0000420c    00000044     OrbitOLEDInterface.obj (.text)
                  00004250    00000044     driverlib.lib : gpio.obj (.text:_GPIOIntNumberGet)
                  00004294    00000040     rtsv7M4_T_le_v4SPD16_eabi.lib : u_divt2.obj (.text)
                  000042d4    0000003c     driverlib.lib : ssi.obj (.text:SSIConfigSetExpClk)
                  00004310    00000038     rtsv7M4_T_le_v4SPD16_eabi.lib : fs_tod_t2.obj (.text)
                  00004348    00000034     driverlib.lib : interrupt.obj (.text:IntRegister)
                  0000437c    00000034                   : sysctl.obj (.text:SysCtlPeripheralEnable)
                  000043b0    0000002e     rtsv7M4_T_le_v4SPD16_eabi.lib : i_tofd_t2.obj (.text)
                  000043de    0000002a     driverlib.lib : gpio.obj (.text:GPIODirModeSet)
                  00004408    00000022                   : pwm.obj (.text:PWMGenConfigure)
                  0000442a    00000002     --HOLE-- [fill = 0]
                  0000442c    00000020                   : uart.obj (.text:UARTDisable)
                  0000444c    0000001e                   : adc.obj (.text:ADCSequenceDataGet)
                  0000446a    0000001e                   : pwm.obj (.text:PWMPulseWidthSet)
                  00004488    0000001c                   : systick.obj (.text:SysTickIntRegister)
                  000044a4    00000018                   : adc.obj (.text:ADCIntRegister)
                  000044bc    00000018                   : adc.obj (.text:ADCProcessorTrigger)
                  000044d4    00000018                   : gpio.obj (.text:GPIOIntRegister)
                  000044ec    00000018                   : gpio.obj (.text:GPIOPinTypeGPIOOutput)
                  00004504    00000018     rtsv7M4_T_le_v4SPD16_eabi.lib : args_main.obj (.text)
                  0000451c    00000014     driverlib.lib : sysctl.obj (.text:SysCtlPWMClockSet)
                  00004530    00000014                   : systick.obj (.text:SysTickEnable)
                  00004544    00000014                   : systick.obj (.text:SysTickIntEnable)
                  00004558    00000014                   : uart.obj (.text:UARTEnable)
                  0000456c    00000014     rtsv7M4_T_le_v4SPD16_eabi.lib : _lock.obj (.text)
                  00004580    00000012     driverlib.lib : gpio.obj (.text:GPIOPinTypeGPIOInput)
                  00004592    00000012                   : gpio.obj (.text:GPIOPinTypePWM)
                  000045a4    00000012                   : gpio.obj (.text:GPIOPinTypeSSI)
                  000045b6    00000012                   : gpio.obj (.text:GPIOPinTypeUART)
                  000045c8    00000012                   : pwm.obj (.text:PWMOutputState)
                  000045da    00000010                   : adc.obj (.text:ADCIntEnable)
                  000045ea    00000010                   : interrupt.obj (.text:IntMasterEnable)
                  000045fa    00000010                   : pwm.obj (.text:PWMGenPeriodSet)
                  0000460a    00000002     --HOLE-- [fill = 0]
                  0000460c    00000010                   : sysctl.obj (.text:SysCtlReset)
                  0000461c    00000010                   : systick.obj (.text:SysTickPeriodSet)
                  0000462c    0000000e                   : adc.obj (.text:ADCSequenceEnable)
                  0000463a    0000000e                   : timer.obj (.text:TimerEnable)
                  00004648    0000000e     rtsv7M4_T_le_v4SPD16_eabi.lib : copy_decompress_none.obj (.text:decompress:none)
                  00004656    0000000c     driverlib.lib : cpu.obj (.text:CPUcpsie)
                  00004662    0000000c                   : gpio.obj (.text:GPIOIntEnable)
                  0000466e    0000000c                   : pwm.obj (.text:PWMGenEnable)
                  0000467a    0000000c                   : ssi.obj (.text:SSIDataGet)
                  00004686    0000000c     rtsv7M4_T_le_v4SPD16_eabi.lib : copy_zero_init.obj (.text:decompress:ZI)
                  00004692    0000000c     tm4c123gh6pm_startup_ccs.obj (.text)
                  0000469e    0000000a     driverlib.lib : adc.obj (.text:ADCIntClear)
                  000046a8    0000000a                   : ssi.obj (.text:SSIDataPut)
                  000046b2    0000000a                   : ssi.obj (.text:SSIEnable)
                  000046bc    0000000a                   : timer.obj (.text:TimerValueGet)
                  000046c6    0000000a                   : uart.obj (.text:UARTCharPut)
                  000046d0    0000000a                   : uart.obj (.text:UARTFIFOEnable)
                  000046da    00000008                   : ssi.obj (.text:SSIBusy)
                  000046e2    00000006                   : gpio.obj (.text:GPIOIntClear)
                  000046e8    00000006                   : gpio.obj (.text:GPIOPinRead)
                  000046ee    00000006                   : gpio.obj (.text:GPIOPinWrite)
                  000046f4    00000006                   : ssi.obj (.text:SSIClockSourceSet)
                  000046fa    00000006                   : sysctl.obj (.text:SysCtlDelay)
                  00004700    00000004     rtsv7M4_T_le_v4SPD16_eabi.lib : pre_init.obj (.text)

.const     0    00004704    000006a4     
                  00004704    00000300     ChrFont0.obj (.const:.string:rgbOledFont0)
                  00004a04    000000d8     driverlib.lib : gpio.obj (.const:g_ppui32GPIOIntMapSnowflake)
                  00004adc    000000c0                   : gpio.obj (.const:g_ppui32GPIOIntMapBlizzard)
                  00004b9c    00000090                   : gpio.obj (.const:g_pui32GPIOBaseAddrs)
                  00004c2c    00000070                   : interrupt.obj (.const)
                  00004c9c    0000006c                   : sysctl.obj (.const:g_pui32Xtals)
                  00004d08    00000040     FillPat.obj (.const:.string:rgbFillPat)
                  00004d48    00000030     ustdlib.obj (.const:g_psDaysToMonth)
                  00004d78    00000018     ustdlib.obj (.const:g_pfExponents)
                  00004d90    00000012     ustdlib.obj (.const:.string)
                  00004da2    00000002     --HOLE-- [fill = 0]
                  00004da4    00000004     ustdlib.obj (.const)

.cinit     0    00004da8    00000060     
                  00004da8    00000029     (.cinit..data.load) [load image, compression = lzss]
                  00004dd1    00000003     --HOLE-- [fill = 0]
                  00004dd4    0000000c     (__TI_handler_table)
                  00004de0    00000008     (.cinit..bss.load) [load image, compression = zero_init]
                  00004de8    00000008     (.cinit..vtable.load) [load image, compression = zero_init]
                  00004df0    00000018     (__TI_cinit_table)

.init_array 
*          0    00000000    00000000     UNINITIALIZED

.vtable    0    20000000    0000026c     UNINITIALIZED
                  20000000    0000026c     driverlib.lib : interrupt.obj (.vtable)

.stack     0    2000026c    00001000     UNINITIALIZED
                  2000026c    00001000     --HOLE--

.sysmem    0    20001270    00001000     UNINITIALIZED
                  20001270    00000008     rtsv7M4_T_le_v4SPD16_eabi.lib : memory.obj (.sysmem)
                  20001278    00000ff8     --HOLE--

.bss       0    20002270    00000395     UNINITIALIZED
                  20002270    00000200     (.common:rgbOledBmp)
                  20002470    00000100     (.common:rgbOledFontUser)
                  20002570    00000010     (.common:g_inBuffer)
                  20002580    00000008     (.common:errorIntegral)
                  20002588    00000004     buttons4.obj (.bss:but_count)
                  2000258c    00000004     buttons4.obj (.bss:but_flag)
                  20002590    00000004     buttons4.obj (.bss:but_normal)
                  20002594    00000004     buttons4.obj (.bss:but_state)
                  20002598    00000004     (.common:ChannelA)
                  2000259c    00000004     (.common:ChannelB)
                  200025a0    00000004     (.common:MAIN_PWM)
                  200025a4    00000004     (.common:TAIL_PWM)
                  200025a8    00000004     (.common:bnOledCur)
                  200025ac    00000004     (.common:dutyCycle)
                  200025b0    00000004     (.common:dxcoOledFontCur)
                  200025b4    00000004     (.common:dycoOledFontCur)
                  200025b8    00000004     (.common:errorSignal)
                  200025bc    00000004     (.common:fOledCharUpdate)
                  200025c0    00000004     (.common:g_ulSampCnt)
                  200025c4    00000004     (.common:modOledCur)
                  200025c8    00000004     (.common:pbOledCur)
                  200025cc    00000004     (.common:pbOledFontCur)
                  200025d0    00000004     (.common:pbOledFontUser)
                  200025d4    00000004     (.common:pbOledPatCur)
                  200025d8    00000004     (.common:pfnDoRop)
                  200025dc    00000004     (.common:slotCount)
                  200025e0    00000004     (.common:switchChannel)
                  200025e4    00000004     (.common:xchOledCur)
                  200025e8    00000004     (.common:xchOledMax)
                  200025ec    00000004     (.common:xcoOledCur)
                  200025f0    00000004     (.common:ychOledCur)
                  200025f4    00000004     (.common:ychOledMax)
                  200025f8    00000004     (.common:ycoOledCur)
                  200025fc    00000002     (.common:currentHeight)
                  200025fe    00000002     (.common:tailErrorSignal)
                  20002600    00000001     (.common:PIDFlag)
                  20002601    00000001     (.common:clrOledCur)
                  20002602    00000001     (.common:currentState)
                  20002603    00000001     (.common:displayFlag)
                  20002604    00000001     (.common:previousState)

.data      0    20002608    00000044     UNINITIALIZED
                  20002608    0000000e     buttons4.obj (.data)
                  20002616    00000002     mainRotorController.obj (.data)
                  20002618    0000000c     rtsv7M4_T_le_v4SPD16_eabi.lib : exit.obj (.data:$O1$$)
                  20002624    0000000c                                   : memory.obj (.data:$O1$$)
                  20002630    00000009     yawFiniteStateMachine.obj (.data)
                  20002639    00000001     --HOLE--
                  2000263a    00000002     tailRotorController.obj (.data)
                  2000263c    00000008     rtsv7M4_T_le_v4SPD16_eabi.lib : _lock.obj (.data:$O1$$)
                  20002644    00000004                                   : stkdepth_vars.obj (.data)
                  20002648    00000004     ustdlib.obj (.data)

MODULE SUMMARY

       Module                         code    ro data   rw data
       ------                         ----    -------   -------
    ./
       ustdlib.obj                    3204    94        4      
       helicopterMain.obj             1068    0         4      
       buttons4.obj                   928     0         34     
       yawFiniteStateMachine.obj      724     0         23     
       tm4c123gh6pm_startup_ccs.obj   12      620       0      
       mainRotorController.obj        600     0         22     
       tailRotorController.obj        504     0         8      
       userDisplay.obj                432     0         0      
       circBufT.obj                   184     0         0      
       helicopterAltitude.obj         108     0         20     
       uartCommunication.obj          116     0         0      
       helperFunctions.obj            100     0         0      
    +--+------------------------------+-------+---------+---------+
       Total:                         7980    714       115    
                                                               
    ./OrbitOLED/
       OrbitOLEDInterface.obj         68      0         0      
    +--+------------------------------+-------+---------+---------+
       Total:                         68      0         0      
                                                               
    ./OrbitOLED/lib_OrbitOled/
       OrbitOledGrph.obj              2384    0         8      
       OrbitOled.obj                  892     0         553    
       OrbitOledChar.obj              516     0         272    
       ChrFont0.obj                   0       768       0      
       delay.obj                      92      0         0      
       FillPat.obj                    0       64        0      
    +--+------------------------------+-------+---------+---------+
       Total:                         3884    832       833    
                                                               
    /home/harry/ti/TivaWare/driverlib/ccs/Debug/driverlib.lib
       gpio.obj                       724     552       0      
       interrupt.obj                  172     112       620    
       sysctl.obj                     610     108       0      
       adc.obj                        400     0         0      
       uart.obj                       142     0         0      
       timer.obj                      120     0         0      
       pwm.obj                        110     0         0      
       ssi.obj                        106     0         0      
       systick.obj                    84      0         0      
       cpu.obj                        12      0         0      
    +--+------------------------------+-------+---------+---------+
       Total:                         2480    772       620    
                                                               
    /home/harry/ti/ccsv7/tools/compiler/ti-cgt-arm_16.9.6.LTS/lib/rtsv7M4_T_le_v4SPD16_eabi.lib
       memory.obj                     976     0         12     
       fd_add_t2.obj                  438     0         0      
       fd_div_t2.obj                  310     0         0      
       fd_mul_t2.obj                  252     0         0      
       memcpy_t2.obj                  156     0         0      
       memset_t2.obj                  122     0         0      
       autoinit.obj                   112     0         0      
       fd_tos_t2.obj                  110     0         0      
       copy_decompress_lzss.obj       104     0         0      
       exit.obj                       84      0         12     
       boot.obj                       84      0         0      
       cpy_tbl.obj                    76      0         0      
       fd_toi_t2.obj                  72      0         0      
       u_divt2.obj                    64      0         0      
       fs_tod_t2.obj                  56      0         0      
       i_tofd_t2.obj                  46      0         0      
       _lock.obj                      20      0         8      
       args_main.obj                  24      0         0      
       copy_decompress_none.obj       14      0         0      
       copy_zero_init.obj             12      0         0      
       pre_init.obj                   4       0         0      
       stkdepth_vars.obj              0       0         4      
       i_div0.obj                     2       0         0      
       mpu_init.obj                   2       0         0      
       startup.obj                    2       0         0      
    +--+------------------------------+-------+---------+---------+
       Total:                         3142    0         36     
                                                               
       Heap:                          0       0         4096   
       Stack:                         0       0         4096   
       Linker Generated:              0       93        0      
    +--+------------------------------+-------+---------+---------+
       Grand Total:                   17554   2411      9796   


LINKER GENERATED COPY TABLES

__TI_cinit_table @ 00004df0 records: 3, size/record: 8, table size: 24
	.data: load addr=00004da8, load size=00000029 bytes, run addr=20002608, run size=00000044 bytes, compression=lzss
	.bss: load addr=00004de0, load size=00000008 bytes, run addr=20002270, run size=00000395 bytes, compression=zero_init
	.vtable: load addr=00004de8, load size=00000008 bytes, run addr=20000000, run size=0000026c bytes, compression=zero_init


LINKER GENERATED HANDLER TABLE

__TI_handler_table @ 00004dd4 records: 3, size/record: 4, table size: 12
	index: 0, handler: __TI_zero_init
	index: 1, handler: __TI_decompress_lzss
	index: 2, handler: __TI_decompress_none


GLOBAL SYMBOLS: SORTED ALPHABETICALLY BY Name 

address   name                           
-------   ----                           
0000469f  ADCIntClear                    
000045db  ADCIntEnable                   
00003ced  ADCIntHandler                  
000044a5  ADCIntRegister                 
000044bd  ADCProcessorTrigger            
00004049  ADCSequenceConfigure           
0000444d  ADCSequenceDataGet             
0000462d  ADCSequenceEnable              
00003aa5  ADCSequenceStepConfigure       
00003ff5  C$$EXIT                        
00004657  CPUcpsie                       
20002598  ChannelA                       
2000259c  ChannelB                       
00003eed  DelayInit                      
00003f07  DelayMs                        
000043df  GPIODirModeSet                 
000046e3  GPIOIntClear                   
00004663  GPIOIntEnable                  
000044d5  GPIOIntRegister                
00003f49  GPIOIntTypeSet                 
0000351f  GPIOPadConfigSet               
00004135  GPIOPinConfigure               
000046e9  GPIOPinRead                    
00004581  GPIOPinTypeGPIOInput           
000044ed  GPIOPinTypeGPIOOutput          
00004593  GPIOPinTypePWM                 
000045a5  GPIOPinTypeSSI                 
000045b7  GPIOPinTypeUART                
000046ef  GPIOPinWrite                   
00003d59  IntEnable                      
000045eb  IntMasterEnable                
00004349  IntRegister                    
200025a0  MAIN_PWM                       
00004233  OLEDInitialise                 
0000420d  OLEDStringDraw                 
00002e1d  OrbitOledAdvanceCursor         
000017e1  OrbitOledClampXco              
00001801  OrbitOledClampYco              
000025b9  OrbitOledClear                 
000025c5  OrbitOledClearBuffer           
00002ced  OrbitOledDefUserChar           
00002535  OrbitOledDevInit               
00001623  OrbitOledDrawChar              
00002da5  OrbitOledDrawGlyph             
00000fe7  OrbitOledDrawPixel             
0000112d  OrbitOledDrawRect              
00001683  OrbitOledDrawString            
000024bb  OrbitOledDvrInit               
000011b1  OrbitOledFillRect              
000012f5  OrbitOledGetBmp                
00002d55  OrbitOledGetCharUpdate         
00002cd1  OrbitOledGetCursor             
00000fe1  OrbitOledGetDrawMode           
00001013  OrbitOledGetPixel              
00000f37  OrbitOledGetPos                
00000f6b  OrbitOledGetStdPattern         
000023f1  OrbitOledHostInit              
000023dd  OrbitOledInit                  
0000102d  OrbitOledLineTo                
00001779  OrbitOledMoveDown              
000017af  OrbitOledMoveLeft              
000017c7  OrbitOledMoveRight             
00000ef1  OrbitOledMoveTo                
00001741  OrbitOledMoveUp                
00001455  OrbitOledPutBmp                
0000264f  OrbitOledPutBuffer             
00002d5b  OrbitOledPutChar               
00002d79  OrbitOledPutString             
000016ef  OrbitOledRopAnd                
000016cb  OrbitOledRopOr                 
000016a1  OrbitOledRopSet                
00001713  OrbitOledRopXor                
00002d3d  OrbitOledSetCharUpdate         
00002c85  OrbitOledSetCursor             
00000f53  OrbitOledSetDrawColor          
00000f8d  OrbitOledSetDrawMode           
00000f7d  OrbitOledSetFillPattern        
000025f5  OrbitOledUpdate                
20002600  PIDFlag                        
00004409  PWMGenConfigure                
0000466f  PWMGenEnable                   
000045fb  PWMGenPeriodSet                
000045c9  PWMOutputState                 
0000446b  PWMPulseWidthSet               
00004693  ResetISR                       
UNDEFED   SHT$$INIT_ARRAY$$Base          
UNDEFED   SHT$$INIT_ARRAY$$Limit         
000046db  SSIBusy                        
000046f5  SSIClockSourceSet              
000042d5  SSIConfigSetExpClk             
0000467b  SSIDataGet                     
000046a9  SSIDataPut                     
000046b3  SSIEnable                      
000026b5  Ssi3PutByte                    
00003651  SysCtlClockGet                 
0000385d  SysCtlClockSet                 
000046fb  SysCtlDelay                    
0000451d  SysCtlPWMClockSet              
0000437d  SysCtlPeripheralEnable         
0000460d  SysCtlReset                    
00004531  SysTickEnable                  
00004545  SysTickIntEnable               
00001841  SysTickIntHandler              
00004489  SysTickIntRegister             
0000461d  SysTickPeriodSet               
200025a4  TAIL_PWM                       
00003e8d  TimerConfigure                 
0000463b  TimerEnable                    
000046bd  TimerValueGet                  
000046c7  UARTCharPut                    
000041c5  UARTConfigSetExpClk            
0000442d  UARTDisable                    
00004559  UARTEnable                     
000046d1  UARTFIFOEnable                 
00003bdf  UARTSend                       
2000126c  __STACK_END                    
00001000  __STACK_SIZE                   
2000046c  __STACK_TOP                    
00001000  __SYSMEM_SIZE                  
00004df0  __TI_CINIT_Base                
00004e08  __TI_CINIT_Limit               
00004dd4  __TI_Handler_Table_Base        
00004de0  __TI_Handler_Table_Limit       
00003c0d  __TI_auto_init                 
20002618  __TI_cleanup_ptr               
00003dc1  __TI_decompress_lzss           
00004649  __TI_decompress_none           
2000261c  __TI_dtors_ptr                 
20002620  __TI_enable_exit_profile_output
ffffffff  __TI_pprof_out_hndl            
ffffffff  __TI_prof_data_size            
ffffffff  __TI_prof_data_start           
00000000  __TI_static_base__             
00004687  __TI_zero_init                 
00003c7d  __aeabi_d2f                    
0000417d  __aeabi_d2iz                   
0000308b  __aeabi_dadd                   
000033e9  __aeabi_ddiv                   
00003761  __aeabi_dmul                   
00003081  __aeabi_dsub                   
00004311  __aeabi_f2d                    
000043b1  __aeabi_i2d                    
00003237  __aeabi_idiv0                  
00003b1f  __aeabi_memclr                 
00003b1f  __aeabi_memclr4                
00003b1f  __aeabi_memclr8                
00003a09  __aeabi_memcpy                 
00003a09  __aeabi_memcpy4                
00003a09  __aeabi_memcpy8                
00003b21  __aeabi_memset                 
00003b21  __aeabi_memset4                
00003b21  __aeabi_memset8                
00004295  __aeabi_uidiv                  
00004295  __aeabi_uidivmod               
ffffffff  __binit__                      
ffffffff  __c_args__                     
00003ceb  __mpu_init                     
2000026c  __stack                        
00004505  _args_main                     
00003fa1  _c_int00                       
2000263c  _lock                          
0000457b  _nop                           
00004573  _register_lock                 
0000456d  _register_unlock               
20001270  _sys_memory                    
00003f9f  _system_post_cinit             
00004701  _system_pre_init               
20002640  _unlock                        
00003ff9  abort                          
20002630  angleReferenced                
ffffffff  binit                          
200025a8  bnOledCur                      
0000200d  calloc                         
000021df  checkButton                    
00003241  clearOLED                      
20002601  clrOledCur                     
000040e9  copy_in                        
20002634  currentAngle                   
200025fc  currentHeight                  
20002602  currentState                   
2000260a  desiredAngle                   
20002608  desiredHeightPercentage        
0000326d  displayAltitudePercentAndYaw   
20002603  displayFlag                    
200025ac  dutyCycle                      
200025b0  dxcoOledFontCur                
200025b4  dycoOledFontCur                
20002580  errorIntegral                  
200025b8  errorSignal                    
20002616  errorSignalPrevious            
00004001  exit                           
200025bc  fOledCharUpdate                
000028f1  findDisplayAngle               
00003327  findMode                       
20002610  flightMode                     
00001d57  free                           
000039e3  freeCircBuf                    
20002570  g_inBuffer                     
20000000  g_pfnRAMVectors                
00000000  g_pfnVectors                   
200025c0  g_ulSampCnt                    
00003e29  heightAsPercentage             
00003d0b  initADC                        
0000203d  initButtons                    
00003951  initCircBuf                    
0000186b  initClock                      
00003239  initDisplay                    
000029cb  initReferenceTrigger           
00002393  initReset                      
0000233d  initSwitch                     
00001875  initTimer                      
00002a65  initialiseMainRotorPWM         
00002ebd  initialiseTailRotorPWM         
00003b99  initialiseUSB_UART             
000018a5  main                           
00002aab  mainRotorControlLoop           
20002644  main_func_sp                   
00001ced  malloc                         
00001f21  memalign                       
00003a09  memcpy                         
00003b27  memset                         
00001c6d  minit                          
200025c4  modOledCur                     
200025c8  pbOledCur                      
200025cc  pbOledFontCur                  
200025d0  pbOledFontUser                 
200025d4  pbOledPatCur                   
200025d8  pfnDoRop                       
20002604  previousState                  
000039af  readCircBuf                    
00001e17  realloc                        
20002612  referenceAngle                 
20002638  referenceAngleSet              
000029ad  referenceTriggerHandler        
00002381  resetCheck                     
00004d08  rgbFillPat                     
20002270  rgbOledBmp                     
00004704  rgbOledFont0                   
20002470  rgbOledFontUser                
00002a2d  setMainPWM                     
00002e89  setTailPWM                     
200025dc  slotCount                      
200025e0  switchChannel                  
000022a9  switchMode                     
200025fe  tailErrorSignal                
2000263a  tailErrorSignalPrevious        
00002f07  tailRotorControlLoop           
20002615  taken_off                      
20002614  testVariable                   
00000751  ulocaltime                     
0000094f  umktime                        
0000210b  updateButtons                  
0000221d  updateDesiredAltAndYawValue    
00000ec9  urand                          
00000721  usnprintf                      
000006ef  usprintf                       
00000eb9  usrand                         
00000e31  ustrcasecmp                    
00000ea5  ustrcmp                        
00000d35  ustrlen                        
00000d8d  ustrncasecmp                   
00000e45  ustrncmp                       
0000026d  ustrncpy                       
00000d57  ustrstr                        
00000afd  ustrtof                        
000009c5  ustrtoul                       
000002c5  uvsnprintf                     
2000260c  variableTest                   
0000397b  writeCircBuf                   
200025e4  xchOledCur                     
200025e8  xchOledMax                     
200025ec  xcoOledCur                     
00002759  yawFSM                         
00002873  yawFSMInit                     
200025f0  ychOledCur                     
200025f4  ychOledMax                     
200025f8  ycoOledCur                     


GLOBAL SYMBOLS: SORTED BY Symbol Address 

address   name                           
-------   ----                           
00000000  __TI_static_base__             
00000000  g_pfnVectors                   
0000026d  ustrncpy                       
000002c5  uvsnprintf                     
000006ef  usprintf                       
00000721  usnprintf                      
00000751  ulocaltime                     
0000094f  umktime                        
000009c5  ustrtoul                       
00000afd  ustrtof                        
00000d35  ustrlen                        
00000d57  ustrstr                        
00000d8d  ustrncasecmp                   
00000e31  ustrcasecmp                    
00000e45  ustrncmp                       
00000ea5  ustrcmp                        
00000eb9  usrand                         
00000ec9  urand                          
00000ef1  OrbitOledMoveTo                
00000f37  OrbitOledGetPos                
00000f53  OrbitOledSetDrawColor          
00000f6b  OrbitOledGetStdPattern         
00000f7d  OrbitOledSetFillPattern        
00000f8d  OrbitOledSetDrawMode           
00000fe1  OrbitOledGetDrawMode           
00000fe7  OrbitOledDrawPixel             
00001000  __STACK_SIZE                   
00001000  __SYSMEM_SIZE                  
00001013  OrbitOledGetPixel              
0000102d  OrbitOledLineTo                
0000112d  OrbitOledDrawRect              
000011b1  OrbitOledFillRect              
000012f5  OrbitOledGetBmp                
00001455  OrbitOledPutBmp                
00001623  OrbitOledDrawChar              
00001683  OrbitOledDrawString            
000016a1  OrbitOledRopSet                
000016cb  OrbitOledRopOr                 
000016ef  OrbitOledRopAnd                
00001713  OrbitOledRopXor                
00001741  OrbitOledMoveUp                
00001779  OrbitOledMoveDown              
000017af  OrbitOledMoveLeft              
000017c7  OrbitOledMoveRight             
000017e1  OrbitOledClampXco              
00001801  OrbitOledClampYco              
00001841  SysTickIntHandler              
0000186b  initClock                      
00001875  initTimer                      
000018a5  main                           
00001c6d  minit                          
00001ced  malloc                         
00001d57  free                           
00001e17  realloc                        
00001f21  memalign                       
0000200d  calloc                         
0000203d  initButtons                    
0000210b  updateButtons                  
000021df  checkButton                    
0000221d  updateDesiredAltAndYawValue    
000022a9  switchMode                     
0000233d  initSwitch                     
00002381  resetCheck                     
00002393  initReset                      
000023dd  OrbitOledInit                  
000023f1  OrbitOledHostInit              
000024bb  OrbitOledDvrInit               
00002535  OrbitOledDevInit               
000025b9  OrbitOledClear                 
000025c5  OrbitOledClearBuffer           
000025f5  OrbitOledUpdate                
0000264f  OrbitOledPutBuffer             
000026b5  Ssi3PutByte                    
00002759  yawFSM                         
00002873  yawFSMInit                     
000028f1  findDisplayAngle               
000029ad  referenceTriggerHandler        
000029cb  initReferenceTrigger           
00002a2d  setMainPWM                     
00002a65  initialiseMainRotorPWM         
00002aab  mainRotorControlLoop           
00002c85  OrbitOledSetCursor             
00002cd1  OrbitOledGetCursor             
00002ced  OrbitOledDefUserChar           
00002d3d  OrbitOledSetCharUpdate         
00002d55  OrbitOledGetCharUpdate         
00002d5b  OrbitOledPutChar               
00002d79  OrbitOledPutString             
00002da5  OrbitOledDrawGlyph             
00002e1d  OrbitOledAdvanceCursor         
00002e89  setTailPWM                     
00002ebd  initialiseTailRotorPWM         
00002f07  tailRotorControlLoop           
00003081  __aeabi_dsub                   
0000308b  __aeabi_dadd                   
00003237  __aeabi_idiv0                  
00003239  initDisplay                    
00003241  clearOLED                      
0000326d  displayAltitudePercentAndYaw   
00003327  findMode                       
000033e9  __aeabi_ddiv                   
0000351f  GPIOPadConfigSet               
00003651  SysCtlClockGet                 
00003761  __aeabi_dmul                   
0000385d  SysCtlClockSet                 
00003951  initCircBuf                    
0000397b  writeCircBuf                   
000039af  readCircBuf                    
000039e3  freeCircBuf                    
00003a09  __aeabi_memcpy                 
00003a09  __aeabi_memcpy4                
00003a09  __aeabi_memcpy8                
00003a09  memcpy                         
00003aa5  ADCSequenceStepConfigure       
00003b1f  __aeabi_memclr                 
00003b1f  __aeabi_memclr4                
00003b1f  __aeabi_memclr8                
00003b21  __aeabi_memset                 
00003b21  __aeabi_memset4                
00003b21  __aeabi_memset8                
00003b27  memset                         
00003b99  initialiseUSB_UART             
00003bdf  UARTSend                       
00003c0d  __TI_auto_init                 
00003c7d  __aeabi_d2f                    
00003ceb  __mpu_init                     
00003ced  ADCIntHandler                  
00003d0b  initADC                        
00003d59  IntEnable                      
00003dc1  __TI_decompress_lzss           
00003e29  heightAsPercentage             
00003e8d  TimerConfigure                 
00003eed  DelayInit                      
00003f07  DelayMs                        
00003f49  GPIOIntTypeSet                 
00003f9f  _system_post_cinit             
00003fa1  _c_int00                       
00003ff5  C$$EXIT                        
00003ff9  abort                          
00004001  exit                           
00004049  ADCSequenceConfigure           
000040e9  copy_in                        
00004135  GPIOPinConfigure               
0000417d  __aeabi_d2iz                   
000041c5  UARTConfigSetExpClk            
0000420d  OLEDStringDraw                 
00004233  OLEDInitialise                 
00004295  __aeabi_uidiv                  
00004295  __aeabi_uidivmod               
000042d5  SSIConfigSetExpClk             
00004311  __aeabi_f2d                    
00004349  IntRegister                    
0000437d  SysCtlPeripheralEnable         
000043b1  __aeabi_i2d                    
000043df  GPIODirModeSet                 
00004409  PWMGenConfigure                
0000442d  UARTDisable                    
0000444d  ADCSequenceDataGet             
0000446b  PWMPulseWidthSet               
00004489  SysTickIntRegister             
000044a5  ADCIntRegister                 
000044bd  ADCProcessorTrigger            
000044d5  GPIOIntRegister                
000044ed  GPIOPinTypeGPIOOutput          
00004505  _args_main                     
0000451d  SysCtlPWMClockSet              
00004531  SysTickEnable                  
00004545  SysTickIntEnable               
00004559  UARTEnable                     
0000456d  _register_unlock               
00004573  _register_lock                 
0000457b  _nop                           
00004581  GPIOPinTypeGPIOInput           
00004593  GPIOPinTypePWM                 
000045a5  GPIOPinTypeSSI                 
000045b7  GPIOPinTypeUART                
000045c9  PWMOutputState                 
000045db  ADCIntEnable                   
000045eb  IntMasterEnable                
000045fb  PWMGenPeriodSet                
0000460d  SysCtlReset                    
0000461d  SysTickPeriodSet               
0000462d  ADCSequenceEnable              
0000463b  TimerEnable                    
00004649  __TI_decompress_none           
00004657  CPUcpsie                       
00004663  GPIOIntEnable                  
0000466f  PWMGenEnable                   
0000467b  SSIDataGet                     
00004687  __TI_zero_init                 
00004693  ResetISR                       
0000469f  ADCIntClear                    
000046a9  SSIDataPut                     
000046b3  SSIEnable                      
000046bd  TimerValueGet                  
000046c7  UARTCharPut                    
000046d1  UARTFIFOEnable                 
000046db  SSIBusy                        
000046e3  GPIOIntClear                   
000046e9  GPIOPinRead                    
000046ef  GPIOPinWrite                   
000046f5  SSIClockSourceSet              
000046fb  SysCtlDelay                    
00004701  _system_pre_init               
00004704  rgbOledFont0                   
00004d08  rgbFillPat                     
00004dd4  __TI_Handler_Table_Base        
00004de0  __TI_Handler_Table_Limit       
00004df0  __TI_CINIT_Base                
00004e08  __TI_CINIT_Limit               
20000000  g_pfnRAMVectors                
2000026c  __stack                        
2000046c  __STACK_TOP                    
2000126c  __STACK_END                    
20001270  _sys_memory                    
20002270  rgbOledBmp                     
20002470  rgbOledFontUser                
20002570  g_inBuffer                     
20002580  errorIntegral                  
20002598  ChannelA                       
2000259c  ChannelB                       
200025a0  MAIN_PWM                       
200025a4  TAIL_PWM                       
200025a8  bnOledCur                      
200025ac  dutyCycle                      
200025b0  dxcoOledFontCur                
200025b4  dycoOledFontCur                
200025b8  errorSignal                    
200025bc  fOledCharUpdate                
200025c0  g_ulSampCnt                    
200025c4  modOledCur                     
200025c8  pbOledCur                      
200025cc  pbOledFontCur                  
200025d0  pbOledFontUser                 
200025d4  pbOledPatCur                   
200025d8  pfnDoRop                       
200025dc  slotCount                      
200025e0  switchChannel                  
200025e4  xchOledCur                     
200025e8  xchOledMax                     
200025ec  xcoOledCur                     
200025f0  ychOledCur                     
200025f4  ychOledMax                     
200025f8  ycoOledCur                     
200025fc  currentHeight                  
200025fe  tailErrorSignal                
20002600  PIDFlag                        
20002601  clrOledCur                     
20002602  currentState                   
20002603  displayFlag                    
20002604  previousState                  
20002608  desiredHeightPercentage        
2000260a  desiredAngle                   
2000260c  variableTest                   
20002610  flightMode                     
20002612  referenceAngle                 
20002614  testVariable                   
20002615  taken_off                      
20002616  errorSignalPrevious            
20002618  __TI_cleanup_ptr               
2000261c  __TI_dtors_ptr                 
20002620  __TI_enable_exit_profile_output
20002630  angleReferenced                
20002634  currentAngle                   
20002638  referenceAngleSet              
2000263a  tailErrorSignalPrevious        
2000263c  _lock                          
20002640  _unlock                        
20002644  main_func_sp                   
ffffffff  __TI_pprof_out_hndl            
ffffffff  __TI_prof_data_size            
ffffffff  __TI_prof_data_start           
ffffffff  __binit__                      
ffffffff  __c_args__                     
ffffffff  binit                          
UNDEFED   SHT$$INIT_ARRAY$$Base          
UNDEFED   SHT$$INIT_ARRAY$$Limit         

[277 symbols]
