<?xml version="1.0"?>
<link_info>
   <banner>TI ARM Linker Unix v16.9.6.LTS</banner>
   <copyright>Copyright (c) 1996-2017 Texas Instruments Incorporated</copyright>
   <link_time>0x5cbab634</link_time>
   <link_errors>0x0</link_errors>
   <output_file>milestone2.out</output_file>
   <entry_point>
      <name>_c_int00</name>
      <address>0x5bdd</address>
   </entry_point>
   <input_file_list>
      <input_file id="fl-2">
         <path>./</path>
         <kind>object</kind>
         <file>buttons4.obj</file>
         <name>buttons4.obj</name>
      </input_file>
      <input_file id="fl-3">
         <path>./</path>
         <kind>object</kind>
         <file>circBufT.obj</file>
         <name>circBufT.obj</name>
      </input_file>
      <input_file id="fl-4">
         <path>./</path>
         <kind>object</kind>
         <file>helicopterAltitude.obj</file>
         <name>helicopterAltitude.obj</name>
      </input_file>
      <input_file id="fl-5">
         <path>./</path>
         <kind>object</kind>
         <file>helicopterMasterController.obj</file>
         <name>helicopterMasterController.obj</name>
      </input_file>
      <input_file id="fl-6">
         <path>./</path>
         <kind>object</kind>
         <file>tm4c123gh6pm_startup_ccs.obj</file>
         <name>tm4c123gh6pm_startup_ccs.obj</name>
      </input_file>
      <input_file id="fl-7">
         <path>./</path>
         <kind>object</kind>
         <file>userDisplay.obj</file>
         <name>userDisplay.obj</name>
      </input_file>
      <input_file id="fl-8">
         <path>./</path>
         <kind>object</kind>
         <file>ustdlib.obj</file>
         <name>ustdlib.obj</name>
      </input_file>
      <input_file id="fl-9">
         <path>./OrbitOLED/</path>
         <kind>object</kind>
         <file>OrbitOLEDInterface.obj</file>
         <name>OrbitOLEDInterface.obj</name>
      </input_file>
      <input_file id="fl-a">
         <path>./OrbitOLED/lib_OrbitOled/</path>
         <kind>object</kind>
         <file>ChrFont0.obj</file>
         <name>ChrFont0.obj</name>
      </input_file>
      <input_file id="fl-b">
         <path>./OrbitOLED/lib_OrbitOled/</path>
         <kind>object</kind>
         <file>FillPat.obj</file>
         <name>FillPat.obj</name>
      </input_file>
      <input_file id="fl-c">
         <path>./OrbitOLED/lib_OrbitOled/</path>
         <kind>object</kind>
         <file>OrbitOled.obj</file>
         <name>OrbitOled.obj</name>
      </input_file>
      <input_file id="fl-d">
         <path>./OrbitOLED/lib_OrbitOled/</path>
         <kind>object</kind>
         <file>OrbitOledChar.obj</file>
         <name>OrbitOledChar.obj</name>
      </input_file>
      <input_file id="fl-e">
         <path>./OrbitOLED/lib_OrbitOled/</path>
         <kind>object</kind>
         <file>OrbitOledGrph.obj</file>
         <name>OrbitOledGrph.obj</name>
      </input_file>
      <input_file id="fl-f">
         <path>./OrbitOLED/lib_OrbitOled/</path>
         <kind>object</kind>
         <file>delay.obj</file>
         <name>delay.obj</name>
      </input_file>
      <input_file id="fl-10">
         <path>./Tiva/driverlib/</path>
         <kind>object</kind>
         <file>adc.obj</file>
         <name>adc.obj</name>
      </input_file>
      <input_file id="fl-11">
         <path>./Tiva/driverlib/</path>
         <kind>object</kind>
         <file>aes.obj</file>
         <name>aes.obj</name>
      </input_file>
      <input_file id="fl-12">
         <path>./Tiva/driverlib/</path>
         <kind>object</kind>
         <file>can.obj</file>
         <name>can.obj</name>
      </input_file>
      <input_file id="fl-13">
         <path>./Tiva/driverlib/</path>
         <kind>object</kind>
         <file>comp.obj</file>
         <name>comp.obj</name>
      </input_file>
      <input_file id="fl-14">
         <path>./Tiva/driverlib/</path>
         <kind>object</kind>
         <file>cpu.obj</file>
         <name>cpu.obj</name>
      </input_file>
      <input_file id="fl-15">
         <path>./Tiva/driverlib/</path>
         <kind>object</kind>
         <file>crc.obj</file>
         <name>crc.obj</name>
      </input_file>
      <input_file id="fl-16">
         <path>./Tiva/driverlib/</path>
         <kind>object</kind>
         <file>des.obj</file>
         <name>des.obj</name>
      </input_file>
      <input_file id="fl-17">
         <path>./Tiva/driverlib/</path>
         <kind>object</kind>
         <file>eeprom.obj</file>
         <name>eeprom.obj</name>
      </input_file>
      <input_file id="fl-18">
         <path>./Tiva/driverlib/</path>
         <kind>object</kind>
         <file>emac.obj</file>
         <name>emac.obj</name>
      </input_file>
      <input_file id="fl-19">
         <path>./Tiva/driverlib/</path>
         <kind>object</kind>
         <file>epi.obj</file>
         <name>epi.obj</name>
      </input_file>
      <input_file id="fl-1a">
         <path>./Tiva/driverlib/</path>
         <kind>object</kind>
         <file>epi_workaround_ccs.obj</file>
         <name>epi_workaround_ccs.obj</name>
      </input_file>
      <input_file id="fl-1b">
         <path>./Tiva/driverlib/</path>
         <kind>object</kind>
         <file>flash.obj</file>
         <name>flash.obj</name>
      </input_file>
      <input_file id="fl-1c">
         <path>./Tiva/driverlib/</path>
         <kind>object</kind>
         <file>fpu.obj</file>
         <name>fpu.obj</name>
      </input_file>
      <input_file id="fl-1d">
         <path>./Tiva/driverlib/</path>
         <kind>object</kind>
         <file>gpio.obj</file>
         <name>gpio.obj</name>
      </input_file>
      <input_file id="fl-1e">
         <path>./Tiva/driverlib/</path>
         <kind>object</kind>
         <file>hibernate.obj</file>
         <name>hibernate.obj</name>
      </input_file>
      <input_file id="fl-1f">
         <path>./Tiva/driverlib/</path>
         <kind>object</kind>
         <file>i2c.obj</file>
         <name>i2c.obj</name>
      </input_file>
      <input_file id="fl-20">
         <path>./Tiva/driverlib/</path>
         <kind>object</kind>
         <file>interrupt.obj</file>
         <name>interrupt.obj</name>
      </input_file>
      <input_file id="fl-21">
         <path>./Tiva/driverlib/</path>
         <kind>object</kind>
         <file>lcd.obj</file>
         <name>lcd.obj</name>
      </input_file>
      <input_file id="fl-22">
         <path>./Tiva/driverlib/</path>
         <kind>object</kind>
         <file>mpu.obj</file>
         <name>mpu.obj</name>
      </input_file>
      <input_file id="fl-23">
         <path>./Tiva/driverlib/</path>
         <kind>object</kind>
         <file>onewire.obj</file>
         <name>onewire.obj</name>
      </input_file>
      <input_file id="fl-24">
         <path>./Tiva/driverlib/</path>
         <kind>object</kind>
         <file>pwm.obj</file>
         <name>pwm.obj</name>
      </input_file>
      <input_file id="fl-25">
         <path>./Tiva/driverlib/</path>
         <kind>object</kind>
         <file>qei.obj</file>
         <name>qei.obj</name>
      </input_file>
      <input_file id="fl-26">
         <path>./Tiva/driverlib/</path>
         <kind>object</kind>
         <file>shamd5.obj</file>
         <name>shamd5.obj</name>
      </input_file>
      <input_file id="fl-27">
         <path>./Tiva/driverlib/</path>
         <kind>object</kind>
         <file>ssi.obj</file>
         <name>ssi.obj</name>
      </input_file>
      <input_file id="fl-28">
         <path>./Tiva/driverlib/</path>
         <kind>object</kind>
         <file>sw_crc.obj</file>
         <name>sw_crc.obj</name>
      </input_file>
      <input_file id="fl-29">
         <path>./Tiva/driverlib/</path>
         <kind>object</kind>
         <file>sysctl.obj</file>
         <name>sysctl.obj</name>
      </input_file>
      <input_file id="fl-2a">
         <path>./Tiva/driverlib/</path>
         <kind>object</kind>
         <file>sysexc.obj</file>
         <name>sysexc.obj</name>
      </input_file>
      <input_file id="fl-2b">
         <path>./Tiva/driverlib/</path>
         <kind>object</kind>
         <file>systick.obj</file>
         <name>systick.obj</name>
      </input_file>
      <input_file id="fl-2c">
         <path>./Tiva/driverlib/</path>
         <kind>object</kind>
         <file>timer.obj</file>
         <name>timer.obj</name>
      </input_file>
      <input_file id="fl-2d">
         <path>./Tiva/driverlib/</path>
         <kind>object</kind>
         <file>uart.obj</file>
         <name>uart.obj</name>
      </input_file>
      <input_file id="fl-2e">
         <path>./Tiva/driverlib/</path>
         <kind>object</kind>
         <file>udma.obj</file>
         <name>udma.obj</name>
      </input_file>
      <input_file id="fl-2f">
         <path>./Tiva/driverlib/</path>
         <kind>object</kind>
         <file>usb.obj</file>
         <name>usb.obj</name>
      </input_file>
      <input_file id="fl-30">
         <path>./Tiva/driverlib/</path>
         <kind>object</kind>
         <file>watchdog.obj</file>
         <name>watchdog.obj</name>
      </input_file>
      <input_file id="fl-39">
         <kind>object</kind>
         <file>&lt;internal&gt;</file>
         <name>&lt;internal&gt;</name>
      </input_file>
      <input_file id="fl-ef">
         <path>/home/harry/ti/ccsv7/tools/compiler/ti-cgt-arm_16.9.6.LTS/lib/</path>
         <kind>archive</kind>
         <file>rtsv7M4_T_le_v4SPD16_eabi.lib</file>
         <name>boot.obj</name>
      </input_file>
      <input_file id="fl-f0">
         <path>/home/harry/ti/ccsv7/tools/compiler/ti-cgt-arm_16.9.6.LTS/lib/</path>
         <kind>archive</kind>
         <file>rtsv7M4_T_le_v4SPD16_eabi.lib</file>
         <name>copy_decompress_lzss.obj</name>
      </input_file>
      <input_file id="fl-f1">
         <path>/home/harry/ti/ccsv7/tools/compiler/ti-cgt-arm_16.9.6.LTS/lib/</path>
         <kind>archive</kind>
         <file>rtsv7M4_T_le_v4SPD16_eabi.lib</file>
         <name>copy_decompress_none.obj</name>
      </input_file>
      <input_file id="fl-f2">
         <path>/home/harry/ti/ccsv7/tools/compiler/ti-cgt-arm_16.9.6.LTS/lib/</path>
         <kind>archive</kind>
         <file>rtsv7M4_T_le_v4SPD16_eabi.lib</file>
         <name>copy_zero_init.obj</name>
      </input_file>
      <input_file id="fl-f3">
         <path>/home/harry/ti/ccsv7/tools/compiler/ti-cgt-arm_16.9.6.LTS/lib/</path>
         <kind>archive</kind>
         <file>rtsv7M4_T_le_v4SPD16_eabi.lib</file>
         <name>exit.obj</name>
      </input_file>
      <input_file id="fl-f4">
         <path>/home/harry/ti/ccsv7/tools/compiler/ti-cgt-arm_16.9.6.LTS/lib/</path>
         <kind>archive</kind>
         <file>rtsv7M4_T_le_v4SPD16_eabi.lib</file>
         <name>memcpy_t2.obj</name>
      </input_file>
      <input_file id="fl-f5">
         <path>/home/harry/ti/ccsv7/tools/compiler/ti-cgt-arm_16.9.6.LTS/lib/</path>
         <kind>archive</kind>
         <file>rtsv7M4_T_le_v4SPD16_eabi.lib</file>
         <name>memory.obj</name>
      </input_file>
      <input_file id="fl-f6">
         <path>/home/harry/ti/ccsv7/tools/compiler/ti-cgt-arm_16.9.6.LTS/lib/</path>
         <kind>archive</kind>
         <file>rtsv7M4_T_le_v4SPD16_eabi.lib</file>
         <name>memset_t2.obj</name>
      </input_file>
      <input_file id="fl-f7">
         <path>/home/harry/ti/ccsv7/tools/compiler/ti-cgt-arm_16.9.6.LTS/lib/</path>
         <kind>archive</kind>
         <file>rtsv7M4_T_le_v4SPD16_eabi.lib</file>
         <name>mpu_init.obj</name>
      </input_file>
      <input_file id="fl-f8">
         <path>/home/harry/ti/ccsv7/tools/compiler/ti-cgt-arm_16.9.6.LTS/lib/</path>
         <kind>archive</kind>
         <file>rtsv7M4_T_le_v4SPD16_eabi.lib</file>
         <name>pre_init.obj</name>
      </input_file>
      <input_file id="fl-f9">
         <path>/home/harry/ti/ccsv7/tools/compiler/ti-cgt-arm_16.9.6.LTS/lib/</path>
         <kind>archive</kind>
         <file>rtsv7M4_T_le_v4SPD16_eabi.lib</file>
         <name>stkdepth_vars.obj</name>
      </input_file>
      <input_file id="fl-fa">
         <path>/home/harry/ti/ccsv7/tools/compiler/ti-cgt-arm_16.9.6.LTS/lib/</path>
         <kind>archive</kind>
         <file>rtsv7M4_T_le_v4SPD16_eabi.lib</file>
         <name>u_divt2.obj</name>
      </input_file>
      <input_file id="fl-fb">
         <path>/home/harry/ti/ccsv7/tools/compiler/ti-cgt-arm_16.9.6.LTS/lib/</path>
         <kind>archive</kind>
         <file>rtsv7M4_T_le_v4SPD16_eabi.lib</file>
         <name>_lock.obj</name>
      </input_file>
      <input_file id="fl-fc">
         <path>/home/harry/ti/ccsv7/tools/compiler/ti-cgt-arm_16.9.6.LTS/lib/</path>
         <kind>archive</kind>
         <file>rtsv7M4_T_le_v4SPD16_eabi.lib</file>
         <name>args_main.obj</name>
      </input_file>
      <input_file id="fl-fd">
         <path>/home/harry/ti/ccsv7/tools/compiler/ti-cgt-arm_16.9.6.LTS/lib/</path>
         <kind>archive</kind>
         <file>rtsv7M4_T_le_v4SPD16_eabi.lib</file>
         <name>autoinit.obj</name>
      </input_file>
      <input_file id="fl-fe">
         <path>/home/harry/ti/ccsv7/tools/compiler/ti-cgt-arm_16.9.6.LTS/lib/</path>
         <kind>archive</kind>
         <file>rtsv7M4_T_le_v4SPD16_eabi.lib</file>
         <name>cpy_tbl.obj</name>
      </input_file>
      <input_file id="fl-ff">
         <path>/home/harry/ti/ccsv7/tools/compiler/ti-cgt-arm_16.9.6.LTS/lib/</path>
         <kind>archive</kind>
         <file>rtsv7M4_T_le_v4SPD16_eabi.lib</file>
         <name>i_div0.obj</name>
      </input_file>
      <input_file id="fl-100">
         <path>/home/harry/ti/ccsv7/tools/compiler/ti-cgt-arm_16.9.6.LTS/lib/</path>
         <kind>archive</kind>
         <file>rtsv7M4_T_le_v4SPD16_eabi.lib</file>
         <name>startup.obj</name>
      </input_file>
   </input_file_list>
   <object_component_list>
      <object_component id="oc-f">
         <name>.intvecs</name>
         <load_address>0x0</load_address>
         <run_address>0x0</run_address>
         <size>0x26c</size>
         <input_file_ref idref="fl-6"/>
      </object_component>
      <object_component id="oc-e9">
         <name>.text</name>
         <load_address>0x26c</load_address>
         <run_address>0x26c</run_address>
         <size>0xf80</size>
         <input_file_ref idref="fl-29"/>
      </object_component>
      <object_component id="oc-164">
         <name>.text</name>
         <load_address>0x11ec</load_address>
         <run_address>0x11ec</run_address>
         <size>0xc84</size>
         <input_file_ref idref="fl-8"/>
      </object_component>
      <object_component id="oc-16c">
         <name>.text</name>
         <load_address>0x1e70</load_address>
         <run_address>0x1e70</run_address>
         <size>0xba0</size>
         <input_file_ref idref="fl-1d"/>
      </object_component>
      <object_component id="oc-218">
         <name>.text</name>
         <load_address>0x2a10</load_address>
         <run_address>0x2a10</run_address>
         <size>0x950</size>
         <input_file_ref idref="fl-e"/>
      </object_component>
      <object_component id="oc-e3">
         <name>.text</name>
         <load_address>0x3360</load_address>
         <run_address>0x3360</run_address>
         <size>0x83a</size>
         <input_file_ref idref="fl-10"/>
      </object_component>
      <object_component id="oc-246">
         <name>.text</name>
         <load_address>0x3b9a</load_address>
         <run_address>0x3b9a</run_address>
         <size>0x2</size>
         <input_file_ref idref="fl-ff"/>
      </object_component>
      <object_component id="oc-26e">
         <name>.text</name>
         <load_address>0x3b9c</load_address>
         <run_address>0x3b9c</run_address>
         <size>0x656</size>
         <input_file_ref idref="fl-2c"/>
      </object_component>
      <object_component id="oc-5a">
         <name>.text</name>
         <load_address>0x41f2</load_address>
         <run_address>0x41f2</run_address>
         <size>0x2</size>
         <input_file_ref idref="fl-f7"/>
      </object_component>
      <object_component id="oc-155">
         <name>.text</name>
         <load_address>0x41f4</load_address>
         <run_address>0x41f4</run_address>
         <size>0x3d0</size>
         <input_file_ref idref="fl-f5"/>
      </object_component>
      <object_component id="oc-10d">
         <name>.text</name>
         <load_address>0x45c4</load_address>
         <run_address>0x45c4</run_address>
         <size>0x3c0</size>
         <input_file_ref idref="fl-20"/>
      </object_component>
      <object_component id="oc-1c7">
         <name>.text</name>
         <load_address>0x4984</load_address>
         <run_address>0x4984</run_address>
         <size>0x37c</size>
         <input_file_ref idref="fl-c"/>
      </object_component>
      <object_component id="oc-233">
         <name>.text</name>
         <load_address>0x4d00</load_address>
         <run_address>0x4d00</run_address>
         <size>0x342</size>
         <input_file_ref idref="fl-27"/>
      </object_component>
      <object_component id="oc-a6">
         <name>.text</name>
         <load_address>0x5042</load_address>
         <run_address>0x5042</run_address>
         <size>0x2</size>
         <input_file_ref idref="fl-100"/>
      </object_component>
      <object_component id="oc-107">
         <name>.text</name>
         <load_address>0x5044</load_address>
         <run_address>0x5044</run_address>
         <size>0x220</size>
         <input_file_ref idref="fl-2"/>
      </object_component>
      <object_component id="oc-1c1">
         <name>.text</name>
         <load_address>0x5264</load_address>
         <run_address>0x5264</run_address>
         <size>0x204</size>
         <input_file_ref idref="fl-d"/>
      </object_component>
      <object_component id="oc-101">
         <name>.text</name>
         <load_address>0x5468</load_address>
         <run_address>0x5468</run_address>
         <size>0x1c8</size>
         <input_file_ref idref="fl-7"/>
      </object_component>
      <object_component id="oc-ae">
         <name>.text</name>
         <load_address>0x5630</load_address>
         <run_address>0x5630</run_address>
         <size>0x1b4</size>
         <input_file_ref idref="fl-5"/>
      </object_component>
      <object_component id="oc-f5">
         <name>.text</name>
         <load_address>0x57e4</load_address>
         <run_address>0x57e4</run_address>
         <size>0xb8</size>
         <input_file_ref idref="fl-3"/>
      </object_component>
      <object_component id="oc-42">
         <name>.text</name>
         <load_address>0x589c</load_address>
         <run_address>0x589c</run_address>
         <size>0x9c</size>
         <input_file_ref idref="fl-f4"/>
      </object_component>
      <object_component id="oc-ef">
         <name>.text</name>
         <load_address>0x5938</load_address>
         <run_address>0x5938</run_address>
         <size>0x88</size>
         <input_file_ref idref="fl-2b"/>
      </object_component>
      <object_component id="oc-4e">
         <name>.text</name>
         <load_address>0x59c0</load_address>
         <run_address>0x59c0</run_address>
         <size>0x7a</size>
         <input_file_ref idref="fl-f6"/>
      </object_component>
      <object_component id="oc-66">
         <name>.text</name>
         <load_address>0x5a3c</load_address>
         <run_address>0x5a3c</run_address>
         <size>0x70</size>
         <input_file_ref idref="fl-fd"/>
      </object_component>
      <object_component id="oc-fb">
         <name>.text</name>
         <load_address>0x5aac</load_address>
         <run_address>0x5aac</run_address>
         <size>0x6c</size>
         <input_file_ref idref="fl-4"/>
      </object_component>
      <object_component id="oc-12">
         <name>.text:decompress:lzss</name>
         <load_address>0x5b18</load_address>
         <run_address>0x5b18</run_address>
         <size>0x68</size>
         <input_file_ref idref="fl-f0"/>
      </object_component>
      <object_component id="oc-22d">
         <name>.text</name>
         <load_address>0x5b80</load_address>
         <run_address>0x5b80</run_address>
         <size>0x5c</size>
         <input_file_ref idref="fl-f"/>
      </object_component>
      <object_component id="oc-24">
         <name>.text</name>
         <load_address>0x5bdc</load_address>
         <run_address>0x5bdc</run_address>
         <size>0x54</size>
         <input_file_ref idref="fl-ef"/>
      </object_component>
      <object_component id="oc-72">
         <name>.text</name>
         <load_address>0x5c30</load_address>
         <run_address>0x5c30</run_address>
         <size>0x54</size>
         <input_file_ref idref="fl-f3"/>
      </object_component>
      <object_component id="oc-a0">
         <name>.text</name>
         <load_address>0x5c84</load_address>
         <run_address>0x5c84</run_address>
         <size>0x4c</size>
         <input_file_ref idref="fl-fe"/>
      </object_component>
      <object_component id="oc-15e">
         <name>.text</name>
         <load_address>0x5cd0</load_address>
         <run_address>0x5cd0</run_address>
         <size>0x44</size>
         <input_file_ref idref="fl-9"/>
      </object_component>
      <object_component id="oc-1cf">
         <name>.text</name>
         <load_address>0x5d14</load_address>
         <run_address>0x5d14</run_address>
         <size>0x40</size>
         <input_file_ref idref="fl-fa"/>
      </object_component>
      <object_component id="oc-142">
         <name>.text</name>
         <load_address>0x5d54</load_address>
         <run_address>0x5d54</run_address>
         <size>0x3e</size>
         <input_file_ref idref="fl-14"/>
      </object_component>
      <object_component id="oc-6c">
         <name>.text</name>
         <load_address>0x5d94</load_address>
         <run_address>0x5d94</run_address>
         <size>0x18</size>
         <input_file_ref idref="fl-fc"/>
      </object_component>
      <object_component id="oc-122">
         <name>.text</name>
         <load_address>0x5dac</load_address>
         <run_address>0x5dac</run_address>
         <size>0x14</size>
         <input_file_ref idref="fl-fb"/>
      </object_component>
      <object_component id="oc-18">
         <name>.text:decompress:none</name>
         <load_address>0x5dc0</load_address>
         <run_address>0x5dc0</run_address>
         <size>0xe</size>
         <input_file_ref idref="fl-f1"/>
      </object_component>
      <object_component id="oc-1e">
         <name>.text:decompress:ZI</name>
         <load_address>0x5dce</load_address>
         <run_address>0x5dce</run_address>
         <size>0xc</size>
         <input_file_ref idref="fl-f2"/>
      </object_component>
      <object_component id="oc-2e">
         <name>.text</name>
         <load_address>0x5dda</load_address>
         <run_address>0x5dda</run_address>
         <size>0xc</size>
         <input_file_ref idref="fl-6"/>
      </object_component>
      <object_component id="oc-113">
         <name>.text:SysCtlDelay</name>
         <load_address>0x5de6</load_address>
         <run_address>0x5de6</run_address>
         <size>0x6</size>
         <input_file_ref idref="fl-29"/>
      </object_component>
      <object_component id="oc-60">
         <name>.text</name>
         <load_address>0x5dec</load_address>
         <run_address>0x5dec</run_address>
         <size>0x4</size>
         <input_file_ref idref="fl-f8"/>
      </object_component>
      <object_component id="oc-239">
         <name>.const:.string:rgbOledFont0</name>
         <load_address>0x5df0</load_address>
         <run_address>0x5df0</run_address>
         <size>0x300</size>
         <input_file_ref idref="fl-a"/>
      </object_component>
      <object_component id="oc-14e">
         <name>.const:g_pppui32XTALtoVCO</name>
         <load_address>0x60f0</load_address>
         <run_address>0x60f0</run_address>
         <size>0x1b0</size>
         <input_file_ref idref="fl-29"/>
      </object_component>
      <object_component id="oc-1f4">
         <name>.const:g_ppui32GPIOIntMapSnowflake</name>
         <load_address>0x62a0</load_address>
         <run_address>0x62a0</run_address>
         <size>0xd8</size>
         <input_file_ref idref="fl-1d"/>
      </object_component>
      <object_component id="oc-1ee">
         <name>.const:g_ppui32GPIOIntMapBlizzard</name>
         <load_address>0x6378</load_address>
         <run_address>0x6378</run_address>
         <size>0xc0</size>
         <input_file_ref idref="fl-1d"/>
      </object_component>
      <object_component id="oc-186">
         <name>.const:g_pui32Regs</name>
         <load_address>0x6438</load_address>
         <run_address>0x6438</run_address>
         <size>0x9c</size>
         <input_file_ref idref="fl-20"/>
      </object_component>
      <object_component id="oc-1f7">
         <name>.const:g_pui32GPIOBaseAddrs</name>
         <load_address>0x64d4</load_address>
         <run_address>0x64d4</run_address>
         <size>0x90</size>
         <input_file_ref idref="fl-1d"/>
      </object_component>
      <object_component id="oc-148">
         <name>.const:g_pui32Xtals</name>
         <load_address>0x6564</load_address>
         <run_address>0x6564</run_address>
         <size>0x6c</size>
         <input_file_ref idref="fl-29"/>
      </object_component>
      <object_component id="oc-289">
         <name>.const:g_ppui32TimerIntMap</name>
         <load_address>0x65d0</load_address>
         <run_address>0x65d0</run_address>
         <size>0x60</size>
         <input_file_ref idref="fl-2c"/>
      </object_component>
      <object_component id="oc-23f">
         <name>.const:.string:rgbFillPat</name>
         <load_address>0x6630</load_address>
         <run_address>0x6630</run_address>
         <size>0x40</size>
         <input_file_ref idref="fl-b"/>
      </object_component>
      <object_component id="oc-28f">
         <name>.const:g_ppui32TimerIntMapSnowflake</name>
         <load_address>0x6670</load_address>
         <run_address>0x6670</run_address>
         <size>0x40</size>
         <input_file_ref idref="fl-2c"/>
      </object_component>
      <object_component id="oc-1d7">
         <name>.const:g_psDaysToMonth</name>
         <load_address>0x66b0</load_address>
         <run_address>0x66b0</run_address>
         <size>0x30</size>
         <input_file_ref idref="fl-8"/>
      </object_component>
      <object_component id="oc-13f">
         <name>.const:g_sXTALtoMEMTIM</name>
         <load_address>0x66e0</load_address>
         <run_address>0x66e0</run_address>
         <size>0x30</size>
         <input_file_ref idref="fl-29"/>
      </object_component>
      <object_component id="oc-275">
         <name>.const:g_ppui32SSIIntMap</name>
         <load_address>0x6710</load_address>
         <run_address>0x6710</run_address>
         <size>0x20</size>
         <input_file_ref idref="fl-27"/>
      </object_component>
      <object_component id="oc-27b">
         <name>.const:g_ppui32SSIIntMapSnowflake</name>
         <load_address>0x6730</load_address>
         <run_address>0x6730</run_address>
         <size>0x20</size>
         <input_file_ref idref="fl-27"/>
      </object_component>
      <object_component id="oc-183">
         <name>.const:g_pui32Priority</name>
         <load_address>0x6750</load_address>
         <run_address>0x6750</run_address>
         <size>0x20</size>
         <input_file_ref idref="fl-20"/>
      </object_component>
      <object_component id="oc-1da">
         <name>.const:g_pfExponents</name>
         <load_address>0x6770</load_address>
         <run_address>0x6770</run_address>
         <size>0x18</size>
         <input_file_ref idref="fl-8"/>
      </object_component>
      <object_component id="oc-18c">
         <name>.const:g_pui32Dii16Regs</name>
         <load_address>0x6788</load_address>
         <run_address>0x6788</run_address>
         <size>0x14</size>
         <input_file_ref idref="fl-20"/>
      </object_component>
      <object_component id="oc-189">
         <name>.const:g_pui32EnRegs</name>
         <load_address>0x679c</load_address>
         <run_address>0x679c</run_address>
         <size>0x14</size>
         <input_file_ref idref="fl-20"/>
      </object_component>
      <object_component id="oc-18f">
         <name>.const:g_pui32PendRegs</name>
         <load_address>0x67b0</load_address>
         <run_address>0x67b0</run_address>
         <size>0x14</size>
         <input_file_ref idref="fl-20"/>
      </object_component>
      <object_component id="oc-192">
         <name>.const:g_pui32UnpendRegs</name>
         <load_address>0x67c4</load_address>
         <run_address>0x67c4</run_address>
         <size>0x14</size>
         <input_file_ref idref="fl-20"/>
      </object_component>
      <object_component id="oc-24d">
         <name>.const:.string</name>
         <load_address>0x67d8</load_address>
         <run_address>0x67d8</run_address>
         <size>0x12</size>
         <input_file_ref idref="fl-8"/>
      </object_component>
      <object_component id="oc-14b">
         <name>.const:g_pui32VCOFrequencies</name>
         <load_address>0x67ec</load_address>
         <run_address>0x67ec</run_address>
         <size>0x8</size>
         <input_file_ref idref="fl-29"/>
      </object_component>
      <object_component id="oc-1f1">
         <name>.const</name>
         <load_address>0x67f4</load_address>
         <run_address>0x67f4</run_address>
         <size>0x8</size>
         <input_file_ref idref="fl-1d"/>
      </object_component>
      <object_component id="oc-278">
         <name>.const</name>
         <load_address>0x67fc</load_address>
         <run_address>0x67fc</run_address>
         <size>0x8</size>
         <input_file_ref idref="fl-27"/>
      </object_component>
      <object_component id="oc-28c">
         <name>.const</name>
         <load_address>0x6804</load_address>
         <run_address>0x6804</run_address>
         <size>0x8</size>
         <input_file_ref idref="fl-2c"/>
      </object_component>
      <object_component id="oc-1d4">
         <name>.const</name>
         <load_address>0x680c</load_address>
         <run_address>0x680c</run_address>
         <size>0x4</size>
         <input_file_ref idref="fl-8"/>
      </object_component>
      <object_component id="oc-2ca">
         <name>.cinit..data.load</name>
         <load_address>0x6810</load_address>
         <run_address>0x6810</run_address>
         <size>0x1b</size>
      </object_component>
      <object_component id="oc-2c7">
         <name>__TI_handler_table</name>
         <load_address>0x682c</load_address>
         <run_address>0x682c</run_address>
         <size>0xc</size>
      </object_component>
      <object_component id="oc-2cb">
         <name>.cinit..bss.load</name>
         <load_address>0x6838</load_address>
         <run_address>0x6838</run_address>
         <size>0x8</size>
      </object_component>
      <object_component id="oc-2c9">
         <name>.cinit..vtable.load</name>
         <load_address>0x6840</load_address>
         <run_address>0x6840</run_address>
         <size>0x8</size>
      </object_component>
      <object_component id="oc-2c8">
         <name>__TI_cinit_table</name>
         <load_address>0x6848</load_address>
         <run_address>0x6848</run_address>
         <size>0x18</size>
      </object_component>
      <object_component id="oc-180">
         <name>.vtable</name>
         <uninitialized>true</uninitialized>
         <run_address>0x20000000</run_address>
         <size>0x26c</size>
         <input_file_ref idref="fl-20"/>
      </object_component>
      <object_component id="oc-1dd">
         <name>.data</name>
         <load_address>0x20002604</load_address>
         <run_address>0x20002604</run_address>
         <size>0x4</size>
         <input_file_ref idref="fl-8"/>
      </object_component>
      <object_component id="oc-b6">
         <name>.data:$O1$$</name>
         <load_address>0x200025e0</load_address>
         <run_address>0x200025e0</run_address>
         <size>0xc</size>
         <input_file_ref idref="fl-f3"/>
      </object_component>
      <object_component id="oc-1b6">
         <name>.data:$O1$$</name>
         <load_address>0x200025ec</load_address>
         <run_address>0x200025ec</run_address>
         <size>0xc</size>
         <input_file_ref idref="fl-f5"/>
      </object_component>
      <object_component id="oc-78">
         <name>.data</name>
         <load_address>0x20002600</load_address>
         <run_address>0x20002600</run_address>
         <size>0x4</size>
         <input_file_ref idref="fl-f9"/>
      </object_component>
      <object_component id="oc-b9">
         <name>.data:$O1$$</name>
         <load_address>0x200025f8</load_address>
         <run_address>0x200025f8</run_address>
         <size>0x8</size>
         <input_file_ref idref="fl-fb"/>
      </object_component>
      <object_component id="oc-175">
         <name>.bss:but_state</name>
         <uninitialized>true</uninitialized>
         <run_address>0x20002594</run_address>
         <size>0x4</size>
         <input_file_ref idref="fl-2"/>
      </object_component>
      <object_component id="oc-178">
         <name>.bss:but_count</name>
         <uninitialized>true</uninitialized>
         <run_address>0x20002588</run_address>
         <size>0x4</size>
         <input_file_ref idref="fl-2"/>
      </object_component>
      <object_component id="oc-17b">
         <name>.bss:but_flag</name>
         <uninitialized>true</uninitialized>
         <run_address>0x2000258c</run_address>
         <size>0x4</size>
         <input_file_ref idref="fl-2"/>
      </object_component>
      <object_component id="oc-172">
         <name>.bss:but_normal</name>
         <uninitialized>true</uninitialized>
         <run_address>0x20002590</run_address>
         <size>0x4</size>
         <input_file_ref idref="fl-2"/>
      </object_component>
      <object_component id="oc-13a">
         <name>.bss:g_pui8OversampleFactor</name>
         <uninitialized>true</uninitialized>
         <run_address>0x20002580</run_address>
         <size>0x8</size>
         <input_file_ref idref="fl-10"/>
      </object_component>
      <object_component id="oc-117">
         <name>.common:g_inBuffer</name>
         <uninitialized>true</uninitialized>
         <run_address>0x20002570</run_address>
         <size>0x10</size>
      </object_component>
      <object_component id="oc-114">
         <name>.common:g_ulSampCnt</name>
         <uninitialized>true</uninitialized>
         <run_address>0x200025a8</run_address>
         <size>0x4</size>
      </object_component>
      <object_component id="oc-262">
         <name>.common:xcoOledCur</name>
         <uninitialized>true</uninitialized>
         <run_address>0x200025cc</run_address>
         <size>0x4</size>
      </object_component>
      <object_component id="oc-263">
         <name>.common:ycoOledCur</name>
         <uninitialized>true</uninitialized>
         <run_address>0x200025d8</run_address>
         <size>0x4</size>
      </object_component>
      <object_component id="oc-22b">
         <name>.common:pbOledCur</name>
         <uninitialized>true</uninitialized>
         <run_address>0x200025b0</run_address>
         <size>0x4</size>
      </object_component>
      <object_component id="oc-264">
         <name>.common:bnOledCur</name>
         <uninitialized>true</uninitialized>
         <run_address>0x20002598</run_address>
         <size>0x4</size>
      </object_component>
      <object_component id="oc-23d">
         <name>.common:clrOledCur</name>
         <uninitialized>true</uninitialized>
         <run_address>0x200025dc</run_address>
         <size>0x1</size>
      </object_component>
      <object_component id="oc-23e">
         <name>.common:pbOledPatCur</name>
         <uninitialized>true</uninitialized>
         <run_address>0x200025bc</run_address>
         <size>0x4</size>
      </object_component>
      <object_component id="oc-229">
         <name>.common:fOledCharUpdate</name>
         <uninitialized>true</uninitialized>
         <run_address>0x200025a4</run_address>
         <size>0x4</size>
      </object_component>
      <object_component id="oc-224">
         <name>.common:dxcoOledFontCur</name>
         <uninitialized>true</uninitialized>
         <run_address>0x2000259c</run_address>
         <size>0x4</size>
      </object_component>
      <object_component id="oc-227">
         <name>.common:dycoOledFontCur</name>
         <uninitialized>true</uninitialized>
         <run_address>0x200025a0</run_address>
         <size>0x4</size>
      </object_component>
      <object_component id="oc-22a">
         <name>.common:pbOledFontCur</name>
         <uninitialized>true</uninitialized>
         <run_address>0x200025b4</run_address>
         <size>0x4</size>
      </object_component>
      <object_component id="oc-228">
         <name>.common:pbOledFontUser</name>
         <uninitialized>true</uninitialized>
         <run_address>0x200025b8</run_address>
         <size>0x4</size>
      </object_component>
      <object_component id="oc-242">
         <name>.common:rgbOledBmp</name>
         <uninitialized>true</uninitialized>
         <run_address>0x20002270</run_address>
         <size>0x200</size>
      </object_component>
      <object_component id="oc-222">
         <name>.common:xchOledCur</name>
         <uninitialized>true</uninitialized>
         <run_address>0x200025c4</run_address>
         <size>0x4</size>
      </object_component>
      <object_component id="oc-223">
         <name>.common:ychOledCur</name>
         <uninitialized>true</uninitialized>
         <run_address>0x200025d0</run_address>
         <size>0x4</size>
      </object_component>
      <object_component id="oc-21e">
         <name>.common:xchOledMax</name>
         <uninitialized>true</uninitialized>
         <run_address>0x200025c8</run_address>
         <size>0x4</size>
      </object_component>
      <object_component id="oc-221">
         <name>.common:ychOledMax</name>
         <uninitialized>true</uninitialized>
         <run_address>0x200025d4</run_address>
         <size>0x4</size>
      </object_component>
      <object_component id="oc-23c">
         <name>.common:rgbOledFontUser</name>
         <uninitialized>true</uninitialized>
         <run_address>0x20002470</run_address>
         <size>0x100</size>
      </object_component>
      <object_component id="oc-268">
         <name>.common:pfnDoRop</name>
         <uninitialized>true</uninitialized>
         <run_address>0x200025c0</run_address>
         <size>0x4</size>
      </object_component>
      <object_component id="oc-265">
         <name>.common:modOledCur</name>
         <uninitialized>true</uninitialized>
         <run_address>0x200025ac</run_address>
         <size>0x4</size>
      </object_component>
      <object_component id="oc-2b">
         <name>.sysmem</name>
         <uninitialized>true</uninitialized>
         <run_address>0x20001270</run_address>
         <size>0x8</size>
         <input_file_ref idref="fl-f5"/>
      </object_component>
      <object_component id="oc-2cd">
         <name>.sysmem</name>
         <uninitialized>true</uninitialized>
         <run_address>0x20001270</run_address>
         <size>0x0</size>
      </object_component>
      <object_component id="oc-2a">
         <name>.stack</name>
         <uninitialized>true</uninitialized>
         <run_address>0x2000026c</run_address>
         <size>0x0</size>
         <input_file_ref idref="fl-ef"/>
      </object_component>
      <object_component id="oc-2cc">
         <name>.stack</name>
         <uninitialized>true</uninitialized>
         <run_address>0x2000026c</run_address>
         <size>0x0</size>
      </object_component>
      <object_component id="oc-17f">
         <name>.debug_info</name>
         <load_address>0x0</load_address>
         <run_address>0x0</run_address>
         <size>0x389</size>
         <input_file_ref idref="fl-2"/>
      </object_component>
      <object_component id="oc-176">
         <name>.debug_info</name>
         <load_address>0x389</load_address>
         <run_address>0x389</run_address>
         <size>0x105</size>
         <input_file_ref idref="fl-2"/>
      </object_component>
      <object_component id="oc-179">
         <name>.debug_info</name>
         <load_address>0x48e</load_address>
         <run_address>0x48e</run_address>
         <size>0x105</size>
         <input_file_ref idref="fl-2"/>
      </object_component>
      <object_component id="oc-17c">
         <name>.debug_info</name>
         <load_address>0x593</load_address>
         <run_address>0x593</run_address>
         <size>0x103</size>
         <input_file_ref idref="fl-2"/>
      </object_component>
      <object_component id="oc-173">
         <name>.debug_info</name>
         <load_address>0x696</load_address>
         <run_address>0x696</run_address>
         <size>0x107</size>
         <input_file_ref idref="fl-2"/>
      </object_component>
      <object_component id="oc-108">
         <name>.debug_info</name>
         <load_address>0x79d</load_address>
         <run_address>0x79d</run_address>
         <size>0x3cd</size>
         <input_file_ref idref="fl-2"/>
      </object_component>
      <object_component id="oc-cd">
         <name>.debug_info</name>
         <load_address>0xb6a</load_address>
         <run_address>0xb6a</run_address>
         <size>0x8b</size>
         <input_file_ref idref="fl-2"/>
      </object_component>
      <object_component id="oc-83">
         <name>.debug_info</name>
         <load_address>0xbf5</load_address>
         <run_address>0xbf5</run_address>
         <size>0x18b</size>
         <input_file_ref idref="fl-2"/>
      </object_component>
      <object_component id="oc-15c">
         <name>.debug_info</name>
         <load_address>0xd80</load_address>
         <run_address>0xd80</run_address>
         <size>0x2fe</size>
         <input_file_ref idref="fl-3"/>
      </object_component>
      <object_component id="oc-f6">
         <name>.debug_info</name>
         <load_address>0x107e</load_address>
         <run_address>0x107e</run_address>
         <size>0x35b</size>
         <input_file_ref idref="fl-3"/>
      </object_component>
      <object_component id="oc-199">
         <name>.debug_info</name>
         <load_address>0x13d9</load_address>
         <run_address>0x13d9</run_address>
         <size>0x86</size>
         <input_file_ref idref="fl-3"/>
      </object_component>
      <object_component id="oc-1bc">
         <name>.debug_info</name>
         <load_address>0x145f</load_address>
         <run_address>0x145f</run_address>
         <size>0x110</size>
         <input_file_ref idref="fl-3"/>
      </object_component>
      <object_component id="oc-3d">
         <name>.debug_info</name>
         <load_address>0x156f</load_address>
         <run_address>0x156f</run_address>
         <size>0x84</size>
         <input_file_ref idref="fl-3"/>
      </object_component>
      <object_component id="oc-115">
         <name>.debug_info</name>
         <load_address>0x15f3</load_address>
         <run_address>0x15f3</run_address>
         <size>0x518</size>
         <input_file_ref idref="fl-4"/>
      </object_component>
      <object_component id="oc-fc">
         <name>.debug_info</name>
         <load_address>0x1b0b</load_address>
         <run_address>0x1b0b</run_address>
         <size>0x2a8</size>
         <input_file_ref idref="fl-4"/>
      </object_component>
      <object_component id="oc-1e2">
         <name>.debug_info</name>
         <load_address>0x1db3</load_address>
         <run_address>0x1db3</run_address>
         <size>0x196</size>
         <input_file_ref idref="fl-4"/>
      </object_component>
      <object_component id="oc-1e7">
         <name>.debug_info</name>
         <load_address>0x1f49</load_address>
         <run_address>0x1f49</run_address>
         <size>0x4e</size>
         <input_file_ref idref="fl-4"/>
      </object_component>
      <object_component id="oc-af">
         <name>.debug_info</name>
         <load_address>0x1f97</load_address>
         <run_address>0x1f97</run_address>
         <size>0x611</size>
         <input_file_ref idref="fl-5"/>
      </object_component>
      <object_component id="oc-36">
         <name>.debug_info</name>
         <load_address>0x25a8</load_address>
         <run_address>0x25a8</run_address>
         <size>0x2cb</size>
         <input_file_ref idref="fl-6"/>
      </object_component>
      <object_component id="oc-10">
         <name>.debug_info</name>
         <load_address>0x2873</load_address>
         <run_address>0x2873</run_address>
         <size>0x11c</size>
         <input_file_ref idref="fl-6"/>
      </object_component>
      <object_component id="oc-2f">
         <name>.debug_info</name>
         <load_address>0x298f</load_address>
         <run_address>0x298f</run_address>
         <size>0x298</size>
         <input_file_ref idref="fl-6"/>
      </object_component>
      <object_component id="oc-16b">
         <name>.debug_info</name>
         <load_address>0x2c27</load_address>
         <run_address>0x2c27</run_address>
         <size>0x380</size>
         <input_file_ref idref="fl-7"/>
      </object_component>
      <object_component id="oc-102">
         <name>.debug_info</name>
         <load_address>0x2fa7</load_address>
         <run_address>0x2fa7</run_address>
         <size>0x551</size>
         <input_file_ref idref="fl-7"/>
      </object_component>
      <object_component id="oc-1e1">
         <name>.debug_info</name>
         <load_address>0x34f8</load_address>
         <run_address>0x34f8</run_address>
         <size>0x2e7</size>
         <input_file_ref idref="fl-8"/>
      </object_component>
      <object_component id="oc-1d5">
         <name>.debug_info</name>
         <load_address>0x37df</load_address>
         <run_address>0x37df</run_address>
         <size>0x100</size>
         <input_file_ref idref="fl-8"/>
      </object_component>
      <object_component id="oc-1d8">
         <name>.debug_info</name>
         <load_address>0x38df</load_address>
         <run_address>0x38df</run_address>
         <size>0x111</size>
         <input_file_ref idref="fl-8"/>
      </object_component>
      <object_component id="oc-1db">
         <name>.debug_info</name>
         <load_address>0x39f0</load_address>
         <run_address>0x39f0</run_address>
         <size>0x10d</size>
         <input_file_ref idref="fl-8"/>
      </object_component>
      <object_component id="oc-1de">
         <name>.debug_info</name>
         <load_address>0x3afd</load_address>
         <run_address>0x3afd</run_address>
         <size>0x10d</size>
         <input_file_ref idref="fl-8"/>
      </object_component>
      <object_component id="oc-165">
         <name>.debug_info</name>
         <load_address>0x3c0a</load_address>
         <run_address>0x3c0a</run_address>
         <size>0xe7f</size>
         <input_file_ref idref="fl-8"/>
      </object_component>
      <object_component id="oc-1ce">
         <name>.debug_info</name>
         <load_address>0x4a89</load_address>
         <run_address>0x4a89</run_address>
         <size>0x369</size>
         <input_file_ref idref="fl-9"/>
      </object_component>
      <object_component id="oc-15f">
         <name>.debug_info</name>
         <load_address>0x4df2</load_address>
         <run_address>0x4df2</run_address>
         <size>0x326</size>
         <input_file_ref idref="fl-9"/>
      </object_component>
      <object_component id="oc-282">
         <name>.debug_info</name>
         <load_address>0x5118</load_address>
         <run_address>0x5118</run_address>
         <size>0x110</size>
         <input_file_ref idref="fl-a"/>
      </object_component>
      <object_component id="oc-23a">
         <name>.debug_info</name>
         <load_address>0x5228</load_address>
         <run_address>0x5228</run_address>
         <size>0x124</size>
         <input_file_ref idref="fl-a"/>
      </object_component>
      <object_component id="oc-285">
         <name>.debug_info</name>
         <load_address>0x534c</load_address>
         <run_address>0x534c</run_address>
         <size>0x10d</size>
         <input_file_ref idref="fl-b"/>
      </object_component>
      <object_component id="oc-240">
         <name>.debug_info</name>
         <load_address>0x5459</load_address>
         <run_address>0x5459</run_address>
         <size>0x11f</size>
         <input_file_ref idref="fl-b"/>
      </object_component>
      <object_component id="oc-225">
         <name>.debug_info</name>
         <load_address>0x5578</load_address>
         <run_address>0x5578</run_address>
         <size>0x86b</size>
         <input_file_ref idref="fl-c"/>
      </object_component>
      <object_component id="oc-1c8">
         <name>.debug_info</name>
         <load_address>0x5de3</load_address>
         <run_address>0x5de3</run_address>
         <size>0xc0b</size>
         <input_file_ref idref="fl-c"/>
      </object_component>
      <object_component id="oc-21f">
         <name>.debug_info</name>
         <load_address>0x69ee</load_address>
         <run_address>0x69ee</run_address>
         <size>0x4e8</size>
         <input_file_ref idref="fl-d"/>
      </object_component>
      <object_component id="oc-1c2">
         <name>.debug_info</name>
         <load_address>0x6ed6</load_address>
         <run_address>0x6ed6</run_address>
         <size>0x8de</size>
         <input_file_ref idref="fl-d"/>
      </object_component>
      <object_component id="oc-266">
         <name>.debug_info</name>
         <load_address>0x77b4</load_address>
         <run_address>0x77b4</run_address>
         <size>0x4db</size>
         <input_file_ref idref="fl-e"/>
      </object_component>
      <object_component id="oc-219">
         <name>.debug_info</name>
         <load_address>0x7c8f</load_address>
         <run_address>0x7c8f</run_address>
         <size>0x1b76</size>
         <input_file_ref idref="fl-e"/>
      </object_component>
      <object_component id="oc-22e">
         <name>.debug_info</name>
         <load_address>0x9805</load_address>
         <run_address>0x9805</run_address>
         <size>0x271</size>
         <input_file_ref idref="fl-f"/>
      </object_component>
      <object_component id="oc-13e">
         <name>.debug_info</name>
         <load_address>0x9a76</load_address>
         <run_address>0x9a76</run_address>
         <size>0x356</size>
         <input_file_ref idref="fl-10"/>
      </object_component>
      <object_component id="oc-13b">
         <name>.debug_info</name>
         <load_address>0x9dcc</load_address>
         <run_address>0x9dcc</run_address>
         <size>0x129</size>
         <input_file_ref idref="fl-10"/>
      </object_component>
      <object_component id="oc-e4">
         <name>.debug_info</name>
         <load_address>0x9ef5</load_address>
         <run_address>0x9ef5</run_address>
         <size>0x2d17</size>
         <input_file_ref idref="fl-10"/>
      </object_component>
      <object_component id="oc-143">
         <name>.debug_info</name>
         <load_address>0xcc0c</load_address>
         <run_address>0xcc0c</run_address>
         <size>0x3aa</size>
         <input_file_ref idref="fl-14"/>
      </object_component>
      <object_component id="oc-1fb">
         <name>.debug_info</name>
         <load_address>0xcfb6</load_address>
         <run_address>0xcfb6</run_address>
         <size>0x385</size>
         <input_file_ref idref="fl-1d"/>
      </object_component>
      <object_component id="oc-1ef">
         <name>.debug_info</name>
         <load_address>0xd33b</load_address>
         <run_address>0xd33b</run_address>
         <size>0x132</size>
         <input_file_ref idref="fl-1d"/>
      </object_component>
      <object_component id="oc-1f2">
         <name>.debug_info</name>
         <load_address>0xd46d</load_address>
         <run_address>0xd46d</run_address>
         <size>0x180</size>
         <input_file_ref idref="fl-1d"/>
      </object_component>
      <object_component id="oc-1f5">
         <name>.debug_info</name>
         <load_address>0xd5ed</load_address>
         <run_address>0xd5ed</run_address>
         <size>0x134</size>
         <input_file_ref idref="fl-1d"/>
      </object_component>
      <object_component id="oc-1f8">
         <name>.debug_info</name>
         <load_address>0xd721</load_address>
         <run_address>0xd721</run_address>
         <size>0x126</size>
         <input_file_ref idref="fl-1d"/>
      </object_component>
      <object_component id="oc-16d">
         <name>.debug_info</name>
         <load_address>0xd847</load_address>
         <run_address>0xd847</run_address>
         <size>0x333f</size>
         <input_file_ref idref="fl-1d"/>
      </object_component>
      <object_component id="oc-196">
         <name>.debug_info</name>
         <load_address>0x10b86</load_address>
         <run_address>0x10b86</run_address>
         <size>0x35d</size>
         <input_file_ref idref="fl-20"/>
      </object_component>
      <object_component id="oc-184">
         <name>.debug_info</name>
         <load_address>0x10ee3</load_address>
         <run_address>0x10ee3</run_address>
         <size>0x121</size>
         <input_file_ref idref="fl-20"/>
      </object_component>
      <object_component id="oc-187">
         <name>.debug_info</name>
         <load_address>0x11004</load_address>
         <run_address>0x11004</run_address>
         <size>0x119</size>
         <input_file_ref idref="fl-20"/>
      </object_component>
      <object_component id="oc-18a">
         <name>.debug_info</name>
         <load_address>0x1111d</load_address>
         <run_address>0x1111d</run_address>
         <size>0x11d</size>
         <input_file_ref idref="fl-20"/>
      </object_component>
      <object_component id="oc-18d">
         <name>.debug_info</name>
         <load_address>0x1123a</load_address>
         <run_address>0x1123a</run_address>
         <size>0x123</size>
         <input_file_ref idref="fl-20"/>
      </object_component>
      <object_component id="oc-190">
         <name>.debug_info</name>
         <load_address>0x1135d</load_address>
         <run_address>0x1135d</run_address>
         <size>0x121</size>
         <input_file_ref idref="fl-20"/>
      </object_component>
      <object_component id="oc-193">
         <name>.debug_info</name>
         <load_address>0x1147e</load_address>
         <run_address>0x1147e</run_address>
         <size>0x125</size>
         <input_file_ref idref="fl-20"/>
      </object_component>
      <object_component id="oc-181">
         <name>.debug_info</name>
         <load_address>0x115a3</load_address>
         <run_address>0x115a3</run_address>
         <size>0x122</size>
         <input_file_ref idref="fl-20"/>
      </object_component>
      <object_component id="oc-10e">
         <name>.debug_info</name>
         <load_address>0x116c5</load_address>
         <run_address>0x116c5</run_address>
         <size>0xdcc</size>
         <input_file_ref idref="fl-20"/>
      </object_component>
      <object_component id="oc-27f">
         <name>.debug_info</name>
         <load_address>0x12491</load_address>
         <run_address>0x12491</run_address>
         <size>0x366</size>
         <input_file_ref idref="fl-27"/>
      </object_component>
      <object_component id="oc-276">
         <name>.debug_info</name>
         <load_address>0x127f7</load_address>
         <run_address>0x127f7</run_address>
         <size>0x11f</size>
         <input_file_ref idref="fl-27"/>
      </object_component>
      <object_component id="oc-279">
         <name>.debug_info</name>
         <load_address>0x12916</load_address>
         <run_address>0x12916</run_address>
         <size>0x167</size>
         <input_file_ref idref="fl-27"/>
      </object_component>
      <object_component id="oc-27c">
         <name>.debug_info</name>
         <load_address>0x12a7d</load_address>
         <run_address>0x12a7d</run_address>
         <size>0x131</size>
         <input_file_ref idref="fl-27"/>
      </object_component>
      <object_component id="oc-234">
         <name>.debug_info</name>
         <load_address>0x12bae</load_address>
         <run_address>0x12bae</run_address>
         <size>0x164e</size>
         <input_file_ref idref="fl-27"/>
      </object_component>
      <object_component id="oc-152">
         <name>.debug_info</name>
         <load_address>0x141fc</load_address>
         <run_address>0x141fc</run_address>
         <size>0x3e2</size>
         <input_file_ref idref="fl-29"/>
      </object_component>
      <object_component id="oc-149">
         <name>.debug_info</name>
         <load_address>0x145de</load_address>
         <run_address>0x145de</run_address>
         <size>0x118</size>
         <input_file_ref idref="fl-29"/>
      </object_component>
      <object_component id="oc-14f">
         <name>.debug_info</name>
         <load_address>0x146f6</load_address>
         <run_address>0x146f6</run_address>
         <size>0x124</size>
         <input_file_ref idref="fl-29"/>
      </object_component>
      <object_component id="oc-140">
         <name>.debug_info</name>
         <load_address>0x1481a</load_address>
         <run_address>0x1481a</run_address>
         <size>0x11e</size>
         <input_file_ref idref="fl-29"/>
      </object_component>
      <object_component id="oc-14c">
         <name>.debug_info</name>
         <load_address>0x14938</load_address>
         <run_address>0x14938</run_address>
         <size>0x12b</size>
         <input_file_ref idref="fl-29"/>
      </object_component>
      <object_component id="oc-ea">
         <name>.debug_info</name>
         <load_address>0x14a63</load_address>
         <run_address>0x14a63</run_address>
         <size>0x2da2</size>
         <input_file_ref idref="fl-29"/>
      </object_component>
      <object_component id="oc-1b0">
         <name>.debug_info</name>
         <load_address>0x17805</load_address>
         <run_address>0x17805</run_address>
         <size>0x51</size>
         <input_file_ref idref="fl-29"/>
      </object_component>
      <object_component id="oc-154">
         <name>.debug_info</name>
         <load_address>0x17856</load_address>
         <run_address>0x17856</run_address>
         <size>0x2ec</size>
         <input_file_ref idref="fl-2b"/>
      </object_component>
      <object_component id="oc-f0">
         <name>.debug_info</name>
         <load_address>0x17b42</load_address>
         <run_address>0x17b42</run_address>
         <size>0x5d1</size>
         <input_file_ref idref="fl-2b"/>
      </object_component>
      <object_component id="oc-293">
         <name>.debug_info</name>
         <load_address>0x18113</load_address>
         <run_address>0x18113</run_address>
         <size>0x372</size>
         <input_file_ref idref="fl-2c"/>
      </object_component>
      <object_component id="oc-28a">
         <name>.debug_info</name>
         <load_address>0x18485</load_address>
         <run_address>0x18485</run_address>
         <size>0x125</size>
         <input_file_ref idref="fl-2c"/>
      </object_component>
      <object_component id="oc-28d">
         <name>.debug_info</name>
         <load_address>0x185aa</load_address>
         <run_address>0x185aa</run_address>
         <size>0x171</size>
         <input_file_ref idref="fl-2c"/>
      </object_component>
      <object_component id="oc-290">
         <name>.debug_info</name>
         <load_address>0x1871b</load_address>
         <run_address>0x1871b</run_address>
         <size>0x137</size>
         <input_file_ref idref="fl-2c"/>
      </object_component>
      <object_component id="oc-26f">
         <name>.debug_info</name>
         <load_address>0x18852</load_address>
         <run_address>0x18852</run_address>
         <size>0x2633</size>
         <input_file_ref idref="fl-2c"/>
      </object_component>
      <object_component id="oc-26">
         <name>.debug_info</name>
         <load_address>0x1ae85</load_address>
         <run_address>0x1ae85</run_address>
         <size>0x160</size>
         <input_file_ref idref="fl-ef"/>
      </object_component>
      <object_component id="oc-8d">
         <name>.debug_info</name>
         <load_address>0x1afe5</load_address>
         <run_address>0x1afe5</run_address>
         <size>0x293</size>
         <input_file_ref idref="fl-f0"/>
      </object_component>
      <object_component id="oc-13">
         <name>.debug_info</name>
         <load_address>0x1b278</load_address>
         <run_address>0x1b278</run_address>
         <size>0x245</size>
         <input_file_ref idref="fl-f0"/>
      </object_component>
      <object_component id="oc-38">
         <name>.debug_info</name>
         <load_address>0x1b4bd</load_address>
         <run_address>0x1b4bd</run_address>
         <size>0x60</size>
         <input_file_ref idref="fl-f0"/>
      </object_component>
      <object_component id="oc-88">
         <name>.debug_info</name>
         <load_address>0x1b51d</load_address>
         <run_address>0x1b51d</run_address>
         <size>0x46</size>
         <input_file_ref idref="fl-f0"/>
      </object_component>
      <object_component id="oc-4d">
         <name>.debug_info</name>
         <load_address>0x1b563</load_address>
         <run_address>0x1b563</run_address>
         <size>0x2da</size>
         <input_file_ref idref="fl-f1"/>
      </object_component>
      <object_component id="oc-1a">
         <name>.debug_info</name>
         <load_address>0x1b83d</load_address>
         <run_address>0x1b83d</run_address>
         <size>0x1df</size>
         <input_file_ref idref="fl-f1"/>
      </object_component>
      <object_component id="oc-48">
         <name>.debug_info</name>
         <load_address>0x1ba1c</load_address>
         <run_address>0x1ba1c</run_address>
         <size>0x46</size>
         <input_file_ref idref="fl-f1"/>
      </object_component>
      <object_component id="oc-8f">
         <name>.debug_info</name>
         <load_address>0x1ba62</load_address>
         <run_address>0x1ba62</run_address>
         <size>0x2c</size>
         <input_file_ref idref="fl-f1"/>
      </object_component>
      <object_component id="oc-59">
         <name>.debug_info</name>
         <load_address>0x1ba8e</load_address>
         <run_address>0x1ba8e</run_address>
         <size>0x2c9</size>
         <input_file_ref idref="fl-f2"/>
      </object_component>
      <object_component id="oc-1f">
         <name>.debug_info</name>
         <load_address>0x1bd57</load_address>
         <run_address>0x1bd57</run_address>
         <size>0x1aa</size>
         <input_file_ref idref="fl-f2"/>
      </object_component>
      <object_component id="oc-54">
         <name>.debug_info</name>
         <load_address>0x1bf01</load_address>
         <run_address>0x1bf01</run_address>
         <size>0x46</size>
         <input_file_ref idref="fl-f2"/>
      </object_component>
      <object_component id="oc-97">
         <name>.debug_info</name>
         <load_address>0x1bf47</load_address>
         <run_address>0x1bf47</run_address>
         <size>0x2c</size>
         <input_file_ref idref="fl-f2"/>
      </object_component>
      <object_component id="oc-bd">
         <name>.debug_info</name>
         <load_address>0x1bf73</load_address>
         <run_address>0x1bf73</run_address>
         <size>0x3ce</size>
         <input_file_ref idref="fl-f3"/>
      </object_component>
      <object_component id="oc-b7">
         <name>.debug_info</name>
         <load_address>0x1c341</load_address>
         <run_address>0x1c341</run_address>
         <size>0x185</size>
         <input_file_ref idref="fl-f3"/>
      </object_component>
      <object_component id="oc-73">
         <name>.debug_info</name>
         <load_address>0x1c4c6</load_address>
         <run_address>0x1c4c6</run_address>
         <size>0x214</size>
         <input_file_ref idref="fl-f3"/>
      </object_component>
      <object_component id="oc-43">
         <name>.debug_info</name>
         <load_address>0x1c6da</load_address>
         <run_address>0x1c6da</run_address>
         <size>0x111</size>
         <input_file_ref idref="fl-f4"/>
      </object_component>
      <object_component id="oc-7e">
         <name>.debug_info</name>
         <load_address>0x1c7eb</load_address>
         <run_address>0x1c7eb</run_address>
         <size>0x3bc</size>
         <input_file_ref idref="fl-f5"/>
      </object_component>
      <object_component id="oc-2c">
         <name>.debug_info</name>
         <load_address>0x1cba7</load_address>
         <run_address>0x1cba7</run_address>
         <size>0x101</size>
         <input_file_ref idref="fl-f5"/>
      </object_component>
      <object_component id="oc-1b7">
         <name>.debug_info</name>
         <load_address>0x1cca8</load_address>
         <run_address>0x1cca8</run_address>
         <size>0x14c</size>
         <input_file_ref idref="fl-f5"/>
      </object_component>
      <object_component id="oc-156">
         <name>.debug_info</name>
         <load_address>0x1cdf4</load_address>
         <run_address>0x1cdf4</run_address>
         <size>0x885</size>
         <input_file_ref idref="fl-f5"/>
      </object_component>
      <object_component id="oc-c3">
         <name>.debug_info</name>
         <load_address>0x1d679</load_address>
         <run_address>0x1d679</run_address>
         <size>0x2c</size>
         <input_file_ref idref="fl-f5"/>
      </object_component>
      <object_component id="oc-c8">
         <name>.debug_info</name>
         <load_address>0x1d6a5</load_address>
         <run_address>0x1d6a5</run_address>
         <size>0x62</size>
         <input_file_ref idref="fl-f5"/>
      </object_component>
      <object_component id="oc-4f">
         <name>.debug_info</name>
         <load_address>0x1d707</load_address>
         <run_address>0x1d707</run_address>
         <size>0x13f</size>
         <input_file_ref idref="fl-f6"/>
      </object_component>
      <object_component id="oc-5b">
         <name>.debug_info</name>
         <load_address>0x1d846</load_address>
         <run_address>0x1d846</run_address>
         <size>0x138</size>
         <input_file_ref idref="fl-f7"/>
      </object_component>
      <object_component id="oc-61">
         <name>.debug_info</name>
         <load_address>0x1d97e</load_address>
         <run_address>0x1d97e</run_address>
         <size>0x148</size>
         <input_file_ref idref="fl-f8"/>
      </object_component>
      <object_component id="oc-79">
         <name>.debug_info</name>
         <load_address>0x1dac6</load_address>
         <run_address>0x1dac6</run_address>
         <size>0x109</size>
         <input_file_ref idref="fl-f9"/>
      </object_component>
      <object_component id="oc-1d0">
         <name>.debug_info</name>
         <load_address>0x1dbcf</load_address>
         <run_address>0x1dbcf</run_address>
         <size>0x13a</size>
         <input_file_ref idref="fl-fa"/>
      </object_component>
      <object_component id="oc-12a">
         <name>.debug_info</name>
         <load_address>0x1dd09</load_address>
         <run_address>0x1dd09</run_address>
         <size>0x2be</size>
         <input_file_ref idref="fl-fb"/>
      </object_component>
      <object_component id="oc-ba">
         <name>.debug_info</name>
         <load_address>0x1dfc7</load_address>
         <run_address>0x1dfc7</run_address>
         <size>0x113</size>
         <input_file_ref idref="fl-fb"/>
      </object_component>
      <object_component id="oc-123">
         <name>.debug_info</name>
         <load_address>0x1e0da</load_address>
         <run_address>0x1e0da</run_address>
         <size>0x21f</size>
         <input_file_ref idref="fl-fb"/>
      </object_component>
      <object_component id="oc-b5">
         <name>.debug_info</name>
         <load_address>0x1e2f9</load_address>
         <run_address>0x1e2f9</run_address>
         <size>0x300</size>
         <input_file_ref idref="fl-fc"/>
      </object_component>
      <object_component id="oc-6d">
         <name>.debug_info</name>
         <load_address>0x1e5f9</load_address>
         <run_address>0x1e5f9</run_address>
         <size>0x167</size>
         <input_file_ref idref="fl-fc"/>
      </object_component>
      <object_component id="oc-11b">
         <name>.debug_info</name>
         <load_address>0x1e760</load_address>
         <run_address>0x1e760</run_address>
         <size>0x5e</size>
         <input_file_ref idref="fl-fc"/>
      </object_component>
      <object_component id="oc-ad">
         <name>.debug_info</name>
         <load_address>0x1e7be</load_address>
         <run_address>0x1e7be</run_address>
         <size>0x483</size>
         <input_file_ref idref="fl-fd"/>
      </object_component>
      <object_component id="oc-67">
         <name>.debug_info</name>
         <load_address>0x1ec41</load_address>
         <run_address>0x1ec41</run_address>
         <size>0x190</size>
         <input_file_ref idref="fl-fd"/>
      </object_component>
      <object_component id="oc-d9">
         <name>.debug_info</name>
         <load_address>0x1edd1</load_address>
         <run_address>0x1edd1</run_address>
         <size>0x39</size>
         <input_file_ref idref="fl-fd"/>
      </object_component>
      <object_component id="oc-135">
         <name>.debug_info</name>
         <load_address>0x1ee0a</load_address>
         <run_address>0x1ee0a</run_address>
         <size>0x39</size>
         <input_file_ref idref="fl-fd"/>
      </object_component>
      <object_component id="oc-de">
         <name>.debug_info</name>
         <load_address>0x1ee43</load_address>
         <run_address>0x1ee43</run_address>
         <size>0xcd</size>
         <input_file_ref idref="fl-fd"/>
      </object_component>
      <object_component id="oc-d5">
         <name>.debug_info</name>
         <load_address>0x1ef10</load_address>
         <run_address>0x1ef10</run_address>
         <size>0x37a</size>
         <input_file_ref idref="fl-fe"/>
      </object_component>
      <object_component id="oc-a1">
         <name>.debug_info</name>
         <load_address>0x1f28a</load_address>
         <run_address>0x1f28a</run_address>
         <size>0x183</size>
         <input_file_ref idref="fl-fe"/>
      </object_component>
      <object_component id="oc-130">
         <name>.debug_info</name>
         <load_address>0x1f40d</load_address>
         <run_address>0x1f40d</run_address>
         <size>0x2c</size>
         <input_file_ref idref="fl-fe"/>
      </object_component>
      <object_component id="oc-247">
         <name>.debug_info</name>
         <load_address>0x1f439</load_address>
         <run_address>0x1f439</run_address>
         <size>0x147</size>
         <input_file_ref idref="fl-ff"/>
      </object_component>
      <object_component id="oc-a7">
         <name>.debug_info</name>
         <load_address>0x1f580</load_address>
         <run_address>0x1f580</run_address>
         <size>0x145</size>
         <input_file_ref idref="fl-100"/>
      </object_component>
      <object_component id="oc-2ce">
         <name>.debug_info</name>
         <load_address>0x1f6c5</load_address>
         <run_address>0x1f6c5</run_address>
         <size>0xd2</size>
      </object_component>
      <object_component id="oc-205">
         <name>.debug_line</name>
         <load_address>0x0</load_address>
         <run_address>0x0</run_address>
         <size>0x7a</size>
         <input_file_ref idref="fl-2"/>
      </object_component>
      <object_component id="oc-1ff">
         <name>.debug_line</name>
         <load_address>0x7a</load_address>
         <run_address>0x7a</run_address>
         <size>0x31</size>
         <input_file_ref idref="fl-2"/>
      </object_component>
      <object_component id="oc-201">
         <name>.debug_line</name>
         <load_address>0xab</load_address>
         <run_address>0xab</run_address>
         <size>0x31</size>
         <input_file_ref idref="fl-2"/>
      </object_component>
      <object_component id="oc-203">
         <name>.debug_line</name>
         <load_address>0xdc</load_address>
         <run_address>0xdc</run_address>
         <size>0x31</size>
         <input_file_ref idref="fl-2"/>
      </object_component>
      <object_component id="oc-1fd">
         <name>.debug_line</name>
         <load_address>0x10d</load_address>
         <run_address>0x10d</run_address>
         <size>0x31</size>
         <input_file_ref idref="fl-2"/>
      </object_component>
      <object_component id="oc-10b">
         <name>.debug_line</name>
         <load_address>0x13e</load_address>
         <run_address>0x13e</run_address>
         <size>0xdb</size>
         <input_file_ref idref="fl-2"/>
      </object_component>
      <object_component id="oc-d0">
         <name>.debug_line</name>
         <load_address>0x219</load_address>
         <run_address>0x219</run_address>
         <size>0x20</size>
         <input_file_ref idref="fl-2"/>
      </object_component>
      <object_component id="oc-86">
         <name>.debug_line</name>
         <load_address>0x239</load_address>
         <run_address>0x239</run_address>
         <size>0x6e</size>
         <input_file_ref idref="fl-2"/>
      </object_component>
      <object_component id="oc-1bb">
         <name>.debug_line</name>
         <load_address>0x2a7</load_address>
         <run_address>0x2a7</run_address>
         <size>0x6e</size>
         <input_file_ref idref="fl-3"/>
      </object_component>
      <object_component id="oc-f9">
         <name>.debug_line</name>
         <load_address>0x315</load_address>
         <run_address>0x315</run_address>
         <size>0xa8</size>
         <input_file_ref idref="fl-3"/>
      </object_component>
      <object_component id="oc-19c">
         <name>.debug_line</name>
         <load_address>0x3bd</load_address>
         <run_address>0x3bd</run_address>
         <size>0x31</size>
         <input_file_ref idref="fl-3"/>
      </object_component>
      <object_component id="oc-1bf">
         <name>.debug_line</name>
         <load_address>0x3ee</load_address>
         <run_address>0x3ee</run_address>
         <size>0x6e</size>
         <input_file_ref idref="fl-3"/>
      </object_component>
      <object_component id="oc-40">
         <name>.debug_line</name>
         <load_address>0x45c</load_address>
         <run_address>0x45c</run_address>
         <size>0x20</size>
         <input_file_ref idref="fl-3"/>
      </object_component>
      <object_component id="oc-198">
         <name>.debug_line</name>
         <load_address>0x47c</load_address>
         <run_address>0x47c</run_address>
         <size>0xa5</size>
         <input_file_ref idref="fl-4"/>
      </object_component>
      <object_component id="oc-ff">
         <name>.debug_line</name>
         <load_address>0x521</load_address>
         <run_address>0x521</run_address>
         <size>0x73</size>
         <input_file_ref idref="fl-4"/>
      </object_component>
      <object_component id="oc-1e5">
         <name>.debug_line</name>
         <load_address>0x594</load_address>
         <run_address>0x594</run_address>
         <size>0x6c</size>
         <input_file_ref idref="fl-4"/>
      </object_component>
      <object_component id="oc-1ea">
         <name>.debug_line</name>
         <load_address>0x600</load_address>
         <run_address>0x600</run_address>
         <size>0x6e</size>
         <input_file_ref idref="fl-4"/>
      </object_component>
      <object_component id="oc-b2">
         <name>.debug_line</name>
         <load_address>0x66e</load_address>
         <run_address>0x66e</run_address>
         <size>0xfd</size>
         <input_file_ref idref="fl-5"/>
      </object_component>
      <object_component id="oc-82">
         <name>.debug_line</name>
         <load_address>0x76b</load_address>
         <run_address>0x76b</run_address>
         <size>0x41</size>
         <input_file_ref idref="fl-6"/>
      </object_component>
      <object_component id="oc-35">
         <name>.debug_line</name>
         <load_address>0x7ac</load_address>
         <run_address>0x7ac</run_address>
         <size>0x41</size>
         <input_file_ref idref="fl-6"/>
      </object_component>
      <object_component id="oc-32">
         <name>.debug_line</name>
         <load_address>0x7ed</load_address>
         <run_address>0x7ed</run_address>
         <size>0xa1</size>
         <input_file_ref idref="fl-6"/>
      </object_component>
      <object_component id="oc-1ed">
         <name>.debug_line</name>
         <load_address>0x88e</load_address>
         <run_address>0x88e</run_address>
         <size>0x70</size>
         <input_file_ref idref="fl-7"/>
      </object_component>
      <object_component id="oc-105">
         <name>.debug_line</name>
         <load_address>0x8fe</load_address>
         <run_address>0x8fe</run_address>
         <size>0xcc</size>
         <input_file_ref idref="fl-7"/>
      </object_component>
      <object_component id="oc-257">
         <name>.debug_line</name>
         <load_address>0x9ca</load_address>
         <run_address>0x9ca</run_address>
         <size>0x20</size>
         <input_file_ref idref="fl-8"/>
      </object_component>
      <object_component id="oc-24f">
         <name>.debug_line</name>
         <load_address>0x9ea</load_address>
         <run_address>0x9ea</run_address>
         <size>0x30</size>
         <input_file_ref idref="fl-8"/>
      </object_component>
      <object_component id="oc-251">
         <name>.debug_line</name>
         <load_address>0xa1a</load_address>
         <run_address>0xa1a</run_address>
         <size>0x30</size>
         <input_file_ref idref="fl-8"/>
      </object_component>
      <object_component id="oc-253">
         <name>.debug_line</name>
         <load_address>0xa4a</load_address>
         <run_address>0xa4a</run_address>
         <size>0x30</size>
         <input_file_ref idref="fl-8"/>
      </object_component>
      <object_component id="oc-255">
         <name>.debug_line</name>
         <load_address>0xa7a</load_address>
         <run_address>0xa7a</run_address>
         <size>0x30</size>
         <input_file_ref idref="fl-8"/>
      </object_component>
      <object_component id="oc-168">
         <name>.debug_line</name>
         <load_address>0xaaa</load_address>
         <run_address>0xaaa</run_address>
         <size>0x643</size>
         <input_file_ref idref="fl-8"/>
      </object_component>
      <object_component id="oc-245">
         <name>.debug_line</name>
         <load_address>0x10ed</load_address>
         <run_address>0x10ed</run_address>
         <size>0xa6</size>
         <input_file_ref idref="fl-9"/>
      </object_component>
      <object_component id="oc-162">
         <name>.debug_line</name>
         <load_address>0x1193</load_address>
         <run_address>0x1193</run_address>
         <size>0x7e</size>
         <input_file_ref idref="fl-9"/>
      </object_component>
      <object_component id="oc-29d">
         <name>.debug_line</name>
         <load_address>0x1211</load_address>
         <run_address>0x1211</run_address>
         <size>0x20</size>
         <input_file_ref idref="fl-a"/>
      </object_component>
      <object_component id="oc-281">
         <name>.debug_line</name>
         <load_address>0x1231</load_address>
         <run_address>0x1231</run_address>
         <size>0x49</size>
         <input_file_ref idref="fl-a"/>
      </object_component>
      <object_component id="oc-29f">
         <name>.debug_line</name>
[...]
         <value>0x5de7</value>
         <object_component_ref idref="oc-113"/>
      </symbol>
      <symbol id="sm-787">
         <name>SysCtlVoltageEventClear</name>
         <value>0x1089</value>
         <object_component_ref idref="oc-e9"/>
      </symbol>
      <symbol id="sm-788">
         <name>SysCtlLDOSleepSet</name>
         <value>0x775</value>
         <object_component_ref idref="oc-e9"/>
      </symbol>
      <symbol id="sm-789">
         <name>SysCtlMOSCConfigSet</name>
         <value>0x80b</value>
         <object_component_ref idref="oc-e9"/>
      </symbol>
      <symbol id="sm-78a">
         <name>SysCtlPeripheralEnable</name>
         <value>0x509</value>
         <object_component_ref idref="oc-e9"/>
      </symbol>
      <symbol id="sm-78b">
         <name>SysCtlIntEnable</name>
         <value>0x71d</value>
         <object_component_ref idref="oc-e9"/>
      </symbol>
      <symbol id="sm-78c">
         <name>SysCtlNMIClear</name>
         <value>0x1171</value>
         <object_component_ref idref="oc-e9"/>
      </symbol>
      <symbol id="sm-78d">
         <name>SysCtlPeripheralPowerOff</name>
         <value>0x445</value>
         <object_component_ref idref="oc-e9"/>
      </symbol>
      <symbol id="sm-78e">
         <name>SysCtlSleepPowerSet</name>
         <value>0x7a1</value>
         <object_component_ref idref="oc-e9"/>
      </symbol>
      <symbol id="sm-78f">
         <name>SysCtlDeepSleep</name>
         <value>0x7d5</value>
         <object_component_ref idref="oc-e9"/>
      </symbol>
      <symbol id="sm-790">
         <name>SysCtlLDODeepSleepSet</name>
         <value>0x78b</value>
         <object_component_ref idref="oc-e9"/>
      </symbol>
      <symbol id="sm-791">
         <name>SysCtlPeripheralPowerOn</name>
         <value>0x409</value>
         <object_component_ref idref="oc-e9"/>
      </symbol>
      <symbol id="sm-792">
         <name>SysCtlPeripheralDeepSleepDisable</name>
         <value>0x659</value>
         <object_component_ref idref="oc-e9"/>
      </symbol>
      <symbol id="sm-793">
         <name>SysCtlPeripheralSleepDisable</name>
         <value>0x5cd</value>
         <object_component_ref idref="oc-e9"/>
      </symbol>
      <symbol id="sm-794">
         <name>SysCtlVCOGet</name>
         <value>0x10a1</value>
         <object_component_ref idref="oc-e9"/>
      </symbol>
      <symbol id="sm-795">
         <name>SysCtlResetBehaviorSet</name>
         <value>0x871</value>
         <object_component_ref idref="oc-e9"/>
      </symbol>
      <symbol id="sm-796">
         <name>SysCtlReset</name>
         <value>0x7c5</value>
         <object_component_ref idref="oc-e9"/>
      </symbol>
      <symbol id="sm-797">
         <name>SysCtlGPIOAHBDisable</name>
         <value>0x1033</value>
         <object_component_ref idref="oc-e9"/>
      </symbol>
      <symbol id="sm-798">
         <name>SysCtlSRAMSizeGet</name>
         <value>0x32d</value>
         <object_component_ref idref="oc-e9"/>
      </symbol>
      <symbol id="sm-799">
         <name>SysCtlClockGet</name>
         <value>0xd99</value>
         <object_component_ref idref="oc-e9"/>
      </symbol>
      <symbol id="sm-79a">
         <name>SysCtlPeripheralDisable</name>
         <value>0x545</value>
         <object_component_ref idref="oc-e9"/>
      </symbol>
      <symbol id="sm-79b">
         <name>SysCtlPWMClockSet</name>
         <value>0xfe7</value>
         <object_component_ref idref="oc-e9"/>
      </symbol>
      <symbol id="sm-79c">
         <name>SysCtlUSBPLLEnable</name>
         <value>0x104f</value>
         <object_component_ref idref="oc-e9"/>
      </symbol>
      <symbol id="sm-79d">
         <name>SysCtlPeripheralSleepEnable</name>
         <value>0x589</value>
         <object_component_ref idref="oc-e9"/>
      </symbol>
      <symbol id="sm-79e">
         <name>SysCtlIntUnregister</name>
         <value>0x70d</value>
         <object_component_ref idref="oc-e9"/>
      </symbol>
      <symbol id="sm-79f">
         <name>SysCtlUSBPLLDisable</name>
         <value>0x105b</value>
         <object_component_ref idref="oc-e9"/>
      </symbol>
      <symbol id="sm-7a0">
         <name>SysCtlPeripheralReady</name>
         <value>0x3c9</value>
         <object_component_ref idref="oc-e9"/>
      </symbol>
      <symbol id="sm-7a1">
         <name>SysCtlPIOSCCalibrate</name>
         <value>0x821</value>
         <object_component_ref idref="oc-e9"/>
      </symbol>
      <symbol id="sm-7a2">
         <name>SysCtlResetCauseClear</name>
         <value>0x7f7</value>
         <object_component_ref idref="oc-e9"/>
      </symbol>
      <symbol id="sm-7a3">
         <name>SysCtlLDOSleepGet</name>
         <value>0x785</value>
         <object_component_ref idref="oc-e9"/>
      </symbol>
      <symbol id="sm-7a4">
         <name>SysCtlClockFreqSet</name>
         <value>0x8d1</value>
         <object_component_ref idref="oc-e9"/>
      </symbol>
      <symbol id="sm-7a5">
         <name>SysCtlPeripheralReset</name>
         <value>0x481</value>
         <object_component_ref idref="oc-e9"/>
      </symbol>
      <symbol id="sm-7bf">
         <name>SysTickIntDisable</name>
         <value>0x5989</value>
         <object_component_ref idref="oc-ef"/>
      </symbol>
      <symbol id="sm-7c0">
         <name>SysTickEnable</name>
         <value>0x5939</value>
         <object_component_ref idref="oc-ef"/>
      </symbol>
      <symbol id="sm-7c1">
         <name>SysTickPeriodGet</name>
         <value>0x59a7</value>
         <object_component_ref idref="oc-ef"/>
      </symbol>
      <symbol id="sm-7c2">
         <name>SysTickIntRegister</name>
         <value>0x5951</value>
         <object_component_ref idref="oc-ef"/>
      </symbol>
      <symbol id="sm-7c3">
         <name>SysTickIntEnable</name>
         <value>0x597d</value>
         <object_component_ref idref="oc-ef"/>
      </symbol>
      <symbol id="sm-7c4">
         <name>SysTickValueGet</name>
         <value>0x59af</value>
         <object_component_ref idref="oc-ef"/>
      </symbol>
      <symbol id="sm-7c5">
         <name>SysTickIntUnregister</name>
         <value>0x5969</value>
         <object_component_ref idref="oc-ef"/>
      </symbol>
      <symbol id="sm-7c6">
         <name>SysTickPeriodSet</name>
         <value>0x5995</value>
         <object_component_ref idref="oc-ef"/>
      </symbol>
      <symbol id="sm-7c7">
         <name>SysTickDisable</name>
         <value>0x5945</value>
         <object_component_ref idref="oc-ef"/>
      </symbol>
      <symbol id="sm-84b">
         <name>TimerMatchSet</name>
         <value>0x4011</value>
         <object_component_ref idref="oc-26e"/>
      </symbol>
      <symbol id="sm-84c">
         <name>TimerLoadSet</name>
         <value>0x3f2d</value>
         <object_component_ref idref="oc-26e"/>
      </symbol>
      <symbol id="sm-84d">
         <name>TimerDMAEventSet</name>
         <value>0x417f</value>
         <object_component_ref idref="oc-26e"/>
      </symbol>
      <symbol id="sm-84e">
         <name>TimerADCEventSet</name>
         <value>0x415f</value>
         <object_component_ref idref="oc-26e"/>
      </symbol>
      <symbol id="sm-84f">
         <name>TimerPrescaleMatchGet</name>
         <value>0x3f11</value>
         <object_component_ref idref="oc-26e"/>
      </symbol>
      <symbol id="sm-850">
         <name>TimerPrescaleGet</name>
         <value>0x3ec7</value>
         <object_component_ref idref="oc-26e"/>
      </symbol>
      <symbol id="sm-851">
         <name>TimerControlLevel</name>
         <value>0x3ccb</value>
         <object_component_ref idref="oc-26e"/>
      </symbol>
      <symbol id="sm-852">
         <name>TimerDisable</name>
         <value>0x3c31</value>
         <object_component_ref idref="oc-26e"/>
      </symbol>
      <symbol id="sm-853">
         <name>TimerUpdateMode</name>
         <value>0x419f</value>
         <object_component_ref idref="oc-26e"/>
      </symbol>
      <symbol id="sm-854">
         <name>TimerIntRegister</name>
         <value>0x40a7</value>
         <object_component_ref idref="oc-26e"/>
      </symbol>
      <symbol id="sm-855">
         <name>TimerMatchSet64</name>
         <value>0x4057</value>
         <object_component_ref idref="oc-26e"/>
      </symbol>
      <symbol id="sm-856">
         <name>TimerEnable</name>
         <value>0x3c13</value>
         <object_component_ref idref="oc-26e"/>
      </symbol>
      <symbol id="sm-857">
         <name>TimerLoadGet64</name>
         <value>0x3f91</value>
         <object_component_ref idref="oc-26e"/>
      </symbol>
      <symbol id="sm-858">
         <name>TimerIntUnregister</name>
         <value>0x40cf</value>
         <object_component_ref idref="oc-26e"/>
      </symbol>
      <symbol id="sm-859">
         <name>TimerValueGet64</name>
         <value>0x3fdf</value>
         <object_component_ref idref="oc-26e"/>
      </symbol>
      <symbol id="sm-85a">
         <name>TimerMatchGet</name>
         <value>0x403b</value>
         <object_component_ref idref="oc-26e"/>
      </symbol>
      <symbol id="sm-85b">
         <name>TimerIntStatus</name>
         <value>0x411d</value>
         <object_component_ref idref="oc-26e"/>
      </symbol>
      <symbol id="sm-85c">
         <name>TimerClockSourceGet</name>
         <value>0x3e8d</value>
         <object_component_ref idref="oc-26e"/>
      </symbol>
      <symbol id="sm-85d">
         <name>TimerIntDisable</name>
         <value>0x4105</value>
         <object_component_ref idref="oc-26e"/>
      </symbol>
      <symbol id="sm-85e">
         <name>TimerValueGet</name>
         <value>0x3fc3</value>
         <object_component_ref idref="oc-26e"/>
      </symbol>
      <symbol id="sm-85f">
         <name>TimerControlTrigger</name>
         <value>0x3d01</value>
         <object_component_ref idref="oc-26e"/>
      </symbol>
      <symbol id="sm-860">
         <name>TimerPrescaleSet</name>
         <value>0x3e9d</value>
         <object_component_ref idref="oc-26e"/>
      </symbol>
      <symbol id="sm-861">
         <name>TimerControlStall</name>
         <value>0x3d99</value>
         <object_component_ref idref="oc-26e"/>
      </symbol>
      <symbol id="sm-862">
         <name>TimerMatchGet64</name>
         <value>0x4075</value>
         <object_component_ref idref="oc-26e"/>
      </symbol>
      <symbol id="sm-863">
         <name>TimerRTCEnable</name>
         <value>0x3e2f</value>
         <object_component_ref idref="oc-26e"/>
      </symbol>
      <symbol id="sm-864">
         <name>TimerLoadGet</name>
         <value>0x3f57</value>
         <object_component_ref idref="oc-26e"/>
      </symbol>
      <symbol id="sm-865">
         <name>TimerIntEnable</name>
         <value>0x40ed</value>
         <object_component_ref idref="oc-26e"/>
      </symbol>
      <symbol id="sm-866">
         <name>TimerClockSourceSet</name>
         <value>0x3e71</value>
         <object_component_ref idref="oc-26e"/>
      </symbol>
      <symbol id="sm-867">
         <name>TimerLoadSet64</name>
         <value>0x3f73</value>
         <object_component_ref idref="oc-26e"/>
      </symbol>
      <symbol id="sm-868">
         <name>TimerDMAEventGet</name>
         <value>0x4191</value>
         <object_component_ref idref="oc-26e"/>
      </symbol>
      <symbol id="sm-869">
         <name>TimerRTCDisable</name>
         <value>0x3e45</value>
         <object_component_ref idref="oc-26e"/>
      </symbol>
      <symbol id="sm-86a">
         <name>TimerADCEventGet</name>
         <value>0x4171</value>
         <object_component_ref idref="oc-26e"/>
      </symbol>
      <symbol id="sm-86b">
         <name>TimerPrescaleMatchSet</name>
         <value>0x3ee3</value>
         <object_component_ref idref="oc-26e"/>
      </symbol>
      <symbol id="sm-86c">
         <name>TimerControlWaitOnTrigger</name>
         <value>0x3dcf</value>
         <object_component_ref idref="oc-26e"/>
      </symbol>
      <symbol id="sm-86d">
         <name>TimerConfigure</name>
         <value>0x3c4f</value>
         <object_component_ref idref="oc-26e"/>
      </symbol>
      <symbol id="sm-86e">
         <name>TimerControlEvent</name>
         <value>0x3d6f</value>
         <object_component_ref idref="oc-26e"/>
      </symbol>
      <symbol id="sm-86f">
         <name>TimerIntClear</name>
         <value>0x413b</value>
         <object_component_ref idref="oc-26e"/>
      </symbol>
      <symbol id="sm-870">
         <name>TimerSynchronize</name>
         <value>0x414d</value>
         <object_component_ref idref="oc-26e"/>
      </symbol>
      <symbol id="sm-885">
         <name>_c_int00</name>
         <value>0x5bdd</value>
         <object_component_ref idref="oc-24"/>
      </symbol>
      <symbol id="sm-886">
         <name>__stack</name>
         <value>0x2000026c</value>
         <object_component_ref idref="oc-2a"/>
      </symbol>
      <symbol id="sm-8a4">
         <name>__TI_decompress_lzss</name>
         <value>0x5b19</value>
         <object_component_ref idref="oc-12"/>
      </symbol>
      <symbol id="sm-8bb">
         <name>__TI_decompress_none</name>
         <value>0x5dc1</value>
         <object_component_ref idref="oc-18"/>
      </symbol>
      <symbol id="sm-8d2">
         <name>__TI_zero_init</name>
         <value>0x5dcf</value>
         <object_component_ref idref="oc-1e"/>
      </symbol>
      <symbol id="sm-8f3">
         <name>C$$EXIT</name>
         <value>0x5c31</value>
         <object_component_ref idref="oc-72"/>
      </symbol>
      <symbol id="sm-8f4">
         <name>abort</name>
         <value>0x5c35</value>
         <object_component_ref idref="oc-72"/>
      </symbol>
      <symbol id="sm-8f5">
         <name>exit</name>
         <value>0x5c3d</value>
         <object_component_ref idref="oc-72"/>
      </symbol>
      <symbol id="sm-8f6">
         <name>__TI_dtors_ptr</name>
         <value>0x200025e4</value>
         <object_component_ref idref="oc-b6"/>
      </symbol>
      <symbol id="sm-8f7">
         <name>__TI_cleanup_ptr</name>
         <value>0x200025e0</value>
         <object_component_ref idref="oc-b6"/>
      </symbol>
      <symbol id="sm-8f8">
         <name>__TI_enable_exit_profile_output</name>
         <value>0x200025e8</value>
         <object_component_ref idref="oc-b6"/>
      </symbol>
      <symbol id="sm-913">
         <name>memcpy</name>
         <value>0x589d</value>
         <object_component_ref idref="oc-42"/>
      </symbol>
      <symbol id="sm-914">
         <name>__aeabi_memcpy</name>
         <value>0x589d</value>
         <object_component_ref idref="oc-42"/>
      </symbol>
      <symbol id="sm-915">
         <name>__aeabi_memcpy8</name>
         <value>0x589d</value>
         <object_component_ref idref="oc-42"/>
      </symbol>
      <symbol id="sm-916">
         <name>__aeabi_memcpy4</name>
         <value>0x589d</value>
         <object_component_ref idref="oc-42"/>
      </symbol>
      <symbol id="sm-98d">
         <name>_sys_memory</name>
         <value>0x20001270</value>
         <object_component_ref idref="oc-2b"/>
      </symbol>
      <symbol id="sm-98e">
         <name>free</name>
         <value>0x42df</value>
         <object_component_ref idref="oc-155"/>
      </symbol>
      <symbol id="sm-98f">
         <name>realloc</name>
         <value>0x439f</value>
         <object_component_ref idref="oc-155"/>
      </symbol>
      <symbol id="sm-990">
         <name>memalign</name>
         <value>0x44a9</value>
         <object_component_ref idref="oc-155"/>
      </symbol>
      <symbol id="sm-991">
         <name>calloc</name>
         <value>0x4595</value>
         <object_component_ref idref="oc-155"/>
      </symbol>
      <symbol id="sm-992">
         <name>malloc</name>
         <value>0x4275</value>
         <object_component_ref idref="oc-155"/>
      </symbol>
      <symbol id="sm-993">
         <name>minit</name>
         <value>0x41f5</value>
         <object_component_ref idref="oc-155"/>
      </symbol>
      <symbol id="sm-9a2">
         <name>__aeabi_memset</name>
         <value>0x59c3</value>
         <object_component_ref idref="oc-4e"/>
      </symbol>
      <symbol id="sm-9a3">
         <name>memset</name>
         <value>0x59c9</value>
         <object_component_ref idref="oc-4e"/>
      </symbol>
      <symbol id="sm-9a4">
         <name>__aeabi_memset8</name>
         <value>0x59c3</value>
         <object_component_ref idref="oc-4e"/>
      </symbol>
      <symbol id="sm-9a5">
         <name>__aeabi_memset4</name>
         <value>0x59c3</value>
         <object_component_ref idref="oc-4e"/>
      </symbol>
      <symbol id="sm-9a6">
         <name>__aeabi_memclr8</name>
         <value>0x59c1</value>
         <object_component_ref idref="oc-4e"/>
      </symbol>
      <symbol id="sm-9a7">
         <name>__aeabi_memclr4</name>
         <value>0x59c1</value>
         <object_component_ref idref="oc-4e"/>
      </symbol>
      <symbol id="sm-9a8">
         <name>__aeabi_memclr</name>
         <value>0x59c1</value>
         <object_component_ref idref="oc-4e"/>
      </symbol>
      <symbol id="sm-9b2">
         <name>__mpu_init</name>
         <value>0x41f3</value>
         <object_component_ref idref="oc-5a"/>
      </symbol>
      <symbol id="sm-9bc">
         <name>_system_pre_init</name>
         <value>0x5ded</value>
         <object_component_ref idref="oc-60"/>
      </symbol>
      <symbol id="sm-9c4">
         <name>main_func_sp</name>
         <value>0x20002600</value>
         <object_component_ref idref="oc-78"/>
      </symbol>
      <symbol id="sm-9d3">
         <name>__aeabi_uidivmod</name>
         <value>0x5d15</value>
         <object_component_ref idref="oc-1cf"/>
      </symbol>
      <symbol id="sm-9d4">
         <name>__aeabi_uidiv</name>
         <value>0x5d15</value>
         <object_component_ref idref="oc-1cf"/>
      </symbol>
      <symbol id="sm-9ed">
         <name>_nop</name>
         <value>0x5dbb</value>
         <object_component_ref idref="oc-122"/>
      </symbol>
      <symbol id="sm-9ee">
         <name>_lock</name>
         <value>0x200025f8</value>
         <object_component_ref idref="oc-b9"/>
      </symbol>
      <symbol id="sm-9ef">
         <name>_unlock</name>
         <value>0x200025fc</value>
         <object_component_ref idref="oc-b9"/>
      </symbol>
      <symbol id="sm-9f0">
         <name>_register_lock</name>
         <value>0x5db3</value>
         <object_component_ref idref="oc-122"/>
      </symbol>
      <symbol id="sm-9f1">
         <name>_register_unlock</name>
         <value>0x5dad</value>
         <object_component_ref idref="oc-122"/>
      </symbol>
      <symbol id="sm-a05">
         <name>_args_main</name>
         <value>0x5d95</value>
         <object_component_ref idref="oc-6c"/>
      </symbol>
      <symbol id="sm-a2f">
         <name>__TI_auto_init</name>
         <value>0x5a3d</value>
         <object_component_ref idref="oc-66"/>
      </symbol>
      <symbol id="sm-a49">
         <name>copy_in</name>
         <value>0x5c85</value>
         <object_component_ref idref="oc-a0"/>
      </symbol>
      <symbol id="sm-a53">
         <name>__aeabi_idiv0</name>
         <value>0x3b9b</value>
         <object_component_ref idref="oc-246"/>
      </symbol>
      <symbol id="sm-a5d">
         <name>_system_post_cinit</name>
         <value>0x5043</value>
         <object_component_ref idref="oc-a6"/>
      </symbol>
      <symbol id="sm-a5e">
         <name>__TI_static_base__</name>
         <value>0x0</value>
      </symbol>
      <symbol id="sm-a61">
         <name>SHT$$INIT_ARRAY$$Limit</name>
         <value>0x0</value>
      </symbol>
      <symbol id="sm-a62">
         <name>SHT$$INIT_ARRAY$$Base</name>
         <value>0x0</value>
      </symbol>
   </symbol_table>
   <title>Link successful</title>
</link_info>
