******************************************************************************
                  TI ARM Linker Unix v16.9.6                   
******************************************************************************
>> Linked Sat Apr 20 23:08:05 2019

OUTPUT FILE NAME:   <milestone2.out>
ENTRY POINT SYMBOL: "_c_int00"  address: 00005bc1


MEMORY CONFIGURATION

         name            origin    length      used     unused   attr    fill
----------------------  --------  ---------  --------  --------  ----  --------
  FLASH                 00000000   00040000  0000684c  000397b4  R  X
  SRAM                  20000000   00008000  00002609  000059f7  RW X


SEGMENT ALLOCATION MAP

run origin  load origin   length   init length attrs members
----------  ----------- ---------- ----------- ----- -------
00000000    00000000    00006850   00006850    r-x
  00000000    00000000    0000026c   0000026c    r-- .intvecs
  0000026c    0000026c    00005b68   00005b68    r-x .text
  00005dd4    00005dd4    00000a20   00000a20    r-- .const
  000067f8    000067f8    00000058   00000058    r-- .cinit
20000000    20000000    00002610   00000000    rw-
  20000000    20000000    0000026c   00000000    rw- .vtable
  2000026c    2000026c    00001000   00000000    rw- .stack
  20001270    20001270    00001000   00000000    rw- .sysmem
  20002270    20002270    0000036d   00000000    rw- .bss
  200025e0    200025e0    00000030   00000000    rw- .data


SECTION ALLOCATION MAP

 output                                  attributes/
section   page    origin      length       input sections
--------  ----  ----------  ----------   ----------------
.intvecs   0    00000000    0000026c     
                  00000000    0000026c     tm4c123gh6pm_startup_ccs.obj (.intvecs)

.text      0    0000026c    00005b68     
                  0000026c    00000f80     sysctl.obj (.text)
                  000011ec    00000c84     ustdlib.obj (.text)
                  00001e70    00000ba0     gpio.obj (.text)
                  00002a10    00000950     OrbitOledGrph.obj (.text)
                  00003360    0000083a     adc.obj (.text)
                  00003b9a    00000002     rtsv7M4_T_le_v4SPD16_eabi.lib : i_div0.obj (.text)
                  00003b9c    00000656     timer.obj (.text)
                  000041f2    00000002     rtsv7M4_T_le_v4SPD16_eabi.lib : mpu_init.obj (.text)
                  000041f4    000003d0                                   : memory.obj (.text)
                  000045c4    000003c0     interrupt.obj (.text)
                  00004984    0000037c     OrbitOled.obj (.text)
                  00004d00    00000342     ssi.obj (.text)
                  00005042    00000002     rtsv7M4_T_le_v4SPD16_eabi.lib : startup.obj (.text)
                  00005044    00000220     buttons4.obj (.text)
                  00005264    00000204     OrbitOledChar.obj (.text)
                  00005468    000001c6     userDisplay.obj (.text)
                  0000562e    00000002     --HOLE-- [fill = 0]
                  00005630    00000198     helicopterMasterController.obj (.text)
                  000057c8    000000b8     circBufT.obj (.text)
                  00005880    0000009c     rtsv7M4_T_le_v4SPD16_eabi.lib : memcpy_t2.obj (.text)
                  0000591c    00000088     systick.obj (.text)
                  000059a4    0000007a     rtsv7M4_T_le_v4SPD16_eabi.lib : memset_t2.obj (.text)
                  00005a1e    00000002     --HOLE-- [fill = 0]
                  00005a20    00000070                                   : autoinit.obj (.text)
                  00005a90    0000006c     helicopterAltitude.obj (.text)
                  00005afc    00000068     rtsv7M4_T_le_v4SPD16_eabi.lib : copy_decompress_lzss.obj (.text:decompress:lzss)
                  00005b64    0000005c     delay.obj (.text)
                  00005bc0    00000054     rtsv7M4_T_le_v4SPD16_eabi.lib : boot.obj (.text)
                  00005c14    00000054                                   : exit.obj (.text)
                  00005c68    0000004c                                   : cpy_tbl.obj (.text)
                  00005cb4    00000044     OrbitOLEDInterface.obj (.text)
                  00005cf8    00000040     rtsv7M4_T_le_v4SPD16_eabi.lib : u_divt2.obj (.text)
                  00005d38    0000003e     cpu.obj (.text)
                  00005d76    00000002     --HOLE-- [fill = 0]
                  00005d78    00000018     rtsv7M4_T_le_v4SPD16_eabi.lib : args_main.obj (.text)
                  00005d90    00000014                                   : _lock.obj (.text)
                  00005da4    0000000e                                   : copy_decompress_none.obj (.text:decompress:none)
                  00005db2    0000000c                                   : copy_zero_init.obj (.text:decompress:ZI)
                  00005dbe    0000000c     tm4c123gh6pm_startup_ccs.obj (.text)
                  00005dca    00000006     sysctl.obj (.text:SysCtlDelay)
                  00005dd0    00000004     rtsv7M4_T_le_v4SPD16_eabi.lib : pre_init.obj (.text)

.const     0    00005dd4    00000a20     
                  00005dd4    00000300     ChrFont0.obj (.const:.string:rgbOledFont0)
                  000060d4    000001b0     sysctl.obj (.const:g_pppui32XTALtoVCO)
                  00006284    000000d8     gpio.obj (.const:g_ppui32GPIOIntMapSnowflake)
                  0000635c    000000c0     gpio.obj (.const:g_ppui32GPIOIntMapBlizzard)
                  0000641c    0000009c     interrupt.obj (.const:g_pui32Regs)
                  000064b8    00000090     gpio.obj (.const:g_pui32GPIOBaseAddrs)
                  00006548    0000006c     sysctl.obj (.const:g_pui32Xtals)
                  000065b4    00000060     timer.obj (.const:g_ppui32TimerIntMap)
                  00006614    00000040     FillPat.obj (.const:.string:rgbFillPat)
                  00006654    00000040     timer.obj (.const:g_ppui32TimerIntMapSnowflake)
                  00006694    00000030     ustdlib.obj (.const:g_psDaysToMonth)
                  000066c4    00000030     sysctl.obj (.const:g_sXTALtoMEMTIM)
                  000066f4    00000020     ssi.obj (.const:g_ppui32SSIIntMap)
                  00006714    00000020     ssi.obj (.const:g_ppui32SSIIntMapSnowflake)
                  00006734    00000020     interrupt.obj (.const:g_pui32Priority)
                  00006754    00000018     ustdlib.obj (.const:g_pfExponents)
                  0000676c    00000014     interrupt.obj (.const:g_pui32Dii16Regs)
                  00006780    00000014     interrupt.obj (.const:g_pui32EnRegs)
                  00006794    00000014     interrupt.obj (.const:g_pui32PendRegs)
                  000067a8    00000014     interrupt.obj (.const:g_pui32UnpendRegs)
                  000067bc    00000012     ustdlib.obj (.const:.string)
                  000067ce    00000002     --HOLE-- [fill = 0]
                  000067d0    00000008     sysctl.obj (.const:g_pui32VCOFrequencies)
                  000067d8    00000008     gpio.obj (.const)
                  000067e0    00000008     ssi.obj (.const)
                  000067e8    00000008     timer.obj (.const)
                  000067f0    00000004     ustdlib.obj (.const)

.cinit     0    000067f8    00000058     
                  000067f8    0000001f     (.cinit..data.load) [load image, compression = lzss]
                  00006817    00000001     --HOLE-- [fill = 0]
                  00006818    0000000c     (__TI_handler_table)
                  00006824    00000004     --HOLE-- [fill = 0]
                  00006828    00000008     (.cinit..bss.load) [load image, compression = zero_init]
                  00006830    00000008     (.cinit..vtable.load) [load image, compression = zero_init]
                  00006838    00000018     (__TI_cinit_table)

.init_array 
*          0    00000000    00000000     UNINITIALIZED

.vtable    0    20000000    0000026c     UNINITIALIZED
                  20000000    0000026c     interrupt.obj (.vtable)

.stack     0    2000026c    00001000     UNINITIALIZED
                  2000026c    00001000     --HOLE--

.sysmem    0    20001270    00001000     UNINITIALIZED
                  20001270    00000008     rtsv7M4_T_le_v4SPD16_eabi.lib : memory.obj (.sysmem)
                  20001278    00000ff8     --HOLE--

.bss       0    20002270    0000036d     UNINITIALIZED
                  20002270    00000200     (.common:rgbOledBmp)
                  20002470    00000100     (.common:rgbOledFontUser)
                  20002570    00000010     (.common:g_inBuffer)
                  20002580    00000008     adc.obj (.bss:g_pui8OversampleFactor)
                  20002588    00000004     buttons4.obj (.bss:but_count)
                  2000258c    00000004     buttons4.obj (.bss:but_flag)
                  20002590    00000004     buttons4.obj (.bss:but_normal)
                  20002594    00000004     buttons4.obj (.bss:but_state)
                  20002598    00000004     (.common:bnOledCur)
                  2000259c    00000004     (.common:dxcoOledFontCur)
                  200025a0    00000004     (.common:dycoOledFontCur)
                  200025a4    00000004     (.common:fOledCharUpdate)
                  200025a8    00000004     (.common:g_ulSampCnt)
                  200025ac    00000004     (.common:modOledCur)
                  200025b0    00000004     (.common:pbOledCur)
                  200025b4    00000004     (.common:pbOledFontCur)
                  200025b8    00000004     (.common:pbOledFontUser)
                  200025bc    00000004     (.common:pbOledPatCur)
                  200025c0    00000004     (.common:pfnDoRop)
                  200025c4    00000004     (.common:xchOledCur)
                  200025c8    00000004     (.common:xchOledMax)
                  200025cc    00000004     (.common:xcoOledCur)
                  200025d0    00000004     (.common:ychOledCur)
                  200025d4    00000004     (.common:ychOledMax)
                  200025d8    00000004     (.common:ycoOledCur)
                  200025dc    00000001     (.common:clrOledCur)

.data      0    200025e0    00000030     UNINITIALIZED
                  200025e0    0000000c     rtsv7M4_T_le_v4SPD16_eabi.lib : exit.obj (.data:$O1$$)
                  200025ec    0000000c                                   : memory.obj (.data:$O1$$)
                  200025f8    00000008                                   : _lock.obj (.data:$O1$$)
                  20002600    00000008     yawFiniteStateMachine.obj (.data)
                  20002608    00000004     rtsv7M4_T_le_v4SPD16_eabi.lib : stkdepth_vars.obj (.data)
                  2000260c    00000004     ustdlib.obj (.data)

MODULE SUMMARY

       Module                           code    ro data   rw data
       ------                           ----    -------   -------
    ./
       ustdlib.obj                      3204    94        4      
       tm4c123gh6pm_startup_ccs.obj     12      620       0      
       buttons4.obj                     544     0         16     
       userDisplay.obj                  454     0         0      
       helicopterMasterController.obj   408     0         0      
       circBufT.obj                     184     0         0      
       helicopterAltitude.obj           108     0         20     
       yawFiniteStateMachine.obj        0       0         8      
    +--+--------------------------------+-------+---------+---------+
       Total:                           4914    714       48     
                                                                 
    ./OrbitOLED/
       OrbitOLEDInterface.obj           68      0         0      
    +--+--------------------------------+-------+---------+---------+
       Total:                           68      0         0      
                                                                 
    ./OrbitOLED/lib_OrbitOled/
       OrbitOledGrph.obj                2384    0         8      
       OrbitOled.obj                    892     0         553    
       OrbitOledChar.obj                516     0         272    
       ChrFont0.obj                     0       768       0      
       delay.obj                        92      0         0      
       FillPat.obj                      0       64        0      
    +--+--------------------------------+-------+---------+---------+
       Total:                           3884    832       833    
                                                                 
    ./Tiva/driverlib/
       sysctl.obj                       3974    596       0      
       gpio.obj                         2976    560       0      
       adc.obj                          2106    0         8      
       interrupt.obj                    960     268       620    
       timer.obj                        1622    168       0      
       ssi.obj                          834     72        0      
       systick.obj                      136     0         0      
       cpu.obj                          62      0         0      
    +--+--------------------------------+-------+---------+---------+
       Total:                           12670   1664      628    
                                                                 
    /home/harry/ti/ccsv7/tools/compiler/ti-cgt-arm_16.9.6.LTS/lib/rtsv7M4_T_le_v4SPD16_eabi.lib
       memory.obj                       976     0         12     
       memcpy_t2.obj                    156     0         0      
       memset_t2.obj                    122     0         0      
       autoinit.obj                     112     0         0      
       copy_decompress_lzss.obj         104     0         0      
       exit.obj                         84      0         12     
       boot.obj                         84      0         0      
       cpy_tbl.obj                      76      0         0      
       u_divt2.obj                      64      0         0      
       _lock.obj                        20      0         8      
       args_main.obj                    24      0         0      
       copy_decompress_none.obj         14      0         0      
       copy_zero_init.obj               12      0         0      
       pre_init.obj                     4       0         0      
       stkdepth_vars.obj                0       0         4      
       i_div0.obj                       2       0         0      
       mpu_init.obj                     2       0         0      
       startup.obj                      2       0         0      
    +--+--------------------------------+-------+---------+---------+
       Total:                           1858    0         36     
                                                                 
       Heap:                            0       0         4096   
       Stack:                           0       0         4096   
       Linker Generated:                0       83        0      
    +--+--------------------------------+-------+---------+---------+
       Grand Total:                     23394   3293      9737   


LINKER GENERATED COPY TABLES

__TI_cinit_table @ 00006838 records: 3, size/record: 8, table size: 24
	.data: load addr=000067f8, load size=0000001f bytes, run addr=200025e0, run size=00000030 bytes, compression=lzss
	.bss: load addr=00006828, load size=00000008 bytes, run addr=20002270, run size=0000036d bytes, compression=zero_init
	.vtable: load addr=00006830, load size=00000008 bytes, run addr=20000000, run size=0000026c bytes, compression=zero_init


LINKER GENERATED HANDLER TABLE

__TI_handler_table @ 00006818 records: 3, size/record: 4, table size: 12
	index: 0, handler: __TI_zero_init
	index: 1, handler: __TI_decompress_lzss
	index: 2, handler: __TI_decompress_none


GLOBAL SYMBOLS: SORTED ALPHABETICALLY BY Name 

address   name                              
-------   ----                              
00003b11  ADCBusy                           
00003b59  ADCClockConfigGet                 
00003b2f  ADCClockConfigSet                 
0000392b  ADCComparatorConfigure            
00003a05  ADCComparatorIntClear             
000039b1  ADCComparatorIntDisable           
000039cf  ADCComparatorIntEnable            
000039f1  ADCComparatorIntStatus            
00003947  ADCComparatorRegionSet            
0000396b  ADCComparatorReset                
000038f9  ADCHardwareOversampleConfigure    
0000349b  ADCIntClear                       
00003a79  ADCIntClearEx                     
00003401  ADCIntDisable                     
00003a17  ADCIntDisableEx                   
0000341d  ADCIntEnable                      
00003a2f  ADCIntEnableEx                    
00005a91  ADCIntHandler                     
000033bb  ADCIntRegister                    
00003443  ADCIntStatus                      
00003a47  ADCIntStatusEx                    
000033e3  ADCIntUnregister                  
00003acb  ADCPhaseDelayGet                  
00003ab9  ADCPhaseDelaySet                  
0000370d  ADCProcessorTrigger               
00003aa7  ADCReferenceGet                   
00003a8b  ADCReferenceSet                   
000034e5  ADCSequenceConfigure              
00003af5  ADCSequenceDMADisable             
00003ad9  ADCSequenceDMAEnable              
000036cb  ADCSequenceDataGet                
000034cb  ADCSequenceDisable                
000034b1  ADCSequenceEnable                 
0000366f  ADCSequenceOverflow               
00003687  ADCSequenceOverflowClear          
00003581  ADCSequenceStepConfigure          
0000369d  ADCSequenceUnderflow              
000036b5  ADCSequenceUnderflowClear         
00003731  ADCSoftwareOversampleConfigure    
00003865  ADCSoftwareOversampleDataGet      
00003783  ADCSoftwareOversampleStepConfigure
00005c15  C$$EXIT                           
00005d6d  CPUbasepriGet                     
00005d5f  CPUbasepriSet                     
00005d39  CPUcpsid                          
00005d4f  CPUcpsie                          
00005d45  CPUprimask                        
00005d5b  CPUwfi                            
00005b65  DelayInit                         
00005b7f  DelayMs                           
000029e9  GPIOADCTriggerDisable             
000029cb  GPIOADCTriggerEnable              
000029ad  GPIODMATriggerDisable             
0000298f  GPIODMATriggerEnable              
00001f2f  GPIODirModeGet                    
00001ed3  GPIODirModeSet                    
0000249f  GPIOIntClear                      
00002463  GPIOIntDisable                    
00002449  GPIOIntEnable                     
000024b3  GPIOIntRegister                   
000024eb  GPIOIntRegisterPin                
0000247d  GPIOIntStatus                     
0000201f  GPIOIntTypeGet                    
00001f7b  GPIOIntTypeSet                    
000024d1  GPIOIntUnregister                 
00002519  GPIOIntUnregisterPin              
000022f7  GPIOPadConfigGet                  
000020bd  GPIOPadConfigSet                  
00002931  GPIOPinConfigure                  
0000253d  GPIOPinRead                       
00002575  GPIOPinTypeADC                    
00002599  GPIOPinTypeCAN                    
000025bd  GPIOPinTypeComparator             
000025e1  GPIOPinTypeComparatorOutput       
00002605  GPIOPinTypeDIVSCLK                
00002629  GPIOPinTypeEPI                    
0000264d  GPIOPinTypeEthernetLED            
00002671  GPIOPinTypeEthernetMII            
00002695  GPIOPinTypeGPIOInput              
000026b9  GPIOPinTypeGPIOOutput             
000026dd  GPIOPinTypeGPIOOutputOD           
00002701  GPIOPinTypeHibernateRTCCLK        
00002725  GPIOPinTypeI2C                    
00002749  GPIOPinTypeI2CSCL                 
0000276d  GPIOPinTypeLCD                    
00002791  GPIOPinTypeOneWire                
000027b5  GPIOPinTypePWM                    
000027d9  GPIOPinTypeQEI                    
000027fd  GPIOPinTypeSSI                    
00002821  GPIOPinTypeTimer                  
00002845  GPIOPinTypeTrace                  
00002869  GPIOPinTypeUART                   
0000288d  GPIOPinTypeUSBAnalog              
000028b1  GPIOPinTypeUSBDigital             
000028d5  GPIOPinTypeWakeHigh               
000028fb  GPIOPinTypeWakeLow                
00002921  GPIOPinWakeStatus                 
00002555  GPIOPinWrite                      
00004785  IntDisable                        
00004713  IntEnable                         
000047f7  IntIsEnabled                      
000045d7  IntMasterDisable                  
000045c7  IntMasterEnable                   
000048ed  IntPendClear                      
0000487d  IntPendSet                        
000046ef  IntPriorityGet                    
00004667  IntPriorityGroupingGet            
0000464d  IntPriorityGroupingSet            
00004947  IntPriorityMaskGet                
0000493b  IntPriorityMaskSet                
0000469f  IntPrioritySet                    
000045e7  IntRegister                       
0000494f  IntTrigger                        
00004639  IntUnregister                     
00005cdb  OLEDInitialise                    
00005cb5  OLEDStringDraw                    
000053fd  OrbitOledAdvanceCursor            
00003301  OrbitOledClampXco                 
00003321  OrbitOledClampYco                 
00004b61  OrbitOledClear                    
00004b6d  OrbitOledClearBuffer              
000052cd  OrbitOledDefUserChar              
00004add  OrbitOledDevInit                  
00003143  OrbitOledDrawChar                 
00005385  OrbitOledDrawGlyph                
00002b07  OrbitOledDrawPixel                
00002c4d  OrbitOledDrawRect                 
000031a3  OrbitOledDrawString               
00004a63  OrbitOledDvrInit                  
00002cd1  OrbitOledFillRect                 
00002e15  OrbitOledGetBmp                   
00005335  OrbitOledGetCharUpdate            
000052b1  OrbitOledGetCursor                
00002b01  OrbitOledGetDrawMode              
00002b33  OrbitOledGetPixel                 
00002a57  OrbitOledGetPos                   
00002a8b  OrbitOledGetStdPattern            
00004999  OrbitOledHostInit                 
00004985  OrbitOledInit                     
00002b4d  OrbitOledLineTo                   
00003299  OrbitOledMoveDown                 
000032cf  OrbitOledMoveLeft                 
000032e7  OrbitOledMoveRight                
00002a11  OrbitOledMoveTo                   
00003261  OrbitOledMoveUp                   
00002f75  OrbitOledPutBmp                   
00004bf7  OrbitOledPutBuffer                
0000533b  OrbitOledPutChar                  
00005359  OrbitOledPutString                
0000320f  OrbitOledRopAnd                   
000031eb  OrbitOledRopOr                    
000031c1  OrbitOledRopSet                   
00003233  OrbitOledRopXor                   
0000531d  OrbitOledSetCharUpdate            
00005265  OrbitOledSetCursor                
00002a73  OrbitOledSetDrawColor             
00002aad  OrbitOledSetDrawMode              
00002a9d  OrbitOledSetFillPattern           
00004b9d  OrbitOledUpdate                   
00005dbf  ResetISR                          
UNDEFED   SHT$$INIT_ARRAY$$Base             
UNDEFED   SHT$$INIT_ARRAY$$Limit            
00004fc5  SSIAdvDataPutFrameEnd             
00004feb  SSIAdvDataPutFrameEndNonBlocking  
0000502d  SSIAdvFrameHoldDisable            
00005017  SSIAdvFrameHoldEnable             
00004f8b  SSIAdvModeSet                     
00004f49  SSIBusy                           
00004f7b  SSIClockSourceGet                 
00004f67  SSIClockSourceSet                 
00004d63  SSIConfigSetExpClk                
00004f31  SSIDMADisable                     
00004f19  SSIDMAEnable                      
00004edb  SSIDataGet                        
00004ef7  SSIDataGetNonBlocking             
00004ea1  SSIDataPut                        
00004ebb  SSIDataPutNonBlocking             
00004df3  SSIDisable                        
00004ddd  SSIEnable                         
00004e8f  SSIIntClear                       
00004e59  SSIIntDisable                     
00004e41  SSIIntEnable                      
00004e09  SSIIntRegister                    
00004e71  SSIIntStatus                      
00004e27  SSIIntUnregister                  
00004c5d  Ssi3PutByte                       
000011a9  SysCtlAltClkConfig                
000008d1  SysCtlClockFreqSet                
00000d99  SysCtlClockGet                    
0000118d  SysCtlClockOutConfig              
00000bc9  SysCtlClockSet                    
000007d5  SysCtlDeepSleep                   
00000f5d  SysCtlDeepSleepClockConfigSet     
00000f3f  SysCtlDeepSleepClockSet           
000007b5  SysCtlDeepSleepPowerSet           
00005dcb  SysCtlDelay                       
00000363  SysCtlFlashSectorSizeGet          
00000337  SysCtlFlashSizeGet                
00001033  SysCtlGPIOAHBDisable              
00001017  SysCtlGPIOAHBEnable               
00000749  SysCtlIntClear                    
00000731  SysCtlIntDisable                  
0000071d  SysCtlIntEnable                   
000006f5  SysCtlIntRegister                 
00000759  SysCtlIntStatus                   
0000070d  SysCtlIntUnregister               
0000079b  SysCtlLDODeepSleepGet             
0000078b  SysCtlLDODeepSleepSet             
00000785  SysCtlLDOSleepGet                 
00000775  SysCtlLDOSleepSet                 
0000080b  SysCtlMOSCConfigSet               
00001171  SysCtlNMIClear                    
0000115d  SysCtlNMIStatus                   
00000821  SysCtlPIOSCCalibrate              
00001001  SysCtlPWMClockGet                 
00000fe7  SysCtlPWMClockSet                 
000006a1  SysCtlPeripheralClockGating       
00000659  SysCtlPeripheralDeepSleepDisable  
00000609  SysCtlPeripheralDeepSleepEnable   
00000545  SysCtlPeripheralDisable           
00000509  SysCtlPeripheralEnable            
00000445  SysCtlPeripheralPowerOff          
00000409  SysCtlPeripheralPowerOn           
00000389  SysCtlPeripheralPresent           
000003c9  SysCtlPeripheralReady             
00000481  SysCtlPeripheralReset             
000005cd  SysCtlPeripheralSleepDisable      
00000589  SysCtlPeripheralSleepEnable       
000007c5  SysCtlReset                       
00000881  SysCtlResetBehaviorGet            
00000871  SysCtlResetBehaviorSet            
000007f7  SysCtlResetCauseClear             
000007f1  SysCtlResetCauseGet               
0000032d  SysCtlSRAMSizeGet                 
000007cd  SysCtlSleep                       
000007a1  SysCtlSleepPowerSet               
0000105b  SysCtlUSBPLLDisable               
0000104f  SysCtlUSBPLLEnable                
000010a1  SysCtlVCOGet                      
00001089  SysCtlVoltageEventClear           
0000106d  SysCtlVoltageEventConfig          
0000107d  SysCtlVoltageEventStatus          
00005929  SysTickDisable                    
0000591d  SysTickEnable                     
0000596d  SysTickIntDisable                 
00005961  SysTickIntEnable                  
00005631  SysTickIntHandler                 
00005935  SysTickIntRegister                
0000594d  SysTickIntUnregister              
0000598b  SysTickPeriodGet                  
00005979  SysTickPeriodSet                  
00005993  SysTickValueGet                   
00004171  TimerADCEventGet                  
0000415f  TimerADCEventSet                  
00003e8d  TimerClockSourceGet               
00003e71  TimerClockSourceSet               
00003c4f  TimerConfigure                    
00003d6f  TimerControlEvent                 
00003ccb  TimerControlLevel                 
00003d99  TimerControlStall                 
00003d01  TimerControlTrigger               
00003dcf  TimerControlWaitOnTrigger         
00004191  TimerDMAEventGet                  
0000417f  TimerDMAEventSet                  
00003c31  TimerDisable                      
00003c13  TimerEnable                       
0000413b  TimerIntClear                     
00004105  TimerIntDisable                   
000040ed  TimerIntEnable                    
000040a7  TimerIntRegister                  
0000411d  TimerIntStatus                    
000040cf  TimerIntUnregister                
00003f57  TimerLoadGet                      
00003f91  TimerLoadGet64                    
00003f2d  TimerLoadSet                      
00003f73  TimerLoadSet64                    
0000403b  TimerMatchGet                     
00004075  TimerMatchGet64                   
00004011  TimerMatchSet                     
00004057  TimerMatchSet64                   
00003ec7  TimerPrescaleGet                  
00003f11  TimerPrescaleMatchGet             
00003ee3  TimerPrescaleMatchSet             
00003e9d  TimerPrescaleSet                  
00003e45  TimerRTCDisable                   
00003e2f  TimerRTCEnable                    
0000414d  TimerSynchronize                  
0000419f  TimerUpdateMode                   
00003fc3  TimerValueGet                     
00003fdf  TimerValueGet64                   
2000126c  __STACK_END                       
00001000  __STACK_SIZE                      
2000046c  __STACK_TOP                       
00001000  __SYSMEM_SIZE                     
00006838  __TI_CINIT_Base                   
00006850  __TI_CINIT_Limit                  
00006818  __TI_Handler_Table_Base           
00006824  __TI_Handler_Table_Limit          
00005a21  __TI_auto_init                    
200025e0  __TI_cleanup_ptr                  
00005afd  __TI_decompress_lzss              
00005da5  __TI_decompress_none              
200025e4  __TI_dtors_ptr                    
200025e8  __TI_enable_exit_profile_output   
ffffffff  __TI_pprof_out_hndl               
ffffffff  __TI_prof_data_size               
ffffffff  __TI_prof_data_start              
00000000  __TI_static_base__                
00005db3  __TI_zero_init                    
00003b9b  __aeabi_idiv0                     
000059a5  __aeabi_memclr                    
000059a5  __aeabi_memclr4                   
000059a5  __aeabi_memclr8                   
00005881  __aeabi_memcpy                    
00005881  __aeabi_memcpy4                   
00005881  __aeabi_memcpy8                   
000059a7  __aeabi_memset                    
000059a7  __aeabi_memset4                   
000059a7  __aeabi_memset8                   
00005cf9  __aeabi_uidiv                     
00005cf9  __aeabi_uidivmod                  
ffffffff  __binit__                         
ffffffff  __c_args__                        
000041f3  __mpu_init                        
2000026c  __stack                           
00005d79  _args_main                        
00005bc1  _c_int00                          
200025f8  _lock                             
00005d9f  _nop                              
00005d97  _register_lock                    
00005d91  _register_unlock                  
20001270  _sys_memory                       
00005043  _system_post_cinit                
00005dd1  _system_pre_init                  
200025fc  _unlock                           
00005c19  abort                             
ffffffff  binit                             
20002598  bnOledCur                         
00004595  calloc                            
000051e7  checkButton                       
00005471  clearOLED                         
200025dc  clrOledCur                        
00005c69  copy_in                           
20002604  currentAngle                      
20002600  currentState                      
000054ed  displayAltitude12Bit              
0000552b  displayAltitudePercentAndYaw      
0000549d  displayMeanVal                    
2000259c  dxcoOledFontCur                   
200025a0  dycoOledFontCur                   
00005c21  exit                              
200025a4  fOledCharUpdate                   
000042df  free                              
0000585b  freeCircBuf                       
20002570  g_inBuffer                        
20000000  g_pfnRAMVectors                   
00000000  g_pfnVectors                      
200025a8  g_ulSampCnt                       
0000566b  heightAsPercentage                
00005aaf  initADC                           
00005045  initButtons                       
000057c9  initCircBuf                       
00005645  initClock                         
00005469  initDisplay                       
000056c3  main                              
20002608  main_func_sp                      
00004275  malloc                            
000044a9  memalign                          
00005881  memcpy                            
000059ad  memset                            
000041f5  minit                             
200025ac  modOledCur                        
200025b0  pbOledCur                         
200025b4  pbOledFontCur                     
200025b8  pbOledFontUser                    
200025bc  pbOledPatCur                      
200025c0  pfnDoRop                          
20002601  previousState                     
00005827  readCircBuf                       
0000439f  realloc                           
00006614  rgbFillPat                        
20002270  rgbOledBmp                        
00005dd4  rgbOledFont0                      
20002470  rgbOledFontUser                   
000016d1  ulocaltime                        
000018cf  umktime                           
00005113  updateButtons                     
00001e49  urand                             
000016a1  usnprintf                         
0000166f  usprintf                          
00001e39  usrand                            
00001db1  ustrcasecmp                       
00001e25  ustrcmp                           
00001cb5  ustrlen                           
00001d0d  ustrncasecmp                      
00001dc5  ustrncmp                          
000011ed  ustrncpy                          
00001cd7  ustrstr                           
00001a7d  ustrtof                           
00001945  ustrtoul                          
00001245  uvsnprintf                        
000057f3  writeCircBuf                      
200025c4  xchOledCur                        
200025c8  xchOledMax                        
200025cc  xcoOledCur                        
200025d0  ychOledCur                        
200025d4  ychOledMax                        
200025d8  ycoOledCur                        


GLOBAL SYMBOLS: SORTED BY Symbol Address 

address   name                              
-------   ----                              
00000000  __TI_static_base__                
00000000  g_pfnVectors                      
0000032d  SysCtlSRAMSizeGet                 
00000337  SysCtlFlashSizeGet                
00000363  SysCtlFlashSectorSizeGet          
00000389  SysCtlPeripheralPresent           
000003c9  SysCtlPeripheralReady             
00000409  SysCtlPeripheralPowerOn           
00000445  SysCtlPeripheralPowerOff          
00000481  SysCtlPeripheralReset             
00000509  SysCtlPeripheralEnable            
00000545  SysCtlPeripheralDisable           
00000589  SysCtlPeripheralSleepEnable       
000005cd  SysCtlPeripheralSleepDisable      
00000609  SysCtlPeripheralDeepSleepEnable   
00000659  SysCtlPeripheralDeepSleepDisable  
000006a1  SysCtlPeripheralClockGating       
000006f5  SysCtlIntRegister                 
0000070d  SysCtlIntUnregister               
0000071d  SysCtlIntEnable                   
00000731  SysCtlIntDisable                  
00000749  SysCtlIntClear                    
00000759  SysCtlIntStatus                   
00000775  SysCtlLDOSleepSet                 
00000785  SysCtlLDOSleepGet                 
0000078b  SysCtlLDODeepSleepSet             
0000079b  SysCtlLDODeepSleepGet             
000007a1  SysCtlSleepPowerSet               
000007b5  SysCtlDeepSleepPowerSet           
000007c5  SysCtlReset                       
000007cd  SysCtlSleep                       
000007d5  SysCtlDeepSleep                   
000007f1  SysCtlResetCauseGet               
000007f7  SysCtlResetCauseClear             
0000080b  SysCtlMOSCConfigSet               
00000821  SysCtlPIOSCCalibrate              
00000871  SysCtlResetBehaviorSet            
00000881  SysCtlResetBehaviorGet            
000008d1  SysCtlClockFreqSet                
00000bc9  SysCtlClockSet                    
00000d99  SysCtlClockGet                    
00000f3f  SysCtlDeepSleepClockSet           
00000f5d  SysCtlDeepSleepClockConfigSet     
00000fe7  SysCtlPWMClockSet                 
00001000  __STACK_SIZE                      
00001000  __SYSMEM_SIZE                     
00001001  SysCtlPWMClockGet                 
00001017  SysCtlGPIOAHBEnable               
00001033  SysCtlGPIOAHBDisable              
0000104f  SysCtlUSBPLLEnable                
0000105b  SysCtlUSBPLLDisable               
0000106d  SysCtlVoltageEventConfig          
0000107d  SysCtlVoltageEventStatus          
00001089  SysCtlVoltageEventClear           
000010a1  SysCtlVCOGet                      
0000115d  SysCtlNMIStatus                   
00001171  SysCtlNMIClear                    
0000118d  SysCtlClockOutConfig              
000011a9  SysCtlAltClkConfig                
000011ed  ustrncpy                          
00001245  uvsnprintf                        
0000166f  usprintf                          
000016a1  usnprintf                         
000016d1  ulocaltime                        
000018cf  umktime                           
00001945  ustrtoul                          
00001a7d  ustrtof                           
00001cb5  ustrlen                           
00001cd7  ustrstr                           
00001d0d  ustrncasecmp                      
00001db1  ustrcasecmp                       
00001dc5  ustrncmp                          
00001e25  ustrcmp                           
00001e39  usrand                            
00001e49  urand                             
00001ed3  GPIODirModeSet                    
00001f2f  GPIODirModeGet                    
00001f7b  GPIOIntTypeSet                    
0000201f  GPIOIntTypeGet                    
000020bd  GPIOPadConfigSet                  
000022f7  GPIOPadConfigGet                  
00002449  GPIOIntEnable                     
00002463  GPIOIntDisable                    
0000247d  GPIOIntStatus                     
0000249f  GPIOIntClear                      
000024b3  GPIOIntRegister                   
000024d1  GPIOIntUnregister                 
000024eb  GPIOIntRegisterPin                
00002519  GPIOIntUnregisterPin              
0000253d  GPIOPinRead                       
00002555  GPIOPinWrite                      
00002575  GPIOPinTypeADC                    
00002599  GPIOPinTypeCAN                    
000025bd  GPIOPinTypeComparator             
000025e1  GPIOPinTypeComparatorOutput       
00002605  GPIOPinTypeDIVSCLK                
00002629  GPIOPinTypeEPI                    
0000264d  GPIOPinTypeEthernetLED            
00002671  GPIOPinTypeEthernetMII            
00002695  GPIOPinTypeGPIOInput              
000026b9  GPIOPinTypeGPIOOutput             
000026dd  GPIOPinTypeGPIOOutputOD           
00002701  GPIOPinTypeHibernateRTCCLK        
00002725  GPIOPinTypeI2C                    
00002749  GPIOPinTypeI2CSCL                 
0000276d  GPIOPinTypeLCD                    
00002791  GPIOPinTypeOneWire                
000027b5  GPIOPinTypePWM                    
000027d9  GPIOPinTypeQEI                    
000027fd  GPIOPinTypeSSI                    
00002821  GPIOPinTypeTimer                  
00002845  GPIOPinTypeTrace                  
00002869  GPIOPinTypeUART                   
0000288d  GPIOPinTypeUSBAnalog              
000028b1  GPIOPinTypeUSBDigital             
000028d5  GPIOPinTypeWakeHigh               
000028fb  GPIOPinTypeWakeLow                
00002921  GPIOPinWakeStatus                 
00002931  GPIOPinConfigure                  
0000298f  GPIODMATriggerEnable              
000029ad  GPIODMATriggerDisable             
000029cb  GPIOADCTriggerEnable              
000029e9  GPIOADCTriggerDisable             
00002a11  OrbitOledMoveTo                   
00002a57  OrbitOledGetPos                   
00002a73  OrbitOledSetDrawColor             
00002a8b  OrbitOledGetStdPattern            
00002a9d  OrbitOledSetFillPattern           
00002aad  OrbitOledSetDrawMode              
00002b01  OrbitOledGetDrawMode              
00002b07  OrbitOledDrawPixel                
00002b33  OrbitOledGetPixel                 
00002b4d  OrbitOledLineTo                   
00002c4d  OrbitOledDrawRect                 
00002cd1  OrbitOledFillRect                 
00002e15  OrbitOledGetBmp                   
00002f75  OrbitOledPutBmp                   
00003143  OrbitOledDrawChar                 
000031a3  OrbitOledDrawString               
000031c1  OrbitOledRopSet                   
000031eb  OrbitOledRopOr                    
0000320f  OrbitOledRopAnd                   
00003233  OrbitOledRopXor                   
00003261  OrbitOledMoveUp                   
00003299  OrbitOledMoveDown                 
000032cf  OrbitOledMoveLeft                 
000032e7  OrbitOledMoveRight                
00003301  OrbitOledClampXco                 
00003321  OrbitOledClampYco                 
000033bb  ADCIntRegister                    
000033e3  ADCIntUnregister                  
00003401  ADCIntDisable                     
0000341d  ADCIntEnable                      
00003443  ADCIntStatus                      
0000349b  ADCIntClear                       
000034b1  ADCSequenceEnable                 
000034cb  ADCSequenceDisable                
000034e5  ADCSequenceConfigure              
00003581  ADCSequenceStepConfigure          
0000366f  ADCSequenceOverflow               
00003687  ADCSequenceOverflowClear          
0000369d  ADCSequenceUnderflow              
000036b5  ADCSequenceUnderflowClear         
000036cb  ADCSequenceDataGet                
0000370d  ADCProcessorTrigger               
00003731  ADCSoftwareOversampleConfigure    
00003783  ADCSoftwareOversampleStepConfigure
00003865  ADCSoftwareOversampleDataGet      
000038f9  ADCHardwareOversampleConfigure    
0000392b  ADCComparatorConfigure            
00003947  ADCComparatorRegionSet            
0000396b  ADCComparatorReset                
000039b1  ADCComparatorIntDisable           
000039cf  ADCComparatorIntEnable            
000039f1  ADCComparatorIntStatus            
00003a05  ADCComparatorIntClear             
00003a17  ADCIntDisableEx                   
00003a2f  ADCIntEnableEx                    
00003a47  ADCIntStatusEx                    
00003a79  ADCIntClearEx                     
00003a8b  ADCReferenceSet                   
00003aa7  ADCReferenceGet                   
00003ab9  ADCPhaseDelaySet                  
00003acb  ADCPhaseDelayGet                  
00003ad9  ADCSequenceDMAEnable              
00003af5  ADCSequenceDMADisable             
00003b11  ADCBusy                           
00003b2f  ADCClockConfigSet                 
00003b59  ADCClockConfigGet                 
00003b9b  __aeabi_idiv0                     
00003c13  TimerEnable                       
00003c31  TimerDisable                      
00003c4f  TimerConfigure                    
00003ccb  TimerControlLevel                 
00003d01  TimerControlTrigger               
00003d6f  TimerControlEvent                 
00003d99  TimerControlStall                 
00003dcf  TimerControlWaitOnTrigger         
00003e2f  TimerRTCEnable                    
00003e45  TimerRTCDisable                   
00003e71  TimerClockSourceSet               
00003e8d  TimerClockSourceGet               
00003e9d  TimerPrescaleSet                  
00003ec7  TimerPrescaleGet                  
00003ee3  TimerPrescaleMatchSet             
00003f11  TimerPrescaleMatchGet             
00003f2d  TimerLoadSet                      
00003f57  TimerLoadGet                      
00003f73  TimerLoadSet64                    
00003f91  TimerLoadGet64                    
00003fc3  TimerValueGet                     
00003fdf  TimerValueGet64                   
00004011  TimerMatchSet                     
0000403b  TimerMatchGet                     
00004057  TimerMatchSet64                   
00004075  TimerMatchGet64                   
000040a7  TimerIntRegister                  
000040cf  TimerIntUnregister                
000040ed  TimerIntEnable                    
00004105  TimerIntDisable                   
0000411d  TimerIntStatus                    
0000413b  TimerIntClear                     
0000414d  TimerSynchronize                  
0000415f  TimerADCEventSet                  
00004171  TimerADCEventGet                  
0000417f  TimerDMAEventSet                  
00004191  TimerDMAEventGet                  
0000419f  TimerUpdateMode                   
000041f3  __mpu_init                        
000041f5  minit                             
00004275  malloc                            
000042df  free                              
0000439f  realloc                           
000044a9  memalign                          
00004595  calloc                            
000045c7  IntMasterEnable                   
000045d7  IntMasterDisable                  
000045e7  IntRegister                       
00004639  IntUnregister                     
0000464d  IntPriorityGroupingSet            
00004667  IntPriorityGroupingGet            
0000469f  IntPrioritySet                    
000046ef  IntPriorityGet                    
00004713  IntEnable                         
00004785  IntDisable                        
000047f7  IntIsEnabled                      
0000487d  IntPendSet                        
000048ed  IntPendClear                      
0000493b  IntPriorityMaskSet                
00004947  IntPriorityMaskGet                
0000494f  IntTrigger                        
00004985  OrbitOledInit                     
00004999  OrbitOledHostInit                 
00004a63  OrbitOledDvrInit                  
00004add  OrbitOledDevInit                  
00004b61  OrbitOledClear                    
00004b6d  OrbitOledClearBuffer              
00004b9d  OrbitOledUpdate                   
00004bf7  OrbitOledPutBuffer                
00004c5d  Ssi3PutByte                       
00004d63  SSIConfigSetExpClk                
00004ddd  SSIEnable                         
00004df3  SSIDisable                        
00004e09  SSIIntRegister                    
00004e27  SSIIntUnregister                  
00004e41  SSIIntEnable                      
00004e59  SSIIntDisable                     
00004e71  SSIIntStatus                      
00004e8f  SSIIntClear                       
00004ea1  SSIDataPut                        
00004ebb  SSIDataPutNonBlocking             
00004edb  SSIDataGet                        
00004ef7  SSIDataGetNonBlocking             
00004f19  SSIDMAEnable                      
00004f31  SSIDMADisable                     
00004f49  SSIBusy                           
00004f67  SSIClockSourceSet                 
00004f7b  SSIClockSourceGet                 
00004f8b  SSIAdvModeSet                     
00004fc5  SSIAdvDataPutFrameEnd             
00004feb  SSIAdvDataPutFrameEndNonBlocking  
00005017  SSIAdvFrameHoldEnable             
0000502d  SSIAdvFrameHoldDisable            
00005043  _system_post_cinit                
00005045  initButtons                       
00005113  updateButtons                     
000051e7  checkButton                       
00005265  OrbitOledSetCursor                
000052b1  OrbitOledGetCursor                
000052cd  OrbitOledDefUserChar              
0000531d  OrbitOledSetCharUpdate            
00005335  OrbitOledGetCharUpdate            
0000533b  OrbitOledPutChar                  
00005359  OrbitOledPutString                
00005385  OrbitOledDrawGlyph                
000053fd  OrbitOledAdvanceCursor            
00005469  initDisplay                       
00005471  clearOLED                         
0000549d  displayMeanVal                    
000054ed  displayAltitude12Bit              
0000552b  displayAltitudePercentAndYaw      
00005631  SysTickIntHandler                 
00005645  initClock                         
0000566b  heightAsPercentage                
000056c3  main                              
000057c9  initCircBuf                       
000057f3  writeCircBuf                      
00005827  readCircBuf                       
0000585b  freeCircBuf                       
00005881  __aeabi_memcpy                    
00005881  __aeabi_memcpy4                   
00005881  __aeabi_memcpy8                   
00005881  memcpy                            
0000591d  SysTickEnable                     
00005929  SysTickDisable                    
00005935  SysTickIntRegister                
0000594d  SysTickIntUnregister              
00005961  SysTickIntEnable                  
0000596d  SysTickIntDisable                 
00005979  SysTickPeriodSet                  
0000598b  SysTickPeriodGet                  
00005993  SysTickValueGet                   
000059a5  __aeabi_memclr                    
000059a5  __aeabi_memclr4                   
000059a5  __aeabi_memclr8                   
000059a7  __aeabi_memset                    
000059a7  __aeabi_memset4                   
000059a7  __aeabi_memset8                   
000059ad  memset                            
00005a21  __TI_auto_init                    
00005a91  ADCIntHandler                     
00005aaf  initADC                           
00005afd  __TI_decompress_lzss              
00005b65  DelayInit                         
00005b7f  DelayMs                           
00005bc1  _c_int00                          
00005c15  C$$EXIT                           
00005c19  abort                             
00005c21  exit                              
00005c69  copy_in                           
00005cb5  OLEDStringDraw                    
00005cdb  OLEDInitialise                    
00005cf9  __aeabi_uidiv                     
00005cf9  __aeabi_uidivmod                  
00005d39  CPUcpsid                          
00005d45  CPUprimask                        
00005d4f  CPUcpsie                          
00005d5b  CPUwfi                            
00005d5f  CPUbasepriSet                     
00005d6d  CPUbasepriGet                     
00005d79  _args_main                        
00005d91  _register_unlock                  
00005d97  _register_lock                    
00005d9f  _nop                              
00005da5  __TI_decompress_none              
00005db3  __TI_zero_init                    
00005dbf  ResetISR                          
00005dcb  SysCtlDelay                       
00005dd1  _system_pre_init                  
00005dd4  rgbOledFont0                      
00006614  rgbFillPat                        
00006818  __TI_Handler_Table_Base           
00006824  __TI_Handler_Table_Limit          
00006838  __TI_CINIT_Base                   
00006850  __TI_CINIT_Limit                  
20000000  g_pfnRAMVectors                   
2000026c  __stack                           
2000046c  __STACK_TOP                       
2000126c  __STACK_END                       
20001270  _sys_memory                       
20002270  rgbOledBmp                        
20002470  rgbOledFontUser                   
20002570  g_inBuffer                        
20002598  bnOledCur                         
2000259c  dxcoOledFontCur                   
200025a0  dycoOledFontCur                   
200025a4  fOledCharUpdate                   
200025a8  g_ulSampCnt                       
200025ac  modOledCur                        
200025b0  pbOledCur                         
200025b4  pbOledFontCur                     
200025b8  pbOledFontUser                    
200025bc  pbOledPatCur                      
200025c0  pfnDoRop                          
200025c4  xchOledCur                        
200025c8  xchOledMax                        
200025cc  xcoOledCur                        
200025d0  ychOledCur                        
200025d4  ychOledMax                        
200025d8  ycoOledCur                        
200025dc  clrOledCur                        
200025e0  __TI_cleanup_ptr                  
200025e4  __TI_dtors_ptr                    
200025e8  __TI_enable_exit_profile_output   
200025f8  _lock                             
200025fc  _unlock                           
20002600  currentState                      
20002601  previousState                     
20002604  currentAngle                      
20002608  main_func_sp                      
ffffffff  __TI_pprof_out_hndl               
ffffffff  __TI_prof_data_size               
ffffffff  __TI_prof_data_start              
ffffffff  __binit__                         
ffffffff  __c_args__                        
ffffffff  binit                             
UNDEFED   SHT$$INIT_ARRAY$$Base             
UNDEFED   SHT$$INIT_ARRAY$$Limit            

[408 symbols]
