******************************************************************************
                  TI ARM Linker Unix v16.9.6                   
******************************************************************************
>> Linked Sun Apr 21 11:54:13 2019

OUTPUT FILE NAME:   <milestone2.out>
ENTRY POINT SYMBOL: "_c_int00"  address: 00005c69


MEMORY CONFIGURATION

         name            origin    length      used     unused   attr    fill
----------------------  --------  ---------  --------  --------  ----  --------
  FLASH                 00000000   00040000  000068f4  0003970c  R  X
  SRAM                  20000000   00008000  00002609  000059f7  RW X


SEGMENT ALLOCATION MAP

run origin  load origin   length   init length attrs members
----------  ----------- ---------- ----------- ----- -------
00000000    00000000    000068f8   000068f8    r-x
  00000000    00000000    0000026c   0000026c    r-- .intvecs
  0000026c    0000026c    00005c10   00005c10    r-x .text
  00005e7c    00005e7c    00000a20   00000a20    r-- .const
  000068a0    000068a0    00000058   00000058    r-- .cinit
20000000    20000000    00002610   00000000    rw-
  20000000    20000000    0000026c   00000000    rw- .vtable
  2000026c    2000026c    00001000   00000000    rw- .stack
  20001270    20001270    00001000   00000000    rw- .sysmem
  20002270    20002270    0000036d   00000000    rw- .bss
  200025e0    200025e0    00000030   00000000    rw- .data


SECTION ALLOCATION MAP

 output                                  attributes/
section   page    origin      length       input sections
--------  ----  ----------  ----------   ----------------
.intvecs   0    00000000    0000026c     
                  00000000    0000026c     tm4c123gh6pm_startup_ccs.obj (.intvecs)

.text      0    0000026c    00005c10     
                  0000026c    00000fa0     sysctl.obj (.text)
                  0000120c    00000c88     ustdlib.obj (.text)
                  00001e94    00000ba4     gpio.obj (.text)
                  00002a38    0000094c     OrbitOledGrph.obj (.text)
                  00003384    00000838     adc.obj (.text)
                  00003bbc    00000656     timer.obj (.text)
                  00004212    00000002     rtsv7M4_T_le_v4SPD16_eabi.lib : i_div0.obj (.text)
                  00004214    000003d0                                   : memory.obj (.text)
                  000045e4    000003c0     interrupt.obj (.text)
                  000049a4    0000037c     OrbitOled.obj (.text)
                  00004d20    00000342     ssi.obj (.text)
                  00005062    00000002     rtsv7M4_T_le_v4SPD16_eabi.lib : mpu_init.obj (.text)
                  00005064    00000218     buttons4.obj (.text)
                  0000527c    00000204     OrbitOledChar.obj (.text)
                  00005480    0000019c     helicopterMasterController.obj (.text)
                  0000561c    00000174     yawFiniteStateMachine.obj (.text)
                  00005790    000000de     userDisplay.obj (.text)
                  0000586e    000000b8     circBufT.obj (.text)
                  00005926    0000009c     rtsv7M4_T_le_v4SPD16_eabi.lib : memcpy_t2.obj (.text)
                  000059c2    00000002                                   : startup.obj (.text)
                  000059c4    00000088     systick.obj (.text)
                  00005a4c    0000007a     rtsv7M4_T_le_v4SPD16_eabi.lib : memset_t2.obj (.text)
                  00005ac6    00000002     --HOLE-- [fill = 0]
                  00005ac8    00000070                                   : autoinit.obj (.text)
                  00005b38    0000006c     helicopterAltitude.obj (.text)
                  00005ba4    00000068     rtsv7M4_T_le_v4SPD16_eabi.lib : copy_decompress_lzss.obj (.text:decompress:lzss)
                  00005c0c    0000005c     delay.obj (.text)
                  00005c68    00000054     rtsv7M4_T_le_v4SPD16_eabi.lib : boot.obj (.text)
                  00005cbc    00000054                                   : exit.obj (.text)
                  00005d10    0000004c                                   : cpy_tbl.obj (.text)
                  00005d5c    00000044     OrbitOLEDInterface.obj (.text)
                  00005da0    00000040     rtsv7M4_T_le_v4SPD16_eabi.lib : u_divt2.obj (.text)
                  00005de0    0000003e     cpu.obj (.text)
                  00005e1e    00000002     --HOLE-- [fill = 0]
                  00005e20    00000018     rtsv7M4_T_le_v4SPD16_eabi.lib : args_main.obj (.text)
                  00005e38    00000014                                   : _lock.obj (.text)
                  00005e4c    0000000e                                   : copy_decompress_none.obj (.text:decompress:none)
                  00005e5a    0000000c                                   : copy_zero_init.obj (.text:decompress:ZI)
                  00005e66    0000000c     tm4c123gh6pm_startup_ccs.obj (.text)
                  00005e72    00000006     sysctl.obj (.text:SysCtlDelay)
                  00005e78    00000004     rtsv7M4_T_le_v4SPD16_eabi.lib : pre_init.obj (.text)

.const     0    00005e7c    00000a20     
                  00005e7c    00000300     ChrFont0.obj (.const:.string:rgbOledFont0)
                  0000617c    000001b0     sysctl.obj (.const:g_pppui32XTALtoVCO)
                  0000632c    000000d8     gpio.obj (.const:g_ppui32GPIOIntMapSnowflake)
                  00006404    000000c0     gpio.obj (.const:g_ppui32GPIOIntMapBlizzard)
                  000064c4    0000009c     interrupt.obj (.const:g_pui32Regs)
                  00006560    00000090     gpio.obj (.const:g_pui32GPIOBaseAddrs)
                  000065f0    0000006c     sysctl.obj (.const:g_pui32Xtals)
                  0000665c    00000060     timer.obj (.const:g_ppui32TimerIntMap)
                  000066bc    00000040     FillPat.obj (.const:.string:rgbFillPat)
                  000066fc    00000040     timer.obj (.const:g_ppui32TimerIntMapSnowflake)
                  0000673c    00000030     ustdlib.obj (.const:g_psDaysToMonth)
                  0000676c    00000030     sysctl.obj (.const:g_sXTALtoMEMTIM)
                  0000679c    00000020     ssi.obj (.const:g_ppui32SSIIntMap)
                  000067bc    00000020     ssi.obj (.const:g_ppui32SSIIntMapSnowflake)
                  000067dc    00000020     interrupt.obj (.const:g_pui32Priority)
                  000067fc    00000018     ustdlib.obj (.const:g_pfExponents)
                  00006814    00000014     interrupt.obj (.const:g_pui32Dii16Regs)
                  00006828    00000014     interrupt.obj (.const:g_pui32EnRegs)
                  0000683c    00000014     interrupt.obj (.const:g_pui32PendRegs)
                  00006850    00000014     interrupt.obj (.const:g_pui32UnpendRegs)
                  00006864    00000012     ustdlib.obj (.const:.string)
                  00006876    00000002     --HOLE-- [fill = 0]
                  00006878    00000008     sysctl.obj (.const:g_pui32VCOFrequencies)
                  00006880    00000008     gpio.obj (.const)
                  00006888    00000008     ssi.obj (.const)
                  00006890    00000008     timer.obj (.const)
                  00006898    00000004     ustdlib.obj (.const)

.cinit     0    000068a0    00000058     
                  000068a0    0000001f     (.cinit..data.load) [load image, compression = lzss]
                  000068bf    00000001     --HOLE-- [fill = 0]
                  000068c0    0000000c     (__TI_handler_table)
                  000068cc    00000004     --HOLE-- [fill = 0]
                  000068d0    00000008     (.cinit..bss.load) [load image, compression = zero_init]
                  000068d8    00000008     (.cinit..vtable.load) [load image, compression = zero_init]
                  000068e0    00000018     (__TI_cinit_table)

.init_array 
*          0    00000000    00000000     UNINITIALIZED

.vtable    0    20000000    0000026c     UNINITIALIZED
                  20000000    0000026c     interrupt.obj (.vtable)

.stack     0    2000026c    00001000     UNINITIALIZED
                  2000026c    00001000     --HOLE--

.sysmem    0    20001270    00001000     UNINITIALIZED
                  20001270    00000008     rtsv7M4_T_le_v4SPD16_eabi.lib : memory.obj (.sysmem)
                  20001278    00000ff8     --HOLE--

.bss       0    20002270    0000036d     UNINITIALIZED
                  20002270    00000200     (.common:rgbOledBmp)
                  20002470    00000100     (.common:rgbOledFontUser)
                  20002570    00000010     (.common:g_inBuffer)
                  20002580    00000008     adc.obj (.bss:g_pui8OversampleFactor)
                  20002588    00000004     buttons4.obj (.bss:but_count)
                  2000258c    00000004     buttons4.obj (.bss:but_flag)
                  20002590    00000004     buttons4.obj (.bss:but_normal)
                  20002594    00000004     buttons4.obj (.bss:but_state)
                  20002598    00000004     (.common:bnOledCur)
                  2000259c    00000004     (.common:dxcoOledFontCur)
                  200025a0    00000004     (.common:dycoOledFontCur)
                  200025a4    00000004     (.common:fOledCharUpdate)
                  200025a8    00000004     (.common:g_ulSampCnt)
                  200025ac    00000004     (.common:modOledCur)
                  200025b0    00000004     (.common:pbOledCur)
                  200025b4    00000004     (.common:pbOledFontCur)
                  200025b8    00000004     (.common:pbOledFontUser)
                  200025bc    00000004     (.common:pbOledPatCur)
                  200025c0    00000004     (.common:pfnDoRop)
                  200025c4    00000004     (.common:xchOledCur)
                  200025c8    00000004     (.common:xchOledMax)
                  200025cc    00000004     (.common:xcoOledCur)
                  200025d0    00000004     (.common:ychOledCur)
                  200025d4    00000004     (.common:ychOledMax)
                  200025d8    00000004     (.common:ycoOledCur)
                  200025dc    00000001     (.common:clrOledCur)

.data      0    200025e0    00000030     UNINITIALIZED
                  200025e0    0000000c     rtsv7M4_T_le_v4SPD16_eabi.lib : exit.obj (.data:$O1$$)
                  200025ec    0000000c                                   : memory.obj (.data:$O1$$)
                  200025f8    00000008                                   : _lock.obj (.data:$O1$$)
                  20002600    00000008     yawFiniteStateMachine.obj (.data)
                  20002608    00000004     rtsv7M4_T_le_v4SPD16_eabi.lib : stkdepth_vars.obj (.data)
                  2000260c    00000004     ustdlib.obj (.data)

MODULE SUMMARY

       Module                           code    ro data   rw data
       ------                           ----    -------   -------
    ./
       ustdlib.obj                      3208    94        4      
       tm4c123gh6pm_startup_ccs.obj     12      620       0      
       buttons4.obj                     536     0         16     
       helicopterMasterController.obj   412     0         0      
       yawFiniteStateMachine.obj        372     0         8      
       userDisplay.obj                  222     0         0      
       circBufT.obj                     184     0         0      
       helicopterAltitude.obj           108     0         20     
    +--+--------------------------------+-------+---------+---------+
       Total:                           5054    714       48     
                                                                 
    ./OrbitOLED/
       OrbitOLEDInterface.obj           68      0         0      
    +--+--------------------------------+-------+---------+---------+
       Total:                           68      0         0      
                                                                 
    ./OrbitOLED/lib_OrbitOled/
       OrbitOledGrph.obj                2380    0         8      
       OrbitOled.obj                    892     0         553    
       OrbitOledChar.obj                516     0         272    
       ChrFont0.obj                     0       768       0      
       delay.obj                        92      0         0      
       FillPat.obj                      0       64        0      
    +--+--------------------------------+-------+---------+---------+
       Total:                           3880    832       833    
                                                                 
    ./Tiva/driverlib/
       sysctl.obj                       4006    596       0      
       gpio.obj                         2980    560       0      
       adc.obj                          2104    0         8      
       interrupt.obj                    960     268       620    
       timer.obj                        1622    168       0      
       ssi.obj                          834     72        0      
       systick.obj                      136     0         0      
       cpu.obj                          62      0         0      
    +--+--------------------------------+-------+---------+---------+
       Total:                           12704   1664      628    
                                                                 
    /home/harry/ti/ccsv7/tools/compiler/ti-cgt-arm_16.9.6.LTS/lib/rtsv7M4_T_le_v4SPD16_eabi.lib
       memory.obj                       976     0         12     
       memcpy_t2.obj                    156     0         0      
       memset_t2.obj                    122     0         0      
       autoinit.obj                     112     0         0      
       copy_decompress_lzss.obj         104     0         0      
       exit.obj                         84      0         12     
       boot.obj                         84      0         0      
       cpy_tbl.obj                      76      0         0      
       u_divt2.obj                      64      0         0      
       _lock.obj                        20      0         8      
       args_main.obj                    24      0         0      
       copy_decompress_none.obj         14      0         0      
       copy_zero_init.obj               12      0         0      
       pre_init.obj                     4       0         0      
       stkdepth_vars.obj                0       0         4      
       i_div0.obj                       2       0         0      
       mpu_init.obj                     2       0         0      
       startup.obj                      2       0         0      
    +--+--------------------------------+-------+---------+---------+
       Total:                           1858    0         36     
                                                                 
       Heap:                            0       0         4096   
       Stack:                           0       0         4096   
       Linker Generated:                0       83        0      
    +--+--------------------------------+-------+---------+---------+
       Grand Total:                     23564   3293      9737   


LINKER GENERATED COPY TABLES

__TI_cinit_table @ 000068e0 records: 3, size/record: 8, table size: 24
	.data: load addr=000068a0, load size=0000001f bytes, run addr=200025e0, run size=00000030 bytes, compression=lzss
	.bss: load addr=000068d0, load size=00000008 bytes, run addr=20002270, run size=0000036d bytes, compression=zero_init
	.vtable: load addr=000068d8, load size=00000008 bytes, run addr=20000000, run size=0000026c bytes, compression=zero_init


LINKER GENERATED HANDLER TABLE

__TI_handler_table @ 000068c0 records: 3, size/record: 4, table size: 12
	index: 0, handler: __TI_zero_init
	index: 1, handler: __TI_decompress_lzss
	index: 2, handler: __TI_decompress_none


GLOBAL SYMBOLS: SORTED ALPHABETICALLY BY Name 

address   name                              
-------   ----                              
00003b33  ADCBusy                           
00003b7b  ADCClockConfigGet                 
00003b51  ADCClockConfigSet                 
0000394d  ADCComparatorConfigure            
00003a21  ADCComparatorIntClear             
000039d3  ADCComparatorIntDisable           
000039f1  ADCComparatorIntEnable            
00003a0f  ADCComparatorIntStatus            
00003969  ADCComparatorRegionSet            
0000398d  ADCComparatorReset                
0000391b  ADCHardwareOversampleConfigure    
000034bf  ADCIntClear                       
00003a9b  ADCIntClearEx                     
00003425  ADCIntDisable                     
00003a39  ADCIntDisableEx                   
00003441  ADCIntEnable                      
00003a51  ADCIntEnableEx                    
00005b39  ADCIntHandler                     
000033df  ADCIntRegister                    
00003467  ADCIntStatus                      
00003a69  ADCIntStatusEx                    
00003407  ADCIntUnregister                  
00003aed  ADCPhaseDelayGet                  
00003adb  ADCPhaseDelaySet                  
0000372f  ADCProcessorTrigger               
00003ac9  ADCReferenceGet                   
00003aad  ADCReferenceSet                   
00003509  ADCSequenceConfigure              
00003b17  ADCSequenceDMADisable             
00003afb  ADCSequenceDMAEnable              
000036ed  ADCSequenceDataGet                
000034ef  ADCSequenceDisable                
000034d5  ADCSequenceEnable                 
00003691  ADCSequenceOverflow               
000036a9  ADCSequenceOverflowClear          
000035a5  ADCSequenceStepConfigure          
000036bf  ADCSequenceUnderflow              
000036d7  ADCSequenceUnderflowClear         
00003757  ADCSoftwareOversampleConfigure    
00003889  ADCSoftwareOversampleDataGet      
000037a9  ADCSoftwareOversampleStepConfigure
00005cbd  C$$EXIT                           
00005e15  CPUbasepriGet                     
00005e07  CPUbasepriSet                     
00005de1  CPUcpsid                          
00005df7  CPUcpsie                          
00005ded  CPUprimask                        
00005e03  CPUwfi                            
00005c0d  DelayInit                         
00005c27  DelayMs                           
00002a13  GPIOADCTriggerDisable             
000029f5  GPIOADCTriggerEnable              
000029d7  GPIODMATriggerDisable             
000029b9  GPIODMATriggerEnable              
00001f53  GPIODirModeGet                    
00001ef7  GPIODirModeSet                    
000024c5  GPIOIntClear                      
00002489  GPIOIntDisable                    
0000246f  GPIOIntEnable                     
000024d9  GPIOIntRegister                   
00002511  GPIOIntRegisterPin                
000024a3  GPIOIntStatus                     
00002043  GPIOIntTypeGet                    
00001f9f  GPIOIntTypeSet                    
000024f7  GPIOIntUnregister                 
0000253f  GPIOIntUnregisterPin              
0000231d  GPIOPadConfigGet                  
000020e1  GPIOPadConfigSet                  
00002957  GPIOPinConfigure                  
00002563  GPIOPinRead                       
0000259b  GPIOPinTypeADC                    
000025bf  GPIOPinTypeCAN                    
000025e3  GPIOPinTypeComparator             
00002607  GPIOPinTypeComparatorOutput       
0000262b  GPIOPinTypeDIVSCLK                
0000264f  GPIOPinTypeEPI                    
00002673  GPIOPinTypeEthernetLED            
00002697  GPIOPinTypeEthernetMII            
000026bb  GPIOPinTypeGPIOInput              
000026df  GPIOPinTypeGPIOOutput             
00002703  GPIOPinTypeGPIOOutputOD           
00002727  GPIOPinTypeHibernateRTCCLK        
0000274b  GPIOPinTypeI2C                    
0000276f  GPIOPinTypeI2CSCL                 
00002793  GPIOPinTypeLCD                    
000027b7  GPIOPinTypeOneWire                
000027db  GPIOPinTypePWM                    
000027ff  GPIOPinTypeQEI                    
00002823  GPIOPinTypeSSI                    
00002847  GPIOPinTypeTimer                  
0000286b  GPIOPinTypeTrace                  
0000288f  GPIOPinTypeUART                   
000028b3  GPIOPinTypeUSBAnalog              
000028d7  GPIOPinTypeUSBDigital             
000028fb  GPIOPinTypeWakeHigh               
00002921  GPIOPinTypeWakeLow                
00002947  GPIOPinWakeStatus                 
0000257b  GPIOPinWrite                      
000047a5  IntDisable                        
00004733  IntEnable                         
00004817  IntIsEnabled                      
000045f7  IntMasterDisable                  
000045e7  IntMasterEnable                   
0000490d  IntPendClear                      
0000489d  IntPendSet                        
0000470f  IntPriorityGet                    
00004687  IntPriorityGroupingGet            
0000466d  IntPriorityGroupingSet            
00004967  IntPriorityMaskGet                
0000495b  IntPriorityMaskSet                
000046bf  IntPrioritySet                    
00004607  IntRegister                       
0000496f  IntTrigger                        
00004659  IntUnregister                     
00005d83  OLEDInitialise                    
00005d5d  OLEDStringDraw                    
00005415  OrbitOledAdvanceCursor            
00003323  OrbitOledClampXco                 
00003343  OrbitOledClampYco                 
00004b81  OrbitOledClear                    
00004b8d  OrbitOledClearBuffer              
000052e5  OrbitOledDefUserChar              
00004afd  OrbitOledDevInit                  
00003165  OrbitOledDrawChar                 
0000539d  OrbitOledDrawGlyph                
00002b2f  OrbitOledDrawPixel                
00002c75  OrbitOledDrawRect                 
000031c5  OrbitOledDrawString               
00004a83  OrbitOledDvrInit                  
00002cf9  OrbitOledFillRect                 
00002e3d  OrbitOledGetBmp                   
0000534d  OrbitOledGetCharUpdate            
000052c9  OrbitOledGetCursor                
00002b29  OrbitOledGetDrawMode              
00002b5b  OrbitOledGetPixel                 
00002a7f  OrbitOledGetPos                   
00002ab3  OrbitOledGetStdPattern            
000049b9  OrbitOledHostInit                 
000049a5  OrbitOledInit                     
00002b75  OrbitOledLineTo                   
000032b7  OrbitOledMoveDown                 
000032f1  OrbitOledMoveLeft                 
00003309  OrbitOledMoveRight                
00002a39  OrbitOledMoveTo                   
00003285  OrbitOledMoveUp                   
00002fa5  OrbitOledPutBmp                   
00004c17  OrbitOledPutBuffer                
00005353  OrbitOledPutChar                  
00005371  OrbitOledPutString                
00003231  OrbitOledRopAnd                   
0000320d  OrbitOledRopOr                    
000031e3  OrbitOledRopSet                   
00003255  OrbitOledRopXor                   
00005335  OrbitOledSetCharUpdate            
0000527d  OrbitOledSetCursor                
00002a9b  OrbitOledSetDrawColor             
00002ad5  OrbitOledSetDrawMode              
00002ac5  OrbitOledSetFillPattern           
00004bbd  OrbitOledUpdate                   
00005e67  ResetISR                          
UNDEFED   SHT$$INIT_ARRAY$$Base             
UNDEFED   SHT$$INIT_ARRAY$$Limit            
00004fe5  SSIAdvDataPutFrameEnd             
0000500b  SSIAdvDataPutFrameEndNonBlocking  
0000504d  SSIAdvFrameHoldDisable            
00005037  SSIAdvFrameHoldEnable             
00004fab  SSIAdvModeSet                     
00004f69  SSIBusy                           
00004f9b  SSIClockSourceGet                 
00004f87  SSIClockSourceSet                 
00004d83  SSIConfigSetExpClk                
00004f51  SSIDMADisable                     
00004f39  SSIDMAEnable                      
00004efb  SSIDataGet                        
00004f17  SSIDataGetNonBlocking             
00004ec1  SSIDataPut                        
00004edb  SSIDataPutNonBlocking             
00004e13  SSIDisable                        
00004dfd  SSIEnable                         
00004eaf  SSIIntClear                       
00004e79  SSIIntDisable                     
00004e61  SSIIntEnable                      
00004e29  SSIIntRegister                    
00004e91  SSIIntStatus                      
00004e47  SSIIntUnregister                  
00004c7d  Ssi3PutByte                       
000011c9  SysCtlAltClkConfig                
000008f5  SysCtlClockFreqSet                
00000dbd  SysCtlClockGet                    
000011ad  SysCtlClockOutConfig              
00000bed  SysCtlClockSet                    
000007f9  SysCtlDeepSleep                   
00000f7d  SysCtlDeepSleepClockConfigSet     
00000f5f  SysCtlDeepSleepClockSet           
000007d9  SysCtlDeepSleepPowerSet           
00005e73  SysCtlDelay                       
00000363  SysCtlFlashSectorSizeGet          
00000337  SysCtlFlashSizeGet                
00001053  SysCtlGPIOAHBDisable              
00001037  SysCtlGPIOAHBEnable               
0000076d  SysCtlIntClear                    
00000759  SysCtlIntDisable                  
00000741  SysCtlIntEnable                   
0000071d  SysCtlIntRegister                 
0000077d  SysCtlIntStatus                   
00000731  SysCtlIntUnregister               
000007bf  SysCtlLDODeepSleepGet             
000007af  SysCtlLDODeepSleepSet             
000007a9  SysCtlLDOSleepGet                 
00000799  SysCtlLDOSleepSet                 
0000082f  SysCtlMOSCConfigSet               
00001191  SysCtlNMIClear                    
00001179  SysCtlNMIStatus                   
00000845  SysCtlPIOSCCalibrate              
00001021  SysCtlPWMClockGet                 
00001007  SysCtlPWMClockSet                 
000006c5  SysCtlPeripheralClockGating       
0000067d  SysCtlPeripheralDeepSleepDisable  
00000625  SysCtlPeripheralDeepSleepEnable   
00000555  SysCtlPeripheralDisable           
00000515  SysCtlPeripheralEnable            
00000449  SysCtlPeripheralPowerOff          
00000409  SysCtlPeripheralPowerOn           
00000389  SysCtlPeripheralPresent           
000003c9  SysCtlPeripheralReady             
00000489  SysCtlPeripheralReset             
000005e5  SysCtlPeripheralSleepDisable      
0000059d  SysCtlPeripheralSleepEnable       
000007e9  SysCtlReset                       
000008a5  SysCtlResetBehaviorGet            
00000895  SysCtlResetBehaviorSet            
0000081b  SysCtlResetCauseClear             
00000815  SysCtlResetCauseGet               
0000032d  SysCtlSRAMSizeGet                 
000007f1  SysCtlSleep                       
000007c9  SysCtlSleepPowerSet               
0000107b  SysCtlUSBPLLDisable               
0000106f  SysCtlUSBPLLEnable                
000010c1  SysCtlVCOGet                      
000010a9  SysCtlVoltageEventClear           
0000108d  SysCtlVoltageEventConfig          
0000109d  SysCtlVoltageEventStatus          
000059d1  SysTickDisable                    
000059c5  SysTickEnable                     
00005a15  SysTickIntDisable                 
00005a09  SysTickIntEnable                  
00005481  SysTickIntHandler                 
000059dd  SysTickIntRegister                
000059f5  SysTickIntUnregister              
00005a33  SysTickPeriodGet                  
00005a21  SysTickPeriodSet                  
00005a3b  SysTickValueGet                   
00004191  TimerADCEventGet                  
0000417f  TimerADCEventSet                  
00003ead  TimerClockSourceGet               
00003e91  TimerClockSourceSet               
00003c6f  TimerConfigure                    
00003d8f  TimerControlEvent                 
00003ceb  TimerControlLevel                 
00003dbb  TimerControlStall                 
00003d21  TimerControlTrigger               
00003df1  TimerControlWaitOnTrigger         
000041b1  TimerDMAEventGet                  
0000419f  TimerDMAEventSet                  
00003c51  TimerDisable                      
00003c33  TimerEnable                       
0000415b  TimerIntClear                     
00004125  TimerIntDisable                   
0000410d  TimerIntEnable                    
000040c7  TimerIntRegister                  
0000413d  TimerIntStatus                    
000040ef  TimerIntUnregister                
00003f77  TimerLoadGet                      
00003fb1  TimerLoadGet64                    
00003f4d  TimerLoadSet                      
00003f93  TimerLoadSet64                    
0000405b  TimerMatchGet                     
00004095  TimerMatchGet64                   
00004031  TimerMatchSet                     
00004077  TimerMatchSet64                   
00003ee7  TimerPrescaleGet                  
00003f31  TimerPrescaleMatchGet             
00003f03  TimerPrescaleMatchSet             
00003ebd  TimerPrescaleSet                  
00003e67  TimerRTCDisable                   
00003e51  TimerRTCEnable                    
0000416d  TimerSynchronize                  
000041bf  TimerUpdateMode                   
00003fe3  TimerValueGet                     
00003fff  TimerValueGet64                   
2000126c  __STACK_END                       
00001000  __STACK_SIZE                      
2000046c  __STACK_TOP                       
00001000  __SYSMEM_SIZE                     
000068e0  __TI_CINIT_Base                   
000068f8  __TI_CINIT_Limit                  
000068c0  __TI_Handler_Table_Base           
000068cc  __TI_Handler_Table_Limit          
00005ac9  __TI_auto_init                    
200025e0  __TI_cleanup_ptr                  
00005ba5  __TI_decompress_lzss              
00005e4d  __TI_decompress_none              
200025e4  __TI_dtors_ptr                    
200025e8  __TI_enable_exit_profile_output   
ffffffff  __TI_pprof_out_hndl               
ffffffff  __TI_prof_data_size               
ffffffff  __TI_prof_data_start              
00000000  __TI_static_base__                
00005e5b  __TI_zero_init                    
00004213  __aeabi_idiv0                     
00005a4d  __aeabi_memclr                    
00005a4d  __aeabi_memclr4                   
00005a4d  __aeabi_memclr8                   
00005927  __aeabi_memcpy                    
00005927  __aeabi_memcpy4                   
00005927  __aeabi_memcpy8                   
00005a4f  __aeabi_memset                    
00005a4f  __aeabi_memset4                   
00005a4f  __aeabi_memset8                   
00005da1  __aeabi_uidiv                     
00005da1  __aeabi_uidivmod                  
ffffffff  __binit__                         
ffffffff  __c_args__                        
00005063  __mpu_init                        
2000026c  __stack                           
00005e21  _args_main                        
00005c69  _c_int00                          
200025f8  _lock                             
00005e47  _nop                              
00005e3f  _register_lock                    
00005e39  _register_unlock                  
20001270  _sys_memory                       
000059c3  _system_post_cinit                
00005e79  _system_pre_init                  
200025fc  _unlock                           
00005cc1  abort                             
ffffffff  binit                             
20002598  bnOledCur                         
000045b5  calloc                            
000051ff  checkButton                       
00005799  clearOLED                         
200025dc  clrOledCur                        
00005d11  copy_in                           
20002604  currentAngle                      
20002600  currentState                      
000057c5  displayAltitudePercentAndYaw      
2000259c  dxcoOledFontCur                   
200025a0  dycoOledFontCur                   
00005cc9  exit                              
200025a4  fOledCharUpdate                   
000042ff  free                              
00005901  freeCircBuf                       
20002570  g_inBuffer                        
20000000  g_pfnRAMVectors                   
00000000  g_pfnVectors                      
200025a8  g_ulSampCnt                       
000054bb  heightAsPercentage                
00005b57  initADC                           
00005065  initButtons                       
0000586f  initCircBuf                       
00005495  initClock                         
00005791  initDisplay                       
00005517  main                              
20002608  main_func_sp                      
00004295  malloc                            
000044c9  memalign                          
00005927  memcpy                            
00005a55  memset                            
00004215  minit                             
200025ac  modOledCur                        
200025b0  pbOledCur                         
200025b4  pbOledFontCur                     
200025b8  pbOledFontUser                    
200025bc  pbOledPatCur                      
200025c0  pfnDoRop                          
20002601  previousState                     
000058cd  readCircBuf                       
000043bf  realloc                           
000066bc  rgbFillPat                        
20002270  rgbOledBmp                        
00005e7c  rgbOledFont0                      
20002470  rgbOledFontUser                   
000016f1  ulocaltime                        
000018f3  umktime                           
00005133  updateButtons                     
00001e6d  urand                             
000016c1  usnprintf                         
0000168f  usprintf                          
00001e5d  usrand                            
00001dd5  ustrcasecmp                       
00001e49  ustrcmp                           
00001cd9  ustrlen                           
00001d31  ustrncasecmp                      
00001de9  ustrncmp                          
0000120d  ustrncpy                          
00001cfb  ustrstr                           
00001aa1  ustrtof                           
00001969  ustrtoul                          
00001265  uvsnprintf                        
00005899  writeCircBuf                      
200025c4  xchOledCur                        
200025c8  xchOledMax                        
200025cc  xcoOledCur                        
0000561d  yawFSM                            
000056fb  yawFSMInit                        
200025d0  ychOledCur                        
200025d4  ychOledMax                        
200025d8  ycoOledCur                        


GLOBAL SYMBOLS: SORTED BY Symbol Address 

address   name                              
-------   ----                              
00000000  __TI_static_base__                
00000000  g_pfnVectors                      
0000032d  SysCtlSRAMSizeGet                 
00000337  SysCtlFlashSizeGet                
00000363  SysCtlFlashSectorSizeGet          
00000389  SysCtlPeripheralPresent           
000003c9  SysCtlPeripheralReady             
00000409  SysCtlPeripheralPowerOn           
00000449  SysCtlPeripheralPowerOff          
00000489  SysCtlPeripheralReset             
00000515  SysCtlPeripheralEnable            
00000555  SysCtlPeripheralDisable           
0000059d  SysCtlPeripheralSleepEnable       
000005e5  SysCtlPeripheralSleepDisable      
00000625  SysCtlPeripheralDeepSleepEnable   
0000067d  SysCtlPeripheralDeepSleepDisable  
000006c5  SysCtlPeripheralClockGating       
0000071d  SysCtlIntRegister                 
00000731  SysCtlIntUnregister               
00000741  SysCtlIntEnable                   
00000759  SysCtlIntDisable                  
0000076d  SysCtlIntClear                    
0000077d  SysCtlIntStatus                   
00000799  SysCtlLDOSleepSet                 
000007a9  SysCtlLDOSleepGet                 
000007af  SysCtlLDODeepSleepSet             
000007bf  SysCtlLDODeepSleepGet             
000007c9  SysCtlSleepPowerSet               
000007d9  SysCtlDeepSleepPowerSet           
000007e9  SysCtlReset                       
000007f1  SysCtlSleep                       
000007f9  SysCtlDeepSleep                   
00000815  SysCtlResetCauseGet               
0000081b  SysCtlResetCauseClear             
0000082f  SysCtlMOSCConfigSet               
00000845  SysCtlPIOSCCalibrate              
00000895  SysCtlResetBehaviorSet            
000008a5  SysCtlResetBehaviorGet            
000008f5  SysCtlClockFreqSet                
00000bed  SysCtlClockSet                    
00000dbd  SysCtlClockGet                    
00000f5f  SysCtlDeepSleepClockSet           
00000f7d  SysCtlDeepSleepClockConfigSet     
00001000  __STACK_SIZE                      
00001000  __SYSMEM_SIZE                     
00001007  SysCtlPWMClockSet                 
00001021  SysCtlPWMClockGet                 
00001037  SysCtlGPIOAHBEnable               
00001053  SysCtlGPIOAHBDisable              
0000106f  SysCtlUSBPLLEnable                
0000107b  SysCtlUSBPLLDisable               
0000108d  SysCtlVoltageEventConfig          
0000109d  SysCtlVoltageEventStatus          
000010a9  SysCtlVoltageEventClear           
000010c1  SysCtlVCOGet                      
00001179  SysCtlNMIStatus                   
00001191  SysCtlNMIClear                    
000011ad  SysCtlClockOutConfig              
000011c9  SysCtlAltClkConfig                
0000120d  ustrncpy                          
00001265  uvsnprintf                        
0000168f  usprintf                          
000016c1  usnprintf                         
000016f1  ulocaltime                        
000018f3  umktime                           
00001969  ustrtoul                          
00001aa1  ustrtof                           
00001cd9  ustrlen                           
00001cfb  ustrstr                           
00001d31  ustrncasecmp                      
00001dd5  ustrcasecmp                       
00001de9  ustrncmp                          
00001e49  ustrcmp                           
00001e5d  usrand                            
00001e6d  urand                             
00001ef7  GPIODirModeSet                    
00001f53  GPIODirModeGet                    
00001f9f  GPIOIntTypeSet                    
00002043  GPIOIntTypeGet                    
000020e1  GPIOPadConfigSet                  
0000231d  GPIOPadConfigGet                  
0000246f  GPIOIntEnable                     
00002489  GPIOIntDisable                    
000024a3  GPIOIntStatus                     
000024c5  GPIOIntClear                      
000024d9  GPIOIntRegister                   
000024f7  GPIOIntUnregister                 
00002511  GPIOIntRegisterPin                
0000253f  GPIOIntUnregisterPin              
00002563  GPIOPinRead                       
0000257b  GPIOPinWrite                      
0000259b  GPIOPinTypeADC                    
000025bf  GPIOPinTypeCAN                    
000025e3  GPIOPinTypeComparator             
00002607  GPIOPinTypeComparatorOutput       
0000262b  GPIOPinTypeDIVSCLK                
0000264f  GPIOPinTypeEPI                    
00002673  GPIOPinTypeEthernetLED            
00002697  GPIOPinTypeEthernetMII            
000026bb  GPIOPinTypeGPIOInput              
000026df  GPIOPinTypeGPIOOutput             
00002703  GPIOPinTypeGPIOOutputOD           
00002727  GPIOPinTypeHibernateRTCCLK        
0000274b  GPIOPinTypeI2C                    
0000276f  GPIOPinTypeI2CSCL                 
00002793  GPIOPinTypeLCD                    
000027b7  GPIOPinTypeOneWire                
000027db  GPIOPinTypePWM                    
000027ff  GPIOPinTypeQEI                    
00002823  GPIOPinTypeSSI                    
00002847  GPIOPinTypeTimer                  
0000286b  GPIOPinTypeTrace                  
0000288f  GPIOPinTypeUART                   
000028b3  GPIOPinTypeUSBAnalog              
000028d7  GPIOPinTypeUSBDigital             
000028fb  GPIOPinTypeWakeHigh               
00002921  GPIOPinTypeWakeLow                
00002947  GPIOPinWakeStatus                 
00002957  GPIOPinConfigure                  
000029b9  GPIODMATriggerEnable              
000029d7  GPIODMATriggerDisable             
000029f5  GPIOADCTriggerEnable              
00002a13  GPIOADCTriggerDisable             
00002a39  OrbitOledMoveTo                   
00002a7f  OrbitOledGetPos                   
00002a9b  OrbitOledSetDrawColor             
00002ab3  OrbitOledGetStdPattern            
00002ac5  OrbitOledSetFillPattern           
00002ad5  OrbitOledSetDrawMode              
00002b29  OrbitOledGetDrawMode              
00002b2f  OrbitOledDrawPixel                
00002b5b  OrbitOledGetPixel                 
00002b75  OrbitOledLineTo                   
00002c75  OrbitOledDrawRect                 
00002cf9  OrbitOledFillRect                 
00002e3d  OrbitOledGetBmp                   
00002fa5  OrbitOledPutBmp                   
00003165  OrbitOledDrawChar                 
000031c5  OrbitOledDrawString               
000031e3  OrbitOledRopSet                   
0000320d  OrbitOledRopOr                    
00003231  OrbitOledRopAnd                   
00003255  OrbitOledRopXor                   
00003285  OrbitOledMoveUp                   
000032b7  OrbitOledMoveDown                 
000032f1  OrbitOledMoveLeft                 
00003309  OrbitOledMoveRight                
00003323  OrbitOledClampXco                 
00003343  OrbitOledClampYco                 
000033df  ADCIntRegister                    
00003407  ADCIntUnregister                  
00003425  ADCIntDisable                     
00003441  ADCIntEnable                      
00003467  ADCIntStatus                      
000034bf  ADCIntClear                       
000034d5  ADCSequenceEnable                 
000034ef  ADCSequenceDisable                
00003509  ADCSequenceConfigure              
000035a5  ADCSequenceStepConfigure          
00003691  ADCSequenceOverflow               
000036a9  ADCSequenceOverflowClear          
000036bf  ADCSequenceUnderflow              
000036d7  ADCSequenceUnderflowClear         
000036ed  ADCSequenceDataGet                
0000372f  ADCProcessorTrigger               
00003757  ADCSoftwareOversampleConfigure    
000037a9  ADCSoftwareOversampleStepConfigure
00003889  ADCSoftwareOversampleDataGet      
0000391b  ADCHardwareOversampleConfigure    
0000394d  ADCComparatorConfigure            
00003969  ADCComparatorRegionSet            
0000398d  ADCComparatorReset                
000039d3  ADCComparatorIntDisable           
000039f1  ADCComparatorIntEnable            
00003a0f  ADCComparatorIntStatus            
00003a21  ADCComparatorIntClear             
00003a39  ADCIntDisableEx                   
00003a51  ADCIntEnableEx                    
00003a69  ADCIntStatusEx                    
00003a9b  ADCIntClearEx                     
00003aad  ADCReferenceSet                   
00003ac9  ADCReferenceGet                   
00003adb  ADCPhaseDelaySet                  
00003aed  ADCPhaseDelayGet                  
00003afb  ADCSequenceDMAEnable              
00003b17  ADCSequenceDMADisable             
00003b33  ADCBusy                           
00003b51  ADCClockConfigSet                 
00003b7b  ADCClockConfigGet                 
00003c33  TimerEnable                       
00003c51  TimerDisable                      
00003c6f  TimerConfigure                    
00003ceb  TimerControlLevel                 
00003d21  TimerControlTrigger               
00003d8f  TimerControlEvent                 
00003dbb  TimerControlStall                 
00003df1  TimerControlWaitOnTrigger         
00003e51  TimerRTCEnable                    
00003e67  TimerRTCDisable                   
00003e91  TimerClockSourceSet               
00003ead  TimerClockSourceGet               
00003ebd  TimerPrescaleSet                  
00003ee7  TimerPrescaleGet                  
00003f03  TimerPrescaleMatchSet             
00003f31  TimerPrescaleMatchGet             
00003f4d  TimerLoadSet                      
00003f77  TimerLoadGet                      
00003f93  TimerLoadSet64                    
00003fb1  TimerLoadGet64                    
00003fe3  TimerValueGet                     
00003fff  TimerValueGet64                   
00004031  TimerMatchSet                     
0000405b  TimerMatchGet                     
00004077  TimerMatchSet64                   
00004095  TimerMatchGet64                   
000040c7  TimerIntRegister                  
000040ef  TimerIntUnregister                
0000410d  TimerIntEnable                    
00004125  TimerIntDisable                   
0000413d  TimerIntStatus                    
0000415b  TimerIntClear                     
0000416d  TimerSynchronize                  
0000417f  TimerADCEventSet                  
00004191  TimerADCEventGet                  
0000419f  TimerDMAEventSet                  
000041b1  TimerDMAEventGet                  
000041bf  TimerUpdateMode                   
00004213  __aeabi_idiv0                     
00004215  minit                             
00004295  malloc                            
000042ff  free                              
000043bf  realloc                           
000044c9  memalign                          
000045b5  calloc                            
000045e7  IntMasterEnable                   
000045f7  IntMasterDisable                  
00004607  IntRegister                       
00004659  IntUnregister                     
0000466d  IntPriorityGroupingSet            
00004687  IntPriorityGroupingGet            
000046bf  IntPrioritySet                    
0000470f  IntPriorityGet                    
00004733  IntEnable                         
000047a5  IntDisable                        
00004817  IntIsEnabled                      
0000489d  IntPendSet                        
0000490d  IntPendClear                      
0000495b  IntPriorityMaskSet                
00004967  IntPriorityMaskGet                
0000496f  IntTrigger                        
000049a5  OrbitOledInit                     
000049b9  OrbitOledHostInit                 
00004a83  OrbitOledDvrInit                  
00004afd  OrbitOledDevInit                  
00004b81  OrbitOledClear                    
00004b8d  OrbitOledClearBuffer              
00004bbd  OrbitOledUpdate                   
00004c17  OrbitOledPutBuffer                
00004c7d  Ssi3PutByte                       
00004d83  SSIConfigSetExpClk                
00004dfd  SSIEnable                         
00004e13  SSIDisable                        
00004e29  SSIIntRegister                    
00004e47  SSIIntUnregister                  
00004e61  SSIIntEnable                      
00004e79  SSIIntDisable                     
00004e91  SSIIntStatus                      
00004eaf  SSIIntClear                       
00004ec1  SSIDataPut                        
00004edb  SSIDataPutNonBlocking             
00004efb  SSIDataGet                        
00004f17  SSIDataGetNonBlocking             
00004f39  SSIDMAEnable                      
00004f51  SSIDMADisable                     
00004f69  SSIBusy                           
00004f87  SSIClockSourceSet                 
00004f9b  SSIClockSourceGet                 
00004fab  SSIAdvModeSet                     
00004fe5  SSIAdvDataPutFrameEnd             
0000500b  SSIAdvDataPutFrameEndNonBlocking  
00005037  SSIAdvFrameHoldEnable             
0000504d  SSIAdvFrameHoldDisable            
00005063  __mpu_init                        
00005065  initButtons                       
00005133  updateButtons                     
000051ff  checkButton                       
0000527d  OrbitOledSetCursor                
000052c9  OrbitOledGetCursor                
000052e5  OrbitOledDefUserChar              
00005335  OrbitOledSetCharUpdate            
0000534d  OrbitOledGetCharUpdate            
00005353  OrbitOledPutChar                  
00005371  OrbitOledPutString                
0000539d  OrbitOledDrawGlyph                
00005415  OrbitOledAdvanceCursor            
00005481  SysTickIntHandler                 
00005495  initClock                         
000054bb  heightAsPercentage                
00005517  main                              
0000561d  yawFSM                            
000056fb  yawFSMInit                        
00005791  initDisplay                       
00005799  clearOLED                         
000057c5  displayAltitudePercentAndYaw      
0000586f  initCircBuf                       
00005899  writeCircBuf                      
000058cd  readCircBuf                       
00005901  freeCircBuf                       
00005927  __aeabi_memcpy                    
00005927  __aeabi_memcpy4                   
00005927  __aeabi_memcpy8                   
00005927  memcpy                            
000059c3  _system_post_cinit                
000059c5  SysTickEnable                     
000059d1  SysTickDisable                    
000059dd  SysTickIntRegister                
000059f5  SysTickIntUnregister              
00005a09  SysTickIntEnable                  
00005a15  SysTickIntDisable                 
00005a21  SysTickPeriodSet                  
00005a33  SysTickPeriodGet                  
00005a3b  SysTickValueGet                   
00005a4d  __aeabi_memclr                    
00005a4d  __aeabi_memclr4                   
00005a4d  __aeabi_memclr8                   
00005a4f  __aeabi_memset                    
00005a4f  __aeabi_memset4                   
00005a4f  __aeabi_memset8                   
00005a55  memset                            
00005ac9  __TI_auto_init                    
00005b39  ADCIntHandler                     
00005b57  initADC                           
00005ba5  __TI_decompress_lzss              
00005c0d  DelayInit                         
00005c27  DelayMs                           
00005c69  _c_int00                          
00005cbd  C$$EXIT                           
00005cc1  abort                             
00005cc9  exit                              
00005d11  copy_in                           
00005d5d  OLEDStringDraw                    
00005d83  OLEDInitialise                    
00005da1  __aeabi_uidiv                     
00005da1  __aeabi_uidivmod                  
00005de1  CPUcpsid                          
00005ded  CPUprimask                        
00005df7  CPUcpsie                          
00005e03  CPUwfi                            
00005e07  CPUbasepriSet                     
00005e15  CPUbasepriGet                     
00005e21  _args_main                        
00005e39  _register_unlock                  
00005e3f  _register_lock                    
00005e47  _nop                              
00005e4d  __TI_decompress_none              
00005e5b  __TI_zero_init                    
00005e67  ResetISR                          
00005e73  SysCtlDelay                       
00005e79  _system_pre_init                  
00005e7c  rgbOledFont0                      
000066bc  rgbFillPat                        
000068c0  __TI_Handler_Table_Base           
000068cc  __TI_Handler_Table_Limit          
000068e0  __TI_CINIT_Base                   
000068f8  __TI_CINIT_Limit                  
20000000  g_pfnRAMVectors                   
2000026c  __stack                           
2000046c  __STACK_TOP                       
2000126c  __STACK_END                       
20001270  _sys_memory                       
20002270  rgbOledBmp                        
20002470  rgbOledFontUser                   
20002570  g_inBuffer                        
20002598  bnOledCur                         
2000259c  dxcoOledFontCur                   
200025a0  dycoOledFontCur                   
200025a4  fOledCharUpdate                   
200025a8  g_ulSampCnt                       
200025ac  modOledCur                        
200025b0  pbOledCur                         
200025b4  pbOledFontCur                     
200025b8  pbOledFontUser                    
200025bc  pbOledPatCur                      
200025c0  pfnDoRop                          
200025c4  xchOledCur                        
200025c8  xchOledMax                        
200025cc  xcoOledCur                        
200025d0  ychOledCur                        
200025d4  ychOledMax                        
200025d8  ycoOledCur                        
200025dc  clrOledCur                        
200025e0  __TI_cleanup_ptr                  
200025e4  __TI_dtors_ptr                    
200025e8  __TI_enable_exit_profile_output   
200025f8  _lock                             
200025fc  _unlock                           
20002600  currentState                      
20002601  previousState                     
20002604  currentAngle                      
20002608  main_func_sp                      
ffffffff  __TI_pprof_out_hndl               
ffffffff  __TI_prof_data_size               
ffffffff  __TI_prof_data_start              
ffffffff  __binit__                         
ffffffff  __c_args__                        
ffffffff  binit                             
UNDEFED   SHT$$INIT_ARRAY$$Base             
UNDEFED   SHT$$INIT_ARRAY$$Limit            

[408 symbols]
