******************************************************************************
                  TI ARM Linker Unix v16.9.6                   
******************************************************************************
>> Linked Sun Apr 21 16:07:22 2019

OUTPUT FILE NAME:   <milestone_2.out>
ENTRY POINT SYMBOL: "_c_int00"  address: 00002fc9


MEMORY CONFIGURATION

         name            origin    length      used     unused   attr    fill
----------------------  --------  ---------  --------  --------  ----  --------
  FLASH                 00000000   00040000  00003c30  0003c3d0  R  X
  SRAM                  20000000   00008000  000025ff  00005a01  RW X


SEGMENT ALLOCATION MAP

run origin  load origin   length   init length attrs members
----------  ----------- ---------- ----------- ----- -------
00000000    00000000    00003c30   00003c30    r-x
  00000000    00000000    0000026c   0000026c    r-- .intvecs
  0000026c    0000026c    000032c8   000032c8    r-x .text
  00003534    00003534    000006a4   000006a4    r-- .const
  00003bd8    00003bd8    00000058   00000058    r-- .cinit
20000000    20000000    00002604   00000000    rw-
  20000000    20000000    0000026c   00000000    rw- .vtable
  2000026c    2000026c    00001000   00000000    rw- .stack
  20001270    20001270    00001000   00000000    rw- .sysmem
  20002270    20002270    00000367   00000000    rw- .bss
  200025d8    200025d8    0000002c   00000000    rw- .data


SECTION ALLOCATION MAP

 output                                  attributes/
section   page    origin      length       input sections
--------  ----  ----------  ----------   ----------------
.intvecs   0    00000000    0000026c     
                  00000000    0000026c     tm4c123gh6pm_startup_ccs.obj (.intvecs)

.text      0    0000026c    000032c8     
                  0000026c    00000c84     ustdlib.obj (.text)
                  00000ef0    00000950     OrbitOledGrph.obj (.text)
                  00001840    000003d0     rtsv7M4_T_le_v4SPD16_eabi.lib : memory.obj (.text)
                  00001c10    0000037c     OrbitOled.obj (.text)
                  00001f8c    00000220     buttons4.obj (.text)
                  000021ac    00000204     OrbitOledChar.obj (.text)
                  000023b0    00000184     helicopterMasterController.obj (.text)
                  00002534    00000174     yawFiniteStateMachine.obj (.text)
                  000026a8    00000132     driverlib.lib : gpio.obj (.text:GPIOPadConfigSet)
                  000027da    00000002     rtsv7M4_T_le_v4SPD16_eabi.lib : i_div0.obj (.text)
                  000027dc    00000110     driverlib.lib : sysctl.obj (.text:SysCtlClockGet)
                  000028ec    000000f4                   : sysctl.obj (.text:SysCtlClockSet)
                  000029e0    000000de     userDisplay.obj (.text)
                  00002abe    000000b8     circBufT.obj (.text)
                  00002b76    0000009c     rtsv7M4_T_le_v4SPD16_eabi.lib : memcpy_t2.obj (.text)
                  00002c12    0000007a     driverlib.lib : adc.obj (.text:ADCSequenceStepConfigure)
                  00002c8c    0000007a     rtsv7M4_T_le_v4SPD16_eabi.lib : memset_t2.obj (.text)
                  00002d06    00000002                                   : mpu_init.obj (.text)
                  00002d08    00000070                                   : autoinit.obj (.text)
                  00002d78    0000006c     helicopterAltitude.obj (.text)
                  00002de4    00000068     driverlib.lib : interrupt.obj (.text:IntEnable)
                  00002e4c    00000068     rtsv7M4_T_le_v4SPD16_eabi.lib : copy_decompress_lzss.obj (.text:decompress:lzss)
                  00002eb4    00000060     driverlib.lib : timer.obj (.text:TimerConfigure)
                  00002f14    0000005c     delay.obj (.text)
                  00002f70    00000056     driverlib.lib : gpio.obj (.text:GPIOIntTypeSet)
                  00002fc6    00000002     rtsv7M4_T_le_v4SPD16_eabi.lib : startup.obj (.text)
                  00002fc8    00000054                                   : boot.obj (.text)
                  0000301c    00000054                                   : exit.obj (.text)
                  00003070    00000050     driverlib.lib : adc.obj (.text:ADCSequenceConfigure)
                  000030c0    00000050                   : adc.obj (.text:_ADCIntNumberGet)
                  00003110    0000004c     rtsv7M4_T_le_v4SPD16_eabi.lib : cpy_tbl.obj (.text)
                  0000315c    00000048     driverlib.lib : gpio.obj (.text:GPIOPinConfigure)
                  000031a4    00000044     OrbitOLEDInterface.obj (.text)
                  000031e8    00000044     driverlib.lib : gpio.obj (.text:_GPIOIntNumberGet)
                  0000322c    00000040     rtsv7M4_T_le_v4SPD16_eabi.lib : u_divt2.obj (.text)
                  0000326c    0000003c     driverlib.lib : ssi.obj (.text:SSIConfigSetExpClk)
                  000032a8    00000034                   : interrupt.obj (.text:IntRegister)
                  000032dc    00000034                   : sysctl.obj (.text:SysCtlPeripheralEnable)
                  00003310    0000002a                   : gpio.obj (.text:GPIODirModeSet)
                  0000333a    0000001e                   : adc.obj (.text:ADCSequenceDataGet)
                  00003358    0000001c                   : systick.obj (.text:SysTickIntRegister)
                  00003374    00000018                   : adc.obj (.text:ADCIntRegister)
                  0000338c    00000018                   : adc.obj (.text:ADCProcessorTrigger)
                  000033a4    00000018                   : gpio.obj (.text:GPIOIntRegister)
                  000033bc    00000018                   : gpio.obj (.text:GPIOPinTypeGPIOOutput)
                  000033d4    00000018     rtsv7M4_T_le_v4SPD16_eabi.lib : args_main.obj (.text)
                  000033ec    00000014     driverlib.lib : systick.obj (.text:SysTickEnable)
                  00003400    00000014                   : systick.obj (.text:SysTickIntEnable)
                  00003414    00000014     rtsv7M4_T_le_v4SPD16_eabi.lib : _lock.obj (.text)
                  00003428    00000012     driverlib.lib : gpio.obj (.text:GPIOPinTypeGPIOInput)
                  0000343a    00000012                   : gpio.obj (.text:GPIOPinTypeSSI)
                  0000344c    00000010                   : adc.obj (.text:ADCIntEnable)
                  0000345c    00000010                   : interrupt.obj (.text:IntMasterEnable)
                  0000346c    00000010                   : systick.obj (.text:SysTickPeriodSet)
                  0000347c    0000000e                   : adc.obj (.text:ADCSequenceEnable)
                  0000348a    0000000e                   : timer.obj (.text:TimerEnable)
                  00003498    0000000e     rtsv7M4_T_le_v4SPD16_eabi.lib : copy_decompress_none.obj (.text:decompress:none)
                  000034a6    0000000c     driverlib.lib : cpu.obj (.text:CPUcpsie)
                  000034b2    0000000c                   : gpio.obj (.text:GPIOIntEnable)
                  000034be    0000000c                   : ssi.obj (.text:SSIDataGet)
                  000034ca    0000000c     rtsv7M4_T_le_v4SPD16_eabi.lib : copy_zero_init.obj (.text:decompress:ZI)
                  000034d6    0000000c     tm4c123gh6pm_startup_ccs.obj (.text)
                  000034e2    0000000a     driverlib.lib : adc.obj (.text:ADCIntClear)
                  000034ec    0000000a                   : ssi.obj (.text:SSIDataPut)
                  000034f6    0000000a                   : ssi.obj (.text:SSIEnable)
                  00003500    0000000a                   : timer.obj (.text:TimerValueGet)
                  0000350a    00000008                   : ssi.obj (.text:SSIBusy)
                  00003512    00000006                   : gpio.obj (.text:GPIOIntClear)
                  00003518    00000006                   : gpio.obj (.text:GPIOPinRead)
                  0000351e    00000006                   : gpio.obj (.text:GPIOPinWrite)
                  00003524    00000006                   : ssi.obj (.text:SSIClockSourceSet)
                  0000352a    00000006                   : sysctl.obj (.text:SysCtlDelay)
                  00003530    00000004     rtsv7M4_T_le_v4SPD16_eabi.lib : pre_init.obj (.text)

.const     0    00003534    000006a4     
                  00003534    00000300     ChrFont0.obj (.const:.string:rgbOledFont0)
                  00003834    000000d8     driverlib.lib : gpio.obj (.const:g_ppui32GPIOIntMapSnowflake)
                  0000390c    000000c0                   : gpio.obj (.const:g_ppui32GPIOIntMapBlizzard)
                  000039cc    00000090                   : gpio.obj (.const:g_pui32GPIOBaseAddrs)
                  00003a5c    00000070                   : interrupt.obj (.const)
                  00003acc    0000006c                   : sysctl.obj (.const:g_pui32Xtals)
                  00003b38    00000040     FillPat.obj (.const:.string:rgbFillPat)
                  00003b78    00000030     ustdlib.obj (.const:g_psDaysToMonth)
                  00003ba8    00000018     ustdlib.obj (.const:g_pfExponents)
                  00003bc0    00000012     ustdlib.obj (.const:.string)
                  00003bd2    00000002     --HOLE-- [fill = 0]
                  00003bd4    00000004     ustdlib.obj (.const)

.cinit     0    00003bd8    00000058     
                  00003bd8    0000001d     (.cinit..data.load) [load image, compression = lzss]
                  00003bf5    00000003     --HOLE-- [fill = 0]
                  00003bf8    0000000c     (__TI_handler_table)
                  00003c04    00000004     --HOLE-- [fill = 0]
                  00003c08    00000008     (.cinit..bss.load) [load image, compression = zero_init]
                  00003c10    00000008     (.cinit..vtable.load) [load image, compression = zero_init]
                  00003c18    00000018     (__TI_cinit_table)

.init_array 
*          0    00000000    00000000     UNINITIALIZED

.vtable    0    20000000    0000026c     UNINITIALIZED
                  20000000    0000026c     driverlib.lib : interrupt.obj (.vtable)

.stack     0    2000026c    00001000     UNINITIALIZED
                  2000026c    00001000     --HOLE--

.sysmem    0    20001270    00001000     UNINITIALIZED
                  20001270    00000008     rtsv7M4_T_le_v4SPD16_eabi.lib : memory.obj (.sysmem)
                  20001278    00000ff8     --HOLE--

.bss       0    20002270    00000367     UNINITIALIZED
                  20002270    00000200     (.common:rgbOledBmp)
                  20002470    00000100     (.common:rgbOledFontUser)
                  20002570    00000010     (.common:g_inBuffer)
                  20002580    00000004     buttons4.obj (.bss:but_count)
                  20002584    00000004     buttons4.obj (.bss:but_flag)
                  20002588    00000004     buttons4.obj (.bss:but_normal)
                  2000258c    00000004     buttons4.obj (.bss:but_state)
                  20002590    00000004     (.common:bnOledCur)
                  20002594    00000004     (.common:dxcoOledFontCur)
                  20002598    00000004     (.common:dycoOledFontCur)
                  2000259c    00000004     (.common:fOledCharUpdate)
                  200025a0    00000004     (.common:g_ulSampCnt)
                  200025a4    00000004     (.common:modOledCur)
                  200025a8    00000004     (.common:pbOledCur)
                  200025ac    00000004     (.common:pbOledFontCur)
                  200025b0    00000004     (.common:pbOledFontUser)
                  200025b4    00000004     (.common:pbOledPatCur)
                  200025b8    00000004     (.common:pfnDoRop)
                  200025bc    00000004     (.common:xchOledCur)
                  200025c0    00000004     (.common:xchOledMax)
                  200025c4    00000004     (.common:xcoOledCur)
                  200025c8    00000004     (.common:ychOledCur)
                  200025cc    00000004     (.common:ychOledMax)
                  200025d0    00000004     (.common:ycoOledCur)
                  200025d4    00000001     (.common:clrOledCur)
                  200025d5    00000001     (.common:currentState)
                  200025d6    00000001     (.common:previousState)

.data      0    200025d8    0000002c     UNINITIALIZED
                  200025d8    0000000c     rtsv7M4_T_le_v4SPD16_eabi.lib : exit.obj (.data:$O1$$)
                  200025e4    0000000c                                   : memory.obj (.data:$O1$$)
                  200025f0    00000008                                   : _lock.obj (.data:$O1$$)
                  200025f8    00000004                                   : stkdepth_vars.obj (.data)
                  200025fc    00000004     ustdlib.obj (.data)
                  20002600    00000004     yawFiniteStateMachine.obj (.data)

MODULE SUMMARY

       Module                           code    ro data   rw data
       ------                           ----    -------   -------
    ./
       ustdlib.obj                      3204    94        4      
       tm4c123gh6pm_startup_ccs.obj     12      620       0      
       buttons4.obj                     544     0         16     
       helicopterMasterController.obj   388     0         0      
       yawFiniteStateMachine.obj        372     0         6      
       userDisplay.obj                  222     0         0      
       circBufT.obj                     184     0         0      
       helicopterAltitude.obj           108     0         20     
    +--+--------------------------------+-------+---------+---------+
       Total:                           5034    714       46     
                                                                 
    ./OrbitOLED/
       OrbitOLEDInterface.obj           68      0         0      
    +--+--------------------------------+-------+---------+---------+
       Total:                           68      0         0      
                                                                 
    ./OrbitOLED/lib_OrbitOled/
       OrbitOledGrph.obj                2384    0         8      
       OrbitOled.obj                    892     0         553    
       OrbitOledChar.obj                516     0         272    
       ChrFont0.obj                     0       768       0      
       delay.obj                        92      0         0      
       FillPat.obj                      0       64        0      
    +--+--------------------------------+-------+---------+---------+
       Total:                           3884    832       833    
                                                                 
    /home/harry/ti/TivaWare/driverlib/ccs/Debug/driverlib.lib
       gpio.obj                         688     552       0      
       interrupt.obj                    172     112       620    
       sysctl.obj                       574     108       0      
       adc.obj                          400     0         0      
       timer.obj                        120     0         0      
       ssi.obj                          106     0         0      
       systick.obj                      84      0         0      
       cpu.obj                          12      0         0      
    +--+--------------------------------+-------+---------+---------+
       Total:                           2156    772       620    
                                                                 
    /home/harry/ti/ccsv7/tools/compiler/ti-cgt-arm_16.9.6.LTS/lib/rtsv7M4_T_le_v4SPD16_eabi.lib
       memory.obj                       976     0         12     
       memcpy_t2.obj                    156     0         0      
       memset_t2.obj                    122     0         0      
       autoinit.obj                     112     0         0      
       copy_decompress_lzss.obj         104     0         0      
       exit.obj                         84      0         12     
       boot.obj                         84      0         0      
       cpy_tbl.obj                      76      0         0      
       u_divt2.obj                      64      0         0      
       _lock.obj                        20      0         8      
       args_main.obj                    24      0         0      
       copy_decompress_none.obj         14      0         0      
       copy_zero_init.obj               12      0         0      
       pre_init.obj                     4       0         0      
       stkdepth_vars.obj                0       0         4      
       i_div0.obj                       2       0         0      
       mpu_init.obj                     2       0         0      
       startup.obj                      2       0         0      
    +--+--------------------------------+-------+---------+---------+
       Total:                           1858    0         36     
                                                                 
       Heap:                            0       0         4096   
       Stack:                           0       0         4096   
       Linker Generated:                0       81        0      
    +--+--------------------------------+-------+---------+---------+
       Grand Total:                     13000   2399      9727   


LINKER GENERATED COPY TABLES

__TI_cinit_table @ 00003c18 records: 3, size/record: 8, table size: 24
	.data: load addr=00003bd8, load size=0000001d bytes, run addr=200025d8, run size=0000002c bytes, compression=lzss
	.bss: load addr=00003c08, load size=00000008 bytes, run addr=20002270, run size=00000367 bytes, compression=zero_init
	.vtable: load addr=00003c10, load size=00000008 bytes, run addr=20000000, run size=0000026c bytes, compression=zero_init


LINKER GENERATED HANDLER TABLE

__TI_handler_table @ 00003bf8 records: 3, size/record: 4, table size: 12
	index: 0, handler: __TI_zero_init
	index: 1, handler: __TI_decompress_lzss
	index: 2, handler: __TI_decompress_none


GLOBAL SYMBOLS: SORTED ALPHABETICALLY BY Name 

address   name                           
-------   ----                           
000034e3  ADCIntClear                    
0000344d  ADCIntEnable                   
00002d79  ADCIntHandler                  
00003375  ADCIntRegister                 
0000338d  ADCProcessorTrigger            
00003071  ADCSequenceConfigure           
0000333b  ADCSequenceDataGet             
0000347d  ADCSequenceEnable              
00002c13  ADCSequenceStepConfigure       
0000301d  C$$EXIT                        
000034a7  CPUcpsie                       
00002f15  DelayInit                      
00002f2f  DelayMs                        
00003311  GPIODirModeSet                 
00003513  GPIOIntClear                   
000034b3  GPIOIntEnable                  
000033a5  GPIOIntRegister                
00002f71  GPIOIntTypeSet                 
000026a9  GPIOPadConfigSet               
0000315d  GPIOPinConfigure               
00003519  GPIOPinRead                    
00003429  GPIOPinTypeGPIOInput           
000033bd  GPIOPinTypeGPIOOutput          
0000343b  GPIOPinTypeSSI                 
0000351f  GPIOPinWrite                   
00002de5  IntEnable                      
0000345d  IntMasterEnable                
000032a9  IntRegister                    
000031cb  OLEDInitialise                 
000031a5  OLEDStringDraw                 
00002345  OrbitOledAdvanceCursor         
000017e1  OrbitOledClampXco              
00001801  OrbitOledClampYco              
00001ded  OrbitOledClear                 
00001df9  OrbitOledClearBuffer           
00002215  OrbitOledDefUserChar           
00001d69  OrbitOledDevInit               
00001623  OrbitOledDrawChar              
000022cd  OrbitOledDrawGlyph             
00000fe7  OrbitOledDrawPixel             
0000112d  OrbitOledDrawRect              
00001683  OrbitOledDrawString            
00001cef  OrbitOledDvrInit               
000011b1  OrbitOledFillRect              
000012f5  OrbitOledGetBmp                
0000227d  OrbitOledGetCharUpdate         
000021f9  OrbitOledGetCursor             
00000fe1  OrbitOledGetDrawMode           
00001013  OrbitOledGetPixel              
00000f37  OrbitOledGetPos                
00000f6b  OrbitOledGetStdPattern         
00001c25  OrbitOledHostInit              
00001c11  OrbitOledInit                  
0000102d  OrbitOledLineTo                
00001779  OrbitOledMoveDown              
000017af  OrbitOledMoveLeft              
000017c7  OrbitOledMoveRight             
00000ef1  OrbitOledMoveTo                
00001741  OrbitOledMoveUp                
00001455  OrbitOledPutBmp                
00001e83  OrbitOledPutBuffer             
00002283  OrbitOledPutChar               
000022a1  OrbitOledPutString             
000016ef  OrbitOledRopAnd                
000016cb  OrbitOledRopOr                 
000016a1  OrbitOledRopSet                
00001713  OrbitOledRopXor                
00002265  OrbitOledSetCharUpdate         
000021ad  OrbitOledSetCursor             
00000f53  OrbitOledSetDrawColor          
00000f8d  OrbitOledSetDrawMode           
00000f7d  OrbitOledSetFillPattern        
00001e29  OrbitOledUpdate                
000034d7  ResetISR                       
UNDEFED   SHT$$INIT_ARRAY$$Base          
UNDEFED   SHT$$INIT_ARRAY$$Limit         
0000350b  SSIBusy                        
00003525  SSIClockSourceSet              
0000326d  SSIConfigSetExpClk             
000034bf  SSIDataGet                     
000034ed  SSIDataPut                     
000034f7  SSIEnable                      
00001ee9  Ssi3PutByte                    
000027dd  SysCtlClockGet                 
000028ed  SysCtlClockSet                 
0000352b  SysCtlDelay                    
000032dd  SysCtlPeripheralEnable         
000033ed  SysTickEnable                  
00003401  SysTickIntEnable               
000023b1  SysTickIntHandler              
00003359  SysTickIntRegister             
0000346d  SysTickPeriodSet               
00002eb5  TimerConfigure                 
0000348b  TimerEnable                    
00003501  TimerValueGet                  
2000126c  __STACK_END                    
00001000  __STACK_SIZE                   
2000046c  __STACK_TOP                    
00001000  __SYSMEM_SIZE                  
00003c18  __TI_CINIT_Base                
00003c30  __TI_CINIT_Limit               
00003bf8  __TI_Handler_Table_Base        
00003c04  __TI_Handler_Table_Limit       
00002d09  __TI_auto_init                 
200025d8  __TI_cleanup_ptr               
00002e4d  __TI_decompress_lzss           
00003499  __TI_decompress_none           
200025dc  __TI_dtors_ptr                 
200025e0  __TI_enable_exit_profile_output
ffffffff  __TI_pprof_out_hndl            
ffffffff  __TI_prof_data_size            
ffffffff  __TI_prof_data_start           
00000000  __TI_static_base__             
000034cb  __TI_zero_init                 
000027db  __aeabi_idiv0                  
00002c8d  __aeabi_memclr                 
00002c8d  __aeabi_memclr4                
00002c8d  __aeabi_memclr8                
00002b77  __aeabi_memcpy                 
00002b77  __aeabi_memcpy4                
00002b77  __aeabi_memcpy8                
00002c8f  __aeabi_memset                 
00002c8f  __aeabi_memset4                
00002c8f  __aeabi_memset8                
0000322d  __aeabi_uidiv                  
0000322d  __aeabi_uidivmod               
ffffffff  __binit__                      
ffffffff  __c_args__                     
00002d07  __mpu_init                     
2000026c  __stack                        
000033d5  _args_main                     
00002fc9  _c_int00                       
200025f0  _lock                          
00003423  _nop                           
0000341b  _register_lock                 
00003415  _register_unlock               
20001270  _sys_memory                    
00002fc7  _system_post_cinit             
00003531  _system_pre_init               
200025f4  _unlock                        
00003021  abort                          
ffffffff  binit                          
20002590  bnOledCur                      
00001be1  calloc                         
0000212f  checkButton                    
000029e9  clearOLED                      
200025d4  clrOledCur                     
00003111  copy_in                        
20002600  currentAngle                   
200025d5  currentState                   
00002a15  displayAltitudePercentAndYaw   
20002594  dxcoOledFontCur                
20002598  dycoOledFontCur                
00003029  exit                           
2000259c  fOledCharUpdate                
0000192b  free                           
00002b51  freeCircBuf                    
20002570  g_inBuffer                     
20000000  g_pfnRAMVectors                
00000000  g_pfnVectors                   
200025a0  g_ulSampCnt                    
000023eb  heightAsPercentage             
00002d97  initADC                        
00001f8d  initButtons                    
00002abf  initCircBuf                    
000023c5  initClock                      
000029e1  initDisplay                    
00002443  main                           
200025f8  main_func_sp                   
000018c1  malloc                         
00001af5  memalign                       
00002b77  memcpy                         
00002c95  memset                         
00001841  minit                          
200025a4  modOledCur                     
200025a8  pbOledCur                      
200025ac  pbOledFontCur                  
200025b0  pbOledFontUser                 
200025b4  pbOledPatCur                   
200025b8  pfnDoRop                       
200025d6  previousState                  
00002b1d  readCircBuf                    
000019eb  realloc                        
00003b38  rgbFillPat                     
20002270  rgbOledBmp                     
00003534  rgbOledFont0                   
20002470  rgbOledFontUser                
00000751  ulocaltime                     
0000094f  umktime                        
0000205b  updateButtons                  
00000ec9  urand                          
00000721  usnprintf                      
000006ef  usprintf                       
00000eb9  usrand                         
00000e31  ustrcasecmp                    
00000ea5  ustrcmp                        
00000d35  ustrlen                        
00000d8d  ustrncasecmp                   
00000e45  ustrncmp                       
0000026d  ustrncpy                       
00000d57  ustrstr                        
00000afd  ustrtof                        
000009c5  ustrtoul                       
000002c5  uvsnprintf                     
00002ae9  writeCircBuf                   
200025bc  xchOledCur                     
200025c0  xchOledMax                     
200025c4  xcoOledCur                     
00002535  yawFSM                         
00002613  yawFSMInit                     
200025c8  ychOledCur                     
200025cc  ychOledMax                     
200025d0  ycoOledCur                     


GLOBAL SYMBOLS: SORTED BY Symbol Address 

address   name                           
-------   ----                           
00000000  __TI_static_base__             
00000000  g_pfnVectors                   
0000026d  ustrncpy                       
000002c5  uvsnprintf                     
000006ef  usprintf                       
00000721  usnprintf                      
00000751  ulocaltime                     
0000094f  umktime                        
000009c5  ustrtoul                       
00000afd  ustrtof                        
00000d35  ustrlen                        
00000d57  ustrstr                        
00000d8d  ustrncasecmp                   
00000e31  ustrcasecmp                    
00000e45  ustrncmp                       
00000ea5  ustrcmp                        
00000eb9  usrand                         
00000ec9  urand                          
00000ef1  OrbitOledMoveTo                
00000f37  OrbitOledGetPos                
00000f53  OrbitOledSetDrawColor          
00000f6b  OrbitOledGetStdPattern         
00000f7d  OrbitOledSetFillPattern        
00000f8d  OrbitOledSetDrawMode           
00000fe1  OrbitOledGetDrawMode           
00000fe7  OrbitOledDrawPixel             
00001000  __STACK_SIZE                   
00001000  __SYSMEM_SIZE                  
00001013  OrbitOledGetPixel              
0000102d  OrbitOledLineTo                
0000112d  OrbitOledDrawRect              
000011b1  OrbitOledFillRect              
000012f5  OrbitOledGetBmp                
00001455  OrbitOledPutBmp                
00001623  OrbitOledDrawChar              
00001683  OrbitOledDrawString            
000016a1  OrbitOledRopSet                
000016cb  OrbitOledRopOr                 
000016ef  OrbitOledRopAnd                
00001713  OrbitOledRopXor                
00001741  OrbitOledMoveUp                
00001779  OrbitOledMoveDown              
000017af  OrbitOledMoveLeft              
000017c7  OrbitOledMoveRight             
000017e1  OrbitOledClampXco              
00001801  OrbitOledClampYco              
00001841  minit                          
000018c1  malloc                         
0000192b  free                           
000019eb  realloc                        
00001af5  memalign                       
00001be1  calloc                         
00001c11  OrbitOledInit                  
00001c25  OrbitOledHostInit              
00001cef  OrbitOledDvrInit               
00001d69  OrbitOledDevInit               
00001ded  OrbitOledClear                 
00001df9  OrbitOledClearBuffer           
00001e29  OrbitOledUpdate                
00001e83  OrbitOledPutBuffer             
00001ee9  Ssi3PutByte                    
00001f8d  initButtons                    
0000205b  updateButtons                  
0000212f  checkButton                    
000021ad  OrbitOledSetCursor             
000021f9  OrbitOledGetCursor             
00002215  OrbitOledDefUserChar           
00002265  OrbitOledSetCharUpdate         
0000227d  OrbitOledGetCharUpdate         
00002283  OrbitOledPutChar               
000022a1  OrbitOledPutString             
000022cd  OrbitOledDrawGlyph             
00002345  OrbitOledAdvanceCursor         
000023b1  SysTickIntHandler              
000023c5  initClock                      
000023eb  heightAsPercentage             
00002443  main                           
00002535  yawFSM                         
00002613  yawFSMInit                     
000026a9  GPIOPadConfigSet               
000027db  __aeabi_idiv0                  
000027dd  SysCtlClockGet                 
000028ed  SysCtlClockSet                 
000029e1  initDisplay                    
000029e9  clearOLED                      
00002a15  displayAltitudePercentAndYaw   
00002abf  initCircBuf                    
00002ae9  writeCircBuf                   
00002b1d  readCircBuf                    
00002b51  freeCircBuf                    
00002b77  __aeabi_memcpy                 
00002b77  __aeabi_memcpy4                
00002b77  __aeabi_memcpy8                
00002b77  memcpy                         
00002c13  ADCSequenceStepConfigure       
00002c8d  __aeabi_memclr                 
00002c8d  __aeabi_memclr4                
00002c8d  __aeabi_memclr8                
00002c8f  __aeabi_memset                 
00002c8f  __aeabi_memset4                
00002c8f  __aeabi_memset8                
00002c95  memset                         
00002d07  __mpu_init                     
00002d09  __TI_auto_init                 
00002d79  ADCIntHandler                  
00002d97  initADC                        
00002de5  IntEnable                      
00002e4d  __TI_decompress_lzss           
00002eb5  TimerConfigure                 
00002f15  DelayInit                      
00002f2f  DelayMs                        
00002f71  GPIOIntTypeSet                 
00002fc7  _system_post_cinit             
00002fc9  _c_int00                       
0000301d  C$$EXIT                        
00003021  abort                          
00003029  exit                           
00003071  ADCSequenceConfigure           
00003111  copy_in                        
0000315d  GPIOPinConfigure               
000031a5  OLEDStringDraw                 
000031cb  OLEDInitialise                 
0000322d  __aeabi_uidiv                  
0000322d  __aeabi_uidivmod               
0000326d  SSIConfigSetExpClk             
000032a9  IntRegister                    
000032dd  SysCtlPeripheralEnable         
00003311  GPIODirModeSet                 
0000333b  ADCSequenceDataGet             
00003359  SysTickIntRegister             
00003375  ADCIntRegister                 
0000338d  ADCProcessorTrigger            
000033a5  GPIOIntRegister                
000033bd  GPIOPinTypeGPIOOutput          
000033d5  _args_main                     
000033ed  SysTickEnable                  
00003401  SysTickIntEnable               
00003415  _register_unlock               
0000341b  _register_lock                 
00003423  _nop                           
00003429  GPIOPinTypeGPIOInput           
0000343b  GPIOPinTypeSSI                 
0000344d  ADCIntEnable                   
0000345d  IntMasterEnable                
0000346d  SysTickPeriodSet               
0000347d  ADCSequenceEnable              
0000348b  TimerEnable                    
00003499  __TI_decompress_none           
000034a7  CPUcpsie                       
000034b3  GPIOIntEnable                  
000034bf  SSIDataGet                     
000034cb  __TI_zero_init                 
000034d7  ResetISR                       
000034e3  ADCIntClear                    
000034ed  SSIDataPut                     
000034f7  SSIEnable                      
00003501  TimerValueGet                  
0000350b  SSIBusy                        
00003513  GPIOIntClear                   
00003519  GPIOPinRead                    
0000351f  GPIOPinWrite                   
00003525  SSIClockSourceSet              
0000352b  SysCtlDelay                    
00003531  _system_pre_init               
00003534  rgbOledFont0                   
00003b38  rgbFillPat                     
00003bf8  __TI_Handler_Table_Base        
00003c04  __TI_Handler_Table_Limit       
00003c18  __TI_CINIT_Base                
00003c30  __TI_CINIT_Limit               
20000000  g_pfnRAMVectors                
2000026c  __stack                        
2000046c  __STACK_TOP                    
2000126c  __STACK_END                    
20001270  _sys_memory                    
20002270  rgbOledBmp                     
20002470  rgbOledFontUser                
20002570  g_inBuffer                     
20002590  bnOledCur                      
20002594  dxcoOledFontCur                
20002598  dycoOledFontCur                
2000259c  fOledCharUpdate                
200025a0  g_ulSampCnt                    
200025a4  modOledCur                     
200025a8  pbOledCur                      
200025ac  pbOledFontCur                  
200025b0  pbOledFontUser                 
200025b4  pbOledPatCur                   
200025b8  pfnDoRop                       
200025bc  xchOledCur                     
200025c0  xchOledMax                     
200025c4  xcoOledCur                     
200025c8  ychOledCur                     
200025cc  ychOledMax                     
200025d0  ycoOledCur                     
200025d4  clrOledCur                     
200025d5  currentState                   
200025d6  previousState                  
200025d8  __TI_cleanup_ptr               
200025dc  __TI_dtors_ptr                 
200025e0  __TI_enable_exit_profile_output
200025f0  _lock                          
200025f4  _unlock                        
200025f8  main_func_sp                   
20002600  currentAngle                   
ffffffff  __TI_pprof_out_hndl            
ffffffff  __TI_prof_data_size            
ffffffff  __TI_prof_data_start           
ffffffff  __binit__                      
ffffffff  __c_args__                     
ffffffff  binit                          
UNDEFED   SHT$$INIT_ARRAY$$Base          
UNDEFED   SHT$$INIT_ARRAY$$Limit         

[213 symbols]
