******************************************************************************
                  TI ARM Linker Unix v16.9.6                   
******************************************************************************
>> Linked Tue May 14 19:42:09 2019

OUTPUT FILE NAME:   <milestone_2.out>
ENTRY POINT SYMBOL: "_c_int00"  address: 00003bf9


MEMORY CONFIGURATION

         name            origin    length      used     unused   attr    fill
----------------------  --------  ---------  --------  --------  ----  --------
  FLASH                 00000000   00040000  00004aec  0003b514  R  X
  SRAM                  20000000   00008000  00002633  000059cd  RW X


SEGMENT ALLOCATION MAP

run origin  load origin   length   init length attrs members
----------  ----------- ---------- ----------- ----- -------
00000000    00000000    00004af0   00004af0    r-x
  00000000    00000000    0000026c   0000026c    r-- .intvecs
  0000026c    0000026c    00004184   00004184    r-x .text
  000043f0    000043f0    000006a4   000006a4    r-- .const
  00004a98    00004a98    00000058   00000058    r-- .cinit
20000000    20000000    00002638   00000000    rw-
  20000000    20000000    0000026c   00000000    rw- .vtable
  2000026c    2000026c    00001000   00000000    rw- .stack
  20001270    20001270    00001000   00000000    rw- .sysmem
  20002270    20002270    0000038b   00000000    rw- .bss
  200025fc    200025fc    0000003c   00000000    rw- .data


SECTION ALLOCATION MAP

 output                                  attributes/
section   page    origin      length       input sections
--------  ----  ----------  ----------   ----------------
.intvecs   0    00000000    0000026c     
                  00000000    0000026c     tm4c123gh6pm_startup_ccs.obj (.intvecs)

.text      0    0000026c    00004184     
                  0000026c    00000c84     ustdlib.obj (.text)
                  00000ef0    00000950     OrbitOledGrph.obj (.text)
                  00001840    000003d0     rtsv7M4_T_le_v4SPD16_eabi.lib : memory.obj (.text)
                  00001c10    000003b8     buttons4.obj (.text)
                  00001fc8    0000037c     OrbitOled.obj (.text)
                  00002344    000002c0     helicopterMasterController.obj (.text)
                  00002604    0000027c     yawFiniteStateMachine.obj (.text)
                  00002880    0000021c     mainRotorController.obj (.text)
                  00002a9c    00000204     OrbitOledChar.obj (.text)
                  00002ca0    000001b6     rtsv7M4_T_le_v4SPD16_eabi.lib : fd_add_t2.obj (.text)
                  00002e56    00000002                                   : i_div0.obj (.text)
                  00002e58    00000194     tailRotorController.obj (.text)
                  00002fec    00000132     driverlib.lib : gpio.obj (.text:GPIOPadConfigSet)
                  0000311e    00000002     rtsv7M4_T_le_v4SPD16_eabi.lib : mpu_init.obj (.text)
                  00003120    00000110     driverlib.lib : sysctl.obj (.text:SysCtlClockGet)
                  00003230    000000fc     rtsv7M4_T_le_v4SPD16_eabi.lib : fd_mul_t2.obj (.text)
                  0000332c    000000f4     driverlib.lib : sysctl.obj (.text:SysCtlClockSet)
                  00003420    000000de     userDisplay.obj (.text)
                  000034fe    000000b8     circBufT.obj (.text)
                  000035b6    0000009c     rtsv7M4_T_le_v4SPD16_eabi.lib : memcpy_t2.obj (.text)
                  00003652    00000086                                   : fd_cmp_t2.obj (.text:__aeabi_cdcmple)
                  000036d8    00000086                                   : fd_cmp_t2.obj (.text:__aeabi_cdrcmple)
                  0000375e    0000007a     driverlib.lib : adc.obj (.text:ADCSequenceStepConfigure)
                  000037d8    0000007a     rtsv7M4_T_le_v4SPD16_eabi.lib : memset_t2.obj (.text)
                  00003852    00000002                                   : startup.obj (.text)
                  00003854    00000074     uartCommunication.obj (.text)
                  000038c8    00000070     rtsv7M4_T_le_v4SPD16_eabi.lib : autoinit.obj (.text)
                  00003938    0000006e                                   : fd_tos_t2.obj (.text)
                  000039a6    00000002     --HOLE-- [fill = 0]
                  000039a8    0000006c     helicopterAltitude.obj (.text)
                  00003a14    00000068     driverlib.lib : interrupt.obj (.text:IntEnable)
                  00003a7c    00000068     rtsv7M4_T_le_v4SPD16_eabi.lib : copy_decompress_lzss.obj (.text:decompress:lzss)
                  00003ae4    00000060     driverlib.lib : timer.obj (.text:TimerConfigure)
                  00003b44    0000005c     delay.obj (.text)
                  00003ba0    00000056     driverlib.lib : gpio.obj (.text:GPIOIntTypeSet)
                  00003bf6    00000002     --HOLE-- [fill = 0]
                  00003bf8    00000054     rtsv7M4_T_le_v4SPD16_eabi.lib : boot.obj (.text)
                  00003c4c    00000054                                   : exit.obj (.text)
                  00003ca0    00000050     driverlib.lib : adc.obj (.text:ADCSequenceConfigure)
                  00003cf0    00000050                   : sysctl.obj (.text:SysCtlPeripheralReset)
                  00003d40    00000050                   : adc.obj (.text:_ADCIntNumberGet)
                  00003d90    0000004c     rtsv7M4_T_le_v4SPD16_eabi.lib : cpy_tbl.obj (.text)
                  00003ddc    00000048     driverlib.lib : gpio.obj (.text:GPIOPinConfigure)
                  00003e24    00000048     rtsv7M4_T_le_v4SPD16_eabi.lib : fd_toi_t2.obj (.text)
                  00003e6c    00000046     driverlib.lib : uart.obj (.text:UARTConfigSetExpClk)
                  00003eb2    00000002     --HOLE-- [fill = 0]
                  00003eb4    00000044     OrbitOLEDInterface.obj (.text)
                  00003ef8    00000044     driverlib.lib : gpio.obj (.text:_GPIOIntNumberGet)
                  00003f3c    00000044     rtsv7M4_T_le_v4SPD16_eabi.lib : fd_tou_t2.obj (.text)
                  00003f80    00000040                                   : u_divt2.obj (.text)
                  00003fc0    0000003c     driverlib.lib : ssi.obj (.text:SSIConfigSetExpClk)
                  00003ffc    00000038     rtsv7M4_T_le_v4SPD16_eabi.lib : fs_tod_t2.obj (.text)
                  00004034    00000034     driverlib.lib : interrupt.obj (.text:IntRegister)
                  00004068    00000034                   : sysctl.obj (.text:SysCtlPeripheralEnable)
                  0000409c    0000002e     rtsv7M4_T_le_v4SPD16_eabi.lib : i_tofd_t2.obj (.text)
                  000040ca    0000002a     driverlib.lib : gpio.obj (.text:GPIODirModeSet)
                  000040f4    00000022                   : pwm.obj (.text:PWMGenConfigure)
                  00004116    00000002     --HOLE-- [fill = 0]
                  00004118    00000020                   : uart.obj (.text:UARTDisable)
                  00004138    0000001e                   : adc.obj (.text:ADCSequenceDataGet)
                  00004156    0000001e                   : pwm.obj (.text:PWMPulseWidthSet)
                  00004174    0000001c                   : systick.obj (.text:SysTickIntRegister)
                  00004190    00000018                   : adc.obj (.text:ADCIntRegister)
                  000041a8    00000018                   : adc.obj (.text:ADCProcessorTrigger)
                  000041c0    00000018                   : gpio.obj (.text:GPIOIntRegister)
                  000041d8    00000018                   : gpio.obj (.text:GPIOPinTypeGPIOOutput)
                  000041f0    00000018     rtsv7M4_T_le_v4SPD16_eabi.lib : args_main.obj (.text)
                  00004208    00000014     driverlib.lib : sysctl.obj (.text:SysCtlPWMClockSet)
                  0000421c    00000014                   : systick.obj (.text:SysTickEnable)
                  00004230    00000014                   : systick.obj (.text:SysTickIntEnable)
                  00004244    00000014                   : uart.obj (.text:UARTEnable)
                  00004258    00000014     rtsv7M4_T_le_v4SPD16_eabi.lib : _lock.obj (.text)
                  0000426c    00000012     driverlib.lib : gpio.obj (.text:GPIOPinTypeGPIOInput)
                  0000427e    00000012                   : gpio.obj (.text:GPIOPinTypePWM)
                  00004290    00000012                   : gpio.obj (.text:GPIOPinTypeSSI)
                  000042a2    00000012                   : gpio.obj (.text:GPIOPinTypeUART)
                  000042b4    00000012                   : pwm.obj (.text:PWMOutputState)
                  000042c6    00000010                   : adc.obj (.text:ADCIntEnable)
                  000042d6    00000010                   : interrupt.obj (.text:IntMasterEnable)
                  000042e6    00000010                   : pwm.obj (.text:PWMGenPeriodSet)
                  000042f6    00000002     --HOLE-- [fill = 0]
                  000042f8    00000010                   : sysctl.obj (.text:SysCtlReset)
                  00004308    00000010                   : systick.obj (.text:SysTickPeriodSet)
                  00004318    0000000e                   : adc.obj (.text:ADCSequenceEnable)
                  00004326    0000000e                   : timer.obj (.text:TimerEnable)
                  00004334    0000000e     rtsv7M4_T_le_v4SPD16_eabi.lib : copy_decompress_none.obj (.text:decompress:none)
                  00004342    0000000c     driverlib.lib : cpu.obj (.text:CPUcpsie)
                  0000434e    0000000c                   : gpio.obj (.text:GPIOIntEnable)
                  0000435a    0000000c                   : pwm.obj (.text:PWMGenEnable)
                  00004366    0000000c                   : ssi.obj (.text:SSIDataGet)
                  00004372    0000000c     rtsv7M4_T_le_v4SPD16_eabi.lib : copy_zero_init.obj (.text:decompress:ZI)
                  0000437e    0000000c     tm4c123gh6pm_startup_ccs.obj (.text)
                  0000438a    0000000a     driverlib.lib : adc.obj (.text:ADCIntClear)
                  00004394    0000000a                   : ssi.obj (.text:SSIDataPut)
                  0000439e    0000000a                   : ssi.obj (.text:SSIEnable)
                  000043a8    0000000a                   : timer.obj (.text:TimerValueGet)
                  000043b2    0000000a                   : uart.obj (.text:UARTCharPut)
                  000043bc    0000000a                   : uart.obj (.text:UARTFIFOEnable)
                  000043c6    00000008                   : ssi.obj (.text:SSIBusy)
                  000043ce    00000006                   : gpio.obj (.text:GPIOIntClear)
                  000043d4    00000006                   : gpio.obj (.text:GPIOPinRead)
                  000043da    00000006                   : gpio.obj (.text:GPIOPinWrite)
                  000043e0    00000006                   : ssi.obj (.text:SSIClockSourceSet)
                  000043e6    00000006                   : sysctl.obj (.text:SysCtlDelay)
                  000043ec    00000004     rtsv7M4_T_le_v4SPD16_eabi.lib : pre_init.obj (.text)

.const     0    000043f0    000006a4     
                  000043f0    00000300     ChrFont0.obj (.const:.string:rgbOledFont0)
                  000046f0    000000d8     driverlib.lib : gpio.obj (.const:g_ppui32GPIOIntMapSnowflake)
                  000047c8    000000c0                   : gpio.obj (.const:g_ppui32GPIOIntMapBlizzard)
                  00004888    00000090                   : gpio.obj (.const:g_pui32GPIOBaseAddrs)
                  00004918    00000070                   : interrupt.obj (.const)
                  00004988    0000006c                   : sysctl.obj (.const:g_pui32Xtals)
                  000049f4    00000040     FillPat.obj (.const:.string:rgbFillPat)
                  00004a34    00000030     ustdlib.obj (.const:g_psDaysToMonth)
                  00004a64    00000018     ustdlib.obj (.const:g_pfExponents)
                  00004a7c    00000012     ustdlib.obj (.const:.string)
                  00004a8e    00000002     --HOLE-- [fill = 0]
                  00004a90    00000004     ustdlib.obj (.const)

.cinit     0    00004a98    00000058     
                  00004a98    00000022     (.cinit..data.load) [load image, compression = lzss]
                  00004aba    00000002     --HOLE-- [fill = 0]
                  00004abc    0000000c     (__TI_handler_table)
                  00004ac8    00000008     (.cinit..bss.load) [load image, compression = zero_init]
                  00004ad0    00000008     (.cinit..vtable.load) [load image, compression = zero_init]
                  00004ad8    00000018     (__TI_cinit_table)

.init_array 
*          0    00000000    00000000     UNINITIALIZED

.vtable    0    20000000    0000026c     UNINITIALIZED
                  20000000    0000026c     driverlib.lib : interrupt.obj (.vtable)

.stack     0    2000026c    00001000     UNINITIALIZED
                  2000026c    00001000     --HOLE--

.sysmem    0    20001270    00001000     UNINITIALIZED
                  20001270    00000008     rtsv7M4_T_le_v4SPD16_eabi.lib : memory.obj (.sysmem)
                  20001278    00000ff8     --HOLE--

.bss       0    20002270    0000038b     UNINITIALIZED
                  20002270    00000200     (.common:rgbOledBmp)
                  20002470    00000100     (.common:rgbOledFontUser)
                  20002570    00000010     (.common:g_inBuffer)
                  20002580    00000008     (.common:errorIntegral)
                  20002588    00000004     buttons4.obj (.bss:but_count)
                  2000258c    00000004     buttons4.obj (.bss:but_flag)
                  20002590    00000004     buttons4.obj (.bss:but_normal)
                  20002594    00000004     buttons4.obj (.bss:but_state)
                  20002598    00000004     (.common:ChannelA)
                  2000259c    00000004     (.common:ChannelB)
                  200025a0    00000004     (.common:bnOledCur)
                  200025a4    00000004     (.common:dutyCycle)
                  200025a8    00000004     (.common:dxcoOledFontCur)
                  200025ac    00000004     (.common:dycoOledFontCur)
                  200025b0    00000004     (.common:errorSignal)
                  200025b4    00000004     (.common:fOledCharUpdate)
                  200025b8    00000004     (.common:g_ulSampCnt)
                  200025bc    00000004     (.common:modOledCur)
                  200025c0    00000004     (.common:pbOledCur)
                  200025c4    00000004     (.common:pbOledFontCur)
                  200025c8    00000004     (.common:pbOledFontUser)
                  200025cc    00000004     (.common:pbOledPatCur)
                  200025d0    00000004     (.common:pfnDoRop)
                  200025d4    00000004     (.common:slotCount)
                  200025d8    00000004     (.common:switchChannel)
                  200025dc    00000004     (.common:xchOledCur)
                  200025e0    00000004     (.common:xchOledMax)
                  200025e4    00000004     (.common:xcoOledCur)
                  200025e8    00000004     (.common:ychOledCur)
                  200025ec    00000004     (.common:ychOledMax)
                  200025f0    00000004     (.common:ycoOledCur)
                  200025f4    00000002     (.common:currentHeight)
                  200025f6    00000002     (.common:tailErrorSignal)
                  200025f8    00000001     (.common:clrOledCur)
                  200025f9    00000001     (.common:currentState)
                  200025fa    00000001     (.common:previousState)

.data      0    200025fc    0000003c     UNINITIALIZED
                  200025fc    0000000c     rtsv7M4_T_le_v4SPD16_eabi.lib : exit.obj (.data:$O1$$)
                  20002608    0000000c                                   : memory.obj (.data:$O1$$)
                  20002614    0000000c     buttons4.obj (.data)
                  20002620    00000008     rtsv7M4_T_le_v4SPD16_eabi.lib : _lock.obj (.data:$O1$$)
                  20002628    00000005     yawFiniteStateMachine.obj (.data)
                  2000262d    00000001     helicopterMasterController.obj (.data)
                  2000262e    00000002     mainRotorController.obj (.data)
                  20002630    00000004     rtsv7M4_T_le_v4SPD16_eabi.lib : stkdepth_vars.obj (.data)
                  20002634    00000004     ustdlib.obj (.data)

MODULE SUMMARY

       Module                           code    ro data   rw data
       ------                           ----    -------   -------
    ./
       ustdlib.obj                      3204    94        4      
       buttons4.obj                     952     0         32     
       helicopterMasterController.obj   704     0         3      
       yawFiniteStateMachine.obj        636     0         19     
       tm4c123gh6pm_startup_ccs.obj     12      620       0      
       mainRotorController.obj          540     0         18     
       tailRotorController.obj          404     0         2      
       userDisplay.obj                  222     0         0      
       circBufT.obj                     184     0         0      
       helicopterAltitude.obj           108     0         20     
       uartCommunication.obj            116     0         0      
    +--+--------------------------------+-------+---------+---------+
       Total:                           7082    714       98     
                                                                 
    ./OrbitOLED/
       OrbitOLEDInterface.obj           68      0         0      
    +--+--------------------------------+-------+---------+---------+
       Total:                           68      0         0      
                                                                 
    ./OrbitOLED/lib_OrbitOled/
       OrbitOledGrph.obj                2384    0         8      
       OrbitOled.obj                    892     0         553    
       OrbitOledChar.obj                516     0         272    
       ChrFont0.obj                     0       768       0      
       delay.obj                        92      0         0      
       FillPat.obj                      0       64        0      
    +--+--------------------------------+-------+---------+---------+
       Total:                           3884    832       833    
                                                                 
    /home/harry/ti/TivaWare/driverlib/ccs/Debug/driverlib.lib
       gpio.obj                         724     552       0      
       interrupt.obj                    172     112       620    
       sysctl.obj                       690     108       0      
       adc.obj                          400     0         0      
       uart.obj                         142     0         0      
       timer.obj                        120     0         0      
       pwm.obj                          110     0         0      
       ssi.obj                          106     0         0      
       systick.obj                      84      0         0      
       cpu.obj                          12      0         0      
    +--+--------------------------------+-------+---------+---------+
       Total:                           2560    772       620    
                                                                 
    /home/harry/ti/ccsv7/tools/compiler/ti-cgt-arm_16.9.6.LTS/lib/rtsv7M4_T_le_v4SPD16_eabi.lib
       memory.obj                       976     0         12     
       fd_add_t2.obj                    438     0         0      
       fd_cmp_t2.obj                    268     0         0      
       fd_mul_t2.obj                    252     0         0      
       memcpy_t2.obj                    156     0         0      
       memset_t2.obj                    122     0         0      
       autoinit.obj                     112     0         0      
       fd_tos_t2.obj                    110     0         0      
       copy_decompress_lzss.obj         104     0         0      
       exit.obj                         84      0         12     
       boot.obj                         84      0         0      
       cpy_tbl.obj                      76      0         0      
       fd_toi_t2.obj                    72      0         0      
       fd_tou_t2.obj                    68      0         0      
       u_divt2.obj                      64      0         0      
       fs_tod_t2.obj                    56      0         0      
       i_tofd_t2.obj                    46      0         0      
       _lock.obj                        20      0         8      
       args_main.obj                    24      0         0      
       copy_decompress_none.obj         14      0         0      
       copy_zero_init.obj               12      0         0      
       pre_init.obj                     4       0         0      
       stkdepth_vars.obj                0       0         4      
       i_div0.obj                       2       0         0      
       mpu_init.obj                     2       0         0      
       startup.obj                      2       0         0      
    +--+--------------------------------+-------+---------+---------+
       Total:                           3168    0         36     
                                                                 
       Heap:                            0       0         4096   
       Stack:                           0       0         4096   
       Linker Generated:                0       86        0      
    +--+--------------------------------+-------+---------+---------+
       Grand Total:                     16762   2404      9779   


LINKER GENERATED COPY TABLES

__TI_cinit_table @ 00004ad8 records: 3, size/record: 8, table size: 24
	.data: load addr=00004a98, load size=00000022 bytes, run addr=200025fc, run size=0000003c bytes, compression=lzss
	.bss: load addr=00004ac8, load size=00000008 bytes, run addr=20002270, run size=0000038b bytes, compression=zero_init
	.vtable: load addr=00004ad0, load size=00000008 bytes, run addr=20000000, run size=0000026c bytes, compression=zero_init


LINKER GENERATED HANDLER TABLE

__TI_handler_table @ 00004abc records: 3, size/record: 4, table size: 12
	index: 0, handler: __TI_zero_init
	index: 1, handler: __TI_decompress_lzss
	index: 2, handler: __TI_decompress_none


GLOBAL SYMBOLS: SORTED ALPHABETICALLY BY Name 

address   name                           
-------   ----                           
0000438b  ADCIntClear                    
000042c7  ADCIntEnable                   
000039a9  ADCIntHandler                  
00004191  ADCIntRegister                 
000041a9  ADCProcessorTrigger            
00003ca1  ADCSequenceConfigure           
00004139  ADCSequenceDataGet             
00004319  ADCSequenceEnable              
0000375f  ADCSequenceStepConfigure       
00003c4d  C$$EXIT                        
00004343  CPUcpsie                       
20002598  ChannelA                       
2000259c  ChannelB                       
00003b45  DelayInit                      
00003b5f  DelayMs                        
000040cb  GPIODirModeSet                 
000043cf  GPIOIntClear                   
0000434f  GPIOIntEnable                  
000041c1  GPIOIntRegister                
00003ba1  GPIOIntTypeSet                 
00002fed  GPIOPadConfigSet               
00003ddd  GPIOPinConfigure               
000043d5  GPIOPinRead                    
0000426d  GPIOPinTypeGPIOInput           
000041d9  GPIOPinTypeGPIOOutput          
0000427f  GPIOPinTypePWM                 
00004291  GPIOPinTypeSSI                 
000042a3  GPIOPinTypeUART                
000043db  GPIOPinWrite                   
00003a15  IntEnable                      
000042d7  IntMasterEnable                
00004035  IntRegister                    
00003edb  OLEDInitialise                 
00003eb5  OLEDStringDraw                 
00002c35  OrbitOledAdvanceCursor         
000017e1  OrbitOledClampXco              
00001801  OrbitOledClampYco              
000021a5  OrbitOledClear                 
000021b1  OrbitOledClearBuffer           
00002b05  OrbitOledDefUserChar           
00002121  OrbitOledDevInit               
00001623  OrbitOledDrawChar              
00002bbd  OrbitOledDrawGlyph             
00000fe7  OrbitOledDrawPixel             
0000112d  OrbitOledDrawRect              
00001683  OrbitOledDrawString            
000020a7  OrbitOledDvrInit               
000011b1  OrbitOledFillRect              
000012f5  OrbitOledGetBmp                
00002b6d  OrbitOledGetCharUpdate         
00002ae9  OrbitOledGetCursor             
00000fe1  OrbitOledGetDrawMode           
00001013  OrbitOledGetPixel              
00000f37  OrbitOledGetPos                
00000f6b  OrbitOledGetStdPattern         
00001fdd  OrbitOledHostInit              
00001fc9  OrbitOledInit                  
0000102d  OrbitOledLineTo                
00001779  OrbitOledMoveDown              
000017af  OrbitOledMoveLeft              
000017c7  OrbitOledMoveRight             
00000ef1  OrbitOledMoveTo                
00001741  OrbitOledMoveUp                
00001455  OrbitOledPutBmp                
0000223b  OrbitOledPutBuffer             
00002b73  OrbitOledPutChar               
00002b91  OrbitOledPutString             
000016ef  OrbitOledRopAnd                
000016cb  OrbitOledRopOr                 
000016a1  OrbitOledRopSet                
00001713  OrbitOledRopXor                
00002b55  OrbitOledSetCharUpdate         
00002a9d  OrbitOledSetCursor             
00000f53  OrbitOledSetDrawColor          
00000f8d  OrbitOledSetDrawMode           
00000f7d  OrbitOledSetFillPattern        
000021e1  OrbitOledUpdate                
2000262d  PIDFlag                        
000040f5  PWMGenConfigure                
0000435b  PWMGenEnable                   
000042e7  PWMGenPeriodSet                
000042b5  PWMOutputState                 
00004157  PWMPulseWidthSet               
0000437f  ResetISR                       
UNDEFED   SHT$$INIT_ARRAY$$Base          
UNDEFED   SHT$$INIT_ARRAY$$Limit         
000043c7  SSIBusy                        
000043e1  SSIClockSourceSet              
00003fc1  SSIConfigSetExpClk             
00004367  SSIDataGet                     
00004395  SSIDataPut                     
0000439f  SSIEnable                      
000022a1  Ssi3PutByte                    
00003121  SysCtlClockGet                 
0000332d  SysCtlClockSet                 
000043e7  SysCtlDelay                    
00004209  SysCtlPWMClockSet              
00004069  SysCtlPeripheralEnable         
00003cf1  SysCtlPeripheralReset          
000042f9  SysCtlReset                    
0000421d  SysTickEnable                  
00004231  SysTickIntEnable               
00002345  SysTickIntHandler              
00004175  SysTickIntRegister             
00004309  SysTickPeriodSet               
00003ae5  TimerConfigure                 
00004327  TimerEnable                    
000043a9  TimerValueGet                  
000043b3  UARTCharPut                    
00003e6d  UARTConfigSetExpClk            
00004119  UARTDisable                    
00004245  UARTEnable                     
000043bd  UARTFIFOEnable                 
0000389b  UARTSend                       
2000126c  __STACK_END                    
00001000  __STACK_SIZE                   
2000046c  __STACK_TOP                    
00001000  __SYSMEM_SIZE                  
00004ad8  __TI_CINIT_Base                
00004af0  __TI_CINIT_Limit               
00004abc  __TI_Handler_Table_Base        
00004ac8  __TI_Handler_Table_Limit       
000038c9  __TI_auto_init                 
200025fc  __TI_cleanup_ptr               
00003a7d  __TI_decompress_lzss           
00004335  __TI_decompress_none           
20002600  __TI_dtors_ptr                 
20002604  __TI_enable_exit_profile_output
ffffffff  __TI_pprof_out_hndl            
ffffffff  __TI_prof_data_size            
ffffffff  __TI_prof_data_start           
00000000  __TI_static_base__             
00004373  __TI_zero_init                 
00003653  __aeabi_cdcmpeq                
00003653  __aeabi_cdcmple                
000036d9  __aeabi_cdrcmple               
00003939  __aeabi_d2f                    
00003e25  __aeabi_d2iz                   
00003f3d  __aeabi_d2uiz                  
00002cab  __aeabi_dadd                   
00003231  __aeabi_dmul                   
00002ca1  __aeabi_dsub                   
00003ffd  __aeabi_f2d                    
0000409d  __aeabi_i2d                    
00002e57  __aeabi_idiv0                  
000037d9  __aeabi_memclr                 
000037d9  __aeabi_memclr4                
000037d9  __aeabi_memclr8                
000035b7  __aeabi_memcpy                 
000035b7  __aeabi_memcpy4                
000035b7  __aeabi_memcpy8                
000037db  __aeabi_memset                 
000037db  __aeabi_memset4                
000037db  __aeabi_memset8                
00003f81  __aeabi_uidiv                  
00003f81  __aeabi_uidivmod               
ffffffff  __binit__                      
ffffffff  __c_args__                     
0000311f  __mpu_init                     
2000026c  __stack                        
000041f1  _args_main                     
00003bf9  _c_int00                       
20002620  _lock                          
00004267  _nop                           
0000425f  _register_lock                 
00004259  _register_unlock               
20001270  _sys_memory                    
00003853  _system_post_cinit             
000043ed  _system_pre_init               
20002624  _unlock                        
00003c51  abort                          
ffffffff  binit                          
200025a0  bnOledCur                      
00001be1  calloc                         
00001db3  checkButton                    
00003429  clearOLED                      
200025f8  clrOledCur                     
00003d91  copy_in                        
20002628  currentAngle                   
200025f4  currentHeight                  
200025f9  currentState                   
20002616  desiredAngle                   
20002614  desiredHeightPercentage        
00003455  displayAltitudePercentAndYaw   
200025a4  dutyCycle                      
200025a8  dxcoOledFontCur                
200025ac  dycoOledFontCur                
20002580  errorIntegral                  
200025b0  errorSignal                    
2000262e  errorSignalPrevious            
00003c59  exit                           
200025b4  fOledCharUpdate                
000027cb  findDisplayAngle               
2000261c  flightMode                     
0000192b  free                           
00003591  freeCircBuf                    
20002570  g_inBuffer                     
20000000  g_pfnRAMVectors                
00000000  g_pfnVectors                   
200025b8  g_ulSampCnt                    
00002389  heightAsPercentage             
000039c7  initADC                        
00001c11  initButtons                    
000034ff  initCircBuf                    
0000235f  initClock                      
00003421  initDisplay                    
00001f5d  initReferenceTrigger           
00001ee5  initReset                      
00001e9f  initSwitch                     
00002369  initTimer                      
000028b9  initialiseMainRotorPWM         
00002e8d  initialiseTailRotorPWM         
00003855  initialiseUSB_UART             
0000243b  main                           
000028ff  mainRotorControlLoop           
20002630  main_func_sp                   
000018c1  malloc                         
00001af5  memalign                       
000035b7  memcpy                         
000037e1  memset                         
00001841  minit                          
200025bc  modOledCur                     
200025c0  pbOledCur                      
200025c4  pbOledFontCur                  
200025c8  pbOledFontUser                 
200025cc  pbOledPatCur                   
200025d0  pfnDoRop                       
200025fa  previousState                  
0000355d  readCircBuf                    
000019eb  realloc                        
2000261e  referenceAngle                 
2000262c  referenceAngleSet              
00001f29  referenceTriggerHandler        
00001ed3  resetCheck                     
000049f4  rgbFillPat                     
20002270  rgbOledBmp                     
000043f0  rgbOledFont0                   
20002470  rgbOledFontUser                
00002881  setMainPWM                     
00002e59  setTailPWM                     
200025d4  slotCount                      
200025d8  switchChannel                  
00001e69  switchMode                     
200025f6  tailErrorSignal                
00002ee3  tailRotorControlLoop           
00000751  ulocaltime                     
0000094f  umktime                        
00001cdf  updateButtons                  
000023ed  updateCurrentHeight            
00001df1  updateDesiredAltAndYawValue    
00000ec9  urand                          
00000721  usnprintf                      
000006ef  usprintf                       
00000eb9  usrand                         
00000e31  ustrcasecmp                    
00000ea5  ustrcmp                        
00000d35  ustrlen                        
00000d8d  ustrncasecmp                   
00000e45  ustrncmp                       
0000026d  ustrncpy                       
00000d57  ustrstr                        
00000afd  ustrtof                        
000009c5  ustrtoul                       
000002c5  uvsnprintf                     
20002618  variableTest                   
00003529  writeCircBuf                   
200025dc  xchOledCur                     
200025e0  xchOledMax                     
200025e4  xcoOledCur                     
00002605  yawFSM                         
0000273f  yawFSMInit                     
200025e8  ychOledCur                     
200025ec  ychOledMax                     
200025f0  ycoOledCur                     


GLOBAL SYMBOLS: SORTED BY Symbol Address 

address   name                           
-------   ----                           
00000000  __TI_static_base__             
00000000  g_pfnVectors                   
0000026d  ustrncpy                       
000002c5  uvsnprintf                     
000006ef  usprintf                       
00000721  usnprintf                      
00000751  ulocaltime                     
0000094f  umktime                        
000009c5  ustrtoul                       
00000afd  ustrtof                        
00000d35  ustrlen                        
00000d57  ustrstr                        
00000d8d  ustrncasecmp                   
00000e31  ustrcasecmp                    
00000e45  ustrncmp                       
00000ea5  ustrcmp                        
00000eb9  usrand                         
00000ec9  urand                          
00000ef1  OrbitOledMoveTo                
00000f37  OrbitOledGetPos                
00000f53  OrbitOledSetDrawColor          
00000f6b  OrbitOledGetStdPattern         
00000f7d  OrbitOledSetFillPattern        
00000f8d  OrbitOledSetDrawMode           
00000fe1  OrbitOledGetDrawMode           
00000fe7  OrbitOledDrawPixel             
00001000  __STACK_SIZE                   
00001000  __SYSMEM_SIZE                  
00001013  OrbitOledGetPixel              
0000102d  OrbitOledLineTo                
0000112d  OrbitOledDrawRect              
000011b1  OrbitOledFillRect              
000012f5  OrbitOledGetBmp                
00001455  OrbitOledPutBmp                
00001623  OrbitOledDrawChar              
00001683  OrbitOledDrawString            
000016a1  OrbitOledRopSet                
000016cb  OrbitOledRopOr                 
000016ef  OrbitOledRopAnd                
00001713  OrbitOledRopXor                
00001741  OrbitOledMoveUp                
00001779  OrbitOledMoveDown              
000017af  OrbitOledMoveLeft              
000017c7  OrbitOledMoveRight             
000017e1  OrbitOledClampXco              
00001801  OrbitOledClampYco              
00001841  minit                          
000018c1  malloc                         
0000192b  free                           
000019eb  realloc                        
00001af5  memalign                       
00001be1  calloc                         
00001c11  initButtons                    
00001cdf  updateButtons                  
00001db3  checkButton                    
00001df1  updateDesiredAltAndYawValue    
00001e69  switchMode                     
00001e9f  initSwitch                     
00001ed3  resetCheck                     
00001ee5  initReset                      
00001f29  referenceTriggerHandler        
00001f5d  initReferenceTrigger           
00001fc9  OrbitOledInit                  
00001fdd  OrbitOledHostInit              
000020a7  OrbitOledDvrInit               
00002121  OrbitOledDevInit               
000021a5  OrbitOledClear                 
000021b1  OrbitOledClearBuffer           
000021e1  OrbitOledUpdate                
0000223b  OrbitOledPutBuffer             
000022a1  Ssi3PutByte                    
00002345  SysTickIntHandler              
0000235f  initClock                      
00002369  initTimer                      
00002389  heightAsPercentage             
000023ed  updateCurrentHeight            
0000243b  main                           
00002605  yawFSM                         
0000273f  yawFSMInit                     
000027cb  findDisplayAngle               
00002881  setMainPWM                     
000028b9  initialiseMainRotorPWM         
000028ff  mainRotorControlLoop           
00002a9d  OrbitOledSetCursor             
00002ae9  OrbitOledGetCursor             
00002b05  OrbitOledDefUserChar           
00002b55  OrbitOledSetCharUpdate         
00002b6d  OrbitOledGetCharUpdate         
00002b73  OrbitOledPutChar               
00002b91  OrbitOledPutString             
00002bbd  OrbitOledDrawGlyph             
00002c35  OrbitOledAdvanceCursor         
00002ca1  __aeabi_dsub                   
00002cab  __aeabi_dadd                   
00002e57  __aeabi_idiv0                  
00002e59  setTailPWM                     
00002e8d  initialiseTailRotorPWM         
00002ee3  tailRotorControlLoop           
00002fed  GPIOPadConfigSet               
0000311f  __mpu_init                     
00003121  SysCtlClockGet                 
00003231  __aeabi_dmul                   
0000332d  SysCtlClockSet                 
00003421  initDisplay                    
00003429  clearOLED                      
00003455  displayAltitudePercentAndYaw   
000034ff  initCircBuf                    
00003529  writeCircBuf                   
0000355d  readCircBuf                    
00003591  freeCircBuf                    
000035b7  __aeabi_memcpy                 
000035b7  __aeabi_memcpy4                
000035b7  __aeabi_memcpy8                
000035b7  memcpy                         
00003653  __aeabi_cdcmpeq                
00003653  __aeabi_cdcmple                
000036d9  __aeabi_cdrcmple               
0000375f  ADCSequenceStepConfigure       
000037d9  __aeabi_memclr                 
000037d9  __aeabi_memclr4                
000037d9  __aeabi_memclr8                
000037db  __aeabi_memset                 
000037db  __aeabi_memset4                
000037db  __aeabi_memset8                
000037e1  memset                         
00003853  _system_post_cinit             
00003855  initialiseUSB_UART             
0000389b  UARTSend                       
000038c9  __TI_auto_init                 
00003939  __aeabi_d2f                    
000039a9  ADCIntHandler                  
000039c7  initADC                        
00003a15  IntEnable                      
00003a7d  __TI_decompress_lzss           
00003ae5  TimerConfigure                 
00003b45  DelayInit                      
00003b5f  DelayMs                        
00003ba1  GPIOIntTypeSet                 
00003bf9  _c_int00                       
00003c4d  C$$EXIT                        
00003c51  abort                          
00003c59  exit                           
00003ca1  ADCSequenceConfigure           
00003cf1  SysCtlPeripheralReset          
00003d91  copy_in                        
00003ddd  GPIOPinConfigure               
00003e25  __aeabi_d2iz                   
00003e6d  UARTConfigSetExpClk            
00003eb5  OLEDStringDraw                 
00003edb  OLEDInitialise                 
00003f3d  __aeabi_d2uiz                  
00003f81  __aeabi_uidiv                  
00003f81  __aeabi_uidivmod               
00003fc1  SSIConfigSetExpClk             
00003ffd  __aeabi_f2d                    
00004035  IntRegister                    
00004069  SysCtlPeripheralEnable         
0000409d  __aeabi_i2d                    
000040cb  GPIODirModeSet                 
000040f5  PWMGenConfigure                
00004119  UARTDisable                    
00004139  ADCSequenceDataGet             
00004157  PWMPulseWidthSet               
00004175  SysTickIntRegister             
00004191  ADCIntRegister                 
000041a9  ADCProcessorTrigger            
000041c1  GPIOIntRegister                
000041d9  GPIOPinTypeGPIOOutput          
000041f1  _args_main                     
00004209  SysCtlPWMClockSet              
0000421d  SysTickEnable                  
00004231  SysTickIntEnable               
00004245  UARTEnable                     
00004259  _register_unlock               
0000425f  _register_lock                 
00004267  _nop                           
0000426d  GPIOPinTypeGPIOInput           
0000427f  GPIOPinTypePWM                 
00004291  GPIOPinTypeSSI                 
000042a3  GPIOPinTypeUART                
000042b5  PWMOutputState                 
000042c7  ADCIntEnable                   
000042d7  IntMasterEnable                
000042e7  PWMGenPeriodSet                
000042f9  SysCtlReset                    
00004309  SysTickPeriodSet               
00004319  ADCSequenceEnable              
00004327  TimerEnable                    
00004335  __TI_decompress_none           
00004343  CPUcpsie                       
0000434f  GPIOIntEnable                  
0000435b  PWMGenEnable                   
00004367  SSIDataGet                     
00004373  __TI_zero_init                 
0000437f  ResetISR                       
0000438b  ADCIntClear                    
00004395  SSIDataPut                     
0000439f  SSIEnable                      
000043a9  TimerValueGet                  
000043b3  UARTCharPut                    
000043bd  UARTFIFOEnable                 
000043c7  SSIBusy                        
000043cf  GPIOIntClear                   
000043d5  GPIOPinRead                    
000043db  GPIOPinWrite                   
000043e1  SSIClockSourceSet              
000043e7  SysCtlDelay                    
000043ed  _system_pre_init               
000043f0  rgbOledFont0                   
000049f4  rgbFillPat                     
00004abc  __TI_Handler_Table_Base        
00004ac8  __TI_Handler_Table_Limit       
00004ad8  __TI_CINIT_Base                
00004af0  __TI_CINIT_Limit               
20000000  g_pfnRAMVectors                
2000026c  __stack                        
2000046c  __STACK_TOP                    
2000126c  __STACK_END                    
20001270  _sys_memory                    
20002270  rgbOledBmp                     
20002470  rgbOledFontUser                
20002570  g_inBuffer                     
20002580  errorIntegral                  
20002598  ChannelA                       
2000259c  ChannelB                       
200025a0  bnOledCur                      
200025a4  dutyCycle                      
200025a8  dxcoOledFontCur                
200025ac  dycoOledFontCur                
200025b0  errorSignal                    
200025b4  fOledCharUpdate                
200025b8  g_ulSampCnt                    
200025bc  modOledCur                     
200025c0  pbOledCur                      
200025c4  pbOledFontCur                  
200025c8  pbOledFontUser                 
200025cc  pbOledPatCur                   
200025d0  pfnDoRop                       
200025d4  slotCount                      
200025d8  switchChannel                  
200025dc  xchOledCur                     
200025e0  xchOledMax                     
200025e4  xcoOledCur                     
200025e8  ychOledCur                     
200025ec  ychOledMax                     
200025f0  ycoOledCur                     
200025f4  currentHeight                  
200025f6  tailErrorSignal                
200025f8  clrOledCur                     
200025f9  currentState                   
200025fa  previousState                  
200025fc  __TI_cleanup_ptr               
20002600  __TI_dtors_ptr                 
20002604  __TI_enable_exit_profile_output
20002614  desiredHeightPercentage        
20002616  desiredAngle                   
20002618  variableTest                   
2000261c  flightMode                     
2000261e  referenceAngle                 
20002620  _lock                          
20002624  _unlock                        
20002628  currentAngle                   
2000262c  referenceAngleSet              
2000262d  PIDFlag                        
2000262e  errorSignalPrevious            
20002630  main_func_sp                   
ffffffff  __TI_pprof_out_hndl            
ffffffff  __TI_prof_data_size            
ffffffff  __TI_prof_data_start           
ffffffff  __binit__                      
ffffffff  __c_args__                     
ffffffff  binit                          
UNDEFED   SHT$$INIT_ARRAY$$Base          
UNDEFED   SHT$$INIT_ARRAY$$Limit         

[274 symbols]
