******************************************************************************
                  TI ARM Linker Unix v16.9.6                   
******************************************************************************
>> Linked Tue May 14 19:46:31 2019

OUTPUT FILE NAME:   <milestone_2.out>
ENTRY POINT SYMBOL: "_c_int00"  address: 00003c05


MEMORY CONFIGURATION

         name            origin    length      used     unused   attr    fill
----------------------  --------  ---------  --------  --------  ----  --------
  FLASH                 00000000   00040000  00004b00  0003b500  R  X
  SRAM                  20000000   00008000  00002637  000059c9  RW X


SEGMENT ALLOCATION MAP

run origin  load origin   length   init length attrs members
----------  ----------- ---------- ----------- ----- -------
00000000    00000000    00004b00   00004b00    r-x
  00000000    00000000    0000026c   0000026c    r-- .intvecs
  0000026c    0000026c    00004190   00004190    r-x .text
  000043fc    000043fc    000006a4   000006a4    r-- .const
  00004aa0    00004aa0    00000060   00000060    r-- .cinit
20000000    20000000    0000263c   00000000    rw-
  20000000    20000000    0000026c   00000000    rw- .vtable
  2000026c    2000026c    00001000   00000000    rw- .stack
  20001270    20001270    00001000   00000000    rw- .sysmem
  20002270    20002270    0000038b   00000000    rw- .bss
  200025fc    200025fc    00000040   00000000    rw- .data


SECTION ALLOCATION MAP

 output                                  attributes/
section   page    origin      length       input sections
--------  ----  ----------  ----------   ----------------
.intvecs   0    00000000    0000026c     
                  00000000    0000026c     tm4c123gh6pm_startup_ccs.obj (.intvecs)

.text      0    0000026c    00004190     
                  0000026c    00000c84     ustdlib.obj (.text)
                  00000ef0    00000950     OrbitOledGrph.obj (.text)
                  00001840    000003d0     rtsv7M4_T_le_v4SPD16_eabi.lib : memory.obj (.text)
                  00001c10    000003b8     buttons4.obj (.text)
                  00001fc8    0000037c     OrbitOled.obj (.text)
                  00002344    000002c0     helicopterMasterController.obj (.text)
                  00002604    00000288     yawFiniteStateMachine.obj (.text)
                  0000288c    0000021c     mainRotorController.obj (.text)
                  00002aa8    00000204     OrbitOledChar.obj (.text)
                  00002cac    000001b6     rtsv7M4_T_le_v4SPD16_eabi.lib : fd_add_t2.obj (.text)
                  00002e62    00000002                                   : i_div0.obj (.text)
                  00002e64    00000194     tailRotorController.obj (.text)
                  00002ff8    00000132     driverlib.lib : gpio.obj (.text:GPIOPadConfigSet)
                  0000312a    00000002     rtsv7M4_T_le_v4SPD16_eabi.lib : mpu_init.obj (.text)
                  0000312c    00000110     driverlib.lib : sysctl.obj (.text:SysCtlClockGet)
                  0000323c    000000fc     rtsv7M4_T_le_v4SPD16_eabi.lib : fd_mul_t2.obj (.text)
                  00003338    000000f4     driverlib.lib : sysctl.obj (.text:SysCtlClockSet)
                  0000342c    000000de     userDisplay.obj (.text)
                  0000350a    000000b8     circBufT.obj (.text)
                  000035c2    0000009c     rtsv7M4_T_le_v4SPD16_eabi.lib : memcpy_t2.obj (.text)
                  0000365e    00000086                                   : fd_cmp_t2.obj (.text:__aeabi_cdcmple)
                  000036e4    00000086                                   : fd_cmp_t2.obj (.text:__aeabi_cdrcmple)
                  0000376a    0000007a     driverlib.lib : adc.obj (.text:ADCSequenceStepConfigure)
                  000037e4    0000007a     rtsv7M4_T_le_v4SPD16_eabi.lib : memset_t2.obj (.text)
                  0000385e    00000002                                   : startup.obj (.text)
                  00003860    00000074     uartCommunication.obj (.text)
                  000038d4    00000070     rtsv7M4_T_le_v4SPD16_eabi.lib : autoinit.obj (.text)
                  00003944    0000006e                                   : fd_tos_t2.obj (.text)
                  000039b2    00000002     --HOLE-- [fill = 0]
                  000039b4    0000006c     helicopterAltitude.obj (.text)
                  00003a20    00000068     driverlib.lib : interrupt.obj (.text:IntEnable)
                  00003a88    00000068     rtsv7M4_T_le_v4SPD16_eabi.lib : copy_decompress_lzss.obj (.text:decompress:lzss)
                  00003af0    00000060     driverlib.lib : timer.obj (.text:TimerConfigure)
                  00003b50    0000005c     delay.obj (.text)
                  00003bac    00000056     driverlib.lib : gpio.obj (.text:GPIOIntTypeSet)
                  00003c02    00000002     --HOLE-- [fill = 0]
                  00003c04    00000054     rtsv7M4_T_le_v4SPD16_eabi.lib : boot.obj (.text)
                  00003c58    00000054                                   : exit.obj (.text)
                  00003cac    00000050     driverlib.lib : adc.obj (.text:ADCSequenceConfigure)
                  00003cfc    00000050                   : sysctl.obj (.text:SysCtlPeripheralReset)
                  00003d4c    00000050                   : adc.obj (.text:_ADCIntNumberGet)
                  00003d9c    0000004c     rtsv7M4_T_le_v4SPD16_eabi.lib : cpy_tbl.obj (.text)
                  00003de8    00000048     driverlib.lib : gpio.obj (.text:GPIOPinConfigure)
                  00003e30    00000048     rtsv7M4_T_le_v4SPD16_eabi.lib : fd_toi_t2.obj (.text)
                  00003e78    00000046     driverlib.lib : uart.obj (.text:UARTConfigSetExpClk)
                  00003ebe    00000002     --HOLE-- [fill = 0]
                  00003ec0    00000044     OrbitOLEDInterface.obj (.text)
                  00003f04    00000044     driverlib.lib : gpio.obj (.text:_GPIOIntNumberGet)
                  00003f48    00000044     rtsv7M4_T_le_v4SPD16_eabi.lib : fd_tou_t2.obj (.text)
                  00003f8c    00000040                                   : u_divt2.obj (.text)
                  00003fcc    0000003c     driverlib.lib : ssi.obj (.text:SSIConfigSetExpClk)
                  00004008    00000038     rtsv7M4_T_le_v4SPD16_eabi.lib : fs_tod_t2.obj (.text)
                  00004040    00000034     driverlib.lib : interrupt.obj (.text:IntRegister)
                  00004074    00000034                   : sysctl.obj (.text:SysCtlPeripheralEnable)
                  000040a8    0000002e     rtsv7M4_T_le_v4SPD16_eabi.lib : i_tofd_t2.obj (.text)
                  000040d6    0000002a     driverlib.lib : gpio.obj (.text:GPIODirModeSet)
                  00004100    00000022                   : pwm.obj (.text:PWMGenConfigure)
                  00004122    00000002     --HOLE-- [fill = 0]
                  00004124    00000020                   : uart.obj (.text:UARTDisable)
                  00004144    0000001e                   : adc.obj (.text:ADCSequenceDataGet)
                  00004162    0000001e                   : pwm.obj (.text:PWMPulseWidthSet)
                  00004180    0000001c                   : systick.obj (.text:SysTickIntRegister)
                  0000419c    00000018                   : adc.obj (.text:ADCIntRegister)
                  000041b4    00000018                   : adc.obj (.text:ADCProcessorTrigger)
                  000041cc    00000018                   : gpio.obj (.text:GPIOIntRegister)
                  000041e4    00000018                   : gpio.obj (.text:GPIOPinTypeGPIOOutput)
                  000041fc    00000018     rtsv7M4_T_le_v4SPD16_eabi.lib : args_main.obj (.text)
                  00004214    00000014     driverlib.lib : sysctl.obj (.text:SysCtlPWMClockSet)
                  00004228    00000014                   : systick.obj (.text:SysTickEnable)
                  0000423c    00000014                   : systick.obj (.text:SysTickIntEnable)
                  00004250    00000014                   : uart.obj (.text:UARTEnable)
                  00004264    00000014     rtsv7M4_T_le_v4SPD16_eabi.lib : _lock.obj (.text)
                  00004278    00000012     driverlib.lib : gpio.obj (.text:GPIOPinTypeGPIOInput)
                  0000428a    00000012                   : gpio.obj (.text:GPIOPinTypePWM)
                  0000429c    00000012                   : gpio.obj (.text:GPIOPinTypeSSI)
                  000042ae    00000012                   : gpio.obj (.text:GPIOPinTypeUART)
                  000042c0    00000012                   : pwm.obj (.text:PWMOutputState)
                  000042d2    00000010                   : adc.obj (.text:ADCIntEnable)
                  000042e2    00000010                   : interrupt.obj (.text:IntMasterEnable)
                  000042f2    00000010                   : pwm.obj (.text:PWMGenPeriodSet)
                  00004302    00000002     --HOLE-- [fill = 0]
                  00004304    00000010                   : sysctl.obj (.text:SysCtlReset)
                  00004314    00000010                   : systick.obj (.text:SysTickPeriodSet)
                  00004324    0000000e                   : adc.obj (.text:ADCSequenceEnable)
                  00004332    0000000e                   : timer.obj (.text:TimerEnable)
                  00004340    0000000e     rtsv7M4_T_le_v4SPD16_eabi.lib : copy_decompress_none.obj (.text:decompress:none)
                  0000434e    0000000c     driverlib.lib : cpu.obj (.text:CPUcpsie)
                  0000435a    0000000c                   : gpio.obj (.text:GPIOIntEnable)
                  00004366    0000000c                   : pwm.obj (.text:PWMGenEnable)
                  00004372    0000000c                   : ssi.obj (.text:SSIDataGet)
                  0000437e    0000000c     rtsv7M4_T_le_v4SPD16_eabi.lib : copy_zero_init.obj (.text:decompress:ZI)
                  0000438a    0000000c     tm4c123gh6pm_startup_ccs.obj (.text)
                  00004396    0000000a     driverlib.lib : adc.obj (.text:ADCIntClear)
                  000043a0    0000000a                   : ssi.obj (.text:SSIDataPut)
                  000043aa    0000000a                   : ssi.obj (.text:SSIEnable)
                  000043b4    0000000a                   : timer.obj (.text:TimerValueGet)
                  000043be    0000000a                   : uart.obj (.text:UARTCharPut)
                  000043c8    0000000a                   : uart.obj (.text:UARTFIFOEnable)
                  000043d2    00000008                   : ssi.obj (.text:SSIBusy)
                  000043da    00000006                   : gpio.obj (.text:GPIOIntClear)
                  000043e0    00000006                   : gpio.obj (.text:GPIOPinRead)
                  000043e6    00000006                   : gpio.obj (.text:GPIOPinWrite)
                  000043ec    00000006                   : ssi.obj (.text:SSIClockSourceSet)
                  000043f2    00000006                   : sysctl.obj (.text:SysCtlDelay)
                  000043f8    00000004     rtsv7M4_T_le_v4SPD16_eabi.lib : pre_init.obj (.text)

.const     0    000043fc    000006a4     
                  000043fc    00000300     ChrFont0.obj (.const:.string:rgbOledFont0)
                  000046fc    000000d8     driverlib.lib : gpio.obj (.const:g_ppui32GPIOIntMapSnowflake)
                  000047d4    000000c0                   : gpio.obj (.const:g_ppui32GPIOIntMapBlizzard)
                  00004894    00000090                   : gpio.obj (.const:g_pui32GPIOBaseAddrs)
                  00004924    00000070                   : interrupt.obj (.const)
                  00004994    0000006c                   : sysctl.obj (.const:g_pui32Xtals)
                  00004a00    00000040     FillPat.obj (.const:.string:rgbFillPat)
                  00004a40    00000030     ustdlib.obj (.const:g_psDaysToMonth)
                  00004a70    00000018     ustdlib.obj (.const:g_pfExponents)
                  00004a88    00000012     ustdlib.obj (.const:.string)
                  00004a9a    00000002     --HOLE-- [fill = 0]
                  00004a9c    00000004     ustdlib.obj (.const)

.cinit     0    00004aa0    00000060     
                  00004aa0    00000025     (.cinit..data.load) [load image, compression = lzss]
                  00004ac5    00000003     --HOLE-- [fill = 0]
                  00004ac8    0000000c     (__TI_handler_table)
                  00004ad4    00000004     --HOLE-- [fill = 0]
                  00004ad8    00000008     (.cinit..bss.load) [load image, compression = zero_init]
                  00004ae0    00000008     (.cinit..vtable.load) [load image, compression = zero_init]
                  00004ae8    00000018     (__TI_cinit_table)

.init_array 
*          0    00000000    00000000     UNINITIALIZED

.vtable    0    20000000    0000026c     UNINITIALIZED
                  20000000    0000026c     driverlib.lib : interrupt.obj (.vtable)

.stack     0    2000026c    00001000     UNINITIALIZED
                  2000026c    00001000     --HOLE--

.sysmem    0    20001270    00001000     UNINITIALIZED
                  20001270    00000008     rtsv7M4_T_le_v4SPD16_eabi.lib : memory.obj (.sysmem)
                  20001278    00000ff8     --HOLE--

.bss       0    20002270    0000038b     UNINITIALIZED
                  20002270    00000200     (.common:rgbOledBmp)
                  20002470    00000100     (.common:rgbOledFontUser)
                  20002570    00000010     (.common:g_inBuffer)
                  20002580    00000008     (.common:errorIntegral)
                  20002588    00000004     buttons4.obj (.bss:but_count)
                  2000258c    00000004     buttons4.obj (.bss:but_flag)
                  20002590    00000004     buttons4.obj (.bss:but_normal)
                  20002594    00000004     buttons4.obj (.bss:but_state)
                  20002598    00000004     (.common:ChannelA)
                  2000259c    00000004     (.common:ChannelB)
                  200025a0    00000004     (.common:bnOledCur)
                  200025a4    00000004     (.common:dutyCycle)
                  200025a8    00000004     (.common:dxcoOledFontCur)
                  200025ac    00000004     (.common:dycoOledFontCur)
                  200025b0    00000004     (.common:errorSignal)
                  200025b4    00000004     (.common:fOledCharUpdate)
                  200025b8    00000004     (.common:g_ulSampCnt)
                  200025bc    00000004     (.common:modOledCur)
                  200025c0    00000004     (.common:pbOledCur)
                  200025c4    00000004     (.common:pbOledFontCur)
                  200025c8    00000004     (.common:pbOledFontUser)
                  200025cc    00000004     (.common:pbOledPatCur)
                  200025d0    00000004     (.common:pfnDoRop)
                  200025d4    00000004     (.common:slotCount)
                  200025d8    00000004     (.common:switchChannel)
                  200025dc    00000004     (.common:xchOledCur)
                  200025e0    00000004     (.common:xchOledMax)
                  200025e4    00000004     (.common:xcoOledCur)
                  200025e8    00000004     (.common:ychOledCur)
                  200025ec    00000004     (.common:ychOledMax)
                  200025f0    00000004     (.common:ycoOledCur)
                  200025f4    00000002     (.common:currentHeight)
                  200025f6    00000002     (.common:tailErrorSignal)
                  200025f8    00000001     (.common:clrOledCur)
                  200025f9    00000001     (.common:currentState)
                  200025fa    00000001     (.common:previousState)

.data      0    200025fc    00000040     UNINITIALIZED
                  200025fc    0000000c     rtsv7M4_T_le_v4SPD16_eabi.lib : exit.obj (.data:$O1$$)
                  20002608    0000000c                                   : memory.obj (.data:$O1$$)
                  20002614    0000000c     buttons4.obj (.data)
                  20002620    00000009     yawFiniteStateMachine.obj (.data)
                  20002629    00000001     helicopterMasterController.obj (.data)
                  2000262a    00000002     mainRotorController.obj (.data)
                  2000262c    00000008     rtsv7M4_T_le_v4SPD16_eabi.lib : _lock.obj (.data:$O1$$)
                  20002634    00000004                                   : stkdepth_vars.obj (.data)
                  20002638    00000004     ustdlib.obj (.data)

MODULE SUMMARY

       Module                           code    ro data   rw data
       ------                           ----    -------   -------
    ./
       ustdlib.obj                      3204    94        4      
       buttons4.obj                     952     0         32     
       helicopterMasterController.obj   704     0         3      
       yawFiniteStateMachine.obj        648     0         23     
       tm4c123gh6pm_startup_ccs.obj     12      620       0      
       mainRotorController.obj          540     0         18     
       tailRotorController.obj          404     0         2      
       userDisplay.obj                  222     0         0      
       circBufT.obj                     184     0         0      
       helicopterAltitude.obj           108     0         20     
       uartCommunication.obj            116     0         0      
    +--+--------------------------------+-------+---------+---------+
       Total:                           7094    714       102    
                                                                 
    ./OrbitOLED/
       OrbitOLEDInterface.obj           68      0         0      
    +--+--------------------------------+-------+---------+---------+
       Total:                           68      0         0      
                                                                 
    ./OrbitOLED/lib_OrbitOled/
       OrbitOledGrph.obj                2384    0         8      
       OrbitOled.obj                    892     0         553    
       OrbitOledChar.obj                516     0         272    
       ChrFont0.obj                     0       768       0      
       delay.obj                        92      0         0      
       FillPat.obj                      0       64        0      
    +--+--------------------------------+-------+---------+---------+
       Total:                           3884    832       833    
                                                                 
    /home/harry/ti/TivaWare/driverlib/ccs/Debug/driverlib.lib
       gpio.obj                         724     552       0      
       interrupt.obj                    172     112       620    
       sysctl.obj                       690     108       0      
       adc.obj                          400     0         0      
       uart.obj                         142     0         0      
       timer.obj                        120     0         0      
       pwm.obj                          110     0         0      
       ssi.obj                          106     0         0      
       systick.obj                      84      0         0      
       cpu.obj                          12      0         0      
    +--+--------------------------------+-------+---------+---------+
       Total:                           2560    772       620    
                                                                 
    /home/harry/ti/ccsv7/tools/compiler/ti-cgt-arm_16.9.6.LTS/lib/rtsv7M4_T_le_v4SPD16_eabi.lib
       memory.obj                       976     0         12     
       fd_add_t2.obj                    438     0         0      
       fd_cmp_t2.obj                    268     0         0      
       fd_mul_t2.obj                    252     0         0      
       memcpy_t2.obj                    156     0         0      
       memset_t2.obj                    122     0         0      
       autoinit.obj                     112     0         0      
       fd_tos_t2.obj                    110     0         0      
       copy_decompress_lzss.obj         104     0         0      
       exit.obj                         84      0         12     
       boot.obj                         84      0         0      
       cpy_tbl.obj                      76      0         0      
       fd_toi_t2.obj                    72      0         0      
       fd_tou_t2.obj                    68      0         0      
       u_divt2.obj                      64      0         0      
       fs_tod_t2.obj                    56      0         0      
       i_tofd_t2.obj                    46      0         0      
       _lock.obj                        20      0         8      
       args_main.obj                    24      0         0      
       copy_decompress_none.obj         14      0         0      
       copy_zero_init.obj               12      0         0      
       pre_init.obj                     4       0         0      
       stkdepth_vars.obj                0       0         4      
       i_div0.obj                       2       0         0      
       mpu_init.obj                     2       0         0      
       startup.obj                      2       0         0      
    +--+--------------------------------+-------+---------+---------+
       Total:                           3168    0         36     
                                                                 
       Heap:                            0       0         4096   
       Stack:                           0       0         4096   
       Linker Generated:                0       89        0      
    +--+--------------------------------+-------+---------+---------+
       Grand Total:                     16774   2407      9783   


LINKER GENERATED COPY TABLES

__TI_cinit_table @ 00004ae8 records: 3, size/record: 8, table size: 24
	.data: load addr=00004aa0, load size=00000025 bytes, run addr=200025fc, run size=00000040 bytes, compression=lzss
	.bss: load addr=00004ad8, load size=00000008 bytes, run addr=20002270, run size=0000038b bytes, compression=zero_init
	.vtable: load addr=00004ae0, load size=00000008 bytes, run addr=20000000, run size=0000026c bytes, compression=zero_init


LINKER GENERATED HANDLER TABLE

__TI_handler_table @ 00004ac8 records: 3, size/record: 4, table size: 12
	index: 0, handler: __TI_zero_init
	index: 1, handler: __TI_decompress_lzss
	index: 2, handler: __TI_decompress_none


GLOBAL SYMBOLS: SORTED ALPHABETICALLY BY Name 

address   name                           
-------   ----                           
00004397  ADCIntClear                    
000042d3  ADCIntEnable                   
000039b5  ADCIntHandler                  
0000419d  ADCIntRegister                 
000041b5  ADCProcessorTrigger            
00003cad  ADCSequenceConfigure           
00004145  ADCSequenceDataGet             
00004325  ADCSequenceEnable              
0000376b  ADCSequenceStepConfigure       
00003c59  C$$EXIT                        
0000434f  CPUcpsie                       
20002598  ChannelA                       
2000259c  ChannelB                       
00003b51  DelayInit                      
00003b6b  DelayMs                        
000040d7  GPIODirModeSet                 
000043db  GPIOIntClear                   
0000435b  GPIOIntEnable                  
000041cd  GPIOIntRegister                
00003bad  GPIOIntTypeSet                 
00002ff9  GPIOPadConfigSet               
00003de9  GPIOPinConfigure               
000043e1  GPIOPinRead                    
00004279  GPIOPinTypeGPIOInput           
000041e5  GPIOPinTypeGPIOOutput          
0000428b  GPIOPinTypePWM                 
0000429d  GPIOPinTypeSSI                 
000042af  GPIOPinTypeUART                
000043e7  GPIOPinWrite                   
00003a21  IntEnable                      
000042e3  IntMasterEnable                
00004041  IntRegister                    
00003ee7  OLEDInitialise                 
00003ec1  OLEDStringDraw                 
00002c41  OrbitOledAdvanceCursor         
000017e1  OrbitOledClampXco              
00001801  OrbitOledClampYco              
000021a5  OrbitOledClear                 
000021b1  OrbitOledClearBuffer           
00002b11  OrbitOledDefUserChar           
00002121  OrbitOledDevInit               
00001623  OrbitOledDrawChar              
00002bc9  OrbitOledDrawGlyph             
00000fe7  OrbitOledDrawPixel             
0000112d  OrbitOledDrawRect              
00001683  OrbitOledDrawString            
000020a7  OrbitOledDvrInit               
000011b1  OrbitOledFillRect              
000012f5  OrbitOledGetBmp                
00002b79  OrbitOledGetCharUpdate         
00002af5  OrbitOledGetCursor             
00000fe1  OrbitOledGetDrawMode           
00001013  OrbitOledGetPixel              
00000f37  OrbitOledGetPos                
00000f6b  OrbitOledGetStdPattern         
00001fdd  OrbitOledHostInit              
00001fc9  OrbitOledInit                  
0000102d  OrbitOledLineTo                
00001779  OrbitOledMoveDown              
000017af  OrbitOledMoveLeft              
000017c7  OrbitOledMoveRight             
00000ef1  OrbitOledMoveTo                
00001741  OrbitOledMoveUp                
00001455  OrbitOledPutBmp                
0000223b  OrbitOledPutBuffer             
00002b7f  OrbitOledPutChar               
00002b9d  OrbitOledPutString             
000016ef  OrbitOledRopAnd                
000016cb  OrbitOledRopOr                 
000016a1  OrbitOledRopSet                
00001713  OrbitOledRopXor                
00002b61  OrbitOledSetCharUpdate         
00002aa9  OrbitOledSetCursor             
00000f53  OrbitOledSetDrawColor          
00000f8d  OrbitOledSetDrawMode           
00000f7d  OrbitOledSetFillPattern        
000021e1  OrbitOledUpdate                
20002629  PIDFlag                        
00004101  PWMGenConfigure                
00004367  PWMGenEnable                   
000042f3  PWMGenPeriodSet                
000042c1  PWMOutputState                 
00004163  PWMPulseWidthSet               
0000438b  ResetISR                       
UNDEFED   SHT$$INIT_ARRAY$$Base          
UNDEFED   SHT$$INIT_ARRAY$$Limit         
000043d3  SSIBusy                        
000043ed  SSIClockSourceSet              
00003fcd  SSIConfigSetExpClk             
00004373  SSIDataGet                     
000043a1  SSIDataPut                     
000043ab  SSIEnable                      
000022a1  Ssi3PutByte                    
0000312d  SysCtlClockGet                 
00003339  SysCtlClockSet                 
000043f3  SysCtlDelay                    
00004215  SysCtlPWMClockSet              
00004075  SysCtlPeripheralEnable         
00003cfd  SysCtlPeripheralReset          
00004305  SysCtlReset                    
00004229  SysTickEnable                  
0000423d  SysTickIntEnable               
00002345  SysTickIntHandler              
00004181  SysTickIntRegister             
00004315  SysTickPeriodSet               
00003af1  TimerConfigure                 
00004333  TimerEnable                    
000043b5  TimerValueGet                  
000043bf  UARTCharPut                    
00003e79  UARTConfigSetExpClk            
00004125  UARTDisable                    
00004251  UARTEnable                     
000043c9  UARTFIFOEnable                 
000038a7  UARTSend                       
2000126c  __STACK_END                    
00001000  __STACK_SIZE                   
2000046c  __STACK_TOP                    
00001000  __SYSMEM_SIZE                  
00004ae8  __TI_CINIT_Base                
00004b00  __TI_CINIT_Limit               
00004ac8  __TI_Handler_Table_Base        
00004ad4  __TI_Handler_Table_Limit       
000038d5  __TI_auto_init                 
200025fc  __TI_cleanup_ptr               
00003a89  __TI_decompress_lzss           
00004341  __TI_decompress_none           
20002600  __TI_dtors_ptr                 
20002604  __TI_enable_exit_profile_output
ffffffff  __TI_pprof_out_hndl            
ffffffff  __TI_prof_data_size            
ffffffff  __TI_prof_data_start           
00000000  __TI_static_base__             
0000437f  __TI_zero_init                 
0000365f  __aeabi_cdcmpeq                
0000365f  __aeabi_cdcmple                
000036e5  __aeabi_cdrcmple               
00003945  __aeabi_d2f                    
00003e31  __aeabi_d2iz                   
00003f49  __aeabi_d2uiz                  
00002cb7  __aeabi_dadd                   
0000323d  __aeabi_dmul                   
00002cad  __aeabi_dsub                   
00004009  __aeabi_f2d                    
000040a9  __aeabi_i2d                    
00002e63  __aeabi_idiv0                  
000037e5  __aeabi_memclr                 
000037e5  __aeabi_memclr4                
000037e5  __aeabi_memclr8                
000035c3  __aeabi_memcpy                 
000035c3  __aeabi_memcpy4                
000035c3  __aeabi_memcpy8                
000037e7  __aeabi_memset                 
000037e7  __aeabi_memset4                
000037e7  __aeabi_memset8                
00003f8d  __aeabi_uidiv                  
00003f8d  __aeabi_uidivmod               
ffffffff  __binit__                      
ffffffff  __c_args__                     
0000312b  __mpu_init                     
2000026c  __stack                        
000041fd  _args_main                     
00003c05  _c_int00                       
2000262c  _lock                          
00004273  _nop                           
0000426b  _register_lock                 
00004265  _register_unlock               
20001270  _sys_memory                    
0000385f  _system_post_cinit             
000043f9  _system_pre_init               
20002630  _unlock                        
00003c5d  abort                          
20002620  angleReferenced                
ffffffff  binit                          
200025a0  bnOledCur                      
00001be1  calloc                         
00001db3  checkButton                    
00003435  clearOLED                      
200025f8  clrOledCur                     
00003d9d  copy_in                        
20002624  currentAngle                   
200025f4  currentHeight                  
200025f9  currentState                   
20002616  desiredAngle                   
20002614  desiredHeightPercentage        
00003461  displayAltitudePercentAndYaw   
200025a4  dutyCycle                      
200025a8  dxcoOledFontCur                
200025ac  dycoOledFontCur                
20002580  errorIntegral                  
200025b0  errorSignal                    
2000262a  errorSignalPrevious            
00003c65  exit                           
200025b4  fOledCharUpdate                
000027d9  findDisplayAngle               
2000261c  flightMode                     
0000192b  free                           
0000359d  freeCircBuf                    
20002570  g_inBuffer                     
20000000  g_pfnRAMVectors                
00000000  g_pfnVectors                   
200025b8  g_ulSampCnt                    
00002389  heightAsPercentage             
000039d3  initADC                        
00001c11  initButtons                    
0000350b  initCircBuf                    
0000235f  initClock                      
0000342d  initDisplay                    
00001f5d  initReferenceTrigger           
00001ee5  initReset                      
00001e9f  initSwitch                     
00002369  initTimer                      
000028c5  initialiseMainRotorPWM         
00002e99  initialiseTailRotorPWM         
00003861  initialiseUSB_UART             
0000243b  main                           
0000290b  mainRotorControlLoop           
20002634  main_func_sp                   
000018c1  malloc                         
00001af5  memalign                       
000035c3  memcpy                         
000037ed  memset                         
00001841  minit                          
200025bc  modOledCur                     
200025c0  pbOledCur                      
200025c4  pbOledFontCur                  
200025c8  pbOledFontUser                 
200025cc  pbOledPatCur                   
200025d0  pfnDoRop                       
200025fa  previousState                  
00003569  readCircBuf                    
000019eb  realloc                        
2000261e  referenceAngle                 
20002628  referenceAngleSet              
00001f29  referenceTriggerHandler        
00001ed3  resetCheck                     
00004a00  rgbFillPat                     
20002270  rgbOledBmp                     
000043fc  rgbOledFont0                   
20002470  rgbOledFontUser                
0000288d  setMainPWM                     
00002e65  setTailPWM                     
200025d4  slotCount                      
200025d8  switchChannel                  
00001e69  switchMode                     
200025f6  tailErrorSignal                
00002eef  tailRotorControlLoop           
00000751  ulocaltime                     
0000094f  umktime                        
00001cdf  updateButtons                  
000023ed  updateCurrentHeight            
00001df1  updateDesiredAltAndYawValue    
00000ec9  urand                          
00000721  usnprintf                      
000006ef  usprintf                       
00000eb9  usrand                         
00000e31  ustrcasecmp                    
00000ea5  ustrcmp                        
00000d35  ustrlen                        
00000d8d  ustrncasecmp                   
00000e45  ustrncmp                       
0000026d  ustrncpy                       
00000d57  ustrstr                        
00000afd  ustrtof                        
000009c5  ustrtoul                       
000002c5  uvsnprintf                     
20002618  variableTest                   
00003535  writeCircBuf                   
200025dc  xchOledCur                     
200025e0  xchOledMax                     
200025e4  xcoOledCur                     
00002605  yawFSM                         
0000273f  yawFSMInit                     
200025e8  ychOledCur                     
200025ec  ychOledMax                     
200025f0  ycoOledCur                     


GLOBAL SYMBOLS: SORTED BY Symbol Address 

address   name                           
-------   ----                           
00000000  __TI_static_base__             
00000000  g_pfnVectors                   
0000026d  ustrncpy                       
000002c5  uvsnprintf                     
000006ef  usprintf                       
00000721  usnprintf                      
00000751  ulocaltime                     
0000094f  umktime                        
000009c5  ustrtoul                       
00000afd  ustrtof                        
00000d35  ustrlen                        
00000d57  ustrstr                        
00000d8d  ustrncasecmp                   
00000e31  ustrcasecmp                    
00000e45  ustrncmp                       
00000ea5  ustrcmp                        
00000eb9  usrand                         
00000ec9  urand                          
00000ef1  OrbitOledMoveTo                
00000f37  OrbitOledGetPos                
00000f53  OrbitOledSetDrawColor          
00000f6b  OrbitOledGetStdPattern         
00000f7d  OrbitOledSetFillPattern        
00000f8d  OrbitOledSetDrawMode           
00000fe1  OrbitOledGetDrawMode           
00000fe7  OrbitOledDrawPixel             
00001000  __STACK_SIZE                   
00001000  __SYSMEM_SIZE                  
00001013  OrbitOledGetPixel              
0000102d  OrbitOledLineTo                
0000112d  OrbitOledDrawRect              
000011b1  OrbitOledFillRect              
000012f5  OrbitOledGetBmp                
00001455  OrbitOledPutBmp                
00001623  OrbitOledDrawChar              
00001683  OrbitOledDrawString            
000016a1  OrbitOledRopSet                
000016cb  OrbitOledRopOr                 
000016ef  OrbitOledRopAnd                
00001713  OrbitOledRopXor                
00001741  OrbitOledMoveUp                
00001779  OrbitOledMoveDown              
000017af  OrbitOledMoveLeft              
000017c7  OrbitOledMoveRight             
000017e1  OrbitOledClampXco              
00001801  OrbitOledClampYco              
00001841  minit                          
000018c1  malloc                         
0000192b  free                           
000019eb  realloc                        
00001af5  memalign                       
00001be1  calloc                         
00001c11  initButtons                    
00001cdf  updateButtons                  
00001db3  checkButton                    
00001df1  updateDesiredAltAndYawValue    
00001e69  switchMode                     
00001e9f  initSwitch                     
00001ed3  resetCheck                     
00001ee5  initReset                      
00001f29  referenceTriggerHandler        
00001f5d  initReferenceTrigger           
00001fc9  OrbitOledInit                  
00001fdd  OrbitOledHostInit              
000020a7  OrbitOledDvrInit               
00002121  OrbitOledDevInit               
000021a5  OrbitOledClear                 
000021b1  OrbitOledClearBuffer           
000021e1  OrbitOledUpdate                
0000223b  OrbitOledPutBuffer             
000022a1  Ssi3PutByte                    
00002345  SysTickIntHandler              
0000235f  initClock                      
00002369  initTimer                      
00002389  heightAsPercentage             
000023ed  updateCurrentHeight            
0000243b  main                           
00002605  yawFSM                         
0000273f  yawFSMInit                     
000027d9  findDisplayAngle               
0000288d  setMainPWM                     
000028c5  initialiseMainRotorPWM         
0000290b  mainRotorControlLoop           
00002aa9  OrbitOledSetCursor             
00002af5  OrbitOledGetCursor             
00002b11  OrbitOledDefUserChar           
00002b61  OrbitOledSetCharUpdate         
00002b79  OrbitOledGetCharUpdate         
00002b7f  OrbitOledPutChar               
00002b9d  OrbitOledPutString             
00002bc9  OrbitOledDrawGlyph             
00002c41  OrbitOledAdvanceCursor         
00002cad  __aeabi_dsub                   
00002cb7  __aeabi_dadd                   
00002e63  __aeabi_idiv0                  
00002e65  setTailPWM                     
00002e99  initialiseTailRotorPWM         
00002eef  tailRotorControlLoop           
00002ff9  GPIOPadConfigSet               
0000312b  __mpu_init                     
0000312d  SysCtlClockGet                 
0000323d  __aeabi_dmul                   
00003339  SysCtlClockSet                 
0000342d  initDisplay                    
00003435  clearOLED                      
00003461  displayAltitudePercentAndYaw   
0000350b  initCircBuf                    
00003535  writeCircBuf                   
00003569  readCircBuf                    
0000359d  freeCircBuf                    
000035c3  __aeabi_memcpy                 
000035c3  __aeabi_memcpy4                
000035c3  __aeabi_memcpy8                
000035c3  memcpy                         
0000365f  __aeabi_cdcmpeq                
0000365f  __aeabi_cdcmple                
000036e5  __aeabi_cdrcmple               
0000376b  ADCSequenceStepConfigure       
000037e5  __aeabi_memclr                 
000037e5  __aeabi_memclr4                
000037e5  __aeabi_memclr8                
000037e7  __aeabi_memset                 
000037e7  __aeabi_memset4                
000037e7  __aeabi_memset8                
000037ed  memset                         
0000385f  _system_post_cinit             
00003861  initialiseUSB_UART             
000038a7  UARTSend                       
000038d5  __TI_auto_init                 
00003945  __aeabi_d2f                    
000039b5  ADCIntHandler                  
000039d3  initADC                        
00003a21  IntEnable                      
00003a89  __TI_decompress_lzss           
00003af1  TimerConfigure                 
00003b51  DelayInit                      
00003b6b  DelayMs                        
00003bad  GPIOIntTypeSet                 
00003c05  _c_int00                       
00003c59  C$$EXIT                        
00003c5d  abort                          
00003c65  exit                           
00003cad  ADCSequenceConfigure           
00003cfd  SysCtlPeripheralReset          
00003d9d  copy_in                        
00003de9  GPIOPinConfigure               
00003e31  __aeabi_d2iz                   
00003e79  UARTConfigSetExpClk            
00003ec1  OLEDStringDraw                 
00003ee7  OLEDInitialise                 
00003f49  __aeabi_d2uiz                  
00003f8d  __aeabi_uidiv                  
00003f8d  __aeabi_uidivmod               
00003fcd  SSIConfigSetExpClk             
00004009  __aeabi_f2d                    
00004041  IntRegister                    
00004075  SysCtlPeripheralEnable         
000040a9  __aeabi_i2d                    
000040d7  GPIODirModeSet                 
00004101  PWMGenConfigure                
00004125  UARTDisable                    
00004145  ADCSequenceDataGet             
00004163  PWMPulseWidthSet               
00004181  SysTickIntRegister             
0000419d  ADCIntRegister                 
000041b5  ADCProcessorTrigger            
000041cd  GPIOIntRegister                
000041e5  GPIOPinTypeGPIOOutput          
000041fd  _args_main                     
00004215  SysCtlPWMClockSet              
00004229  SysTickEnable                  
0000423d  SysTickIntEnable               
00004251  UARTEnable                     
00004265  _register_unlock               
0000426b  _register_lock                 
00004273  _nop                           
00004279  GPIOPinTypeGPIOInput           
0000428b  GPIOPinTypePWM                 
0000429d  GPIOPinTypeSSI                 
000042af  GPIOPinTypeUART                
000042c1  PWMOutputState                 
000042d3  ADCIntEnable                   
000042e3  IntMasterEnable                
000042f3  PWMGenPeriodSet                
00004305  SysCtlReset                    
00004315  SysTickPeriodSet               
00004325  ADCSequenceEnable              
00004333  TimerEnable                    
00004341  __TI_decompress_none           
0000434f  CPUcpsie                       
0000435b  GPIOIntEnable                  
00004367  PWMGenEnable                   
00004373  SSIDataGet                     
0000437f  __TI_zero_init                 
0000438b  ResetISR                       
00004397  ADCIntClear                    
000043a1  SSIDataPut                     
000043ab  SSIEnable                      
000043b5  TimerValueGet                  
000043bf  UARTCharPut                    
000043c9  UARTFIFOEnable                 
000043d3  SSIBusy                        
000043db  GPIOIntClear                   
000043e1  GPIOPinRead                    
000043e7  GPIOPinWrite                   
000043ed  SSIClockSourceSet              
000043f3  SysCtlDelay                    
000043f9  _system_pre_init               
000043fc  rgbOledFont0                   
00004a00  rgbFillPat                     
00004ac8  __TI_Handler_Table_Base        
00004ad4  __TI_Handler_Table_Limit       
00004ae8  __TI_CINIT_Base                
00004b00  __TI_CINIT_Limit               
20000000  g_pfnRAMVectors                
2000026c  __stack                        
2000046c  __STACK_TOP                    
2000126c  __STACK_END                    
20001270  _sys_memory                    
20002270  rgbOledBmp                     
20002470  rgbOledFontUser                
20002570  g_inBuffer                     
20002580  errorIntegral                  
20002598  ChannelA                       
2000259c  ChannelB                       
200025a0  bnOledCur                      
200025a4  dutyCycle                      
200025a8  dxcoOledFontCur                
200025ac  dycoOledFontCur                
200025b0  errorSignal                    
200025b4  fOledCharUpdate                
200025b8  g_ulSampCnt                    
200025bc  modOledCur                     
200025c0  pbOledCur                      
200025c4  pbOledFontCur                  
200025c8  pbOledFontUser                 
200025cc  pbOledPatCur                   
200025d0  pfnDoRop                       
200025d4  slotCount                      
200025d8  switchChannel                  
200025dc  xchOledCur                     
200025e0  xchOledMax                     
200025e4  xcoOledCur                     
200025e8  ychOledCur                     
200025ec  ychOledMax                     
200025f0  ycoOledCur                     
200025f4  currentHeight                  
200025f6  tailErrorSignal                
200025f8  clrOledCur                     
200025f9  currentState                   
200025fa  previousState                  
200025fc  __TI_cleanup_ptr               
20002600  __TI_dtors_ptr                 
20002604  __TI_enable_exit_profile_output
20002614  desiredHeightPercentage        
20002616  desiredAngle                   
20002618  variableTest                   
2000261c  flightMode                     
2000261e  referenceAngle                 
20002620  angleReferenced                
20002624  currentAngle                   
20002628  referenceAngleSet              
20002629  PIDFlag                        
2000262a  errorSignalPrevious            
2000262c  _lock                          
20002630  _unlock                        
20002634  main_func_sp                   
ffffffff  __TI_pprof_out_hndl            
ffffffff  __TI_prof_data_size            
ffffffff  __TI_prof_data_start           
ffffffff  __binit__                      
ffffffff  __c_args__                     
ffffffff  binit                          
UNDEFED   SHT$$INIT_ARRAY$$Base          
UNDEFED   SHT$$INIT_ARRAY$$Limit         

[275 symbols]
