******************************************************************************
                  TI ARM Linker Unix v16.9.6                   
******************************************************************************
>> Linked Wed May 15 09:45:24 2019

OUTPUT FILE NAME:   <milestone_2.out>
ENTRY POINT SYMBOL: "_c_int00"  address: 00003bf1


MEMORY CONFIGURATION

         name            origin    length      used     unused   attr    fill
----------------------  --------  ---------  --------  --------  ----  --------
  FLASH                 00000000   00040000  00004a9c  0003b564  R  X
  SRAM                  20000000   00008000  0000263b  000059c5  RW X


SEGMENT ALLOCATION MAP

run origin  load origin   length   init length attrs members
----------  ----------- ---------- ----------- ----- -------
00000000    00000000    00004aa0   00004aa0    r-x
  00000000    00000000    0000026c   0000026c    r-- .intvecs
  0000026c    0000026c    0000412c   0000412c    r-x .text
  00004398    00004398    000006a4   000006a4    r-- .const
  00004a40    00004a40    00000060   00000060    r-- .cinit
20000000    20000000    00002640   00000000    rw-
  20000000    20000000    0000026c   00000000    rw- .vtable
  2000026c    2000026c    00001000   00000000    rw- .stack
  20001270    20001270    00001000   00000000    rw- .sysmem
  20002270    20002270    0000038b   00000000    rw- .bss
  200025fc    200025fc    00000044   00000000    rw- .data


SECTION ALLOCATION MAP

 output                                  attributes/
section   page    origin      length       input sections
--------  ----  ----------  ----------   ----------------
.intvecs   0    00000000    0000026c     
                  00000000    0000026c     tm4c123gh6pm_startup_ccs.obj (.intvecs)

.text      0    0000026c    0000412c     
                  0000026c    00000c84     ustdlib.obj (.text)
                  00000ef0    00000950     OrbitOledGrph.obj (.text)
                  00001840    000003d0     rtsv7M4_T_le_v4SPD16_eabi.lib : memory.obj (.text)
                  00001c10    000003b4     buttons4.obj (.text)
                  00001fc4    0000037c     OrbitOled.obj (.text)
                  00002340    000002bc     helicopterMasterController.obj (.text)
                  000025fc    00000288     yawFiniteStateMachine.obj (.text)
                  00002884    0000021c     mainRotorController.obj (.text)
                  00002aa0    00000204     OrbitOledChar.obj (.text)
                  00002ca4    000001b6     rtsv7M4_T_le_v4SPD16_eabi.lib : fd_add_t2.obj (.text)
                  00002e5a    00000002                                   : i_div0.obj (.text)
                  00002e5c    00000188     tailRotorController.obj (.text)
                  00002fe4    00000132     driverlib.lib : gpio.obj (.text:GPIOPadConfigSet)
                  00003116    00000002     rtsv7M4_T_le_v4SPD16_eabi.lib : mpu_init.obj (.text)
                  00003118    00000110     driverlib.lib : sysctl.obj (.text:SysCtlClockGet)
                  00003228    000000fc     rtsv7M4_T_le_v4SPD16_eabi.lib : fd_mul_t2.obj (.text)
                  00003324    000000f4     driverlib.lib : sysctl.obj (.text:SysCtlClockSet)
                  00003418    000000de     userDisplay.obj (.text)
                  000034f6    000000b8     circBufT.obj (.text)
                  000035ae    0000009c     rtsv7M4_T_le_v4SPD16_eabi.lib : memcpy_t2.obj (.text)
                  0000364a    00000086                                   : fd_cmp_t2.obj (.text:__aeabi_cdcmple)
                  000036d0    00000086                                   : fd_cmp_t2.obj (.text:__aeabi_cdrcmple)
                  00003756    0000007a     driverlib.lib : adc.obj (.text:ADCSequenceStepConfigure)
                  000037d0    0000007a     rtsv7M4_T_le_v4SPD16_eabi.lib : memset_t2.obj (.text)
                  0000384a    00000002                                   : startup.obj (.text)
                  0000384c    00000074     uartCommunication.obj (.text)
                  000038c0    00000070     rtsv7M4_T_le_v4SPD16_eabi.lib : autoinit.obj (.text)
                  00003930    0000006e                                   : fd_tos_t2.obj (.text)
                  0000399e    00000002     --HOLE-- [fill = 0]
                  000039a0    0000006c     helicopterAltitude.obj (.text)
                  00003a0c    00000068     driverlib.lib : interrupt.obj (.text:IntEnable)
                  00003a74    00000068     rtsv7M4_T_le_v4SPD16_eabi.lib : copy_decompress_lzss.obj (.text:decompress:lzss)
                  00003adc    00000060     driverlib.lib : timer.obj (.text:TimerConfigure)
                  00003b3c    0000005c     delay.obj (.text)
                  00003b98    00000056     driverlib.lib : gpio.obj (.text:GPIOIntTypeSet)
                  00003bee    00000002     --HOLE-- [fill = 0]
                  00003bf0    00000054     rtsv7M4_T_le_v4SPD16_eabi.lib : boot.obj (.text)
                  00003c44    00000054                                   : exit.obj (.text)
                  00003c98    00000050     driverlib.lib : adc.obj (.text:ADCSequenceConfigure)
                  00003ce8    00000050                   : adc.obj (.text:_ADCIntNumberGet)
                  00003d38    0000004c     rtsv7M4_T_le_v4SPD16_eabi.lib : cpy_tbl.obj (.text)
                  00003d84    00000048     driverlib.lib : gpio.obj (.text:GPIOPinConfigure)
                  00003dcc    00000048     rtsv7M4_T_le_v4SPD16_eabi.lib : fd_toi_t2.obj (.text)
                  00003e14    00000046     driverlib.lib : uart.obj (.text:UARTConfigSetExpClk)
                  00003e5a    00000002     --HOLE-- [fill = 0]
                  00003e5c    00000044     OrbitOLEDInterface.obj (.text)
                  00003ea0    00000044     driverlib.lib : gpio.obj (.text:_GPIOIntNumberGet)
                  00003ee4    00000044     rtsv7M4_T_le_v4SPD16_eabi.lib : fd_tou_t2.obj (.text)
                  00003f28    00000040                                   : u_divt2.obj (.text)
                  00003f68    0000003c     driverlib.lib : ssi.obj (.text:SSIConfigSetExpClk)
                  00003fa4    00000038     rtsv7M4_T_le_v4SPD16_eabi.lib : fs_tod_t2.obj (.text)
                  00003fdc    00000034     driverlib.lib : interrupt.obj (.text:IntRegister)
                  00004010    00000034                   : sysctl.obj (.text:SysCtlPeripheralEnable)
                  00004044    0000002e     rtsv7M4_T_le_v4SPD16_eabi.lib : i_tofd_t2.obj (.text)
                  00004072    0000002a     driverlib.lib : gpio.obj (.text:GPIODirModeSet)
                  0000409c    00000022                   : pwm.obj (.text:PWMGenConfigure)
                  000040be    00000002     --HOLE-- [fill = 0]
                  000040c0    00000020                   : uart.obj (.text:UARTDisable)
                  000040e0    0000001e                   : adc.obj (.text:ADCSequenceDataGet)
                  000040fe    0000001e                   : pwm.obj (.text:PWMPulseWidthSet)
                  0000411c    0000001c                   : systick.obj (.text:SysTickIntRegister)
                  00004138    00000018                   : adc.obj (.text:ADCIntRegister)
                  00004150    00000018                   : adc.obj (.text:ADCProcessorTrigger)
                  00004168    00000018                   : gpio.obj (.text:GPIOIntRegister)
                  00004180    00000018                   : gpio.obj (.text:GPIOPinTypeGPIOOutput)
                  00004198    00000018     rtsv7M4_T_le_v4SPD16_eabi.lib : args_main.obj (.text)
                  000041b0    00000014     driverlib.lib : sysctl.obj (.text:SysCtlPWMClockSet)
                  000041c4    00000014                   : systick.obj (.text:SysTickEnable)
                  000041d8    00000014                   : systick.obj (.text:SysTickIntEnable)
                  000041ec    00000014                   : uart.obj (.text:UARTEnable)
                  00004200    00000014     rtsv7M4_T_le_v4SPD16_eabi.lib : _lock.obj (.text)
                  00004214    00000012     driverlib.lib : gpio.obj (.text:GPIOPinTypeGPIOInput)
                  00004226    00000012                   : gpio.obj (.text:GPIOPinTypePWM)
                  00004238    00000012                   : gpio.obj (.text:GPIOPinTypeSSI)
                  0000424a    00000012                   : gpio.obj (.text:GPIOPinTypeUART)
                  0000425c    00000012                   : pwm.obj (.text:PWMOutputState)
                  0000426e    00000010                   : adc.obj (.text:ADCIntEnable)
                  0000427e    00000010                   : interrupt.obj (.text:IntMasterEnable)
                  0000428e    00000010                   : pwm.obj (.text:PWMGenPeriodSet)
                  0000429e    00000002     --HOLE-- [fill = 0]
                  000042a0    00000010                   : sysctl.obj (.text:SysCtlReset)
                  000042b0    00000010                   : systick.obj (.text:SysTickPeriodSet)
                  000042c0    0000000e                   : adc.obj (.text:ADCSequenceEnable)
                  000042ce    0000000e                   : timer.obj (.text:TimerEnable)
                  000042dc    0000000e     rtsv7M4_T_le_v4SPD16_eabi.lib : copy_decompress_none.obj (.text:decompress:none)
                  000042ea    0000000c     driverlib.lib : cpu.obj (.text:CPUcpsie)
                  000042f6    0000000c                   : gpio.obj (.text:GPIOIntEnable)
                  00004302    0000000c                   : pwm.obj (.text:PWMGenEnable)
                  0000430e    0000000c                   : ssi.obj (.text:SSIDataGet)
                  0000431a    0000000c     rtsv7M4_T_le_v4SPD16_eabi.lib : copy_zero_init.obj (.text:decompress:ZI)
                  00004326    0000000c     tm4c123gh6pm_startup_ccs.obj (.text)
                  00004332    0000000a     driverlib.lib : adc.obj (.text:ADCIntClear)
                  0000433c    0000000a                   : ssi.obj (.text:SSIDataPut)
                  00004346    0000000a                   : ssi.obj (.text:SSIEnable)
                  00004350    0000000a                   : timer.obj (.text:TimerValueGet)
                  0000435a    0000000a                   : uart.obj (.text:UARTCharPut)
                  00004364    0000000a                   : uart.obj (.text:UARTFIFOEnable)
                  0000436e    00000008                   : ssi.obj (.text:SSIBusy)
                  00004376    00000006                   : gpio.obj (.text:GPIOIntClear)
                  0000437c    00000006                   : gpio.obj (.text:GPIOPinRead)
                  00004382    00000006                   : gpio.obj (.text:GPIOPinWrite)
                  00004388    00000006                   : ssi.obj (.text:SSIClockSourceSet)
                  0000438e    00000006                   : sysctl.obj (.text:SysCtlDelay)
                  00004394    00000004     rtsv7M4_T_le_v4SPD16_eabi.lib : pre_init.obj (.text)

.const     0    00004398    000006a4     
                  00004398    00000300     ChrFont0.obj (.const:.string:rgbOledFont0)
                  00004698    000000d8     driverlib.lib : gpio.obj (.const:g_ppui32GPIOIntMapSnowflake)
                  00004770    000000c0                   : gpio.obj (.const:g_ppui32GPIOIntMapBlizzard)
                  00004830    00000090                   : gpio.obj (.const:g_pui32GPIOBaseAddrs)
                  000048c0    00000070                   : interrupt.obj (.const)
                  00004930    0000006c                   : sysctl.obj (.const:g_pui32Xtals)
                  0000499c    00000040     FillPat.obj (.const:.string:rgbFillPat)
                  000049dc    00000030     ustdlib.obj (.const:g_psDaysToMonth)
                  00004a0c    00000018     ustdlib.obj (.const:g_pfExponents)
                  00004a24    00000012     ustdlib.obj (.const:.string)
                  00004a36    00000002     --HOLE-- [fill = 0]
                  00004a38    00000004     ustdlib.obj (.const)

.cinit     0    00004a40    00000060     
                  00004a40    00000025     (.cinit..data.load) [load image, compression = lzss]
                  00004a65    00000003     --HOLE-- [fill = 0]
                  00004a68    0000000c     (__TI_handler_table)
                  00004a74    00000004     --HOLE-- [fill = 0]
                  00004a78    00000008     (.cinit..bss.load) [load image, compression = zero_init]
                  00004a80    00000008     (.cinit..vtable.load) [load image, compression = zero_init]
                  00004a88    00000018     (__TI_cinit_table)

.init_array 
*          0    00000000    00000000     UNINITIALIZED

.vtable    0    20000000    0000026c     UNINITIALIZED
                  20000000    0000026c     driverlib.lib : interrupt.obj (.vtable)

.stack     0    2000026c    00001000     UNINITIALIZED
                  2000026c    00001000     --HOLE--

.sysmem    0    20001270    00001000     UNINITIALIZED
                  20001270    00000008     rtsv7M4_T_le_v4SPD16_eabi.lib : memory.obj (.sysmem)
                  20001278    00000ff8     --HOLE--

.bss       0    20002270    0000038b     UNINITIALIZED
                  20002270    00000200     (.common:rgbOledBmp)
                  20002470    00000100     (.common:rgbOledFontUser)
                  20002570    00000010     (.common:g_inBuffer)
                  20002580    00000008     (.common:errorIntegral)
                  20002588    00000004     buttons4.obj (.bss:but_count)
                  2000258c    00000004     buttons4.obj (.bss:but_flag)
                  20002590    00000004     buttons4.obj (.bss:but_normal)
                  20002594    00000004     buttons4.obj (.bss:but_state)
                  20002598    00000004     (.common:ChannelA)
                  2000259c    00000004     (.common:ChannelB)
                  200025a0    00000004     (.common:bnOledCur)
                  200025a4    00000004     (.common:dutyCycle)
                  200025a8    00000004     (.common:dxcoOledFontCur)
                  200025ac    00000004     (.common:dycoOledFontCur)
                  200025b0    00000004     (.common:errorSignal)
                  200025b4    00000004     (.common:fOledCharUpdate)
                  200025b8    00000004     (.common:g_ulSampCnt)
                  200025bc    00000004     (.common:modOledCur)
                  200025c0    00000004     (.common:pbOledCur)
                  200025c4    00000004     (.common:pbOledFontCur)
                  200025c8    00000004     (.common:pbOledFontUser)
                  200025cc    00000004     (.common:pbOledPatCur)
                  200025d0    00000004     (.common:pfnDoRop)
                  200025d4    00000004     (.common:slotCount)
                  200025d8    00000004     (.common:switchChannel)
                  200025dc    00000004     (.common:xchOledCur)
                  200025e0    00000004     (.common:xchOledMax)
                  200025e4    00000004     (.common:xcoOledCur)
                  200025e8    00000004     (.common:ychOledCur)
                  200025ec    00000004     (.common:ychOledMax)
                  200025f0    00000004     (.common:ycoOledCur)
                  200025f4    00000002     (.common:currentHeight)
                  200025f6    00000002     (.common:tailErrorSignal)
                  200025f8    00000001     (.common:clrOledCur)
                  200025f9    00000001     (.common:currentState)
                  200025fa    00000001     (.common:previousState)

.data      0    200025fc    00000044     UNINITIALIZED
                  200025fc    0000000d     buttons4.obj (.data)
                  20002609    00000001     helicopterMasterController.obj (.data)
                  2000260a    00000002     mainRotorController.obj (.data)
                  2000260c    0000000c     rtsv7M4_T_le_v4SPD16_eabi.lib : exit.obj (.data:$O1$$)
                  20002618    0000000c                                   : memory.obj (.data:$O1$$)
                  20002624    00000009     yawFiniteStateMachine.obj (.data)
                  2000262d    00000003     --HOLE--
                  20002630    00000008     rtsv7M4_T_le_v4SPD16_eabi.lib : _lock.obj (.data:$O1$$)
                  20002638    00000004                                   : stkdepth_vars.obj (.data)
                  2000263c    00000004     ustdlib.obj (.data)

MODULE SUMMARY

       Module                           code    ro data   rw data
       ------                           ----    -------   -------
    ./
       ustdlib.obj                      3204    94        4      
       buttons4.obj                     948     0         33     
       helicopterMasterController.obj   700     0         3      
       yawFiniteStateMachine.obj        648     0         23     
       tm4c123gh6pm_startup_ccs.obj     12      620       0      
       mainRotorController.obj          540     0         18     
       tailRotorController.obj          392     0         2      
       userDisplay.obj                  222     0         0      
       circBufT.obj                     184     0         0      
       helicopterAltitude.obj           108     0         20     
       uartCommunication.obj            116     0         0      
    +--+--------------------------------+-------+---------+---------+
       Total:                           7074    714       103    
                                                                 
    ./OrbitOLED/
       OrbitOLEDInterface.obj           68      0         0      
    +--+--------------------------------+-------+---------+---------+
       Total:                           68      0         0      
                                                                 
    ./OrbitOLED/lib_OrbitOled/
       OrbitOledGrph.obj                2384    0         8      
       OrbitOled.obj                    892     0         553    
       OrbitOledChar.obj                516     0         272    
       ChrFont0.obj                     0       768       0      
       delay.obj                        92      0         0      
       FillPat.obj                      0       64        0      
    +--+--------------------------------+-------+---------+---------+
       Total:                           3884    832       833    
                                                                 
    /home/harry/ti/TivaWare/driverlib/ccs/Debug/driverlib.lib
       gpio.obj                         724     552       0      
       interrupt.obj                    172     112       620    
       sysctl.obj                       610     108       0      
       adc.obj                          400     0         0      
       uart.obj                         142     0         0      
       timer.obj                        120     0         0      
       pwm.obj                          110     0         0      
       ssi.obj                          106     0         0      
       systick.obj                      84      0         0      
       cpu.obj                          12      0         0      
    +--+--------------------------------+-------+---------+---------+
       Total:                           2480    772       620    
                                                                 
    /home/harry/ti/ccsv7/tools/compiler/ti-cgt-arm_16.9.6.LTS/lib/rtsv7M4_T_le_v4SPD16_eabi.lib
       memory.obj                       976     0         12     
       fd_add_t2.obj                    438     0         0      
       fd_cmp_t2.obj                    268     0         0      
       fd_mul_t2.obj                    252     0         0      
       memcpy_t2.obj                    156     0         0      
       memset_t2.obj                    122     0         0      
       autoinit.obj                     112     0         0      
       fd_tos_t2.obj                    110     0         0      
       copy_decompress_lzss.obj         104     0         0      
       exit.obj                         84      0         12     
       boot.obj                         84      0         0      
       cpy_tbl.obj                      76      0         0      
       fd_toi_t2.obj                    72      0         0      
       fd_tou_t2.obj                    68      0         0      
       u_divt2.obj                      64      0         0      
       fs_tod_t2.obj                    56      0         0      
       i_tofd_t2.obj                    46      0         0      
       _lock.obj                        20      0         8      
       args_main.obj                    24      0         0      
       copy_decompress_none.obj         14      0         0      
       copy_zero_init.obj               12      0         0      
       pre_init.obj                     4       0         0      
       stkdepth_vars.obj                0       0         4      
       i_div0.obj                       2       0         0      
       mpu_init.obj                     2       0         0      
       startup.obj                      2       0         0      
    +--+--------------------------------+-------+---------+---------+
       Total:                           3168    0         36     
                                                                 
       Heap:                            0       0         4096   
       Stack:                           0       0         4096   
       Linker Generated:                0       89        0      
    +--+--------------------------------+-------+---------+---------+
       Grand Total:                     16674   2407      9784   


LINKER GENERATED COPY TABLES

__TI_cinit_table @ 00004a88 records: 3, size/record: 8, table size: 24
	.data: load addr=00004a40, load size=00000025 bytes, run addr=200025fc, run size=00000044 bytes, compression=lzss
	.bss: load addr=00004a78, load size=00000008 bytes, run addr=20002270, run size=0000038b bytes, compression=zero_init
	.vtable: load addr=00004a80, load size=00000008 bytes, run addr=20000000, run size=0000026c bytes, compression=zero_init


LINKER GENERATED HANDLER TABLE

__TI_handler_table @ 00004a68 records: 3, size/record: 4, table size: 12
	index: 0, handler: __TI_zero_init
	index: 1, handler: __TI_decompress_lzss
	index: 2, handler: __TI_decompress_none


GLOBAL SYMBOLS: SORTED ALPHABETICALLY BY Name 

address   name                           
-------   ----                           
00004333  ADCIntClear                    
0000426f  ADCIntEnable                   
000039a1  ADCIntHandler                  
00004139  ADCIntRegister                 
00004151  ADCProcessorTrigger            
00003c99  ADCSequenceConfigure           
000040e1  ADCSequenceDataGet             
000042c1  ADCSequenceEnable              
00003757  ADCSequenceStepConfigure       
00003c45  C$$EXIT                        
000042eb  CPUcpsie                       
20002598  ChannelA                       
2000259c  ChannelB                       
00003b3d  DelayInit                      
00003b57  DelayMs                        
00004073  GPIODirModeSet                 
00004377  GPIOIntClear                   
000042f7  GPIOIntEnable                  
00004169  GPIOIntRegister                
00003b99  GPIOIntTypeSet                 
00002fe5  GPIOPadConfigSet               
00003d85  GPIOPinConfigure               
0000437d  GPIOPinRead                    
00004215  GPIOPinTypeGPIOInput           
00004181  GPIOPinTypeGPIOOutput          
00004227  GPIOPinTypePWM                 
00004239  GPIOPinTypeSSI                 
0000424b  GPIOPinTypeUART                
00004383  GPIOPinWrite                   
00003a0d  IntEnable                      
0000427f  IntMasterEnable                
00003fdd  IntRegister                    
00003e83  OLEDInitialise                 
00003e5d  OLEDStringDraw                 
00002c39  OrbitOledAdvanceCursor         
000017e1  OrbitOledClampXco              
00001801  OrbitOledClampYco              
000021a1  OrbitOledClear                 
000021ad  OrbitOledClearBuffer           
00002b09  OrbitOledDefUserChar           
0000211d  OrbitOledDevInit               
00001623  OrbitOledDrawChar              
00002bc1  OrbitOledDrawGlyph             
00000fe7  OrbitOledDrawPixel             
0000112d  OrbitOledDrawRect              
00001683  OrbitOledDrawString            
000020a3  OrbitOledDvrInit               
000011b1  OrbitOledFillRect              
000012f5  OrbitOledGetBmp                
00002b71  OrbitOledGetCharUpdate         
00002aed  OrbitOledGetCursor             
00000fe1  OrbitOledGetDrawMode           
00001013  OrbitOledGetPixel              
00000f37  OrbitOledGetPos                
00000f6b  OrbitOledGetStdPattern         
00001fd9  OrbitOledHostInit              
00001fc5  OrbitOledInit                  
0000102d  OrbitOledLineTo                
00001779  OrbitOledMoveDown              
000017af  OrbitOledMoveLeft              
000017c7  OrbitOledMoveRight             
00000ef1  OrbitOledMoveTo                
00001741  OrbitOledMoveUp                
00001455  OrbitOledPutBmp                
00002237  OrbitOledPutBuffer             
00002b77  OrbitOledPutChar               
00002b95  OrbitOledPutString             
000016ef  OrbitOledRopAnd                
000016cb  OrbitOledRopOr                 
000016a1  OrbitOledRopSet                
00001713  OrbitOledRopXor                
00002b59  OrbitOledSetCharUpdate         
00002aa1  OrbitOledSetCursor             
00000f53  OrbitOledSetDrawColor          
00000f8d  OrbitOledSetDrawMode           
00000f7d  OrbitOledSetFillPattern        
000021dd  OrbitOledUpdate                
20002609  PIDFlag                        
0000409d  PWMGenConfigure                
00004303  PWMGenEnable                   
0000428f  PWMGenPeriodSet                
0000425d  PWMOutputState                 
000040ff  PWMPulseWidthSet               
00004327  ResetISR                       
UNDEFED   SHT$$INIT_ARRAY$$Base          
UNDEFED   SHT$$INIT_ARRAY$$Limit         
0000436f  SSIBusy                        
00004389  SSIClockSourceSet              
00003f69  SSIConfigSetExpClk             
0000430f  SSIDataGet                     
0000433d  SSIDataPut                     
00004347  SSIEnable                      
0000229d  Ssi3PutByte                    
00003119  SysCtlClockGet                 
00003325  SysCtlClockSet                 
0000438f  SysCtlDelay                    
000041b1  SysCtlPWMClockSet              
00004011  SysCtlPeripheralEnable         
000042a1  SysCtlReset                    
000041c5  SysTickEnable                  
000041d9  SysTickIntEnable               
00002341  SysTickIntHandler              
0000411d  SysTickIntRegister             
000042b1  SysTickPeriodSet               
00003add  TimerConfigure                 
000042cf  TimerEnable                    
00004351  TimerValueGet                  
0000435b  UARTCharPut                    
00003e15  UARTConfigSetExpClk            
000040c1  UARTDisable                    
000041ed  UARTEnable                     
00004365  UARTFIFOEnable                 
00003893  UARTSend                       
2000126c  __STACK_END                    
00001000  __STACK_SIZE                   
2000046c  __STACK_TOP                    
00001000  __SYSMEM_SIZE                  
00004a88  __TI_CINIT_Base                
00004aa0  __TI_CINIT_Limit               
00004a68  __TI_Handler_Table_Base        
00004a74  __TI_Handler_Table_Limit       
000038c1  __TI_auto_init                 
2000260c  __TI_cleanup_ptr               
00003a75  __TI_decompress_lzss           
000042dd  __TI_decompress_none           
20002610  __TI_dtors_ptr                 
20002614  __TI_enable_exit_profile_output
ffffffff  __TI_pprof_out_hndl            
ffffffff  __TI_prof_data_size            
ffffffff  __TI_prof_data_start           
00000000  __TI_static_base__             
0000431b  __TI_zero_init                 
0000364b  __aeabi_cdcmpeq                
0000364b  __aeabi_cdcmple                
000036d1  __aeabi_cdrcmple               
00003931  __aeabi_d2f                    
00003dcd  __aeabi_d2iz                   
00003ee5  __aeabi_d2uiz                  
00002caf  __aeabi_dadd                   
00003229  __aeabi_dmul                   
00002ca5  __aeabi_dsub                   
00003fa5  __aeabi_f2d                    
00004045  __aeabi_i2d                    
00002e5b  __aeabi_idiv0                  
000037d1  __aeabi_memclr                 
000037d1  __aeabi_memclr4                
000037d1  __aeabi_memclr8                
000035af  __aeabi_memcpy                 
000035af  __aeabi_memcpy4                
000035af  __aeabi_memcpy8                
000037d3  __aeabi_memset                 
000037d3  __aeabi_memset4                
000037d3  __aeabi_memset8                
00003f29  __aeabi_uidiv                  
00003f29  __aeabi_uidivmod               
ffffffff  __binit__                      
ffffffff  __c_args__                     
00003117  __mpu_init                     
2000026c  __stack                        
00004199  _args_main                     
00003bf1  _c_int00                       
20002630  _lock                          
0000420f  _nop                           
00004207  _register_lock                 
00004201  _register_unlock               
20001270  _sys_memory                    
0000384b  _system_post_cinit             
00004395  _system_pre_init               
20002634  _unlock                        
00003c49  abort                          
20002624  angleReferenced                
ffffffff  binit                          
200025a0  bnOledCur                      
00001be1  calloc                         
00001db3  checkButton                    
00003421  clearOLED                      
200025f8  clrOledCur                     
00003d39  copy_in                        
20002628  currentAngle                   
200025f4  currentHeight                  
200025f9  currentState                   
200025fe  desiredAngle                   
200025fc  desiredHeightPercentage        
0000344d  displayAltitudePercentAndYaw   
200025a4  dutyCycle                      
200025a8  dxcoOledFontCur                
200025ac  dycoOledFontCur                
20002580  errorIntegral                  
200025b0  errorSignal                    
2000260a  errorSignalPrevious            
00003c51  exit                           
200025b4  fOledCharUpdate                
000027d1  findDisplayAngle               
20002604  flightMode                     
0000192b  free                           
00003589  freeCircBuf                    
20002570  g_inBuffer                     
20000000  g_pfnRAMVectors                
00000000  g_pfnVectors                   
200025b8  g_ulSampCnt                    
00002385  heightAsPercentage             
000039bf  initADC                        
00001c11  initButtons                    
000034f7  initCircBuf                    
0000235b  initClock                      
00003419  initDisplay                    
00001f59  initReferenceTrigger           
00001ee1  initReset                      
00001e9b  initSwitch                     
00002365  initTimer                      
000028bd  initialiseMainRotorPWM         
00002e91  initialiseTailRotorPWM         
0000384d  initialiseUSB_UART             
00002437  main                           
00002903  mainRotorControlLoop           
20002638  main_func_sp                   
000018c1  malloc                         
00001af5  memalign                       
000035af  memcpy                         
000037d9  memset                         
00001841  minit                          
200025bc  modOledCur                     
200025c0  pbOledCur                      
200025c4  pbOledFontCur                  
200025c8  pbOledFontUser                 
200025cc  pbOledPatCur                   
200025d0  pfnDoRop                       
200025fa  previousState                  
00003555  readCircBuf                    
000019eb  realloc                        
20002606  referenceAngle                 
2000262c  referenceAngleSet              
00001f21  referenceTriggerHandler        
00001ecf  resetCheck                     
0000499c  rgbFillPat                     
20002270  rgbOledBmp                     
00004398  rgbOledFont0                   
20002470  rgbOledFontUser                
00002885  setMainPWM                     
00002e5d  setTailPWM                     
200025d4  slotCount                      
200025d8  switchChannel                  
00001e65  switchMode                     
200025f6  tailErrorSignal                
00002edb  tailRotorControlLoop           
20002608  testVariable                   
00000751  ulocaltime                     
0000094f  umktime                        
00001cdf  updateButtons                  
000023e9  updateCurrentHeight            
00001df1  updateDesiredAltAndYawValue    
00000ec9  urand                          
00000721  usnprintf                      
000006ef  usprintf                       
00000eb9  usrand                         
00000e31  ustrcasecmp                    
00000ea5  ustrcmp                        
00000d35  ustrlen                        
00000d8d  ustrncasecmp                   
00000e45  ustrncmp                       
0000026d  ustrncpy                       
00000d57  ustrstr                        
00000afd  ustrtof                        
000009c5  ustrtoul                       
000002c5  uvsnprintf                     
20002600  variableTest                   
00003521  writeCircBuf                   
200025dc  xchOledCur                     
200025e0  xchOledMax                     
200025e4  xcoOledCur                     
000025fd  yawFSM                         
00002737  yawFSMInit                     
200025e8  ychOledCur                     
200025ec  ychOledMax                     
200025f0  ycoOledCur                     


GLOBAL SYMBOLS: SORTED BY Symbol Address 

address   name                           
-------   ----                           
00000000  __TI_static_base__             
00000000  g_pfnVectors                   
0000026d  ustrncpy                       
000002c5  uvsnprintf                     
000006ef  usprintf                       
00000721  usnprintf                      
00000751  ulocaltime                     
0000094f  umktime                        
000009c5  ustrtoul                       
00000afd  ustrtof                        
00000d35  ustrlen                        
00000d57  ustrstr                        
00000d8d  ustrncasecmp                   
00000e31  ustrcasecmp                    
00000e45  ustrncmp                       
00000ea5  ustrcmp                        
00000eb9  usrand                         
00000ec9  urand                          
00000ef1  OrbitOledMoveTo                
00000f37  OrbitOledGetPos                
00000f53  OrbitOledSetDrawColor          
00000f6b  OrbitOledGetStdPattern         
00000f7d  OrbitOledSetFillPattern        
00000f8d  OrbitOledSetDrawMode           
00000fe1  OrbitOledGetDrawMode           
00000fe7  OrbitOledDrawPixel             
00001000  __STACK_SIZE                   
00001000  __SYSMEM_SIZE                  
00001013  OrbitOledGetPixel              
0000102d  OrbitOledLineTo                
0000112d  OrbitOledDrawRect              
000011b1  OrbitOledFillRect              
000012f5  OrbitOledGetBmp                
00001455  OrbitOledPutBmp                
00001623  OrbitOledDrawChar              
00001683  OrbitOledDrawString            
000016a1  OrbitOledRopSet                
000016cb  OrbitOledRopOr                 
000016ef  OrbitOledRopAnd                
00001713  OrbitOledRopXor                
00001741  OrbitOledMoveUp                
00001779  OrbitOledMoveDown              
000017af  OrbitOledMoveLeft              
000017c7  OrbitOledMoveRight             
000017e1  OrbitOledClampXco              
00001801  OrbitOledClampYco              
00001841  minit                          
000018c1  malloc                         
0000192b  free                           
000019eb  realloc                        
00001af5  memalign                       
00001be1  calloc                         
00001c11  initButtons                    
00001cdf  updateButtons                  
00001db3  checkButton                    
00001df1  updateDesiredAltAndYawValue    
00001e65  switchMode                     
00001e9b  initSwitch                     
00001ecf  resetCheck                     
00001ee1  initReset                      
00001f21  referenceTriggerHandler        
00001f59  initReferenceTrigger           
00001fc5  OrbitOledInit                  
00001fd9  OrbitOledHostInit              
000020a3  OrbitOledDvrInit               
0000211d  OrbitOledDevInit               
000021a1  OrbitOledClear                 
000021ad  OrbitOledClearBuffer           
000021dd  OrbitOledUpdate                
00002237  OrbitOledPutBuffer             
0000229d  Ssi3PutByte                    
00002341  SysTickIntHandler              
0000235b  initClock                      
00002365  initTimer                      
00002385  heightAsPercentage             
000023e9  updateCurrentHeight            
00002437  main                           
000025fd  yawFSM                         
00002737  yawFSMInit                     
000027d1  findDisplayAngle               
00002885  setMainPWM                     
000028bd  initialiseMainRotorPWM         
00002903  mainRotorControlLoop           
00002aa1  OrbitOledSetCursor             
00002aed  OrbitOledGetCursor             
00002b09  OrbitOledDefUserChar           
00002b59  OrbitOledSetCharUpdate         
00002b71  OrbitOledGetCharUpdate         
00002b77  OrbitOledPutChar               
00002b95  OrbitOledPutString             
00002bc1  OrbitOledDrawGlyph             
00002c39  OrbitOledAdvanceCursor         
00002ca5  __aeabi_dsub                   
00002caf  __aeabi_dadd                   
00002e5b  __aeabi_idiv0                  
00002e5d  setTailPWM                     
00002e91  initialiseTailRotorPWM         
00002edb  tailRotorControlLoop           
00002fe5  GPIOPadConfigSet               
00003117  __mpu_init                     
00003119  SysCtlClockGet                 
00003229  __aeabi_dmul                   
00003325  SysCtlClockSet                 
00003419  initDisplay                    
00003421  clearOLED                      
0000344d  displayAltitudePercentAndYaw   
000034f7  initCircBuf                    
00003521  writeCircBuf                   
00003555  readCircBuf                    
00003589  freeCircBuf                    
000035af  __aeabi_memcpy                 
000035af  __aeabi_memcpy4                
000035af  __aeabi_memcpy8                
000035af  memcpy                         
0000364b  __aeabi_cdcmpeq                
0000364b  __aeabi_cdcmple                
000036d1  __aeabi_cdrcmple               
00003757  ADCSequenceStepConfigure       
000037d1  __aeabi_memclr                 
000037d1  __aeabi_memclr4                
000037d1  __aeabi_memclr8                
000037d3  __aeabi_memset                 
000037d3  __aeabi_memset4                
000037d3  __aeabi_memset8                
000037d9  memset                         
0000384b  _system_post_cinit             
0000384d  initialiseUSB_UART             
00003893  UARTSend                       
000038c1  __TI_auto_init                 
00003931  __aeabi_d2f                    
000039a1  ADCIntHandler                  
000039bf  initADC                        
00003a0d  IntEnable                      
00003a75  __TI_decompress_lzss           
00003add  TimerConfigure                 
00003b3d  DelayInit                      
00003b57  DelayMs                        
00003b99  GPIOIntTypeSet                 
00003bf1  _c_int00                       
00003c45  C$$EXIT                        
00003c49  abort                          
00003c51  exit                           
00003c99  ADCSequenceConfigure           
00003d39  copy_in                        
00003d85  GPIOPinConfigure               
00003dcd  __aeabi_d2iz                   
00003e15  UARTConfigSetExpClk            
00003e5d  OLEDStringDraw                 
00003e83  OLEDInitialise                 
00003ee5  __aeabi_d2uiz                  
00003f29  __aeabi_uidiv                  
00003f29  __aeabi_uidivmod               
00003f69  SSIConfigSetExpClk             
00003fa5  __aeabi_f2d                    
00003fdd  IntRegister                    
00004011  SysCtlPeripheralEnable         
00004045  __aeabi_i2d                    
00004073  GPIODirModeSet                 
0000409d  PWMGenConfigure                
000040c1  UARTDisable                    
000040e1  ADCSequenceDataGet             
000040ff  PWMPulseWidthSet               
0000411d  SysTickIntRegister             
00004139  ADCIntRegister                 
00004151  ADCProcessorTrigger            
00004169  GPIOIntRegister                
00004181  GPIOPinTypeGPIOOutput          
00004199  _args_main                     
000041b1  SysCtlPWMClockSet              
000041c5  SysTickEnable                  
000041d9  SysTickIntEnable               
000041ed  UARTEnable                     
00004201  _register_unlock               
00004207  _register_lock                 
0000420f  _nop                           
00004215  GPIOPinTypeGPIOInput           
00004227  GPIOPinTypePWM                 
00004239  GPIOPinTypeSSI                 
0000424b  GPIOPinTypeUART                
0000425d  PWMOutputState                 
0000426f  ADCIntEnable                   
0000427f  IntMasterEnable                
0000428f  PWMGenPeriodSet                
000042a1  SysCtlReset                    
000042b1  SysTickPeriodSet               
000042c1  ADCSequenceEnable              
000042cf  TimerEnable                    
000042dd  __TI_decompress_none           
000042eb  CPUcpsie                       
000042f7  GPIOIntEnable                  
00004303  PWMGenEnable                   
0000430f  SSIDataGet                     
0000431b  __TI_zero_init                 
00004327  ResetISR                       
00004333  ADCIntClear                    
0000433d  SSIDataPut                     
00004347  SSIEnable                      
00004351  TimerValueGet                  
0000435b  UARTCharPut                    
00004365  UARTFIFOEnable                 
0000436f  SSIBusy                        
00004377  GPIOIntClear                   
0000437d  GPIOPinRead                    
00004383  GPIOPinWrite                   
00004389  SSIClockSourceSet              
0000438f  SysCtlDelay                    
00004395  _system_pre_init               
00004398  rgbOledFont0                   
0000499c  rgbFillPat                     
00004a68  __TI_Handler_Table_Base        
00004a74  __TI_Handler_Table_Limit       
00004a88  __TI_CINIT_Base                
00004aa0  __TI_CINIT_Limit               
20000000  g_pfnRAMVectors                
2000026c  __stack                        
2000046c  __STACK_TOP                    
2000126c  __STACK_END                    
20001270  _sys_memory                    
20002270  rgbOledBmp                     
20002470  rgbOledFontUser                
20002570  g_inBuffer                     
20002580  errorIntegral                  
20002598  ChannelA                       
2000259c  ChannelB                       
200025a0  bnOledCur                      
200025a4  dutyCycle                      
200025a8  dxcoOledFontCur                
200025ac  dycoOledFontCur                
200025b0  errorSignal                    
200025b4  fOledCharUpdate                
200025b8  g_ulSampCnt                    
200025bc  modOledCur                     
200025c0  pbOledCur                      
200025c4  pbOledFontCur                  
200025c8  pbOledFontUser                 
200025cc  pbOledPatCur                   
200025d0  pfnDoRop                       
200025d4  slotCount                      
200025d8  switchChannel                  
200025dc  xchOledCur                     
200025e0  xchOledMax                     
200025e4  xcoOledCur                     
200025e8  ychOledCur                     
200025ec  ychOledMax                     
200025f0  ycoOledCur                     
200025f4  currentHeight                  
200025f6  tailErrorSignal                
200025f8  clrOledCur                     
200025f9  currentState                   
200025fa  previousState                  
200025fc  desiredHeightPercentage        
200025fe  desiredAngle                   
20002600  variableTest                   
20002604  flightMode                     
20002606  referenceAngle                 
20002608  testVariable                   
20002609  PIDFlag                        
2000260a  errorSignalPrevious            
2000260c  __TI_cleanup_ptr               
20002610  __TI_dtors_ptr                 
20002614  __TI_enable_exit_profile_output
20002624  angleReferenced                
20002628  currentAngle                   
2000262c  referenceAngleSet              
20002630  _lock                          
20002634  _unlock                        
20002638  main_func_sp                   
ffffffff  __TI_pprof_out_hndl            
ffffffff  __TI_prof_data_size            
ffffffff  __TI_prof_data_start           
ffffffff  __binit__                      
ffffffff  __c_args__                     
ffffffff  binit                          
UNDEFED   SHT$$INIT_ARRAY$$Base          
UNDEFED   SHT$$INIT_ARRAY$$Limit         

[275 symbols]
